2.900: [GC [PSYoungGen: 32768K->3040K(38208K)] 32768K->3040K(125632K), 0.0107830 secs]
3.574: [GC [PSYoungGen: 26603K->5424K(38208K)] 26603K->5912K(125632K), 0.0257620 secs]
3.600: [Full GC [PSYoungGen: 5424K->0K(38208K)] [PSOldGen: 488K->5786K(87424K)] 5912K->5786K(125632K) [PSPermGen: 13092K->13092K(131072K)], 0.0699360 secs]
5.773: [GC [PSYoungGen: 32768K->2355K(38208K)] 38554K->8141K(125632K), 0.0075750 secs]
6.652: [GC [PSYoungGen: 35123K->3855K(38208K)] 40909K->9642K(125632K), 0.0134300 secs]
7.324: [GC [PSYoungGen: 36623K->5439K(38208K)] 42410K->13655K(125632K), 0.0284500 secs]
8.615: [GC [PSYoungGen: 38207K->5423K(65920K)] 46423K->17649K(153344K), 0.0254250 secs]
9.775: [GC [PSYoungGen: 65903K->7788K(70976K)] 78129K->20014K(158400K), 0.0196000 secs]
11.314: [GC [PSYoungGen: 68268K->6903K(131776K)] 80494K->20293K(219200K), 0.0205610 secs]
14.264: [GC [PSYoungGen: 127863K->10863K(131840K)] 141253K->27977K(219264K), 0.0367910 secs]
17.316: [GC [PSYoungGen: 131823K->13822K(150272K)] 148937K->40072K(237696K), 0.0583590 secs]
