2016-02-09T06:17:15.377-0500: 27744.139: [GC concurrent-root-region-scan-start]
2016-02-09T06:17:15.619-0500: 27744.381: [GC pause (young)2016-02-09T06:17:15.732-0500: 27744.494: [GC concurrent-root-region-scan-end, 0.3550210 secs]
2016-02-09T06:17:15.732-0500: 27744.494: [GC concurrent-mark-start]
, 0.3349320 secs]
   [Root Region Scan Waiting: 112.3 ms]
   [Parallel Time: 216.5 ms, GC Workers: 4]
      [GC Worker Start (ms): Min: 27744493.8, Avg: 27744496.8, Max: 27744499.7, Diff: 5.9]
      [Ext Root Scanning (ms): Min: 28.8, Avg: 34.5, Max: 44.0, Diff: 15.2, Sum: 137.9]
      [SATB Filtering (ms): Min: 0.0, Avg: 0.0, Max: 0.1, Diff: 0.1, Sum: 0.1]
      [Update RS (ms): Min: 47.2, Avg: 54.9, Max: 58.1, Diff: 10.9, Sum: 219.6]
         [Processed Buffers: Min: 196, Avg: 220.2, Max: 234, Diff: 38, Sum: 881]
      [Scan RS (ms): Min: 0.1, Avg: 0.2, Max: 0.2, Diff: 0.0, Sum: 0.6]
      [Code Root Scanning (ms): Min: 0.0, Avg: 0.0, Max: 0.0, Diff: 0.0, Sum: 0.0]
      [Object Copy (ms): Min: 123.2, Avg: 123.8, Max: 124.9, Diff: 1.7, Sum: 495.2]
      [Termination (ms): Min: 0.0, Avg: 0.0, Max: 0.0, Diff: 0.0, Sum: 0.0]
      [GC Worker Other (ms): Min: 0.1, Avg: 0.1, Max: 0.1, Diff: 0.0, Sum: 0.3]
      [GC Worker Total (ms): Min: 210.5, Avg: 213.4, Max: 216.4, Diff: 5.9, Sum: 853.7]
      [GC Worker End (ms): Min: 27744710.2, Avg: 27744710.2, Max: 27744710.2, Diff: 0.0]
   [Code Root Fixup: 0.2 ms]
   [Code Root Migration: 0.1 ms]
   [Clear CT: 0.4 ms]
   [Other: 5.5 ms]
      [Choose CSet: 0.0 ms]
      [Ref Proc: 3.0 ms]
      [Ref Enq: 0.1 ms]
      [Free CSet: 0.5 ms]
   [Eden: 1144.0M(1144.0M)->0.0B(10.8G) Survivors: 184.0M->80.0M Heap: 10.6G(26.0G)->9764.8M(26.0G)]
 [Times: user=0.98 sys=0.00, real=0.33 secs]