[0.053s][info][gc           ] GC(1) Pause Initial Mark 0M->0M(2M) 0.278ms User=0.00s Sys=0.00s Real=0.00s
[0.053s][info][gc           ] GC(1) Concurrent Mark 
[0.054s][info][gc           ] GC(1) Concurrent Mark 1.260ms User=0.00s Sys=0.00s Real=0.00s
[0.054s][info][gc           ] GC(1) Concurrent Preclean
[0.054s][info][gc           ] GC(1) Concurrent Preclean 0.033ms User=0.00s Sys=0.00s Real=0.00s
[0.055s][info][gc           ] GC(1) Pause Remark 0M->0M(2M) 0.332ms User=0.00s Sys=0.00s Real=0.00s
[0.055s][info][gc           ] GC(1) Concurrent Sweep
[0.055s][info][gc           ] GC(1) Concurrent Sweep 0.298ms User=0.00s Sys=0.00s Real=0.00s
[0.055s][info][gc           ] GC(1) Concurrent Reset
[0.056s][info][gc           ] GC(1) Concurrent Reset 0.693ms User=0.01s Sys=0.00s Real=0.00s
[0.087s][info][gc,start     ] GC(2) Pause Young (Allocation Failure) ParNew: 1152K->128K(1152K) CMS: 518K->871K(1152K) Metaspace: 694K->694K(1056768K) 1M->0M(2M) 1.541ms User=0.00s Sys=0.00s Real=0.00s