6049.175: [GC pause (G1 Evacuation Pause) (young) (to-space exhausted), 3.1713585 secs]
   [Parallel Time: 762.3 ms, GC Workers: 8]
      [GC Worker Start (ms): Min: 6049187.4, Avg: 6049187.5, Max: 6049187.6, Diff: 0.1]
      [Ext Root Scanning (ms): Min: 697.1, Avg: 706.5, Max: 760.0, Diff: 62.9, Sum: 5652.1]
      [Update RS (ms): Min: 0.0, Avg: 0.7, Max: 2.1, Diff: 2.1, Sum: 5.3]
         [Processed Buffers: Min: 0, Avg: 4.6, Max: 18, Diff: 18, Sum: 37]
      [Scan RS (ms): Min: 0.3, Avg: 0.7, Max: 1.4, Diff: 1.1, Sum: 5.6]
      [Code Root Scanning (ms): Min: 0.0, Avg: 13.3, Max: 27.4, Diff: 27.4, Sum: 106.7]
      [Object Copy (ms): Min: 0.0, Avg: 28.6, Max: 50.4, Diff: 50.4, Sum: 228.9]
      [Termination (ms): Min: 0.0, Avg: 10.5, Max: 19.6, Diff: 19.6, Sum: 84.0]
      [GC Worker Other (ms): Min: 1.7, Avg: 1.8, Max: 1.9, Diff: 0.2, Sum: 14.4]
      [GC Worker Total (ms): Min: 762.0, Avg: 762.1, Max: 762.2, Diff: 0.2, Sum: 6096.9]
      [GC Worker End (ms): Min: 6049949.5, Avg: 6049949.6, Max: 6049949.7, Diff: 0.1]
   [Code Root Fixup: 2.7 ms]
   [Code Root Purge: 0.0 ms]
   [Clear CT: 4.0 ms]
   [Other: 2402.4 ms]
      [Evacuation Failure: 2381.8 ms]
      [Choose CSet: 0.0 ms]
      [Ref Proc: 0.7 ms]
      [Ref Enq: 0.0 ms]
      [Redirty Cards: 0.9 ms]
      [Humongous Reclaim: 0.4 ms]
      [Free CSet: 3.3 ms]
   [Eden: 27.1G(50.7G)->0.0B(50.7G) Survivors: 112.0M->0.0B Heap: 27.9G(28.0G)->16.1G(28.0G)]
 [Times: user=17.73 sys=0.00, real=3.18 secs]