2016-02-11T15:22:23.213-0500: 4582.283: [GC pause (young) (initial-mark) 4582.283: [G1Ergonomics (CSet Construction) start choosing CSet, _pending_cards: 6084, predicted base time: 41.16 ms, remaining time: 458.84 ms, target pause time: 500.00 ms]
 4582.283: [G1Ergonomics (CSet Construction) add young regions to CSet, eden: 104 regions, survivors: 13 regions, predicted young region time: 187.69 ms]
 4582.283: [G1Ergonomics (CSet Construction) finish choosing CSet, eden: 104 regions, survivors: 13 regions, old: 0 regions, predicted pause time: 228.85 ms, target pause time: 500.00 ms]
, 0.0941540 secs]
   [Parallel Time: 91.7 ms, GC Workers: 4]
      [GC Worker Start (ms): Min: 4582283.6, Avg: 4582287.3, Max: 4582291.0, Diff: 7.4]
      [Ext Root Scanning (ms): Min: 17.2, Avg: 26.6, Max: 31.3, Diff: 14.1, Sum: 106.3]
      [Code Root Marking (ms): Min: 0.1, Avg: 1.5, Max: 5.7, Diff: 5.6, Sum: 6.1]
      [Update RS (ms): Min: 0.0, Avg: 0.8, Max: 3.2, Diff: 3.2, Sum: 3.2]
         [Processed Buffers: Min: 0, Avg: 8.0, Max: 32, Diff: 32, Sum: 32]
      [Scan RS (ms): Min: 0.0, Avg: 2.8, Max: 5.5, Diff: 5.5, Sum: 11.3]
      [Code Root Scanning (ms): Min: 0.0, Avg: 0.0, Max: 0.1, Diff: 0.1, Sum: 0.1]
      [Object Copy (ms): Min: 52.3, Avg: 55.9, Max: 60.1, Diff: 7.8, Sum: 223.6]
      [Termination (ms): Min: 0.0, Avg: 0.0, Max: 0.0, Diff: 0.0, Sum: 0.0]
      [GC Worker Other (ms): Min: 0.0, Avg: 0.0, Max: 0.0, Diff: 0.0, Sum: 0.1]
      [GC Worker Total (ms): Min: 83.9, Avg: 87.7, Max: 91.6, Diff: 7.7, Sum: 350.8]
      [GC Worker End (ms): Min: 4582374.9, Avg: 4582375.0, Max: 4582375.2, Diff: 0.2]
   [Code Root Fixup: 0.1 ms]
   [Code Root Migration: 0.2 ms]
   [Clear CT: 0.5 ms]
   [Other: 1.7 ms]
      [Choose CSet: 0.0 ms]
      [Ref Proc: 0.4 ms]
      [Ref Enq: 0.0 ms]
      [Free CSet: 0.3 ms]
   [Eden: 832.0M(11.6G)->0.0B(11.5G) Survivors: 104.0M->96.0M Heap: 8818.6M(26.0G)->7978.8M(26.0G)]
 [Times: user=0.31 sys=0.02, real=0.10 secs]