2020-02-26T17:18:26.505+0000: 130.241: [GC pause (System.gc()) (young) (initial-mark)
Desired survivor size 17825792 bytes, new threshold 2 (max 15)
- age   1:   14003192 bytes,   14003192 total
- age   2:   10811952 bytes,   24815144 total
, 0.1009346 secs]
   [Parallel Time: 69.2 ms, GC Workers: 2]
      [GC Worker Start (ms): Min: 130242.1, Avg: 130242.1, Max: 130242.1, Diff: 0.0]
      [Ext Root Scanning (ms): Min: 8.7, Avg: 9.2, Max: 9.6, Diff: 0.9, Sum: 18.3]
      [Update RS (ms): Min: 7.3, Avg: 7.3, Max: 7.3, Diff: 0.0, Sum: 14.6]
         [Processed Buffers: Min: 22, Avg: 24.0, Max: 26, Diff: 4, Sum: 48]
      [Scan RS (ms): Min: 0.4, Avg: 1.1, Max: 1.7, Diff: 1.3, Sum: 2.2]
      [Code Root Scanning (ms): Min: 1.7, Avg: 2.4, Max: 3.1, Diff: 1.4, Sum: 4.8]
      [Object Copy (ms): Min: 48.4, Avg: 48.8, Max: 49.3, Diff: 0.9, Sum: 97.7]
      [Termination (ms): Min: 0.0, Avg: 0.0, Max: 0.0, Diff: 0.0, Sum: 0.0]
         [Termination Attempts: Min: 1, Avg: 1.0, Max: 1, Diff: 0, Sum: 2]
      [GC Worker Other (ms): Min: 0.0, Avg: 0.0, Max: 0.0, Diff: 0.0, Sum: 0.1]
      [GC Worker Total (ms): Min: 68.8, Avg: 68.8, Max: 68.8, Diff: 0.0, Sum: 137.6]
      [GC Worker End (ms): Min: 130310.9, Avg: 130310.9, Max: 130310.9, Diff: 0.0]
   [Code Root Fixup: 0.1 ms]
   [Code Root Purge: 0.0 ms]
   [String Dedup Fixup: 23.9 ms, GC Workers: 2]
      [Queue Fixup (ms): Min: 0.1, Avg: 0.1, Max: 0.1, Diff: 0.1, Sum: 0.2]
      [Table Fixup (ms): Min: 23.6, Avg: 23.6, Max: 23.7, Diff: 0.1, Sum: 47.3]
   [Clear CT: 0.2 ms]
   [Other: 7.5 ms]
      [Choose CSet: 0.0 ms]
      [Ref Proc: 5.5 ms]
      [Ref Enq: 0.1 ms]
      [Redirty Cards: 0.2 ms]
      [Humongous Register: 0.0 ms]
      [Humongous Reclaim: 0.1 ms]
      [Free CSet: 0.5 ms]
   [Eden: 220.0M(241.0M)->0.0B(277.0M) Survivors: 28.0M->34.0M Heap: 924.5M(2362.0M)->713.5M(2362.0M)]
 [Times: user=0.19 sys=0.00, real=0.10 secs]