2016-11-09T14:24:05.941-0500: 615375.044: [GC pause (mixed) (to-space exhausted), 1.5026320 secs]
   [Parallel Time: 737.2 ms, GC Workers: 8]
      [GC Worker Start (ms): Min: 615375044.5, Avg: 615375044.6, Max: 615375044.8, Diff: 0.3]
      [Ext Root Scanning (ms): Min: 315.5, Avg: 344.6, Max: 420.0, Diff: 104.5, Sum: 2756.9]
      [Update RS (ms): Min: 43.6, Avg: 44.6, Max: 45.6, Diff: 2.0, Sum: 357.1]
         [Processed Buffers: Min: 55, Avg: 74.4, Max: 108, Diff: 53, Sum: 595]
      [Scan RS (ms): Min: 10.9, Avg: 11.6, Max: 12.0, Diff: 1.1, Sum: 93.1]
      [Code Root Scanning (ms): Min: 0.0, Avg: 0.0, Max: 0.0, Diff: 0.0, Sum: 0.2]
      [Object Copy (ms): Min: 259.4, Avg: 335.6, Max: 365.4, Diff: 106.0, Sum: 2684.8]
      [Termination (ms): Min: 0.0, Avg: 0.1, Max: 0.3, Diff: 0.3, Sum: 1.2]
      [GC Worker Other (ms): Min: 0.0, Avg: 0.1, Max: 0.1, Diff: 0.1, Sum: 0.5]
      [GC Worker Total (ms): Min: 736.6, Avg: 736.7, Max: 736.9, Diff: 0.3, Sum: 5893.8]
      [GC Worker End (ms): Min: 615375781.3, Avg: 615375781.3, Max: 615375781.4, Diff: 0.1]
   [Code Root Fixup: 0.3 ms]
   [Code Root Migration: 0.1 ms]
   [Clear CT: 2.1 ms]
   [Other: 763.0 ms]
      [Choose CSet: 0.1 ms]
      [Ref Proc: 5.6 ms]
      [Ref Enq: 0.4 ms]
      [Free CSet: 0.7 ms]
   [Eden: 3416.0M(3416.0M)->0.0B(3464.0M) Survivors: 264.0M->216.0M Heap: 17.7G(18.0G)->17.8G(18.0G)]
 [Times: user=11.35 sys=0.00, real=1.50 secs]