2016-02-11T17:26:43.547-0500: 12042.617: [GC pause (young)2016-02-11T17:26:43.599-0500: 12042.669: [GC concurrent-root-region-scan-end, 0.3344330 secs]
2016-02-11T17:26:43.599-0500:  12042.669: [G1Ergonomics (CSet Construction) start choosing CSet, _pending_cards: 250438, predicted base time: 229.38 ms, remaining time: 270.62 ms, target pause time: 500.00 ms]
12042.669: [GC concurrent-mark-start]
 12042.669: [G1Ergonomics (CSet Construction) add young regions to CSet, eden: 140 regions, survivors: 26 regions, predicted young region time: 337.42 ms]
 12042.669: [G1Ergonomics (CSet Construction) finish choosing CSet, eden: 140 regions, survivors: 26 regions, old: 0 regions, predicted pause time: 566.80 ms, target pause time: 500.00 ms]
 12042.966: [G1Ergonomics (Heap Sizing) attempt heap expansion, reason: recent GC overhead higher than threshold after GC, recent GC overhead: 13.78 %, threshold: 10.00 %, uncommitted: 0 bytes, calculated expansion amount: 0 bytes (20.00 %)]
, 0.3493020 secs]
   [Root Region Scan Waiting: 51.9 ms]
   [Parallel Time: 294.1 ms, GC Workers: 4]
      [GC Worker Start (ms): Min: 12042669.1, Avg: 12042669.2, Max: 12042669.2, Diff: 0.0]
      [Ext Root Scanning (ms): Min: 16.6, Avg: 18.0, Max: 21.6, Diff: 5.0, Sum: 72.1]
      [SATB Filtering (ms): Min: 0.0, Avg: 0.0, Max: 0.1, Diff: 0.1, Sum: 0.1]
      [Update RS (ms): Min: 120.9, Avg: 124.7, Max: 126.2, Diff: 5.3, Sum: 498.9]
         [Processed Buffers: Min: 158, Avg: 246.2, Max: 288, Diff: 130, Sum: 985]
      [Scan RS (ms): Min: 0.0, Avg: 0.1, Max: 0.2, Diff: 0.2, Sum: 0.4]
      [Code Root Scanning (ms): Min: 0.0, Avg: 0.0, Max: 0.0, Diff: 0.0, Sum: 0.0]
      [Object Copy (ms): Min: 150.8, Avg: 151.0, Max: 151.4, Diff: 0.7, Sum: 604.0]
      [Termination (ms): Min: 0.0, Avg: 0.0, Max: 0.0, Diff: 0.0, Sum: 0.0]
      [GC Worker Other (ms): Min: 0.0, Avg: 0.1, Max: 0.1, Diff: 0.0, Sum: 0.2]
      [GC Worker Total (ms): Min: 293.9, Avg: 294.0, Max: 294.0, Diff: 0.1, Sum: 1175.8]
      [GC Worker End (ms): Min: 12042963.1, Avg: 12042963.1, Max: 12042963.1, Diff: 0.0]
   [Code Root Fixup: 0.2 ms]
   [Code Root Migration: 0.0 ms]
   [Clear CT: 0.3 ms]
   [Other: 2.7 ms]
      [Choose CSet: 0.0 ms]
      [Ref Proc: 0.4 ms]
      [Ref Enq: 0.1 ms]
      [Free CSet: 0.4 ms]
   [Eden: 1120.0M(1120.0M)->0.0B(6144.0M) Survivors: 208.0M->64.0M Heap: 14.6G(26.0G)->13.5G(26.0G)]
 [Times: user=1.23 sys=0.00, real=0.35 secs]