2020-02-16T23:24:09.668+0000: 880272.698: [GC pause (G1 Humongous Allocation) (young) 880272.699: [G1Ergonomics (CSet Construction) start choosing CSet, _pending_cards: 241090, predicted base time: 129.61 ms, remaining time: 70.39 ms, target pause time: 200.00 ms]
 880272.699: [G1Ergonomics (CSet Construction) add young regions to CSet, eden: 545 regions, survivors: 0 regions, predicted young region time: 1889.96 ms]
 880272.699: [G1Ergonomics (CSet Construction) finish choosing CSet, eden: 545 regions, survivors: 0 regions, old: 0 regions, predicted pause time: 2019.58 ms, target pause time: 200.00 ms]
 880272.702: [G1Ergonomics (Heap Sizing) attempt heap expansion, reason: region allocation request failed, allocation request: 524280 bytes]
 880272.702: [G1Ergonomics (Heap Sizing) expand the heap, requested expansion amount: 524280 bytes, attempted expansion amount: 1048576 bytes]
 880272.702: [G1Ergonomics (Heap Sizing) did not expand the heap, reason: heap already fully expanded]
 880273.314: [G1Ergonomics (Heap Sizing) attempt heap expansion, reason: recent GC overhead higher than threshold after GC, recent GC overhead: 18.07 %, threshold: 10.00 %, uncommitted: 0 bytes, calculated expansion amount: 0 bytes (20.00 %)]
 (to-space exhausted), 0.6167306 secs]
   [Parallel Time: 565.0 ms, GC Workers: 8]
      [GC Worker Start (ms): Min: 880272699.9, Avg: 880272700.1, Max: 880272700.2, Diff: 0.3]
      [Ext Root Scanning (ms): Min: 2.8, Avg: 5.2, Max: 9.1, Diff: 6.3, Sum: 41.9]
      [Update RS (ms): Min: 29.1, Avg: 30.6, Max: 31.6, Diff: 2.5, Sum: 245.1]
         [Processed Buffers: Min: 80, Avg: 143.2, Max: 167, Diff: 87, Sum: 1146]
      [Scan RS (ms): Min: 0.2, Avg: 0.4, Max: 0.5, Diff: 0.3, Sum: 3.6]
      [Code Root Scanning (ms): Min: 0.0, Avg: 0.0, Max: 0.0, Diff: 0.0, Sum: 0.0]
      [Object Copy (ms): Min: 523.7, Avg: 528.2, Max: 532.2, Diff: 8.5, Sum: 4225.6]
      [Termination (ms): Min: 0.0, Avg: 0.1, Max: 0.2, Diff: 0.2, Sum: 0.6]
         [Termination Attempts: Min: 1, Avg: 1.0, Max: 1, Diff: 0, Sum: 8]
      [GC Worker Other (ms): Min: 0.0, Avg: 0.0, Max: 0.1, Diff: 0.1, Sum: 0.3]
      [GC Worker Total (ms): Min: 564.5, Avg: 564.7, Max: 564.8, Diff: 0.3, Sum: 4517.2]
      [GC Worker End (ms): Min: 880273264.7, Avg: 880273264.7, Max: 880273264.7, Diff: 0.0]
   [Code Root Fixup: 0.1 ms]
   [Code Root Purge: 0.0 ms]
   [Clear CT: 0.5 ms]
   [Other: 51.1 ms]
      [Evacuation Failure: 45.9 ms]
      [Choose CSet: 0.0 ms]
      [Ref Proc: 0.6 ms]
      [Ref Enq: 0.0 ms]
      [Redirty Cards: 0.6 ms]
      [Humongous Register: 0.2 ms]
      [Humongous Reclaim: 0.3 ms]
      [Free CSet: 0.6 ms]
   [Eden: 545.0M(1691.0M)->0.0B(1691.0M) Survivors: 0.0B->1024.0K Heap: 3038.2M(3072.0M)->2748.7M(3072.0M)]
 [Times: user=1.08 sys=0.01, real=0.62 secs]