2016-02-09T23:58:31.440-0500: 4969.943: [GC pause (young)2016-02-09T23:58:31.654-0500: 4970.158: [GC concurrent-root-region-scan-end, 0.5703200 secs]
2016-02-09T23:58:31.654-0500: 4970.158: [GC concurrent-mark-start]
, 0.6192380 secs]
   [Root Region Scan Waiting: 214.6 ms]
   [Parallel Time: 398.1 ms, GC Workers: 4]
      [GC Worker Start (ms): Min: 4970157.8, Avg: 4970157.8, Max: 4970157.9, Diff: 0.0]
      [Ext Root Scanning (ms): Min: 23.7, Avg: 25.5, Max: 30.4, Diff: 6.7, Sum: 102.2]
      [SATB Filtering (ms): Min: 0.0, Avg: 0.0, Max: 0.1, Diff: 0.1, Sum: 0.1]
      [Update RS (ms): Min: 100.7, Avg: 106.5, Max: 108.5, Diff: 7.8, Sum: 425.8]
         [Processed Buffers: Min: 385, Avg: 392.0, Max: 399, Diff: 14, Sum: 1568]
      [Scan RS (ms): Min: 0.1, Avg: 0.1, Max: 0.2, Diff: 0.0, Sum: 0.6]
      [Code Root Scanning (ms): Min: 0.0, Avg: 0.0, Max: 0.0, Diff: 0.0, Sum: 0.0]
      [Object Copy (ms): Min: 265.5, Avg: 265.8, Max: 266.7, Diff: 1.2, Sum: 1063.3]
      [Termination (ms): Min: 0.0, Avg: 0.0, Max: 0.0, Diff: 0.0, Sum: 0.0]
      [GC Worker Other (ms): Min: 0.0, Avg: 0.0, Max: 0.0, Diff: 0.0, Sum: 0.2]
      [GC Worker Total (ms): Min: 398.0, Avg: 398.0, Max: 398.1, Diff: 0.0, Sum: 1592.2]
      [GC Worker End (ms): Min: 4970555.9, Avg: 4970555.9, Max: 4970555.9, Diff: 0.0]
   [Code Root Fixup: 0.2 ms]
   [Code Root Migration: 0.0 ms]
   [Clear CT: 0.3 ms]
   [Other: 6.0 ms]
      [Choose CSet: 0.0 ms]
      [Ref Proc: 2.5 ms]
      [Ref Enq: 0.1 ms]
      [Free CSet: 0.5 ms]
   [Eden: 1280.0M(1280.0M)->0.0B(10.9G) Survivors: 368.0M->88.0M Heap: 11.0G(26.0G)->10022.1M(26.0G)]
 [Times: user=1.82 sys=0.00, real=0.62 secs]