2016-02-18T02:01:28.575-0500: 44620.073: [GC pause (young) 44620.073: [G1Ergonomics (CSet Construction) start choosing CSet, _pending_cards: 69696, predicted base time: 146.69 ms, remaining time: 853.31 ms, target pause time: 1000.00 ms]
 44620.073: [G1Ergonomics (CSet Construction) add young regions to CSet, eden: 725 regions, survivors: 12 regions, predicted young region time: 135.19 ms]
 44620.073: [G1Ergonomics (CSet Construction) finish choosing CSet, eden: 725 regions, survivors: 12 regions, old: 0 regions, predicted pause time: 281.88 ms, target pause time: 1000.00 ms]
 44620.348: [G1Ergonomics (Heap Sizing) attempt heap expansion, reason: recent GC overhead higher than threshold after GC, recent GC overhead: 12.08 %, threshold: 10.00 %, uncommitted: 0 bytes, calculated expansion amount: 0 bytes (20.00 %)]
 44620.348: [G1Ergonomics (Concurrent Cycles) request concurrent cycle initiation, reason: occupancy higher than threshold, occupancy: 12566134784 bytes, allocation request: 0 bytes, threshold: 12562779330 bytes (45.00 %), source: end of GC]
, 0.2752700 secs]
   [Parallel Time: 268.9 ms, GC Workers: 4]
      [GC Worker Start (ms): Min: 44620073.0, Avg: 44620073.0, Max: 44620073.0, Diff: 0.1]
      [Ext Root Scanning (ms): Min: 21.4, Avg: 24.8, Max: 29.1, Diff: 7.6, Sum: 99.1]
      [Update RS (ms): Min: 106.9, Avg: 112.2, Max: 116.0, Diff: 9.1, Sum: 448.8]
         [Processed Buffers: Min: 63, Avg: 69.5, Max: 79, Diff: 16, Sum: 278]
      [Scan RS (ms): Min: 11.2, Avg: 11.9, Max: 12.7, Diff: 1.5, Sum: 47.4]
      [Code Root Scanning (ms): Min: 0.0, Avg: 0.0, Max: 0.1, Diff: 0.1, Sum: 0.1]
      [Object Copy (ms): Min: 119.5, Avg: 119.9, Max: 120.4, Diff: 0.9, Sum: 479.6]
      [Termination (ms): Min: 0.0, Avg: 0.0, Max: 0.0, Diff: 0.0, Sum: 0.0]
      [GC Worker Other (ms): Min: 0.0, Avg: 0.0, Max: 0.1, Diff: 0.0, Sum: 0.2]
      [GC Worker Total (ms): Min: 268.8, Avg: 268.8, Max: 268.9, Diff: 0.1, Sum: 1075.2]
      [GC Worker End (ms): Min: 44620341.8, Avg: 44620341.8, Max: 44620341.8, Diff: 0.0]
   [Code Root Fixup: 0.2 ms]
   [Code Root Migration: 0.1 ms]
   [Clear CT: 2.2 ms]
   [Other: 3.9 ms]
      [Choose CSet: 0.0 ms]
      [Ref Proc: 1.7 ms]
      [Ref Enq: 0.4 ms]
      [Free CSet: 1.1 ms]
   [Eden: 11.3G(11.3G)->0.0B(11.3G) Survivors: 192.0M->176.0M Heap: 23.0G(26.0G)->11.7G(26.0G)]
 [Times: user=1.09 sys=0.00, real=0.27 secs]
 44622.291: [G1Ergonomics (Concurrent Cycles) initiate concurrent cycle, reason: concurrent cycle initiation requested]
2016-02-18T02:01:30.793-0500: 44622.291: [GC pause (young) (initial-mark) 44622.291: [G1Ergonomics (CSet Construction) start choosing CSet, _pending_cards: 62346, predicted base time: 133.78 ms, remaining time: 866.22 ms, target pause time: 1000.00 ms]
 44622.291: [G1Ergonomics (CSet Construction) add young regions to CSet, eden: 726 regions, survivors: 11 regions, predicted young region time: 277.22 ms]
 44622.291: [G1Ergonomics (CSet Construction) finish choosing CSet, eden: 726 regions, survivors: 11 regions, old: 0 regions, predicted pause time: 411.00 ms, target pause time: 1000.00 ms]
 44622.553: [G1Ergonomics (Heap Sizing) attempt heap expansion, reason: recent GC overhead higher than threshold after GC, recent GC overhead: 12.22 %, threshold: 10.00 %, uncommitted: 0 bytes, calculated expansion amount: 0 bytes (20.00 %)]
, 0.2619800 secs]
   [Parallel Time: 254.8 ms, GC Workers: 4]
      [GC Worker Start (ms): Min: 44622291.5, Avg: 44622291.6, Max: 44622291.6, Diff: 0.0]
      [Ext Root Scanning (ms): Min: 20.7, Avg: 22.3, Max: 26.7, Diff: 6.0, Sum: 89.1]
      [Code Root Marking (ms): Min: 0.0, Avg: 1.6, Max: 2.8, Diff: 2.8, Sum: 6.5]
      [Update RS (ms): Min: 94.0, Avg: 99.1, Max: 102.5, Diff: 8.5, Sum: 396.4]
         [Processed Buffers: Min: 48, Avg: 63.8, Max: 70, Diff: 22, Sum: 255]
      [Scan RS (ms): Min: 11.0, Avg: 12.1, Max: 12.8, Diff: 1.8, Sum: 48.5]
      [Code Root Scanning (ms): Min: 0.0, Avg: 0.0, Max: 0.0, Diff: 0.0, Sum: 0.1]
      [Object Copy (ms): Min: 118.9, Avg: 119.5, Max: 121.1, Diff: 2.1, Sum: 478.0]
      [Termination (ms): Min: 0.0, Avg: 0.0, Max: 0.0, Diff: 0.0, Sum: 0.0]
      [GC Worker Other (ms): Min: 0.0, Avg: 0.0, Max: 0.1, Diff: 0.0, Sum: 0.2]
      [GC Worker Total (ms): Min: 254.7, Avg: 254.7, Max: 254.7, Diff: 0.0, Sum: 1018.8]
      [GC Worker End (ms): Min: 44622546.3, Avg: 44622546.3, Max: 44622546.3, Diff: 0.0]
   [Code Root Fixup: 0.2 ms]
   [Code Root Migration: 0.1 ms]
   [Clear CT: 2.4 ms]
   [Other: 4.5 ms]
      [Choose CSet: 0.0 ms]
      [Ref Proc: 1.9 ms]
      [Ref Enq: 0.5 ms]
      [Free CSet: 1.1 ms]
   [Eden: 11.3G(11.3G)->0.0B(11.3G) Survivors: 176.0M->176.0M Heap: 23.0G(26.0G)->11.7G(26.0G)]
 [Times: user=1.04 sys=0.00, real=0.27 secs]
2016-02-18T02:01:31.055-0500: 44622.553: [GC concurrent-root-region-scan-start]
2016-02-18T02:01:31.343-0500: 44622.841: [GC concurrent-root-region-scan-end, 0.2879600 secs]
2016-02-18T02:01:31.343-0500: 44622.841: [GC concurrent-mark-start]
2016-02-18T02:01:33.286-0500: 44624.785: [GC pause (young) 44624.785: [G1Ergonomics (CSet Construction) start choosing CSet, _pending_cards: 71345, predicted base time: 147.70 ms, remaining time: 852.30 ms, target pause time: 1000.00 ms]
 44624.785: [G1Ergonomics (CSet Construction) add young regions to CSet, eden: 725 regions, survivors: 11 regions, predicted young region time: 220.69 ms]
 44624.785: [G1Ergonomics (CSet Construction) finish choosing CSet, eden: 725 regions, survivors: 11 regions, old: 0 regions, predicted pause time: 368.39 ms, target pause time: 1000.00 ms]
 44625.064: [G1Ergonomics (Heap Sizing) attempt heap expansion, reason: recent GC overhead higher than threshold after GC, recent GC overhead: 12.08 %, threshold: 10.00 %, uncommitted: 0 bytes, calculated expansion amount: 0 bytes (20.00 %)]
, 0.2792870 secs]
   [Parallel Time: 272.2 ms, GC Workers: 4]
      [GC Worker Start (ms): Min: 44624784.9, Avg: 44624785.1, Max: 44624785.5, Diff: 0.6]
      [Ext Root Scanning (ms): Min: 20.4, Avg: 22.1, Max: 26.2, Diff: 5.8, Sum: 88.6]
      [SATB Filtering (ms): Min: 0.0, Avg: 0.0, Max: 0.1, Diff: 0.1, Sum: 0.1]
      [Update RS (ms): Min: 115.7, Avg: 125.8, Max: 145.4, Diff: 29.7, Sum: 503.1]
         [Processed Buffers: Min: 64, Avg: 71.5, Max: 82, Diff: 18, Sum: 286]
      [Scan RS (ms): Min: 0.1, Avg: 11.6, Max: 15.9, Diff: 15.8, Sum: 46.2]
      [Code Root Scanning (ms): Min: 0.0, Avg: 0.0, Max: 0.0, Diff: 0.0, Sum: 0.1]
      [Object Copy (ms): Min: 105.6, Avg: 112.4, Max: 115.3, Diff: 9.7, Sum: 449.8]
      [Termination (ms): Min: 0.0, Avg: 0.0, Max: 0.0, Diff: 0.0, Sum: 0.0]
      [GC Worker Other (ms): Min: 0.0, Avg: 0.0, Max: 0.0, Diff: 0.0, Sum: 0.2]
      [GC Worker Total (ms): Min: 271.6, Avg: 272.0, Max: 272.2, Diff: 0.6, Sum: 1088.1]
      [GC Worker End (ms): Min: 44625057.1, Avg: 44625057.1, Max: 44625057.1, Diff: 0.0]
   [Code Root Fixup: 0.1 ms]
   [Code Root Migration: 0.1 ms]
   [Clear CT: 2.2 ms]
   [Other: 4.7 ms]
      [Choose CSet: 0.0 ms]
      [Ref Proc: 2.1 ms]
      [Ref Enq: 0.8 ms]
      [Free CSet: 1.1 ms]
   [Eden: 11.3G(11.3G)->0.0B(11.3G) Survivors: 176.0M->176.0M Heap: 23.0G(26.0G)->11.7G(26.0G)]
 [Times: user=1.10 sys=0.00, real=0.28 secs]