2016-02-09T06:12:45.414-0500: 27474.176: [GC pause (young) (initial-mark), 0.4234530 secs]
   [Parallel Time: 416.5 ms, GC Workers: 4]
      [GC Worker Start (ms): Min: 27474176.2, Avg: 27474176.3, Max: 27474176.3, Diff: 0.0]
      [Ext Root Scanning (ms): Min: 32.5, Avg: 35.9, Max: 42.3, Diff: 9.8, Sum: 143.5]
      [Code Root Marking (ms): Min: 0.1, Avg: 1.8, Max: 3.7, Diff: 3.7, Sum: 7.2]
      [Update RS (ms): Min: 0.0, Avg: 1.2, Max: 2.3, Diff: 2.3, Sum: 4.8]
         [Processed Buffers: Min: 0, Avg: 16.5, Max: 34, Diff: 34, Sum: 66]
      [Scan RS (ms): Min: 0.4, Avg: 2.8, Max: 3.6, Diff: 3.2, Sum: 11.0]
      [Code Root Scanning (ms): Min: 0.0, Avg: 0.0, Max: 0.0, Diff: 0.0, Sum: 0.1]
      [Object Copy (ms): Min: 373.7, Avg: 374.8, Max: 376.3, Diff: 2.6, Sum: 1499.0]
      [Termination (ms): Min: 0.0, Avg: 0.0, Max: 0.0, Diff: 0.0, Sum: 0.0]
      [GC Worker Other (ms): Min: 0.0, Avg: 0.0, Max: 0.1, Diff: 0.0, Sum: 0.2]
      [GC Worker Total (ms): Min: 416.4, Avg: 416.5, Max: 416.5, Diff: 0.0, Sum: 1665.8]
      [GC Worker End (ms): Min: 27474592.7, Avg: 27474592.7, Max: 27474592.7, Diff: 0.0]
   [Code Root Fixup: 0.1 ms]
   [Code Root Migration: 0.1 ms]
   [Clear CT: 1.2 ms]
   [Other: 5.5 ms]
      [Choose CSet: 0.0 ms]
      [Ref Proc: 3.5 ms]
      [Ref Enq: 0.1 ms]
      [Free CSet: 1.0 ms]
   [Eden: 5376.0M(7680.0M)->0.0B(6944.0M) Survivors: 536.0M->568.0M Heap: 13.8G(26.0G)->8821.4M(26.0G)]
 [Times: user=1.66 sys=0.02, real=0.43 secs]