2016-10-12T11:08:53.713+0200: 4812.839: [Full GC (JvmtiEnv ForceGarbageCollection)  801M->801M(5120M), 3.3998883 secs]
   [Eden: 0.0B(420.0M)->0.0B(420.0M) Survivors: 0.0B->0.0B Heap: 801.7M(5120.0M)->801.7M(5120.0M)], [Metaspace: 325693K->325693K(1511424K)]
 [Times: user=5.06 sys=0.00, real=3.40 secs]
2016-10-12T11:08:57.114+0200: 4816.240: [GC pause (Metadata GC Threshold) (young) (initial-mark), 0.0517377 secs]
   [Parallel Time: 12.8 ms, GC Workers: 4]
      [GC Worker Start (ms): Min: 4816240.7, Avg: 4816240.8, Max: 4816240.8, Diff: 0.1]
      [Ext Root Scanning (ms): Min: 5.8, Avg: 7.5, Max: 12.2, Diff: 6.4, Sum: 29.9]
      [Update RS (ms): Min: 0.0, Avg: 0.0, Max: 0.0, Diff: 0.0, Sum: 0.0]
         [Processed Buffers: Min: 0, Avg: 0.0, Max: 0, Diff: 0, Sum: 0]
      [Scan RS (ms): Min: 0.0, Avg: 0.0, Max: 0.0, Diff: 0.0, Sum: 0.0]
      [Code Root Scanning (ms): Min: 0.0, Avg: 0.0, Max: 0.0, Diff: 0.0, Sum: 0.0]
      [Object Copy (ms): Min: 0.2, Avg: 0.6, Max: 0.8, Diff: 0.7, Sum: 2.3]
      [Termination (ms): Min: 0.0, Avg: 4.2, Max: 5.6, Diff: 5.6, Sum: 16.9]
         [Termination Attempts: Min: 1, Avg: 1.0, Max: 1, Diff: 0, Sum: 4]
      [GC Worker Other (ms): Min: 0.0, Avg: 0.0, Max: 0.1, Diff: 0.1, Sum: 0.1]
      [GC Worker Total (ms): Min: 12.3, Avg: 12.3, Max: 12.4, Diff: 0.1, Sum: 49.3]
      [GC Worker End (ms): Min: 4816253.1, Avg: 4816253.1, Max: 4816253.1, Diff: 0.0]
   [Code Root Fixup: 0.1 ms]
   [Code Root Purge: 0.7 ms]
   [Clear CT: 0.2 ms]
   [Other: 37.9 ms]
      [Choose CSet: 0.0 ms]
      [Ref Proc: 36.7 ms]
      [Ref Enq: 0.0 ms]
      [Redirty Cards: 0.2 ms]
      [Humongous Reclaim: 0.0 ms]
      [Free CSet: 0.1 ms]
   [Eden: 0.0B(420.0M)->0.0B(420.0M) Survivors: 0.0B->0.0B Heap: 801.7M(5120.0M)->801.7M(5120.0M)]
 [Times: user=0.09 sys=0.00, real=0.05 secs]