[0.331s][info][gc           ] GC(0) Pause Final Mark (process weakrefs) 1.482ms
[0.331s][info][gc           ] GC(0) Concurrent cleanup 18M->14M(32M) 0.036ms
[0.333s][info][gc           ] GC(0) Concurrent evacuation 14M->15M(33M) 2.015ms
[0.335s][info][gc           ] GC(0) Pause Init Update Refs 0.083ms
[0.359s][info][gc           ] GC(0) Concurrent update references 18M->18M(33M) 7.183ms
[0.359s][info][gc           ] GC(0) Pause Final Update Refs 0.184ms
[0.359s][info][gc           ] GC(0) Concurrent cleanup 19M->9M(33M) 0.073ms
[0.373s][info][gc           ] GC(1) Concurrent reset 16M->16M(33M) 0.134ms
[0.375s][info][gc           ] GC(1) Pause Init Mark 0.182ms
[0.384s][info][gc           ] GC(1) Concurrent marking 17M->20M(33M) 8.290ms
[0.386s][info][gc           ] GC(1) Pause Final Mark 1.235ms
[0.391s][info][gc           ] GC(1) Concurrent cleanup 19M->14M(33M) 0.097ms
[0.392s][info][gc           ] GC(1) Concurrent evacuation 14M->14M(33M) 0.098ms
[0.392s][info][gc           ] GC(1) Pause Init Update Refs 0.023ms
[0.397s][info][gc           ] GC(1) Concurrent update references 14M->14M(33M) 5.179ms
[0.397s][info][gc           ] GC(1) Pause Final Update Refs 0.147ms
[0.397s][info][gc           ] GC(1) Concurrent cleanup 14M->9M(33M) 0.041ms