2016-10-12T11:15:46.044+0200: 2016-10-12T11:15:46.044+0200: 5225.170: 5225.170[Full GC (Metadata GC Threshold) : [GC concurrent-root-region-scan-start]
2016-10-12T11:15:46.045+0200: 5225.170: [GC concurrent-root-region-scan-end, 0.0003856 secs]
2016-10-12T11:15:46.045+0200: 5225.170: [GC concurrent-mark-start]
 812M->811M(5120M), 3.4414988 secs]
   [Eden: 0.0B(3070.0M)->0.0B(3072.0M) Survivors: 2048.0K->0.0B Heap: 812.3M(5120.0M)->811.7M(5120.0M)], [Metaspace: 326146K->326146K(1511424K)]
 [Times: user=5.06 sys=0.00, real=3.44 secs]
2016-10-12T11:15:49.486+0200: 5228.612: [Full GC (Last ditch collection)  811M->811M(5120M), 3.4434102 secs]
   [Eden: 0.0B(3072.0M)->0.0B(3072.0M) Survivors: 0.0B->0.0B Heap: 811.7M(5120.0M)->811.6M(5120.0M)], [Metaspace: 326146K->326146K(1511424K)]
 [Times: user=5.16 sys=0.00, real=3.44 secs]
2016-10-12T11:15:52.930+0200: 5232.055: [GC concurrent-mark-abort]
2016-10-12T11:15:53.155+0200: 5232.280: [GC pause (Metadata GC Threshold) (young) (initial-mark), 0.0529489 secs]
   [Parallel Time: 13.0 ms, GC Workers: 4]
      [GC Worker Start (ms): Min: 5232281.6, Avg: 5232281.6, Max: 5232281.7, Diff: 0.1]
      [Ext Root Scanning (ms): Min: 5.6, Avg: 7.4, Max: 12.2, Diff: 6.7, Sum: 29.5]
      [Update RS (ms): Min: 0.0, Avg: 0.2, Max: 0.3, Diff: 0.3, Sum: 0.7]
         [Processed Buffers: Min: 0, Avg: 2.8, Max: 7, Diff: 7, Sum: 11]
      [Scan RS (ms): Min: 0.0, Avg: 0.0, Max: 0.0, Diff: 0.0, Sum: 0.0]
      [Code Root Scanning (ms): Min: 0.0, Avg: 0.0, Max: 0.0, Diff: 0.0, Sum: 0.0]
      [Object Copy (ms): Min: 0.3, Avg: 1.3, Max: 1.8, Diff: 1.5, Sum: 5.1]
      [Termination (ms): Min: 0.0, Avg: 3.6, Max: 4.8, Diff: 4.8, Sum: 14.4]
         [Termination Attempts: Min: 1, Avg: 1.0, Max: 1, Diff: 0, Sum: 4]
      [GC Worker Other (ms): Min: 0.0, Avg: 0.0, Max: 0.0, Diff: 0.0, Sum: 0.1]
      [GC Worker Total (ms): Min: 12.4, Avg: 12.5, Max: 12.5, Diff: 0.1, Sum: 49.9]
      [GC Worker End (ms): Min: 5232294.1, Avg: 5232294.1, Max: 5232294.1, Diff: 0.0]
   [Code Root Fixup: 0.1 ms]
   [Code Root Purge: 0.5 ms]
   [Clear CT: 0.2 ms]
   [Other: 39.2 ms]
      [Choose CSet: 0.0 ms]
      [Ref Proc: 37.6 ms]
      [Ref Enq: 0.0 ms]
      [Redirty Cards: 0.2 ms]
      [Humongous Reclaim: 0.0 ms]
      [Free CSet: 0.1 ms]
   [Eden: 8192.0K(3072.0M)->0.0B(3070.0M) Survivors: 0.0B->2048.0K Heap: 818.6M(5120.0M)->812.6M(5120.0M)]
 [Times: user=0.13 sys=0.00, real=0.05 secs]