{Heap before GC invocations=0 (full 0):
 par new generation   total 4194240K, used 4194176K [0xfffffffb80010000, 0xfffffffc80010000, 0xfffffffc80010000)
  eden space 4194176K, 100% used [0xfffffffb80010000, 0xfffffffc7fff0000, 0xfffffffc7fff0000)
  from space 64K,   0% used [0xfffffffc7fff0000, 0xfffffffc7fff0000, 0xfffffffc80000000)
  to   space 64K,   0% used [0xfffffffc80000000, 0xfffffffc80000000, 0xfffffffc80010000)
 concurrent mark-sweep generation total 8388608K, used 0K [0xfffffffc80010000, 0xfffffffe80010000, 0xfffffffe80010000)
 concurrent-mark-sweep perm gen total 2097152K, used 17943K [0xfffffffe80010000, 0xffffffff00010000, 0xffffffff00010000)
3.644: [GC 3.644: [ParNew: 4194176K->0K(4194240K), 0.2705081 secs] 4194176K->3257K(12582848K), 0.2707384 secs] [Times: user=3.84 sys=0.04, real=0.27 secs]
Heap after GC invocations=1 (full 0):
 par new generation   total 4194240K, used 0K [0xfffffffb80010000, 0xfffffffc80010000, 0xfffffffc80010000)
  eden space 4194176K,   0% used [0xfffffffb80010000, 0xfffffffb80010000, 0xfffffffc7fff0000)
  from space 64K,   0% used [0xfffffffc80000000, 0xfffffffc80000000, 0xfffffffc80010000)
  to   space 64K,   0% used [0xfffffffc7fff0000, 0xfffffffc7fff0000, 0xfffffffc80000000)
 concurrent mark-sweep generation total 8388608K, used 3257K [0xfffffffc80010000, 0xfffffffe80010000, 0xfffffffe80010000)
 concurrent-mark-sweep perm gen total 2097152K, used 17943K [0xfffffffe80010000, 0xffffffff00010000, 0xffffffff00010000)
}
{Heap before GC invocations=1 (full 0):
 par new generation   total 4194240K, used 4194176K [0xfffffffb80010000, 0xfffffffc80010000, 0xfffffffc80010000)
  eden space 4194176K, 100% used [0xfffffffb80010000, 0xfffffffc7fff0000, 0xfffffffc7fff0000)
  from space 64K,   0% used [0xfffffffc80000000, 0xfffffffc80000000, 0xfffffffc80010000)
  to   space 64K,   0% used [0xfffffffc7fff0000, 0xfffffffc7fff0000, 0xfffffffc80000000)
 concurrent mark-sweep generation total 8388608K, used 3257K [0xfffffffc80010000, 0xfffffffe80010000, 0xfffffffe80010000)
 concurrent-mark-sweep perm gen total 2097152K, used 44348K [0xfffffffe80010000, 0xffffffff00010000, 0xffffffff00010000)
25.087: [GC 25.087: [ParNew: 4194176K->0K(4194240K), 0.2875756 secs] 4197433K->74529K(12582848K), 0.2877334 secs] [Times: user=2.03 sys=0.14, real=0.29 secs]
Heap after GC invocations=2 (full 0):
 par new generation   total 4194240K, used 0K [0xfffffffb80010000, 0xfffffffc80010000, 0xfffffffc80010000)
  eden space 4194176K,   0% used [0xfffffffb80010000, 0xfffffffb80010000, 0xfffffffc7fff0000)
  from space 64K,   0% used [0xfffffffc7fff0000, 0xfffffffc7fff0000, 0xfffffffc80000000)
  to   space 64K,   0% used [0xfffffffc80000000, 0xfffffffc80000000, 0xfffffffc80010000)
 concurrent mark-sweep generation total 8388608K, used 74529K [0xfffffffc80010000, 0xfffffffe80010000, 0xfffffffe80010000)
 concurrent-mark-sweep perm gen total 2097152K, used 44348K [0xfffffffe80010000, 0xffffffff00010000, 0xffffffff00010000)
}