2016-02-12T00:05:06.280-0500: 35945.350: [GC pause (young)2016-02-12T00:05:06.347-0500: 35945.418: [GC concurrent-root-region-scan-end, 0.2394270 secs]
2016-02-12T00:05:06.348-0500: 35945.418:  35945.418: [G1Ergonomics (CSet Construction) start choosing CSet, _pending_cards: 279876, predicted base time: 236.99 ms, remaining time: 263.01 ms, target pause time: 500.00 ms]
[GC concurrent-mark-start]
 35945.418: [G1Ergonomics (CSet Construction) add young regions to CSet, eden: 150 regions, survivors: 16 regions, predicted young region time: 162.17 ms]
 35945.418: [G1Ergonomics (CSet Construction) finish choosing CSet, eden: 150 regions, survivors: 16 regions, old: 0 regions, predicted pause time: 399.17 ms, target pause time: 500.00 ms]
 35945.599: [G1Ergonomics (Heap Sizing) attempt heap expansion, reason: recent GC overhead higher than threshold after GC, recent GC overhead: 10.52 %, threshold: 10.00 %, uncommitted: 0 bytes, calculated expansion amount: 0 bytes (20.00 %)]
, 0.2491300 secs]
   [Root Region Scan Waiting: 67.6 ms]
   [Parallel Time: 179.7 ms, GC Workers: 4]
      [GC Worker Start (ms): Min: 35945417.7, Avg: 35945419.7, Max: 35945425.8, Diff: 8.2]
      [Ext Root Scanning (ms): Min: 15.4, Avg: 17.3, Max: 19.5, Diff: 4.1, Sum: 69.3]
      [SATB Filtering (ms): Min: 0.0, Avg: 0.0, Max: 0.1, Diff: 0.1, Sum: 0.1]
      [Update RS (ms): Min: 70.3, Avg: 74.1, Max: 77.4, Diff: 7.1, Sum: 296.3]
         [Processed Buffers: Min: 205, Avg: 274.5, Max: 319, Diff: 114, Sum: 1098]
      [Scan RS (ms): Min: 0.1, Avg: 0.1, Max: 0.1, Diff: 0.0, Sum: 0.4]
      [Code Root Scanning (ms): Min: 0.0, Avg: 0.0, Max: 0.0, Diff: 0.0, Sum: 0.0]
      [Object Copy (ms): Min: 85.6, Avg: 86.0, Max: 86.4, Diff: 0.8, Sum: 343.9]
      [Termination (ms): Min: 0.0, Avg: 0.0, Max: 0.0, Diff: 0.0, Sum: 0.0]
      [GC Worker Other (ms): Min: 0.0, Avg: 0.0, Max: 0.0, Diff: 0.0, Sum: 0.2]
      [GC Worker Total (ms): Min: 171.5, Avg: 177.6, Max: 179.6, Diff: 8.2, Sum: 710.2]
      [GC Worker End (ms): Min: 35945597.3, Avg: 35945597.3, Max: 35945597.3, Diff: 0.0]
   [Code Root Fixup: 0.1 ms]
   [Code Root Migration: 0.0 ms]
   [Clear CT: 0.3 ms]
   [Other: 1.4 ms]
      [Choose CSet: 0.0 ms]
      [Ref Proc: 0.2 ms]
      [Ref Enq: 0.1 ms]
      [Free CSet: 0.4 ms]
   [Eden: 1200.0M(1200.0M)->0.0B(9008.0M) Survivors: 128.0M->96.0M Heap: 10.5G(26.0G)->9593.3M(26.0G)]
 [Times: user=0.78 sys=0.00, real=0.25 secs]