Java HotSpot(TM) 64-Bit Server VM (25.45-b02) for linux-amd64 JRE (1.8.0_45-b14), built on Apr 10 2015 10:07:45 by "java_re" with gcc 4.3.0 20080428 (Red Hat 4.3.0-8)
Memory: 4k page, physical 49283073k(1283073k free), swap 30736380k(30736380k free)
CommandLine flags: -XX:CompressedClassSpaceSize=1073741824 -XX:+DoEscapeAnalysis -XX:GCLogFileSize=2097152 -XX:+HeapDumpOnOutOfMemoryError -XX:HeapDumpPath=/my/path -XX:InitialHeapSize=45097156608 -XX:MaxGCPauseMillis=500 -XX:MaxHeapSize=45097156608 -XX:MaxMetaspaceSize=5368709120 -XX:MetaspaceSize=5368709120 -XX:NumberOfGCLogFiles=5 -XX:+PrintGC -XX:+PrintGCApplicationStoppedTime -XX:+PrintGCDateStamps -XX:+PrintGCDetails -XX:+PrintGCTimeStamps -XX:ThreadStackSize=256 -XX:-UseCompressedOops -XX:+UseG1GC -XX:-UseGCLogFileRotation -XX:+UseLargePages
2017-01-12T04:41:34.411-0500: 0.341: Total time for which application threads were stopped: 0.0001222 seconds, Stopping threads took: 0.0000194 seconds
2017-01-12T04:41:34.496-0500: 0.426: Total time for which application threads were stopped: 0.0001175 seconds, Stopping threads took: 0.0000275 seconds
2017-01-12T04:41:34.496-0500: 0.427: Total time for which application threads were stopped: 0.0000748 seconds, Stopping threads took: 0.0000163 seconds
2017-01-12T04:41:34.513-0500: 0.443: Total time for which application threads were stopped: 0.0000942 seconds, Stopping threads took: 0.0000150 seconds
2017-01-12T04:41:34.538-0500: 0.469: Total time for which application threads were stopped: 0.0001118 seconds, Stopping threads took: 0.0000183 seconds
2017-01-12T04:41:34.574-0500: 0.504: Total time for which application threads were stopped: 0.0001144 seconds, Stopping threads took: 0.0000149 seconds
2017-01-12T04:41:34.588-0500: 0.519: Total time for which application threads were stopped: 0.0000697 seconds, Stopping threads took: 0.0000124 seconds
2017-01-12T04:41:34.817-0500: 0.747: Total time for which application threads were stopped: 0.0002773 seconds, Stopping threads took: 0.0000201 seconds
2017-01-12T04:41:34.884-0500: 0.814: Total time for which application threads were stopped: 0.0001917 seconds, Stopping threads took: 0.0000164 seconds
2017-01-12T04:41:34.886-0500: 0.816: Total time for which application threads were stopped: 0.0000866 seconds, Stopping threads took: 0.0000123 seconds
2017-01-12T04:41:34.897-0500: 0.827: Total time for which application threads were stopped: 0.0003496 seconds, Stopping threads took: 0.0002649 seconds
2017-01-12T04:41:34.911-0500: 0.841: Total time for which application threads were stopped: 0.0001015 seconds, Stopping threads took: 0.0000232 seconds
2017-01-12T04:41:34.936-0500: 0.867: Total time for which application threads were stopped: 0.0000964 seconds, Stopping threads took: 0.0000133 seconds
2017-01-12T04:41:34.938-0500: 0.869: Total time for which application threads were stopped: 0.0000810 seconds, Stopping threads took: 0.0000099 seconds
2017-01-12T04:41:35.178-0500: 1.108: Total time for which application threads were stopped: 0.0003891 seconds, Stopping threads took: 0.0000241 seconds
2017-01-12T04:41:35.552-0500: 1.482: Total time for which application threads were stopped: 0.0002154 seconds, Stopping threads took: 0.0000258 seconds
2017-01-12T04:41:36.552-0500: 2.482: Total time for which application threads were stopped: 0.0001317 seconds, Stopping threads took: 0.0000266 seconds
2017-01-12T04:41:37.552-0500: 3.482: Total time for which application threads were stopped: 0.0001167 seconds, Stopping threads took: 0.0000392 seconds
2017-01-12T04:41:38.325-0500: 4.255: Total time for which application threads were stopped: 0.0003380 seconds, Stopping threads took: 0.0000463 seconds
2017-01-12T04:41:38.356-0500: 4.286: Total time for which application threads were stopped: 0.0000986 seconds, Stopping threads took: 0.0000106 seconds
2017-01-12T04:41:38.411-0500: 4.342: Total time for which application threads were stopped: 0.0000865 seconds, Stopping threads took: 0.0000110 seconds
2017-01-12T04:41:38.761-0500: 4.691: [GC pause (G1 Evacuation Pause) (young), 0.2867414 secs]
   [Parallel Time: 192.3 ms, GC Workers: 28]
      [GC Worker Start (ms): Min: 4691.6, Avg: 4691.9, Max: 4693.1, Diff: 1.4]
      [Ext Root Scanning (ms): Min: 0.0, Avg: 1.3, Max: 10.5, Diff: 10.5, Sum: 37.4]
      [Update RS (ms): Min: 0.0, Avg: 0.0, Max: 0.0, Diff: 0.0, Sum: 0.0]
         [Processed Buffers: Min: 0, Avg: 0.0, Max: 0, Diff: 0, Sum: 0]
      [Scan RS (ms): Min: 0.0, Avg: 0.0, Max: 0.1, Diff: 0.1, Sum: 0.4]
      [Code Root Scanning (ms): Min: 0.0, Avg: 3.3, Max: 20.0, Diff: 20.0, Sum: 93.4]
      [Object Copy (ms): Min: 150.4, Avg: 167.3, Max: 174.2, Diff: 23.8, Sum: 4683.4]
      [Termination (ms): Min: 16.5, Avg: 19.8, Max: 21.6, Diff: 5.1, Sum: 553.2]
      [GC Worker Other (ms): Min: 0.0, Avg: 0.0, Max: 0.1, Diff: 0.1, Sum: 1.4]
      [GC Worker Total (ms): Min: 190.6, Avg: 191.8, Max: 192.0, Diff: 1.5, Sum: 5369.2]
      [GC Worker End (ms): Min: 4883.6, Avg: 4883.7, Max: 4883.7, Diff: 0.1]
   [Code Root Fixup: 0.6 ms]
   [Code Root Purge: 0.1 ms]
   [Clear CT: 0.4 ms]
   [Other: 93.4 ms]
      [Choose CSet: 0.0 ms]
      [Ref Proc: 90.6 ms]
      [Ref Enq: 1.7 ms]
      [Redirty Cards: 0.2 ms]
      [Humongous Reclaim: 0.0 ms]
      [Free CSet: 0.3 ms]
   [Eden: 2144.0M(2144.0M)->0.0B(1888.0M) Survivors: 0.0B->256.0M Heap: 2144.0M(42.0G)->243.0M(42.0G)]
 [Times: user=4.92 sys=0.38, real=0.29 secs]
