2016-10-12T09:50:19.025+0200: 98.150: [Full GC (Last ditch collection)  1196M->1118M(5120M), 4.4628626 secs]
   [Eden: 0.0B(3072.0M)->0.0B(3072.0M) Survivors: 0.0B->0.0B Heap: 1196.3M(5120.0M)->1118.8M(5120.0M)], [Metaspace: 324984K->323866K(1511424K)]
 [Times: user=6.37 sys=0.00, real=4.46 secs]
2016-10-12T09:50:23.488+0200: 102.614: [GC concurrent-mark-abort]
2016-10-12T09:50:23.496+0200: 102.621: [Full GC (JvmtiEnv ForceGarbageCollection)  1124M->1118M(5120M), 3.8954775 secs]
   [Eden: 6144.0K(3072.0M)->0.0B(3072.0M) Survivors: 0.0B->0.0B Heap: 1124.8M(5120.0M)->1118.9M(5120.0M)], [Metaspace: 323874K->323874K(1511424K)]
 [Times: user=5.87 sys=0.01, real=3.89 secs]
2016-10-12T09:51:21.202+0200: 160.328: [GC pause (Metadata GC Threshold) (young) (initial-mark), 0.0534873 secs]
   [Parallel Time: 13.2 ms, GC Workers: 4]
      [GC Worker Start (ms): Min: 160329.8, Avg: 160329.8, Max: 160329.9, Diff: 0.1]
      [Ext Root Scanning (ms): Min: 5.2, Avg: 7.5, Max: 12.5, Diff: 7.3, Sum: 30.2]
      [Update RS (ms): Min: 0.0, Avg: 2.3, Max: 3.2, Diff: 3.2, Sum: 9.1]
         [Processed Buffers: Min: 0, Avg: 12.2, Max: 21, Diff: 21, Sum: 49]
      [Scan RS (ms): Min: 0.0, Avg: 0.0, Max: 0.0, Diff: 0.0, Sum: 0.0]
      [Code Root Scanning (ms): Min: 0.0, Avg: 0.0, Max: 0.0, Diff: 0.0, Sum: 0.0]
      [Object Copy (ms): Min: 0.1, Avg: 1.2, Max: 2.0, Diff: 1.9, Sum: 4.8]
      [Termination (ms): Min: 0.0, Avg: 1.7, Max: 2.2, Diff: 2.2, Sum: 6.7]
         [Termination Attempts: Min: 1, Avg: 1.5, Max: 3, Diff: 2, Sum: 6]
      [GC Worker Other (ms): Min: 0.0, Avg: 0.0, Max: 0.0, Diff: 0.0, Sum: 0.1]
      [GC Worker Total (ms): Min: 12.6, Avg: 12.7, Max: 12.8, Diff: 0.1, Sum: 50.8]
      [GC Worker End (ms): Min: 160342.5, Avg: 160342.5, Max: 160342.5, Diff: 0.0]
   [Code Root Fixup: 0.1 ms]
   [Code Root Purge: 0.7 ms]
   [Clear CT: 0.3 ms]
   [Other: 39.2 ms]
      [Choose CSet: 0.0 ms]
      [Ref Proc: 37.1 ms]
      [Ref Enq: 0.0 ms]
      [Redirty Cards: 0.2 ms]
      [Humongous Reclaim: 0.0 ms]
      [Free CSet: 0.1 ms]
   [Eden: 12.0M(3072.0M)->0.0B(3066.0M) Survivors: 0.0B->6144.0K Heap: 1130.9M(5120.0M)->1123.9M(5120.0M)]
 [Times: user=0.09 sys=0.00, real=0.05 secs]