4237.297: [GC[YG occupancy: 905227 K (4194240 K)]{Heap before GC invocations=85 (full 1):
 par new generation   total 4194240K, used 905227K [0xfffffffb80010000, 0xfffffffc80010000, 0xfffffffc80010000)
  eden space 4194176K,  21% used [0xfffffffb80010000, 0xfffffffbb7412f80, 0xfffffffc7fff0000)
  from space 64K,   0% used [0xfffffffc80000000, 0xfffffffc80000000, 0xfffffffc80010000)
  to   space 64K,   0% used [0xfffffffc7fff0000, 0xfffffffc7fff0000, 0xfffffffc80000000)
 concurrent mark-sweep generation total 8388608K, used 4254845K [0xfffffffc80010000, 0xfffffffe80010000, 0xfffffffe80010000)
 concurrent-mark-sweep perm gen total 2097152K, used 304657K [0xfffffffe80010000, 0xffffffff00010000, 0xffffffff00010000)
4237.297: [GC 4237.297: [ParNew: 905227K->0K(4194240K), 0.0563254 secs] 5160073K->4271964K(12582848K), 0.0565896 secs] [Times: user=0.59 sys=0.01, real=0.06 secs]
Heap after GC invocations=86 (full 1):
 par new generation   total 4194240K, used 0K [0xfffffffb80010000, 0xfffffffc80010000, 0xfffffffc80010000)
  eden space 4194176K,   0% used [0xfffffffb80010000, 0xfffffffb80010000, 0xfffffffc7fff0000)
  from space 64K,   0% used [0xfffffffc7fff0000, 0xfffffffc7fff0000, 0xfffffffc80000000)
  to   space 64K,   0% used [0xfffffffc80000000, 0xfffffffc80000000, 0xfffffffc80010000)
 concurrent mark-sweep generation total 8388608K, used 4271964K [0xfffffffc80010000, 0xfffffffe80010000, 0xfffffffe80010000)
 concurrent-mark-sweep perm gen total 2097152K, used 304657K [0xfffffffe80010000, 0xffffffff00010000, 0xffffffff00010000)
}
4237.354: [Rescan (parallel) , 0.1378986 secs]4237.492: [weak refs processing, 0.1842394 secs] [1 CMS-remark: 4271964K(8388608K)] 4271964K(12582848K), 0.4124068 secs] [Times: user=2.82 sys=0.04, real=0.41 secs]