2016-10-12T11:56:49.415+0200: 7688.541: 2016-10-12T11:56:49.415+0200[GC concurrent-root-region-scan-start]
: 7688.541: [Full GC (Metadata GC Threshold) 2016-10-12T11:56:49.416+0200: 7688.541: [GC concurrent-root-region-scan-end, 0.0003847 secs]
2016-10-12T11:56:49.416+0200: 7688.541: [GC concurrent-mark-start]
 814M->813M(5120M), 3.4273399 secs]
   [Eden: 0.0B(3070.0M)->0.0B(3072.0M) Survivors: 2048.0K->0.0B Heap: 814.5M(5120.0M)->813.9M(5120.0M)], [Metaspace: 327205K->327205K(1511424K)]
 [Times: user=5.08 sys=0.01, real=3.43 secs]
2016-10-12T11:56:52.843+0200: 7691.968: [Full GC (Last ditch collection)  813M->813M(5120M), 3.4165899 secs]
   [Eden: 0.0B(3072.0M)->0.0B(3072.0M) Survivors: 0.0B->0.0B Heap: 813.9M(5120.0M)->813.8M(5120.0M)], [Metaspace: 327205K->327205K(1511424K)]
 [Times: user=5.08 sys=0.00, real=3.42 secs]
2016-10-12T11:56:56.260+0200: 7695.385: [GC concurrent-mark-abort]
2016-10-12T11:56:56.278+0200: 7695.404: [GC pause (Metadata GC Threshold) (young) (initial-mark), 0.0519552 secs]
   [Parallel Time: 11.9 ms, GC Workers: 4]
      [GC Worker Start (ms): Min: 7695404.8, Avg: 7695404.9, Max: 7695404.9, Diff: 0.1]
      [Ext Root Scanning (ms): Min: 5.0, Avg: 6.6, Max: 11.2, Diff: 6.2, Sum: 26.5]
      [Update RS (ms): Min: 0.0, Avg: 0.1, Max: 0.3, Diff: 0.3, Sum: 0.4]
         [Processed Buffers: Min: 0, Avg: 3.2, Max: 7, Diff: 7, Sum: 13]
      [Scan RS (ms): Min: 0.0, Avg: 0.0, Max: 0.0, Diff: 0.0, Sum: 0.0]
      [Code Root Scanning (ms): Min: 0.0, Avg: 0.0, Max: 0.0, Diff: 0.0, Sum: 0.0]
      [Object Copy (ms): Min: 0.2, Avg: 1.1, Max: 1.5, Diff: 1.3, Sum: 4.3]
      [Termination (ms): Min: 0.0, Avg: 3.6, Max: 4.8, Diff: 4.8, Sum: 14.4]
         [Termination Attempts: Min: 1, Avg: 1.0, Max: 1, Diff: 0, Sum: 4]
      [GC Worker Other (ms): Min: 0.0, Avg: 0.0, Max: 0.0, Diff: 0.0, Sum: 0.1]
      [GC Worker Total (ms): Min: 11.4, Avg: 11.4, Max: 11.5, Diff: 0.1, Sum: 45.7]
      [GC Worker End (ms): Min: 7695416.3, Avg: 7695416.3, Max: 7695416.3, Diff: 0.0]
   [Code Root Fixup: 0.1 ms]
   [Code Root Purge: 0.7 ms]
   [Clear CT: 0.2 ms]
   [Other: 39.0 ms]
      [Choose CSet: 0.0 ms]
      [Ref Proc: 37.5 ms]
      [Ref Enq: 0.0 ms]
      [Redirty Cards: 0.1 ms]
      [Humongous Reclaim: 0.0 ms]
      [Free CSet: 0.1 ms]
   [Eden: 8192.0K(3072.0M)->0.0B(3070.0M) Survivors: 0.0B->2048.0K Heap: 821.8M(5120.0M)->814.9M(5120.0M)]
 [Times: user=0.08 sys=0.00, real=0.05 secs]
