Total time for which application threads were stopped: 0.0007600 seconds
Total time for which application threads were stopped: 0.0001220 seconds
16.517: [GC 16.517: [ParNew
Desired survivor size 155254784 bytes, new threshold 1 (max 15)
- age   1:  294536592 bytes,  294536592 total
: 1819392K->289521K(2122624K), 0.3257250 secs] 1819392K->289521K(3891072K), 0.3258050 secs] [Times: user=0.58 sys=0.05, real=0.32 secs] 
Total time for which application threads were stopped: 0.3260170 seconds
Total time for which application threads were stopped: 0.0000780 seconds
25.706: [GC 25.706: [ParNew
Desired survivor size 155254784 bytes, new threshold 1 (max 15)
- age   1:  185907736 bytes,  185907736 total
: 2108913K->277912K(2122624K), 1.5005750 secs] 2108913K->565165K(3891072K), 1.5006780 secs] [Times: user=1.90 sys=0.10, real=1.50 secs] 
Total time for which application threads were stopped: 1.5009070 seconds
Total time for which application threads were stopped: 0.0023410 seconds
Total time for which application threads were stopped: 0.0002360 seconds
Total time for which application threads were stopped: 0.0000500 seconds
31.432: [GC 31.432: [ParNew
Desired survivor size 155254784 bytes, new threshold 15 (max 15)
- age   1:  143548400 bytes,  143548400 total
: 2097304K->193858K(2122624K), 0.2709390 secs] 2384557K->629549K(3891072K), 0.2710190 secs]