2016-02-09T06:21:29.206-0500: 27997.968: [GC pause (young) (to-space exhausted), 0.1208740 secs]
   [Parallel Time: 107.8 ms, GC Workers: 4]
      [GC Worker Start (ms): Min: 27997967.8, Avg: 27997967.9, Max: 27997968.0, Diff: 0.2]
      [Ext Root Scanning (ms): Min: 30.5, Avg: 37.5, Max: 43.4, Diff: 12.9, Sum: 149.9]
      [SATB Filtering (ms): Min: 0.0, Avg: 0.0, Max: 0.2, Diff: 0.2, Sum: 0.2]
      [Update RS (ms): Min: 30.8, Avg: 36.3, Max: 43.5, Diff: 12.7, Sum: 145.3]
         [Processed Buffers: Min: 182, Avg: 211.8, Max: 234, Diff: 52, Sum: 847]
      [Scan RS (ms): Min: 0.1, Avg: 0.1, Max: 0.1, Diff: 0.1, Sum: 0.4]
      [Code Root Scanning (ms): Min: 0.0, Avg: 0.0, Max: 0.0, Diff: 0.0, Sum: 0.0]
      [Object Copy (ms): Min: 33.2, Avg: 33.7, Max: 34.6, Diff: 1.5, Sum: 134.7]
      [Termination (ms): Min: 0.0, Avg: 0.0, Max: 0.0, Diff: 0.0, Sum: 0.1]
      [GC Worker Other (ms): Min: 0.0, Avg: 0.0, Max: 0.1, Diff: 0.0, Sum: 0.2]
      [GC Worker Total (ms): Min: 107.5, Avg: 107.7, Max: 107.8, Diff: 0.2, Sum: 430.7]
      [GC Worker End (ms): Min: 27998075.5, Avg: 27998075.5, Max: 27998075.6, Diff: 0.0]
   [Code Root Fixup: 0.2 ms]
   [Code Root Migration: 0.0 ms]
   [Clear CT: 0.2 ms]
   [Other: 12.6 ms]
      [Choose CSet: 0.0 ms]
      [Ref Proc: 2.9 ms]
      [Ref Enq: 0.1 ms]
      [Free CSet: 0.4 ms]
   [Eden: 1280.0M(1280.0M)->0.0B(1288.0M) Survivors: 48.0M->40.0M Heap: 18.9G(26.0G)->17.8G(26.0G)]
 [Times: user=0.41 sys=0.02, real=0.12 secs]