[0.029s][info][safepoint    ] Total time for which application threads were stopped: 0.0001635 seconds, Stopping threads took: 0.0001057 seconds
[0.031s][info][safepoint    ] Total time for which application threads were stopped: 0.0000643 seconds, Stopping threads took: 0.0000148 seconds
[0.053s][info][gc,start     ] GC(0) Pause Young (Normal) (G1 Evacuation Pause) Metaspace: 316K->316K(1056768K) 1M->1M(4M) 5.780ms User=0.01s Sys=0.00s Real=0.01s
[0.058s][info][safepoint    ] Total time for which application threads were stopped: 0.0059106 seconds, Stopping threads took: 0.0000063 seconds
[0.061s][info][safepoint    ] Total time for which application threads were stopped: 0.0001220 seconds, Stopping threads took: 0.0000253 seconds
[0.062s][info][safepoint    ] Total time for which application threads were stopped: 0.0000547 seconds, Stopping threads took: 0.0000046 seconds
[0.109s][info][gc,start     ] GC(1) Pause Young (Concurrent Start) (G1 Evacuation Pause) Metaspace: 879K->879K(1056768K) 2M->1M(5M) 4.858ms User=0.01s Sys=0.00s Real=0.01s
[0.114s][info][safepoint    ] Total time for which application threads were stopped: 0.0049236 seconds, Stopping threads took: 0.0000050 seconds
[0.114s][info][gc           ] GC(2) Concurrent Cycle
[0.114s][info][gc,marking   ] GC(2) Concurrent Clear Claimed Marks
[0.114s][info][gc,marking   ] GC(2) Concurrent Clear Claimed Marks 0.005ms
[0.114s][info][gc,marking   ] GC(2) Concurrent Scan Root Regions
[0.114s][info][gc,marking   ] GC(2) Concurrent Scan Root Regions 0.494ms
[0.114s][info][gc,marking   ] GC(2) Concurrent Mark (0.114s)
[0.114s][info][gc,marking   ] GC(2) Concurrent Mark From Roots
[0.115s][info][safepoint    ] Total time for which application threads were stopped: 0.0000473 seconds, Stopping threads took: 0.0000048 seconds
[0.116s][info][gc,marking   ] GC(2) Concurrent Mark From Roots 1.126ms
[0.116s][info][gc,marking   ] GC(2) Concurrent Preclean
[0.116s][info][gc,marking   ] GC(2) Concurrent Preclean 0.057ms
[0.116s][info][gc,marking   ] GC(2) Concurrent Mark (0.114s, 0.116s) 1.204ms
[0.116s][info][gc            ] GC(2) Pause Remark 1M->1M(5M) 0.364ms User=0.00s Sys=0.00s Real=0.00s
[0.116s][info][safepoint     ] Total time for which application threads were stopped: 0.0004048 seconds, Stopping threads took: 0.0000089 seconds
[0.116s][info][gc,marking    ] GC(2) Concurrent Rebuild Remembered Sets
[0.116s][info][gc,marking    ] GC(2) Concurrent Rebuild Remembered Sets 0.267ms
[0.117s][info][gc            ] GC(2) Pause Cleanup 1M->1M(5M) 0.024ms User=0.00s Sys=0.00s Real=0.00s
[0.117s][info][safepoint     ] Total time for which application threads were stopped: 0.0001348 seconds, Stopping threads took: 0.0000177 seconds
[0.117s][info][gc,marking    ] GC(2) Concurrent Cleanup for Next Mark
[0.117s][info][gc,marking    ] GC(2) Concurrent Cleanup for Next Mark 0.117ms
[0.117s][info][gc            ] GC(2) Concurrent Cycle 2.822ms
[0.129s][info][gc,start      ] GC(3) Pause Young (Normal) (G1 Evacuation Pause) Metaspace: 1224K->1224K(1056768K) 2M->1M(6M) 10.135ms User=0.02s Sys=0.00s Real=0.01s
[0.139s][info][safepoint     ] Total time for which application threads were stopped: 0.0102775 seconds, Stopping threads took: 0.0000048 seconds
[0.160s][info][gc,start      ] GC(4) Pause Young (Concurrent Start) (G1 Evacuation Pause) Metaspace: 1442K->1442K(1056768K) 2M->2M(7M) 2.657ms User=0.00s Sys=0.00s Real=0.00s
[0.163s][info][safepoint     ] Total time for which application threads were stopped: 0.0028099 seconds, Stopping threads took: 0.0000142 seconds
[0.163s][info][gc            ] GC(5) Concurrent Cycle
[0.163s][info][gc,marking    ] GC(5) Concurrent Clear Claimed Marks
[0.163s][info][gc,marking    ] GC(5) Concurrent Clear Claimed Marks 0.006ms
[0.163s][info][gc,marking    ] GC(5) Concurrent Scan Root Regions
[0.163s][info][gc,marking    ] GC(5) Concurrent Scan Root Regions 0.361ms
[0.163s][info][gc,marking    ] GC(5) Concurrent Mark (0.163s)
[0.163s][info][gc,marking    ] GC(5) Concurrent Mark From Roots
[0.166s][info][gc,marking    ] GC(5) Concurrent Mark From Roots 2.742ms
[0.166s][info][gc,marking    ] GC(5) Concurrent Preclean
[0.166s][info][gc,marking    ] GC(5) Concurrent Preclean 0.072ms
[0.166s][info][gc,marking    ] GC(5) Concurrent Mark (0.163s, 0.166s) 2.849ms
[0.167s][info][gc            ] GC(5) Pause Remark 2M->2M(7M) 0.362ms User=0.00s Sys=0.00s Real=0.00s
[0.167s][info][safepoint     ] Total time for which application threads were stopped: 0.0004180 seconds, Stopping threads took: 0.0000219 seconds
[0.167s][info][gc,marking    ] GC(5) Concurrent Rebuild Remembered Sets
[0.168s][info][gc,marking    ] GC(5) Concurrent Rebuild Remembered Sets 1.235ms