2016-02-09T23:27:04.149-0500: 3082.652: [GC pause (mixed), 0.0762060 secs]
   [Parallel Time: 72.9 ms, GC Workers: 4]
      [GC Worker Start (ms): Min: 3082652.5, Avg: 3082652.5, Max: 3082652.5, Diff: 0.0]
      [Ext Root Scanning (ms): Min: 23.3, Avg: 25.9, Max: 31.5, Diff: 8.2, Sum: 103.8]
      [Update RS (ms): Min: 19.7, Avg: 26.4, Max: 29.4, Diff: 9.7, Sum: 105.4]
         [Processed Buffers: Min: 310, Avg: 329.2, Max: 343, Diff: 33, Sum: 1317]
      [Scan RS (ms): Min: 2.9, Avg: 3.0, Max: 3.1, Diff: 0.2, Sum: 11.9]
      [Code Root Scanning (ms): Min: 0.0, Avg: 0.0, Max: 0.0, Diff: 0.0, Sum: 0.1]
      [Object Copy (ms): Min: 17.1, Avg: 17.5, Max: 18.6, Diff: 1.5, Sum: 70.0]
      [Termination (ms): Min: 0.0, Avg: 0.0, Max: 0.0, Diff: 0.0, Sum: 0.0]
      [GC Worker Other (ms): Min: 0.0, Avg: 0.0, Max: 0.0, Diff: 0.0, Sum: 0.2]
      [GC Worker Total (ms): Min: 72.8, Avg: 72.8, Max: 72.9, Diff: 0.0, Sum: 291.3]
      [GC Worker End (ms): Min: 3082725.3, Avg: 3082725.3, Max: 3082725.3, Diff: 0.0]
   [Code Root Fixup: 0.1 ms]
   [Code Root Migration: 0.1 ms]
   [Clear CT: 1.1 ms]
   [Other: 2.0 ms]
      [Choose CSet: 0.1 ms]
      [Ref Proc: 0.3 ms]
      [Ref Enq: 0.0 ms]
      [Free CSet: 1.3 ms]
   [Eden: 1288.0M(1288.0M)->0.0B(1288.0M) Survivors: 40.0M->40.0M Heap: 11.8G(26.0G)->9058.4M(26.0G)]
 [Times: user=0.30 sys=0.00, real=0.08 secs]