2016-02-11T15:37:43.963-0500: 5503.034: [GC pause (young) 5503.034: [G1Ergonomics (CSet Construction) start choosing CSet, _pending_cards: 257723, predicted base time: 81.09 ms, remaining time: 418.91 ms, target pause time: 500.00 ms]
 5503.034: [G1Ergonomics (CSet Construction) add young regions to CSet, eden: 160 regions, survivors: 6 regions, predicted young region time: 181.95 ms]
 5503.034: [G1Ergonomics (CSet Construction) finish choosing CSet, eden: 160 regions, survivors: 6 regions, old: 0 regions, predicted pause time: 263.04 ms, target pause time: 500.00 ms]
 5503.034: [G1Ergonomics (Heap Sizing) attempt heap expansion, reason: region allocation request failed, allocation request: 4194304 bytes]
 5503.034: [G1Ergonomics (Heap Sizing) expand the heap, requested expansion amount: 4194304 bytes, attempted expansion amount: 8388608 bytes]
 5503.034: [G1Ergonomics (Heap Sizing) did not expand the heap, reason: heap expansion operation failed]
 5503.419: [G1Ergonomics (Heap Sizing) attempt heap expansion, reason: recent GC overhead higher than threshold after GC, recent GC overhead: 25.49 %, threshold: 10.00 %, uncommitted: 0 bytes, calculated expansion amount: 0 bytes (20.00 %)]
 (to-space exhausted), 0.3857580 secs]
   [Parallel Time: 330.0 ms, GC Workers: 4]
      [GC Worker Start (ms): Min: 5503033.7, Avg: 5503033.7, Max: 5503033.8, Diff: 0.0]
      [Ext Root Scanning (ms): Min: 8.3, Avg: 19.1, Max: 31.3, Diff: 23.0, Sum: 76.4]
      [SATB Filtering (ms): Min: 0.0, Avg: 0.0, Max: 0.2, Diff: 0.2, Sum: 0.2]
      [Update RS (ms): Min: 28.9, Avg: 32.7, Max: 36.4, Diff: 7.5, Sum: 130.7]
         [Processed Buffers: Min: 247, Avg: 253.2, Max: 258, Diff: 11, Sum: 1013]
      [Scan RS (ms): Min: 4.1, Avg: 4.5, Max: 4.7, Diff: 0.6, Sum: 17.9]
      [Code Root Scanning (ms): Min: 0.0, Avg: 0.0, Max: 0.0, Diff: 0.0, Sum: 0.0]
      [Object Copy (ms): Min: 258.0, Avg: 273.5, Max: 287.6, Diff: 29.6, Sum: 1094.2]
      [Termination (ms): Min: 0.0, Avg: 0.0, Max: 0.0, Diff: 0.0, Sum: 0.1]
      [GC Worker Other (ms): Min: 0.0, Avg: 0.0, Max: 0.0, Diff: 0.0, Sum: 0.1]
      [GC Worker Total (ms): Min: 329.9, Avg: 329.9, Max: 329.9, Diff: 0.0, Sum: 1319.6]
      [GC Worker End (ms): Min: 5503363.6, Avg: 5503363.6, Max: 5503363.6, Diff: 0.0]
   [Code Root Fixup: 0.1 ms]
   [Code Root Migration: 0.0 ms]
   [Clear CT: 0.4 ms]
   [Other: 55.2 ms]
      [Choose CSet: 0.0 ms]
      [Ref Proc: 5.8 ms]
      [Ref Enq: 0.0 ms]
      [Free CSet: 0.4 ms]
   [Eden: 1280.0M(1280.0M)->0.0B(1320.0M) Survivors: 48.0M->8192.0K Heap: 18.6G(26.0G)->17.9G(26.0G)]
 [Times: user=0.71 sys=0.04, real=0.39 secs]