2016-02-11T18:15:35.429-0500: 14974.499: [GC pause (young) 14974.499: [G1Ergonomics (CSet Construction) start choosing CSet, _pending_cards: 349847, predicted base time: 92.47 ms, remaining time: 407.53 ms, target pause time: 500.00 ms]
 14974.499: [G1Ergonomics (CSet Construction) add young regions to CSet, eden: 155 regions, survivors: 11 regions, predicted young region time: 108.71 ms]
 14974.499: [G1Ergonomics (CSet Construction) finish choosing CSet, eden: 155 regions, survivors: 11 regions, old: 0 regions, predicted pause time: 201.18 ms, target pause time: 500.00 ms]
2016-02-11T18:15:35.431-0500: 14974.501: [GC concurrent-cleanup-end, 0.0033880 secs]
 14974.645: [G1Ergonomics (Heap Sizing) attempt heap expansion, reason: recent GC overhead higher than threshold after GC, recent GC overhead: 23.22 %, threshold: 10.00 %, uncommitted: 0 bytes, calculated expansion amount: 0 bytes (20.00 %)]
, 0.1454640 secs]
   [Parallel Time: 144.0 ms, GC Workers: 4]
      [GC Worker Start (ms): Min: 14974499.3, Avg: 14974499.8, Max: 14974501.4, Diff: 2.1]
      [Ext Root Scanning (ms): Min: 16.6, Avg: 19.2, Max: 23.2, Diff: 6.6, Sum: 76.6]
      [Update RS (ms): Min: 46.7, Avg: 51.0, Max: 52.6, Diff: 5.9, Sum: 203.9]
         [Processed Buffers: Min: 320, Avg: 342.8, Max: 357, Diff: 37, Sum: 1371]
      [Scan RS (ms): Min: 0.1, Avg: 0.1, Max: 0.1, Diff: 0.0, Sum: 0.5]
      [Code Root Scanning (ms): Min: 0.0, Avg: 0.0, Max: 0.0, Diff: 0.0, Sum: 0.0]
      [Object Copy (ms): Min: 68.9, Avg: 70.8, Max: 72.9, Diff: 4.0, Sum: 283.3]
      [Termination (ms): Min: 0.0, Avg: 2.3, Max: 3.7, Diff: 3.7, Sum: 9.2]
      [GC Worker Other (ms): Min: 0.0, Avg: 0.0, Max: 0.0, Diff: 0.0, Sum: 0.1]
      [GC Worker Total (ms): Min: 141.8, Avg: 143.4, Max: 143.9, Diff: 2.1, Sum: 573.6]
      [GC Worker End (ms): Min: 14974643.2, Avg: 14974643.2, Max: 14974643.2, Diff: 0.0]
   [Code Root Fixup: 0.2 ms]
   [Code Root Migration: 0.0 ms]
   [Clear CT: 0.2 ms]
   [Other: 1.1 ms]
      [Choose CSet: 0.0 ms]
      [Ref Proc: 0.4 ms]
      [Ref Enq: 0.0 ms]
      [Free CSet: 0.4 ms]
   [Eden: 1240.0M(1240.0M)->0.0B(3000.0M) Survivors: 88.0M->88.0M Heap: 13.4G(26.0G)->12.2G(26.0G)]
 [Times: user=0.57 sys=0.00, real=0.15 secs]