2016-02-11T18:50:23.994-0500: 16705.141: [GC pause (young)2016-02-11T18:50:24.070-0500: 16705.217: [GC concurrent-root-region-scan-end, 0.2767930 secs]
2016-02-11T18:50:24.070-0500 16705.217: [G1Ergonomics (CSet Construction) start choosing CSet, _pending_cards: 273946, predicted base time: 242.44 ms, remaining time: 257.56 ms, target pause time: 500.00 ms]
: 16705.217: [GC concurrent-mark-start]
 16705.217: [G1Ergonomics (CSet Construction) add young regions to CSet, eden: 144 regions, survivors: 22 regions, predicted young region time: 440.73 ms]
 16705.217: [G1Ergonomics (CSet Construction) finish choosing CSet, eden: 144 regions, survivors: 22 regions, old: 0 regions, predicted pause time: 683.17 ms, target pause time: 500.00 ms]
 16705.487: [G1Ergonomics (Heap Sizing) attempt heap expansion, reason: recent GC overhead higher than threshold after GC, recent GC overhead: 10.16 %, threshold: 10.00 %, uncommitted: 0 bytes, calculated expansion amount: 0 bytes (20.00 %)]
, 0.3460620 secs]
   [Root Region Scan Waiting: 75.8 ms]
   [Parallel Time: 266.8 ms, GC Workers: 4]
      [GC Worker Start (ms): Min: 16705216.9, Avg: 16705218.5, Max: 16705223.5, Diff: 6.7]
      [Ext Root Scanning (ms): Min: 15.1, Avg: 16.9, Max: 20.2, Diff: 5.1, Sum: 67.8]
      [SATB Filtering (ms): Min: 0.0, Avg: 0.0, Max: 0.1, Diff: 0.1, Sum: 0.1]
      [Update RS (ms): Min: 84.5, Avg: 87.1, Max: 89.7, Diff: 5.3, Sum: 348.6]
         [Processed Buffers: Min: 251, Avg: 268.8, Max: 282, Diff: 31, Sum: 1075]
      [Scan RS (ms): Min: 0.0, Avg: 0.1, Max: 0.1, Diff: 0.1, Sum: 0.4]
      [Code Root Scanning (ms): Min: 0.0, Avg: 0.0, Max: 0.0, Diff: 0.0, Sum: 0.0]
      [Object Copy (ms): Min: 155.2, Avg: 157.1, Max: 160.6, Diff: 5.5, Sum: 628.4]
      [Termination (ms): Min: 0.0, Avg: 3.7, Max: 5.2, Diff: 5.2, Sum: 14.7]
      [GC Worker Other (ms): Min: 0.0, Avg: 0.0, Max: 0.0, Diff: 0.0, Sum: 0.1]
      [GC Worker Total (ms): Min: 260.1, Avg: 265.0, Max: 266.7, Diff: 6.7, Sum: 1060.2]
      [GC Worker End (ms): Min: 16705483.6, Avg: 16705483.6, Max: 16705483.6, Diff: 0.0]
   [Code Root Fixup: 0.1 ms]
   [Code Root Migration: 0.0 ms]
   [Clear CT: 0.2 ms]
   [Other: 3.1 ms]
      [Choose CSet: 0.0 ms]
      [Ref Proc: 1.4 ms]
      [Ref Enq: 0.1 ms]
      [Free CSet: 0.4 ms]
   [Eden: 1152.0M(1152.0M)->0.0B(1232.0M) Survivors: 176.0M->96.0M Heap: 10.4G(26.0G)->9530.4M(26.0G)]
 [Times: user=1.14 sys=0.00, real=0.34 secs]