2023-12-18T15:51:10.045+0800: 140847.449: [GC pause (G1 Evacuation Pause) (young), 0.2061306 secs]
   [Parallel Time: 171.1 ms, GC Workers: 1]
      [GC Worker Start (ms):  140847449.2]
      [Ext Root Scanning (ms):  28.7]
      [Update RS (ms):  30.2]
         [Processed Buffers:  636]
      [Scan RS (ms):  22.1]
      [Code Root Scanning (ms):  0.1]
      [Object Copy (ms):  89.9]
      [Termination (ms):  0.0]
         [Termination Attempts:  1]
      [GC Worker Other (ms):  0.1]
      [GC Worker Total (ms):  171.0]
      [GC Worker End (ms):  140847620.2]
   [Code Root Fixup: 0.0 ms]
   [Code Root Purge: 0.0 ms]
   [Clear CT: 1.3 ms]
   [Other: 33.8 ms]
      [Choose CSet: 0.0 ms]
      [Ref Proc: 31.2 ms]
      [Ref Enq: 0.1 ms]
      [Redirty Cards: 0.2 ms]
      [Humongous Register: 0.1 ms]
      [Humongous Reclaim: 0.1 ms]
      [Free CSet: 1.6 ms]
   [Eden: 7224.0M(7224.0M)->0.0B(7228.0M) Survivors: 148.0M->144.0M Heap: 9895.6M(12.0G)->2608.0M(12.0G)]
 [Times: user=0.20 sys=0.00, real=0.21 secs]