[0.014s][info][gc,init] Initializing The Z Garbage Collector
[0.014s][info][gc,init] Version: 17.0.1+12-LTS (release)
[0.014s][info][gc,init] NUMA Support: Disabled
[0.014s][info][gc,init] CPUs: 12 total, 12 available
[0.014s][info][gc,init] Memory: 31907M
[0.014s][info][gc,init] Large Page Support: Disabled
[0.014s][info][gc,init] GC Workers: 1 (dynamic)
[0.014s][info][gc,init] Address Space Type: Contiguous/Unrestricted/Complete
[0.014s][info][gc,init] Address Space Size: 1536M x 3 = 4608M
[0.014s][info][gc,init] Heap Backing File: /memfd:java_heap
[0.014s][info][gc,init] Heap Backing Filesystem: tmpfs (0x1021994)
[0.015s][info][gc,init] Min Capacity: 32M
[0.015s][info][gc,init] Initial Capacity: 32M
[0.015s][info][gc,init] Max Capacity: 96M
[0.015s][info][gc,init] Medium Page Size: N/A
[0.015s][info][gc,init] Pre-touch: Disabled
[0.015s][info][gc,init] Available space on backing filesystem: N/A
[0.015s][info][gc,init] Uncommit: Enabled
[0.015s][info][gc,init] Uncommit Delay: 300s
[0.018s][info][gc,init] Runtime Workers: 1
[0.018s][info][gc     ] Using The Z Garbage Collector
[0.018s][info][gc,metaspace] CDS archive(s) mapped at: [0x0000000800000000-0x0000000800bb6000-0x0000000800bb6000), size 12279808, SharedBaseAddress: 0x0000000800000000, ArchiveRelocationMode: 0.
[0.018s][info][gc,metaspace] Compressed class space mapped at: 0x0000000800c00000-0x0000000840c00000, reserved size: 1073741824
[0.018s][info][gc,metaspace] Narrow klass base: 0x0000000800000000, Narrow klass shift: 0, Narrow klass range: 0x100000000