2016-02-16T01:02:06.283-0500: 16023.627: [GC pause (young)2016-02-16T01:02:06.338-0500:  16023.683: [G1Ergonomics (CSet Construction) start choosing CSet, _pending_cards: 36870, predicted base time: 143.96 ms, remaining time: 856.04 ms, target pause time: 1000.00 ms]
16023.683: [G1Ergonomics (CSet Construction) add young regions to CSet, eden: 76 regions, survivors: 7 regions, predicted young region time: 123.54 ms]
[GC concurrent-root-region-scan-end, 0.6380480 secs]
 16023.683: [G1Ergonomics (CSet Construction) finish choosing CSet, eden: 76 regions, survivors: 7 regions, old: 0 regions, predicted pause time: 267.50 ms, target pause time: 1000.00 ms]
2016-02-16T01:02:06.338-0500: 16023.683: [GC concurrent-mark-start]
 16023.873: [G1Ergonomics (Heap Sizing) attempt heap expansion, reason: recent GC overhead higher than threshold after GC, recent GC overhead: 51.78 %, threshold: 10.00 %, uncommitted: 0 bytes, calculated expansion amount: 0 bytes (20.00 %)]
, 0.2455640 secs]
   [Root Region Scan Waiting: 55.5 ms]
   [Parallel Time: 186.5 ms, GC Workers: 4]
      [GC Worker Start (ms): Min: 16023683.0, Avg: 16023683.0, Max: 16023683.0, Diff: 0.0]
      [Ext Root Scanning (ms): Min: 67.8, Avg: 78.4, Max: 104.0, Diff: 36.2, Sum: 313.4]
      [SATB Filtering (ms): Min: 0.0, Avg: 0.1, Max: 0.2, Diff: 0.2, Sum: 0.2]
      [Update RS (ms): Min: 23.1, Avg: 49.0, Max: 58.2, Diff: 35.1, Sum: 195.9]
         [Processed Buffers: Min: 24, Avg: 41.0, Max: 51, Diff: 27, Sum: 164]
      [Scan RS (ms): Min: 0.0, Avg: 0.0, Max: 0.2, Diff: 0.2, Sum: 0.2]
      [Code Root Scanning (ms): Min: 0.0, Avg: 0.0, Max: 0.0, Diff: 0.0, Sum: 0.0]
      [Object Copy (ms): Min: 56.3, Avg: 57.6, Max: 59.2, Diff: 2.9, Sum: 230.4]
      [Termination (ms): Min: 0.0, Avg: 1.3, Max: 1.7, Diff: 1.7, Sum: 5.1]
      [GC Worker Other (ms): Min: 0.0, Avg: 0.1, Max: 0.1, Diff: 0.1, Sum: 0.3]
      [GC Worker Total (ms): Min: 186.4, Avg: 186.4, Max: 186.4, Diff: 0.0, Sum: 745.5]
      [GC Worker End (ms): Min: 16023869.4, Avg: 16023869.4, Max: 16023869.4, Diff: 0.1]
   [Code Root Fixup: 0.4 ms]
   [Code Root Migration: 0.0 ms]
   [Clear CT: 0.2 ms]
   [Other: 2.9 ms]
      [Choose CSet: 0.0 ms]
      [Ref Proc: 1.3 ms]
      [Ref Enq: 0.6 ms]
      [Free CSet: 0.2 ms]
   [Eden: 1216.0M(1216.0M)->0.0B(1232.0M) Survivors: 112.0M->96.0M Heap: 22.0G(26.0G)->20.8G(26.0G)]
 [Times: user=0.81 sys=0.00, real=0.24 secs]