[2022-10-26T09:02:25.274-0500][284568361ms] GC(73606) Concurrent Cycle
[2022-10-26T09:02:25.274-0500][284568361ms] GC(73605) Using 4 workers of 4 for full compaction
[2022-10-26T09:02:25.274-0500][284568361ms] GC(73606) Concurrent Clear Claimed Marks
[2022-10-26T09:02:25.274-0500][284568361ms] GC(73605) Pause Full (G1 Evacuation Pause)
[2022-10-26T09:02:25.277-0500][284568364ms] GC(73606) Concurrent Clear Claimed Marks 3.122ms
[2022-10-26T09:02:25.277-0500][284568364ms] GC(73606) Concurrent Scan Root Regions
[2022-10-26T09:02:25.277-0500][284568364ms] GC(73606) Concurrent Scan Root Regions 0.016ms
[2022-10-26T09:02:25.277-0500][284568364ms] GC(73606) Concurrent Mark (284568.365s)
[2022-10-26T09:02:25.277-0500][284568364ms] GC(73606) Concurrent Mark From Roots
[2022-10-26T09:02:25.277-0500][284568364ms] GC(73606) Using 1 workers of 1 for marking
[2022-10-26T09:02:25.284-0500][284568371ms] GC(73605) Phase 1: Mark live objects
[2022-10-26T09:02:26.832-0500][284569919ms] GC(73605) Cleaned string and symbol table, strings: 321800 processed, 55 removed, symbols: 1053623 processed, 546 removed
[2022-10-26T09:02:26.833-0500][284569920ms] GC(73605) Phase 1: Mark live objects 1548.632ms
[2022-10-26T09:02:26.833-0500][284569920ms] GC(73605) Phase 2: Prepare for compaction
[2022-10-26T09:02:27.180-0500][284570267ms] GC(73605) Phase 2: Prepare for compaction 347.466ms
[2022-10-26T09:02:27.180-0500][284570267ms] GC(73605) Phase 3: Adjust pointers
[2022-10-26T09:02:28.252-0500][284571339ms] GC(73605) Phase 3: Adjust pointers 1071.796ms
[2022-10-26T09:02:28.252-0500][284571339ms] GC(73605) Phase 4: Compact heap
[2022-10-26T09:02:28.555-0500][284571642ms] GC(73605) Phase 4: Compact heap 302.676ms
[2022-10-26T09:02:28.652-0500][284571739ms] GC(73605) Eden regions: 0->0(153)
[2022-10-26T09:02:28.652-0500][284571739ms] GC(73605) Survivor regions: 0->0(20)
[2022-10-26T09:02:28.652-0500][284571739ms] GC(73605) Old regions: 2826->2813
[2022-10-26T09:02:28.652-0500][284571739ms] GC(73605) Humongous regions: 246->246
[2022-10-26T09:02:28.652-0500][284571739ms] GC(73605) Metaspace: 587915K->587869K(1646592K)
[2022-10-26T09:02:28.652-0500][284571739ms] GC(73605) Pause Full (G1 Evacuation Pause) 3065M->3052M(3072M) 3378.131ms
[2022-10-26T09:02:28.653-0500][284571740ms] GC(73605) User=12.84s Sys=0.00s Real=3.38s
[2022-10-26T09:02:28.653-0500][284571740ms] GC(73606) Concurrent Mark From Roots 3375.539ms
[2022-10-26T09:02:28.653-0500][284571740ms] GC(73606) Concurrent Mark Abort
[2022-10-26T09:02:28.653-0500][284571740ms] GC(73606) Concurrent Cycle 3378.877ms