Total time for which application threads were stopped: 0.0003160 seconds
Total time for which application threads were stopped: 0.0001110 seconds
Total time for which application threads were stopped: 0.0003710 seconds
2016-12-29T15:29:01.404+0100: 4.364: [GC [PSYoungGen: 90240K->15018K(105280K)] 90240K->31468K(225664K), 0.0334340 secs] [Times: user=0.04 sys=0.02, real=0.04 secs] 
Total time for which application threads were stopped: 0.0338750 seconds
2016-12-29T15:29:01.711+0100: 4.672: [GC [PSYoungGen: 105258K->15023K(105280K)] 121708K->48466K(225664K), 0.0612380 secs] [Times: user=0.10 sys=0.03, real=0.06 secs] 
Total time for which application threads were stopped: 0.0615620 seconds
2016-12-29T15:29:01.943+0100: 4.904: [GC [PSYoungGen: 105263K->15009K(105280K)] 138706K->75046K(225664K), 0.0721510 secs] [Times: user=0.12 sys=0.03, real=0.07 secs] 
Total time for which application threads were stopped: 0.0725660 seconds
2016-12-29T15:29:02.113+0100: 5.074: [GC [PSYoungGen: 100755K->15021K(195520K)] 160792K->92852K(315904K), 0.0787290 secs] [Times: user=0.11 sys=0.02, real=0.08 secs] 
Total time for which application threads were stopped: 0.0790640 seconds
2016-12-29T15:29:02.603+0100: 5.564: [GC [PSYoungGen: 195501K->15037K(195520K)] 273332K->146596K(327424K), 0.1379850 secs] [Times: user=0.21 sys=0.06, real=0.14 secs] 
2016-12-29T15:29:02.741+0100: 5.702: [Full GC [PSYoungGen: 15037K->0K(195520K)] [ParOldGen: 131558K->112415K(280384K)] 146596K->112415K(475904K) [PSPermGen: 6890K->6887K(21248K)], 0.7563620 secs] [Times: user=1.29 sys=0.01, real=0.76 secs] 
Total time for which application threads were stopped: 0.8949690 seconds
2016-12-29T15:29:03.899+0100: 6.859: [GC [PSYoungGen: 180480K->46555K(340416K)] 292895K->158970K(620800K), 0.1011070 secs] [Times: user=0.18 sys=0.03, real=0.10 secs] 
Total time for which application threads were stopped: 0.1015940 seconds
2016-12-29T15:29:04.599+0100: 7.559: [GC [PSYoungGen: 340379K->62394K(408064K)] 452794K->212536K(688448K), 0.1984670 secs] [Times: user=0.31 sys=0.07, real=0.20 secs] 
Total time for which application threads were stopped: 0.1987660 seconds
2016-12-29T15:29:05.384+0100: 8.345: [GC [PSYoungGen: 408058K->88634K(543168K)] 558200K->275280K(823552K), 0.2729080 secs] [Times: user=0.41 sys=0.09, real=0.28 secs] 
Total time for which application threads were stopped: 0.2732790 seconds
2016-12-29T15:29:06.556+0100: 9.516: [GC [PSYoungGen: 543162K->116728K(571264K)] 729808K->360603K(851648K), 0.3396220 secs] [Times: user=0.55 sys=0.10, real=0.34 secs] 
2016-12-29T15:29:06.895+0100: 9.856: [Full GC [PSYoungGen: 116728K->64014K(571264K)] [ParOldGen: 243874K->280381K(522880K)] 360603K->344395K(1094144K) [PSPermGen: 6887K->6887K(21248K)], 2.2549960 secs] [Times: user=3.86 sys=0.06, real=2.26 secs] 
Total time for which application threads were stopped: 2.5953230 seconds
2016-12-29T15:29:09.907+0100: 12.868: [GC [PSYoungGen: 518542K->156720K(736384K)] 798923K->439789K(1259264K), 0.4707390 secs] [Times: user=0.77 sys=0.14, real=0.48 secs] 
Total time for which application threads were stopped: 0.4711600 seconds
2016-12-29T15:29:11.525+0100: 14.486: [GC [PSYoungGen: 736368K->114555K(772288K)] 1019437K->544557K(1295168K), 0.4906860 secs] [Times: user=0.74 sys=0.22, real=0.49 secs] 
2016-12-29T15:29:12.016+0100: 14.977: [Full GC [PSYoungGen: 114555K->10389K(772288K)] [ParOldGen: 430001K->522877K(871040K)] 544557K->533267K(1643328K) [PSPermGen: 6887K->6887K(21248K)], 2.6545400 secs] [Times: user=4.60 sys=0.15, real=2.66 secs] 
Total time for which application threads were stopped: 3.1456540 seconds
2016-12-29T15:29:15.719+0100: 18.680: [GC [PSYoungGen: 602069K->138857K(912832K)] 1124947K->672175K(1783872K), 0.5361500 secs] [Times: user=0.92 sys=0.08, real=0.53 secs] 
Total time for which application threads were stopped: 0.5366010 seconds
2016-12-29T15:29:17.709+0100: 20.669: [GC [PSYoungGen: 868521K->193529K(923200K)] 1401839K->805519K(1794240K), 0.5434610 secs] [Times: user=0.93 sys=0.13, real=0.54 secs] 
Total time for which application threads were stopped: 0.5437940 seconds
2016-12-29T15:29:19.650+0100: 22.611: [GC [PSYoungGen: 923193K->142396K(1159424K)] 1535183K->935399K(2030464K), 0.6241130 secs] [Times: user=0.91 sys=0.30, real=0.62 secs] 
2016-12-29T15:29:20.275+0100: 23.235: [Full GC [PSYoungGen: 142396K->33895K(1159424K)] [ParOldGen: 793002K->871038K(1359360K)] 935399K->904933K(2518784K) [PSPermGen: 6887K->6887K(21248K)], 4.6224440 secs] [Times: user=7.91 sys=0.16, real=4.62 secs] 
Total time for which application threads were stopped: 5.2470890 seconds
2016-12-29T15:29:26.630+0100: 29.591: [GC [PSYoungGen: 942567K->236294K(1157952K)] 1813605K->1107332K(2517312K), 0.8246610 secs] [Times: user=1.55 sys=0.05, real=0.82 secs] 
Total time for which application threads were stopped: 0.8249780 seconds
2016-12-29T15:29:29.144+0100: 32.104: [GC [PSYoungGen: 1144966K->281706K(1307456K)] 2016004K->1268506K(2666816K), 0.7970820 secs] [Times: user=1.25 sys=0.30, real=0.80 secs] 
Total time for which application threads were stopped: 0.7973490 seconds
2016-12-29T15:29:31.909+0100: 34.870: [GC [PSYoungGen: 1307434K->290084K(1392960K)] 2294234K->1464166K(2752320K), 0.9551910 secs] [Times: user=1.60 sys=0.26, real=0.96 secs] 
2016-12-29T15:29:32.865+0100: 35.826: [Full GC [PSYoungGen: 290084K->63199K(1392960K)] [ParOldGen: 1174082K->1356534K(1971264K)] 1464166K->1419733K(3364224K) [PSPermGen: 6887K->6887K(21248K)], 6.9251400 secs] [Times: user=11.45 sys=0.22, real=6.92 secs] 
Total time for which application threads were stopped: 7.8809380 seconds
2016-12-29T15:29:41.630+0100: 44.590: [GC [PSYoungGen: 1088927K->257088K(1573952K)] 2445461K->1613622K(3545216K), 1.1732510 secs] [Times: user=2.10 sys=0.13, real=1.18 secs] 
Total time for which application threads were stopped: 1.1736190 seconds
2016-12-29T15:29:44.949+0100: 47.910: [GC [PSYoungGen: 1431796K->407931K(1584832K)] 2788330K->1866616K(3556096K), 1.2212340 secs] [Times: user=1.81 sys=0.18, real=1.22 secs] 
Total time for which application threads were stopped: 1.2217380 seconds
2016-12-29T15:29:48.268+0100: 51.229: [GC [PSYoungGen: 1584827K->508772K(1742080K)] 3043512K->2106550K(3713344K), 1.8213530 secs] [Times: user=2.17 sys=0.76, real=1.82 secs] 
Total time for which application threads were stopped: 1.8218360 seconds
2016-12-29T15:29:52.621+0100: 55.582: [GC [PSYoungGen: 1742052K->402308K(1874816K)] 3339830K->2330846K(3846080K), 1.9480160 secs] [Times: user=2.83 sys=0.40, real=1.95 secs] 
2016-12-29T15:29:54.569+0100: 57.530: [Full GC [PSYoungGen: 402308K->289782K(1874816K)] [ParOldGen: 1928538K->1971260K(2765248K)] 2330846K->2261042K(4640064K) [PSPermGen: 6887K->6887K(21248K)], 12.2197320 secs] [Times: user=18.95 sys=0.22, real=12.22 secs] 
Total time for which application threads were stopped: 14.1683590 seconds
2016-12-29T15:30:09.126+0100: 72.087: [GC [PSYoungGen: 1523062K->522193K(2067520K)] 3494322K->2493453K(4832768K), 2.0460580 secs] [Times: user=3.28 sys=0.29, real=2.04 secs] 
Total time for which application threads were stopped: 2.0465660 seconds
2016-12-29T15:30:13.737+0100: 76.697: [GC [PSYoungGen: 1931473K->713584K(2122880K)] 3902733K->2824512K(4888128K), 1.6870750 secs] [Times: user=2.76 sys=0.22, real=1.68 secs] 
Total time for which application threads were stopped: 1.6875200 seconds
2016-12-29T15:30:18.361+0100: 81.321: [GC [PSYoungGen: 2122864K->697616K(2459072K)] 4233792K->3075032K(5224320K), 2.6015620 secs] [Times: user=3.09 sys=1.00, real=2.60 secs] 
Total time for which application threads were stopped: 2.6018630 seconds
2016-12-29T15:30:24.101+0100: 87.061: [GC [PSYoungGen: 2277712K->955120K(2535232K)] 4655128K->3356768K(5300480K), 1.6221500 secs] [Times: user=3.00 sys=0.03, real=1.62 secs] 
Total time for which application threads were stopped: 1.6224740 seconds
2016-12-29T15:30:29.198+0100: 92.159: [GC [PSYoungGen: 2535216K->839433K(2839680K)] 4936864K->3658667K(5659008K), 2.3914210 secs] [Times: user=3.19 sys=1.02, real=2.40 secs] 
2016-12-29T15:30:31.590+0100: 94.551: [Full GC [PSYoungGen: 839433K->753332K(2839680K)] [ParOldGen: 2819234K->2819326K(3815360K)] 3658667K->3572659K(6655040K) [PSPermGen: 6888K->6888K(21248K)], 18.9463130 secs] [Times: user=31.36 sys=0.33, real=18.94 secs] 
Total time for which application threads were stopped: 21.3385400 seconds
2016-12-29T15:30:53.844+0100: 116.805: [GC [PSYoungGen: 2474548K->1059529K(2918784K)] 5293875K->3878856K(6734144K), 3.5249330 secs] [Times: user=5.87 sys=0.02, real=3.52 secs] 
Total time for which application threads were stopped: 3.5253460 seconds
2016-12-29T15:31:00.717+0100: 123.678: [GC [PSYoungGen: 2780745K->1339557K(3012224K)] 5600072K->4304492K(6827584K), 3.4940210 secs] [Times: user=4.45 sys=1.20, real=3.49 secs] 
Total time for which application threads were stopped: 3.4943750 seconds
2016-12-29T15:31:08.208+0100: 131.168: [GC [PSYoungGen: 3012197K->1275461K(3281856K)] 5977132K->4603652K(7097216K), 2.7205100 secs] [Times: user=4.64 sys=0.33, real=2.72 secs] 
Total time for which application threads were stopped: 2.7209820 seconds
2016-12-29T15:31:14.185+0100: 137.145: [GC [PSYoungGen: 2942334K->1048833K(3495296K)] 6270525K->4904872K(7351488K), 3.0922950 secs] [Times: user=4.29 sys=0.55, real=3.10 secs] 
2016-12-29T15:31:17.277+0100: 140.238: [Full GC [PSYoungGen: 1048833K->963022K(3495296K)] [ParOldGen: 3856039K->3840383K(5068416K)] 4904872K->4803405K(8563712K) [PSPermGen: 6888K->6888K(21248K)], 25.8292090 secs] [Times: user=43.76 sys=0.35, real=25.82 secs] 
Total time for which application threads were stopped: 28.9222120 seconds
2016-12-29T15:31:46.348+0100: 169.309: [GC [PSYoungGen: 2710734K->629966K(2377728K)] 6551117K->5157509K(7446144K), 4.8061050 secs] [Times: user=6.59 sys=1.01, real=4.81 secs] 
2016-12-29T15:31:51.154+0100: 174.115: [Full GC [PSYoungGen: 629966K->61186K(2377728K)] [ParOldGen: 4527543K->5061192K(5242880K)] 5157509K->5122378K(7620608K) [PSPermGen: 6888K->6888K(21248K)], 19.1801040 secs] [Times: user=30.10 sys=0.84, real=19.18 secs] 
Total time for which application threads were stopped: 23.9868390 seconds
2016-12-29T15:32:13.936+0100: 196.896: [Full GC [PSYoungGen: 1808898K->179866K(2377728K)] [ParOldGen: 5061192K->5242879K(5242880K)] 6870090K->5422746K(7620608K) [PSPermGen: 6888K->6888K(21248K)], 21.0287740 secs] [Times: user=35.98 sys=0.48, real=21.02 secs] 
Total time for which application threads were stopped: 21.0291210 seconds
2016-12-29T15:32:38.794+0100: 221.755: [Full GC [PSYoungGen: 1747712K->469855K(2377728K)] [ParOldGen: 5242879K->5242879K(5242880K)] 6990591K->5712735K(7620608K) [PSPermGen: 6888K->6888K(21248K)], 19.6396710 secs] [Times: user=35.12 sys=0.16, real=19.64 secs] 
Total time for which application threads were stopped: 19.6402480 seconds
2016-12-29T15:33:01.270+0100: 244.231: [Full GC [PSYoungGen: 1747712K->697912K(2377728K)] [ParOldGen: 5242879K->5242879K(5242880K)] 6990591K->5940792K(7620608K) [PSPermGen: 6888K->6888K(21248K)], 24.7017550 secs] [Times: user=43.81 sys=0.20, real=24.69 secs] 
Total time for which application threads were stopped: 24.7022390 seconds
2016-12-29T15:33:28.011+0100: 270.972: [Full GC [PSYoungGen: 1747712K->917898K(2377728K)] [ParOldGen: 5242879K->5242879K(5242880K)] 6990591K->6160778K(7620608K) [PSPermGen: 6888K->6888K(21248K)], 16.9716950 secs] [Times: user=30.72 sys=0.07, real=16.97 secs] 
Total time for which application threads were stopped: 16.9721540 seconds
2016-12-29T15:33:46.958+0100: 289.919: [Full GC [PSYoungGen: 1747712K->1062694K(2377728K)] [ParOldGen: 5242879K->5242879K(5242880K)] 6990591K->6305573K(7620608K) [PSPermGen: 6888K->6888K(21248K)], 21.0530980 secs] [Times: user=36.52 sys=0.14, real=21.05 secs] 
Total time for which application threads were stopped: 21.0534650 seconds
2016-12-29T15:34:09.553+0100: 312.513: [Full GC [PSYoungGen: 1747712K->1204682K(2377728K)] [ParOldGen: 5242879K->5242879K(5242880K)] 6990591K->6447562K(7620608K) [PSPermGen: 6888K->6888K(21248K)], 21.2472410 secs] [Times: user=37.84 sys=0.16, real=21.24 secs] 
Total time for which application threads were stopped: 21.2477920 seconds
2016-12-29T15:34:31.824+0100: 334.785: [Full GC [PSYoungGen: 1747712K->1302633K(2377728K)] [ParOldGen: 5242879K->5242879K(5242880K)] 6990591K->6545512K(7620608K) [PSPermGen: 6888K->6888K(21248K)], 17.7111970 secs] [Times: user=31.77 sys=0.09, real=17.71 secs] 
Total time for which application threads were stopped: 17.7202130 seconds
2016-12-29T15:34:50.502+0100: 353.463: [Full GC [PSYoungGen: 1747712K->1397889K(2377728K)] [ParOldGen: 5242879K->5242879K(5242880K)] 6990591K->6640768K(7620608K) [PSPermGen: 6888K->6888K(21248K)], 21.2075100 secs] [Times: user=37.90 sys=0.16, real=21.21 secs] 
Total time for which application threads were stopped: 21.2079900 seconds
2016-12-29T15:35:12.506+0100: 375.467: [Full GC [PSYoungGen: 1747712K->1464756K(2377728K)] [ParOldGen: 5242879K->5242879K(5242880K)] 6990591K->6707635K(7620608K) [PSPermGen: 6888K->6888K(21248K)], 17.3550440 secs] [Times: user=31.28 sys=0.08, real=17.36 secs] 
Total time for which application threads were stopped: 17.3554590 seconds
2016-12-29T15:35:30.377+0100: 393.338: [Full GC [PSYoungGen: 1747712K->1520024K(2377728K)] [ParOldGen: 5242879K->5242879K(5242880K)] 6990591K->6762904K(7620608K) [PSPermGen: 6888K->6888K(21248K)], 17.7883770 secs] [Times: user=30.94 sys=0.07, real=17.79 secs] 
Total time for which application threads were stopped: 17.7888290 seconds
2016-12-29T15:35:48.636+0100: 411.597: [Full GC [PSYoungGen: 1747712K->1565222K(2377728K)] [ParOldGen: 5242879K->5242879K(5242880K)] 6990591K->6808102K(7620608K) [PSPermGen: 6888K->6888K(21248K)], 22.7915720 secs] [Times: user=40.15 sys=0.16, real=22.79 secs] 
Total time for which application threads were stopped: 22.7920740 seconds
2016-12-29T15:36:11.793+0100: 434.753: [Full GC [PSYoungGen: 1747712K->1600671K(2377728K)] [ParOldGen: 5242879K->5242879K(5242880K)] 6990591K->6843550K(7620608K) [PSPermGen: 6888K->6888K(21248K)], 21.7202420 secs] [Times: user=38.98 sys=0.18, real=21.72 secs] 
Total time for which application threads were stopped: 21.7207210 seconds
2016-12-29T15:36:33.860+0100: 456.821: [Full GC [PSYoungGen: 1747712K->1628721K(2377728K)] [ParOldGen: 5242879K->5242879K(5242880K)] 6990591K->6871601K(7620608K) [PSPermGen: 6888K->6888K(21248K)], 22.3265170 secs] [Times: user=38.75 sys=0.19, real=22.32 secs] 
Total time for which application threads were stopped: 22.3269400 seconds
2016-12-29T15:36:56.428+0100: 479.389: [Full GC [PSYoungGen: 1747712K->1656619K(2377728K)] [ParOldGen: 5242879K->5242878K(5242880K)] 6990591K->6899498K(7620608K) [PSPermGen: 6888K->6888K(21248K)], 18.5031290 secs] [Times: user=33.86 sys=0.07, real=18.50 secs] 
Total time for which application threads were stopped: 18.5035540 seconds
2016-12-29T15:37:15.112+0100: 498.073: [Full GC [PSYoungGen: 1747712K->1674637K(2377728K)] [ParOldGen: 5242878K->5242878K(5242880K)] 6990590K->6917515K(7620608K) [PSPermGen: 6888K->6888K(21248K)], 20.6338490 secs] [Times: user=36.94 sys=0.12, real=20.63 secs] 
Total time for which application threads were stopped: 20.6342860 seconds
2016-12-29T15:37:35.806+0100: 518.766: [Full GC [PSYoungGen: 1747712K->1694878K(2377728K)] [ParOldGen: 5242878K->5242877K(5242880K)] 6990590K->6937756K(7620608K) [PSPermGen: 6888K->6888K(21248K)], 18.8300090 secs] [Times: user=34.01 sys=0.07, real=18.83 secs] 
Total time for which application threads were stopped: 18.8305050 seconds
2016-12-29T15:37:54.672+0100: 537.633: [Full GC [PSYoungGen: 1747712K->1710616K(2377728K)] [ParOldGen: 5242877K->5242877K(5242880K)] 6990589K->6953493K(7620608K) [PSPermGen: 6888K->6888K(21248K)], 22.0455940 secs] [Times: user=38.43 sys=0.13, real=22.04 secs] 
Total time for which application threads were stopped: 22.0459880 seconds
2016-12-29T15:38:16.747+0100: 559.707: [Full GC [PSYoungGen: 1738498K->1706547K(2377728K)] [ParOldGen: 5242877K->5242877K(5242880K)] 6981375K->6949424K(7620608K) [PSPermGen: 6888K->6888K(21248K)], 17.9147400 secs] [Times: user=32.96 sys=0.07, real=17.91 secs] 
Total time for which application threads were stopped: 17.9151230 seconds
2016-12-29T15:38:34.794+0100: 577.755: [Full GC [PSYoungGen: 1747712K->1723685K(2377728K)] [ParOldGen: 5242877K->5242877K(5242880K)] 6990589K->6966562K(7620608K) [PSPermGen: 6888K->6888K(21248K)], 21.8916010 secs] [Times: user=39.06 sys=0.17, real=21.89 secs] 
Total time for which application threads were stopped: 21.8921040 seconds
2016-12-29T15:38:56.715+0100: 599.676: [Full GC [PSYoungGen: 1747712K->1729009K(2377728K)] [ParOldGen: 5242877K->5242877K(5242880K)] 6990589K->6971886K(7620608K) [PSPermGen: 6888K->6888K(21248K)], 20.9988510 secs] [Times: user=37.78 sys=0.13, real=21.00 secs] 
Total time for which application threads were stopped: 20.9994500 seconds
2016-12-29T15:39:17.737+0100: 620.698: [Full GC [PSYoungGen: 1747712K->1733246K(2377728K)] [ParOldGen: 5242877K->5242877K(5242880K)] 6990589K->6976123K(7620608K) [PSPermGen: 6888K->6888K(21248K)], 21.3143620 secs] [Times: user=38.30 sys=0.15, real=21.31 secs] 
Total time for which application threads were stopped: 21.3147800 seconds
2016-12-29T15:39:39.062+0100: 642.023: [Full GC [PSYoungGen: 1743292K->1725175K(2377728K)] [ParOldGen: 5242877K->5242877K(5242880K)] 6986169K->6968052K(7620608K) [PSPermGen: 6888K->6888K(21248K)], 22.9358680 secs] [Times: user=39.94 sys=0.15, real=22.94 secs] 
Total time for which application threads were stopped: 22.9362340 seconds
2016-12-29T15:40:02.087+0100: 665.048: [Full GC [PSYoungGen: 1747712K->1738115K(2377728K)] [ParOldGen: 5242877K->5242877K(5242880K)] 6990589K->6980992K(7620608K) [PSPermGen: 6888K->6888K(21248K)], 17.7985940 secs] [Times: user=31.89 sys=0.08, real=17.80 secs] 
Total time for which application threads were stopped: 17.7991350 seconds
2016-12-29T15:40:19.897+0100: 682.858: [Full GC [PSYoungGen: 1747712K->1740222K(2377728K)] [ParOldGen: 5242877K->5242877K(5242880K)] 6990589K->6983099K(7620608K) [PSPermGen: 6888K->6888K(21248K)], 21.4017200 secs] [Times: user=37.16 sys=0.14, real=21.40 secs] 
Total time for which application threads were stopped: 21.4022180 seconds
2016-12-29T15:40:41.308+0100: 704.269: [Full GC [PSYoungGen: 1747712K->1741872K(2377728K)] [ParOldGen: 5242877K->5242877K(5242880K)] 6990589K->6984749K(7620608K) [PSPermGen: 6888K->6888K(21248K)], 20.7563120 secs] [Times: user=37.16 sys=0.19, real=20.75 secs] 
Total time for which application threads were stopped: 20.7566380 seconds
2016-12-29T15:41:02.071+0100: 725.031: [Full GC [PSYoungGen: 1747712K->1743180K(2377728K)] [ParOldGen: 5242877K->5242877K(5242880K)] 6990589K->6986057K(7620608K) [PSPermGen: 6888K->6888K(21248K)], 18.0565680 secs] [Times: user=32.55 sys=0.10, real=18.05 secs] 
Total time for which application threads were stopped: 18.0569630 seconds
2016-12-29T15:41:20.132+0100: 743.093: [Full GC [PSYoungGen: 1747712K->1744175K(2377728K)] [ParOldGen: 5242877K->5242877K(5242880K)] 6990589K->6987052K(7620608K) [PSPermGen: 6888K->6888K(21248K)], 21.4831560 secs] [Times: user=38.19 sys=0.24, real=21.48 secs] 
Total time for which application threads were stopped: 21.4834800 seconds
2016-12-29T15:41:41.620+0100: 764.580: [Full GC [PSYoungGen: 1747712K->1744933K(2377728K)] [ParOldGen: 5242877K->5242877K(5242880K)] 6990589K->6987811K(7620608K) [PSPermGen: 6888K->6888K(21248K)], 18.3593970 secs] [Times: user=33.06 sys=0.12, real=18.36 secs] 
Total time for which application threads were stopped: 18.3597980 seconds
2016-12-29T15:41:59.983+0100: 782.943: [Full GC [PSYoungGen: 1747712K->1745527K(2377728K)] [ParOldGen: 5242877K->5242877K(5242880K)] 6990589K->6988404K(7620608K) [PSPermGen: 6888K->6888K(21248K)], 19.3051100 secs] [Times: user=33.49 sys=0.12, real=19.31 secs] 
Total time for which application threads were stopped: 19.3054210 seconds
2016-12-29T15:42:19.290+0100: 802.251: [Full GC [PSYoungGen: 1747712K->1745989K(2377728K)] [ParOldGen: 5242877K->5242877K(5242880K)] 6990589K->6988866K(7620608K) [PSPermGen: 6888K->6888K(21248K)], 22.2709490 secs] [Times: user=39.93 sys=0.20, real=22.27 secs] 
Total time for which application threads were stopped: 22.2712560 seconds
2016-12-29T15:42:41.564+0100: 824.524: [Full GC [PSYoungGen: 1747712K->1746352K(2377728K)] [ParOldGen: 5242877K->5242877K(5242880K)] 6990589K->6989230K(7620608K) [PSPermGen: 6888K->6888K(21248K)], 18.5120860 secs] [Times: user=33.38 sys=0.13, real=18.51 secs] 
Total time for which application threads were stopped: 18.5123540 seconds
2016-12-29T15:43:00.078+0100: 843.039: [Full GC [PSYoungGen: 1747712K->1746640K(2377728K)] [ParOldGen: 5242877K->5242877K(5242880K)] 6990589K->6989517K(7620608K) [PSPermGen: 6888K->6888K(21248K)], 18.6536270 secs] [Times: user=33.29 sys=0.15, real=18.65 secs] 
Total time for which application threads were stopped: 18.6541290 seconds
2016-12-29T15:43:18.733+0100: 861.694: [Full GC [PSYoungGen: 1747712K->1746864K(2377728K)] [ParOldGen: 5242877K->5242877K(5242880K)] 6990589K->6989742K(7620608K) [PSPermGen: 6888K->6888K(21248K)], 18.3187230 secs] [Times: user=33.11 sys=0.10, real=18.32 secs] 
Total time for which application threads were stopped: 18.3190400 seconds
2016-12-29T15:43:37.053+0100: 880.014: [Full GC [PSYoungGen: 1747712K->1747054K(2377728K)] [ParOldGen: 5242877K->5242877K(5242880K)] 6990589K->6989931K(7620608K) [PSPermGen: 6888K->6888K(21248K)], 18.3917790 secs] [Times: user=32.85 sys=0.11, real=18.39 secs] 
Total time for which application threads were stopped: 18.3920670 seconds
2016-12-29T15:43:55.446+0100: 898.407: [Full GC [PSYoungGen: 1747712K->1747201K(2377728K)] [ParOldGen: 5242877K->5242877K(5242880K)] 6990589K->6990078K(7620608K) [PSPermGen: 6888K->6888K(21248K)], 21.3618210 secs] [Times: user=37.94 sys=0.18, real=21.36 secs] 
Total time for which application threads were stopped: 21.3621270 seconds
2016-12-29T15:44:16.809+0100: 919.770: [Full GC [PSYoungGen: 1747712K->1747314K(2377728K)] [ParOldGen: 5242877K->5242877K(5242880K)] 6990589K->6990191K(7620608K) [PSPermGen: 6888K->6888K(21248K)], 18.0318830 secs] [Times: user=33.02 sys=0.14, real=18.03 secs] 
Total time for which application threads were stopped: 18.0321800 seconds
2016-12-29T15:44:34.842+0100: 937.802: [Full GC [PSYoungGen: 1747712K->1747401K(2377728K)] [ParOldGen: 5242877K->5242877K(5242880K)] 6990589K->6990278K(7620608K) [PSPermGen: 6888K->6888K(21248K)], 18.8276710 secs] [Times: user=32.74 sys=0.10, real=18.83 secs] 
Total time for which application threads were stopped: 18.8279780 seconds
2016-12-29T15:44:53.670+0100: 956.631: [Full GC [PSYoungGen: 1747712K->1747469K(2377728K)] [ParOldGen: 5242877K->5242877K(5242880K)] 6990589K->6990346K(7620608K) [PSPermGen: 6888K->6888K(21248K)], 21.4079780 secs] [Times: user=38.29 sys=0.20, real=21.40 secs] 
Total time for which application threads were stopped: 21.4084170 seconds
2016-12-29T15:45:15.079+0100: 978.040: [Full GC [PSYoungGen: 1747712K->1747522K(2377728K)] [ParOldGen: 5242877K->5242877K(5242880K)] 6990589K->6990400K(7620608K) [PSPermGen: 6888K->6888K(21248K)], 20.9771440 secs] [Times: user=37.53 sys=0.20, real=20.98 secs] 
Total time for which application threads were stopped: 20.9774310 seconds
2016-12-29T15:45:36.057+0100: 999.018: [Full GC [PSYoungGen: 1747712K->1747564K(2377728K)] [ParOldGen: 5242877K->5242877K(5242880K)] 6990589K->6990441K(7620608K) [PSPermGen: 6888K->6888K(21248K)], 28.7917560 secs] [Times: user=49.74 sys=0.38, real=28.79 secs] 
Total time for which application threads were stopped: 28.7919980 seconds
2016-12-29T15:46:04.849+0100: 1027.810: [Full GC [PSYoungGen: 1747712K->1747597K(2377728K)] [ParOldGen: 5242877K->5242877K(5242880K)] 6990589K->6990474K(7620608K) [PSPermGen: 6888K->6888K(21248K)], 18.1590800 secs] [Times: user=32.57 sys=0.12, real=18.15 secs] 
Total time for which application threads were stopped: 18.1594420 seconds
2016-12-29T15:46:23.009+0100: 1045.970: [Full GC [PSYoungGen: 1747712K->1747621K(2377728K)] [ParOldGen: 5242877K->5242877K(5242880K)] 6990589K->6990498K(7620608K) [PSPermGen: 6888K->6888K(21248K)], 18.6591700 secs] [Times: user=33.09 sys=0.18, real=18.66 secs] 
Total time for which application threads were stopped: 18.6595040 seconds
2016-12-29T15:46:41.669+0100: 1064.630: [Full GC [PSYoungGen: 1747712K->1747641K(2377728K)] [ParOldGen: 5242877K->5242877K(5242880K)] 6990589K->6990519K(7620608K) [PSPermGen: 6888K->6888K(21248K)], 21.1156680 secs] [Times: user=37.74 sys=0.18, real=21.11 secs] 
Total time for which application threads were stopped: 21.1159890 seconds
2016-12-29T15:47:02.785+0100: 1085.746: [Full GC [PSYoungGen: 1747712K->1747657K(2377728K)] [ParOldGen: 5242877K->5242877K(5242880K)] 6990589K->6990534K(7620608K) [PSPermGen: 6888K->6888K(21248K)], 21.4716640 secs] [Times: user=38.31 sys=0.20, real=21.47 secs] 
Total time for which application threads were stopped: 21.4721060 seconds
2016-12-29T15:47:24.258+0100: 1107.218: [Full GC [PSYoungGen: 1747712K->1747668K(2377728K)] [ParOldGen: 5242877K->5242877K(5242880K)] 6990589K->6990545K(7620608K) [PSPermGen: 6888K->6888K(21248K)], 21.6798320 secs] [Times: user=38.50 sys=0.19, real=21.68 secs] 
Total time for which application threads were stopped: 21.6802470 seconds
2016-12-29T15:47:45.995+0100: 1128.955: [Full GC [PSYoungGen: 1747712K->1747677K(2377728K)] [ParOldGen: 5242877K->5242877K(5242880K)] 6990589K->6990554K(7620608K) [PSPermGen: 6888K->6888K(21248K)], 22.3357470 secs] [Times: user=38.40 sys=0.16, real=22.33 secs] 
Total time for which application threads were stopped: 22.3360750 seconds
2016-12-29T15:48:08.331+0100: 1151.292: [Full GC [PSYoungGen: 1747712K->1747685K(2377728K)] [ParOldGen: 5242877K->5242877K(5242880K)] 6990589K->6990562K(7620608K) [PSPermGen: 6888K->6888K(21248K)], 22.9818720 secs] [Times: user=40.76 sys=0.17, real=22.98 secs] 
Total time for which application threads were stopped: 22.9822640 seconds
2016-12-29T15:48:31.313+0100: 1174.274: [Full GC [PSYoungGen: 1747712K->1747690K(2377728K)] [ParOldGen: 5242877K->5242877K(5242880K)] 6990589K->6990567K(7620608K) [PSPermGen: 6888K->6888K(21248K)], 19.0046580 secs] [Times: user=33.21 sys=0.07, real=19.00 secs] 
Total time for which application threads were stopped: 19.0049510 seconds
2016-12-29T15:48:50.319+0100: 1193.279: [Full GC [PSYoungGen: 1747712K->1747696K(2377728K)] [ParOldGen: 5242877K->5242877K(5242880K)] 6990589K->6990573K(7620608K) [PSPermGen: 6888K->6888K(21248K)], 18.4367180 secs] [Times: user=32.91 sys=0.06, real=18.44 secs] 
Total time for which application threads were stopped: 18.4370630 seconds
2016-12-29T15:49:08.756+0100: 1211.717: [Full GC [PSYoungGen: 1747712K->1747698K(2377728K)] [ParOldGen: 5242877K->5242877K(5242880K)] 6990589K->6990575K(7620608K) [PSPermGen: 6888K->6888K(21248K)], 18.6435300 secs] [Times: user=33.30 sys=0.07, real=18.64 secs] 
Total time for which application threads were stopped: 18.6437970 seconds
2016-12-29T15:49:27.400+0100: 1230.361: [Full GC [PSYoungGen: 1747712K->1747701K(2377728K)] [ParOldGen: 5242877K->5242877K(5242880K)] 6990589K->6990579K(7620608K) [PSPermGen: 6888K->6888K(21248K)], 22.1102010 secs] [Times: user=39.44 sys=0.15, real=22.11 secs] 
Total time for which application threads were stopped: 22.1105600 seconds
2016-12-29T15:49:49.511+0100: 1252.471: [Full GC [PSYoungGen: 1747712K->1747703K(2377728K)] [ParOldGen: 5242877K->5242877K(5242880K)] 6990589K->6990581K(7620608K) [PSPermGen: 6888K->6888K(21248K)], 19.3064070 secs] [Times: user=33.08 sys=0.09, real=19.30 secs] 
Total time for which application threads were stopped: 19.3067350 seconds
2016-12-29T15:50:08.818+0100: 1271.778: [Full GC [PSYoungGen: 1747712K->1747705K(2377728K)] [ParOldGen: 5242877K->5242877K(5242880K)] 6990589K->6990582K(7620608K) [PSPermGen: 6888K->6888K(21248K)], 22.0981890 secs] [Times: user=39.57 sys=0.15, real=22.10 secs] 
Total time for which application threads were stopped: 22.0984970 seconds
2016-12-29T15:50:30.916+0100: 1293.877: [Full GC [PSYoungGen: 1747712K->1747707K(2377728K)] [ParOldGen: 5242877K->5242877K(5242880K)] 6990589K->6990584K(7620608K) [PSPermGen: 6888K->6888K(21248K)], 18.3964530 secs] [Times: user=33.01 sys=0.08, real=18.39 secs] 
Total time for which application threads were stopped: 18.3967780 seconds
2016-12-29T15:50:49.313+0100: 1312.274: [Full GC [PSYoungGen: 1747712K->1747708K(2377728K)] [ParOldGen: 5242877K->5242877K(5242880K)] 6990589K->6990585K(7620608K) [PSPermGen: 6888K->6888K(21248K)], 22.5561840 secs] [Times: user=40.34 sys=0.17, real=22.55 secs] 
Total time for which application threads were stopped: 22.5565600 seconds
2016-12-29T15:51:11.870+0100: 1334.831: [Full GC [PSYoungGen: 1747712K->1747709K(2377728K)] [ParOldGen: 5242877K->5242877K(5242880K)] 6990589K->6990586K(7620608K) [PSPermGen: 6888K->6888K(21248K)], 18.7163830 secs] [Times: user=33.52 sys=0.10, real=18.72 secs] 
Total time for which application threads were stopped: 18.7167220 seconds
2016-12-29T15:51:30.587+0100: 1353.547: [Full GC [PSYoungGen: 1747712K->1747710K(2377728K)] [ParOldGen: 5242877K->5242877K(5242880K)] 6990589K->6990587K(7620608K) [PSPermGen: 6888K->6888K(21248K)], 22.5088350 secs] [Times: user=38.98 sys=0.20, real=22.50 secs] 
Total time for which application threads were stopped: 22.5093800 seconds
2016-12-29T15:51:53.096+0100: 1376.057: [Full GC [PSYoungGen: 1747712K->1747710K(2377728K)] [ParOldGen: 5242877K->5242877K(5242880K)] 6990589K->6990587K(7620608K) [PSPermGen: 6888K->6888K(21248K)], 21.8708650 secs] [Times: user=38.96 sys=0.16, real=21.87 secs] 
Total time for which application threads were stopped: 21.8713050 seconds
2016-12-29T15:52:14.967+0100: 1397.928: [Full GC [PSYoungGen: 1747712K->1747710K(2377728K)] [ParOldGen: 5242877K->5242877K(5242880K)] 6990589K->6990587K(7620608K) [PSPermGen: 6888K->6888K(21248K)], 28.1860690 secs] [Times: user=48.32 sys=0.28, real=28.18 secs] 
Total time for which application threads were stopped: 28.1863370 seconds
2016-12-29T15:52:43.154+0100: 1426.115: [Full GC [PSYoungGen: 1747712K->1747711K(2377728K)] [ParOldGen: 5242877K->5242877K(5242880K)] 6990589K->6990589K(7620608K) [PSPermGen: 6888K->6888K(21248K)], 18.9716680 secs] [Times: user=33.89 sys=0.07, real=18.97 secs] 
Total time for which application threads were stopped: 18.9720150 seconds
2016-12-29T15:53:02.126+0100: 1445.087: [Full GC [PSYoungGen: 1747712K->1747711K(2377728K)] [ParOldGen: 5242877K->5242877K(5242880K)] 6990589K->6990589K(7620608K) [PSPermGen: 6888K->6888K(21248K)], 18.8289490 secs] [Times: user=33.70 sys=0.08, real=18.82 secs] 
Total time for which application threads were stopped: 18.8293140 seconds
2016-12-29T15:53:20.956+0100: 1463.916: [Full GC [PSYoungGen: 1747712K->1747710K(2377728K)] [ParOldGen: 5242879K->5242878K(5242880K)] 6990591K->6990589K(7620608K) [PSPermGen: 6888K->6888K(21248K)], 21.6734630 secs] [Times: user=38.80 sys=0.15, real=21.67 secs] 
Total time for which application threads were stopped: 21.6737630 seconds
2016-12-29T15:53:42.629+0100: 1485.590: [Full GC [PSYoungGen: 1747712K->1747711K(2377728K)] [ParOldGen: 5242878K->5242877K(5242880K)] 6990590K->6990589K(7620608K) [PSPermGen: 6888K->6888K(21248K)], 18.7232290 secs] [Times: user=33.50 sys=0.08, real=18.72 secs] 
Total time for which application threads were stopped: 18.7235470 seconds
2016-12-29T15:54:01.353+0100: 1504.314: [Full GC [PSYoungGen: 1747712K->1747710K(2377728K)] [ParOldGen: 5242877K->5242877K(5242880K)] 6990589K->6990588K(7620608K) [PSPermGen: 6888K->6888K(21248K)], 23.3783170 secs] [Times: user=40.78 sys=0.19, real=23.38 secs] 
Total time for which application threads were stopped: 23.3787040 seconds
2016-12-29T15:54:24.732+0100: 1527.693: [Full GC [PSYoungGen: 1747712K->1747711K(2377728K)] [ParOldGen: 5242877K->5242877K(5242880K)] 6990589K->6990589K(7620608K) [PSPermGen: 6888K->6888K(21248K)], 18.5383830 secs] [Times: user=33.25 sys=0.08, real=18.53 secs] 
Total time for which application threads were stopped: 18.5387700 seconds
2016-12-29T15:54:43.271+0100: 1546.231: [Full GC [PSYoungGen: 1747712K->1747711K(2377728K)] [ParOldGen: 5242877K->5242877K(5242880K)] 6990589K->6990589K(7620608K) [PSPermGen: 6888K->6888K(21248K)], 18.6339130 secs] [Times: user=33.42 sys=0.06, real=18.64 secs] 
Total time for which application threads were stopped: 18.6341740 seconds
2016-12-29T15:55:01.905+0100: 1564.866: [Full GC [PSYoungGen: 1747712K->1747711K(2377728K)] [ParOldGen: 5242879K->5242877K(5242880K)] 6990591K->6990589K(7620608K) [PSPermGen: 6888K->6888K(21248K)], 18.7087340 secs] [Times: user=33.53 sys=0.09, real=18.70 secs] 
Total time for which application threads were stopped: 18.7089960 seconds
2016-12-29T15:55:20.614+0100: 1583.575: [Full GC [PSYoungGen: 1747712K->1747711K(2377728K)] [ParOldGen: 5242877K->5242877K(5242880K)] 6990589K->6990589K(7620608K) [PSPermGen: 6888K->6888K(21248K)], 20.8956410 secs] [Times: user=37.58 sys=0.13, real=20.90 secs] 
Total time for which application threads were stopped: 20.8960420 seconds
2016-12-29T15:55:41.510+0100: 1604.471: [Full GC [PSYoungGen: 1747712K->1747711K(2377728K)] [ParOldGen: 5242877K->5242877K(5242880K)] 6990589K->6990589K(7620608K) [PSPermGen: 6888K->6888K(21248K)], 22.2227350 secs] [Times: user=38.94 sys=0.12, real=22.22 secs] 
Total time for which application threads were stopped: 22.2231180 seconds
2016-12-29T15:56:03.733+0100: 1626.694: [Full GC [PSYoungGen: 1747711K->1747711K(2377728K)] [ParOldGen: 5242877K->5242877K(5242880K)] 6990589K->6990589K(7620608K) [PSPermGen: 6888K->6888K(21248K)], 18.3594990 secs] [Times: user=32.87 sys=0.06, real=18.35 secs] 
Total time for which application threads were stopped: 18.3598370 seconds
2016-12-29T15:56:22.093+0100: 1645.054: [Full GC [PSYoungGen: 1747712K->1747711K(2377728K)] [ParOldGen: 5242879K->5242879K(5242880K)] 6990591K->6990591K(7620608K) [PSPermGen: 6888K->6888K(21248K)], 19.4986130 secs] [Times: user=33.77 sys=0.15, real=19.50 secs] 
Total time for which application threads were stopped: 19.4989320 seconds
2016-12-29T15:56:41.592+0100: 1664.553: [Full GC [PSYoungGen: 1747711K->1747711K(2377728K)] [ParOldGen: 5242879K->5242879K(5242880K)] 6990591K->6990591K(7620608K) [PSPermGen: 6888K->6888K(21248K)], 18.2290150 secs] [Times: user=33.00 sys=0.06, real=18.23 secs] 
Total time for which application threads were stopped: 18.2292620 seconds
2016-12-29T15:56:59.822+0100: 1682.782: [Full GC [PSYoungGen: 1747712K->1747711K(2377728K)] [ParOldGen: 5242880K->5242878K(5242880K)] 6990592K->6990590K(7620608K) [PSPermGen: 6888K->6888K(21248K)], 21.9055400 secs] [Times: user=39.23 sys=0.16, real=21.90 secs] 
Total time for which application threads were stopped: 21.9058520 seconds
2016-12-29T15:57:21.728+0100: 1704.689: [Full GC [PSYoungGen: 1747711K->1747711K(2377728K)] [ParOldGen: 5242878K->5242878K(5242880K)] 6990590K->6990590K(7620608K) [PSPermGen: 6888K->6888K(21248K)], 28.3769140 secs] [Times: user=50.40 sys=0.29, real=28.37 secs] 
Total time for which application threads were stopped: 28.3772350 seconds
2016-12-29T15:57:50.105+0100: 1733.066: [Full GC [PSYoungGen: 1747711K->1747711K(2377728K)] [ParOldGen: 5242878K->5242878K(5242880K)] 6990590K->6990590K(7620608K) [PSPermGen: 6888K->6888K(21248K)], 21.4644690 secs] [Times: user=37.32 sys=0.13, real=21.46 secs] 
Total time for which application threads were stopped: 21.4647810 seconds
2016-12-29T15:58:11.570+0100: 1754.531: [Full GC [PSYoungGen: 1747712K->1747712K(2377728K)] [ParOldGen: 5242879K->5242879K(5242880K)] 6990591K->6990591K(7620608K) [PSPermGen: 6888K->6888K(21248K)], 21.2196740 secs] [Times: user=38.28 sys=0.14, real=21.21 secs] 
Total time for which application threads were stopped: 21.2200760 seconds
2016-12-29T15:58:32.790+0100: 1775.751: [Full GC [PSYoungGen: 1747712K->1747712K(2377728K)] [ParOldGen: 5242879K->5242879K(5242880K)] 6990591K->6990591K(7620608K) [PSPermGen: 6888K->6888K(21248K)], 18.4500570 secs] [Times: user=32.90 sys=0.07, real=18.45 secs] 
2016-12-29T15:58:51.240+0100: 1794.201: [Full GC [PSYoungGen: 1747712K->1747635K(2377728K)] [ParOldGen: 5242879K->5242879K(5242880K)] 6990591K->6990515K(7620608K) [PSPermGen: 6888K->6888K(21248K)], 24.0495200 secs] [Times: user=43.24 sys=0.15, real=24.05 secs] 
Total time for which application threads were stopped: 42.5000510 seconds
2016-12-29T15:59:15.291+0100: 1818.251: [Full GC [PSYoungGen: 1747712K->1747652K(2377728K)] [ParOldGen: 5242879K->5242878K(5242880K)] 6990591K->6990530K(7620608K) [PSPermGen: 6888K->6888K(21248K)], 18.4068180 secs] [Times: user=33.03 sys=0.07, real=18.40 secs] 
Total time for which application threads were stopped: 18.4070900 seconds
2016-12-29T15:59:33.698+0100: 1836.659: [Full GC [PSYoungGen: 1747712K->1747665K(2377728K)] [ParOldGen: 5242878K->5242877K(5242880K)] 6990590K->6990543K(7620608K) [PSPermGen: 6888K->6888K(21248K)], 19.1076960 secs] [Times: user=33.15 sys=0.05, real=19.11 secs] 
Total time for which application threads were stopped: 19.1080720 seconds
2016-12-29T15:59:52.806+0100: 1855.767: [Full GC [PSYoungGen: 1747712K->1747674K(2377728K)] [ParOldGen: 5242877K->5242877K(5242880K)] 6990589K->6990552K(7620608K) [PSPermGen: 6888K->6888K(21248K)], 18.1363060 secs] [Times: user=32.68 sys=0.06, real=18.13 secs] 
Total time for which application threads were stopped: 18.1366760 seconds
2016-12-29T16:00:10.943+0100: 1873.904: [Full GC [PSYoungGen: 1747712K->1747682K(2377728K)] [ParOldGen: 5242877K->5242877K(5242880K)] 6990589K->6990560K(7620608K) [PSPermGen: 6888K->6888K(21248K)], 18.5804970 secs] [Times: user=33.53 sys=0.08, real=18.58 secs] 
Total time for which application threads were stopped: 18.5808970 seconds
2016-12-29T16:00:29.525+0100: 1892.485: [Full GC [PSYoungGen: 1747712K->1747687K(2377728K)] [ParOldGen: 5242877K->5242877K(5242880K)] 6990589K->6990565K(7620608K) [PSPermGen: 6888K->6888K(21248K)], 19.2495940 secs] [Times: user=33.62 sys=0.10, real=19.25 secs] 
Total time for which application threads were stopped: 19.2500350 seconds
2016-12-29T16:00:48.775+0100: 1911.736: [Full GC [PSYoungGen: 1747712K->1747693K(2377728K)] [ParOldGen: 5242877K->5242877K(5242880K)] 6990589K->6990571K(7620608K) [PSPermGen: 6888K->6888K(21248K)], 17.9491510 secs] [Times: user=32.92 sys=0.08, real=17.95 secs] 
Total time for which application threads were stopped: 17.9493820 seconds
2016-12-29T16:01:06.724+0100: 1929.685: [Full GC [PSYoungGen: 1747712K->1747698K(2377728K)] [ParOldGen: 5242877K->5242877K(5242880K)] 6990589K->6990576K(7620608K) [PSPermGen: 6888K->6888K(21248K)], 21.4676720 secs] [Times: user=38.49 sys=0.17, real=21.46 secs] 
Total time for which application threads were stopped: 21.4679400 seconds
2016-12-29T16:01:28.193+0100: 1951.153: [Full GC [PSYoungGen: 1747712K->1747700K(2377728K)] [ParOldGen: 5242877K->5242877K(5242880K)] 6990589K->6990578K(7620608K) [PSPermGen: 6888K->6888K(21248K)], 18.5380180 secs] [Times: user=33.75 sys=0.16, real=18.54 secs] 
Total time for which application threads were stopped: 18.5383030 seconds
2016-12-29T16:01:46.731+0100: 1969.692: [Full GC [PSYoungGen: 1747712K->1747702K(2377728K)] [ParOldGen: 5242877K->5242877K(5242880K)] 6990589K->6990580K(7620608K) [PSPermGen: 6888K->6888K(21248K)], 18.7251150 secs] [Times: user=33.12 sys=0.09, real=18.72 secs] 
Total time for which application threads were stopped: 18.7254000 seconds
2016-12-29T16:02:05.456+0100: 1988.417: [Full GC [PSYoungGen: 1747712K->1747704K(2377728K)] [ParOldGen: 5242877K->5242877K(5242880K)] 6990589K->6990582K(7620608K) [PSPermGen: 6888K->6888K(21248K)], 18.7236170 secs] [Times: user=33.75 sys=0.11, real=18.72 secs] 
Total time for which application threads were stopped: 18.7239070 seconds
2016-12-29T16:02:24.181+0100: 2007.141: [Full GC [PSYoungGen: 1747712K->1747706K(2377728K)] [ParOldGen: 5242877K->5242877K(5242880K)] 6990589K->6990584K(7620608K) [PSPermGen: 6888K->6888K(21248K)], 18.2079340 secs] [Times: user=32.81 sys=0.09, real=18.21 secs] 
Total time for which application threads were stopped: 18.2082220 seconds
2016-12-29T16:02:42.389+0100: 2025.350: [Full GC [PSYoungGen: 1747712K->1747707K(2377728K)] [ParOldGen: 5242877K->5242877K(5242880K)] 6990589K->6990585K(7620608K) [PSPermGen: 6888K->6888K(21248K)], 21.0518190 secs] [Times: user=37.61 sys=0.18, real=21.05 secs] 
Total time for which application threads were stopped: 21.0521190 seconds
2016-12-29T16:03:03.441+0100: 2046.402: [Full GC [PSYoungGen: 1747712K->1747707K(2377728K)] [ParOldGen: 5242877K->5242877K(5242880K)] 6990589K->6990585K(7620608K) [PSPermGen: 6888K->6888K(21248K)], 21.4639880 secs] [Times: user=38.42 sys=0.20, real=21.46 secs] 
Total time for which application threads were stopped: 21.4644330 seconds
2016-12-29T16:03:24.906+0100: 2067.866: [Full GC [PSYoungGen: 1747712K->1747709K(2377728K)] [ParOldGen: 5242877K->5242877K(5242880K)] 6990589K->6990587K(7620608K) [PSPermGen: 6888K->6888K(21248K)], 20.4758680 secs] [Times: user=36.65 sys=0.17, real=20.47 secs] 
Total time for which application threads were stopped: 20.4761280 seconds
2016-12-29T16:03:45.382+0100: 2088.343: [Full GC [PSYoungGen: 1747712K->1747710K(2377728K)] [ParOldGen: 5242877K->5242877K(5242880K)] 6990589K->6990587K(7620608K) [PSPermGen: 6888K->6888K(21248K)], 18.9647210 secs] [Times: user=32.81 sys=0.13, real=18.96 secs] 
Total time for which application threads were stopped: 18.9649730 seconds
2016-12-29T16:04:04.347+0100: 2107.308: [Full GC [PSYoungGen: 1747712K->1747711K(2377728K)] [ParOldGen: 5242877K->5242877K(5242880K)] 6990589K->6990588K(7620608K) [PSPermGen: 6888K->6888K(21248K)], 18.3203030 secs] [Times: user=32.71 sys=0.11, real=18.32 secs] 
Total time for which application threads were stopped: 18.3206810 seconds
2016-12-29T16:04:22.668+0100: 2125.629: [Full GC [PSYoungGen: 1747712K->1747710K(2377728K)] [ParOldGen: 5242877K->5242877K(5242880K)] 6990589K->6990588K(7620608K) [PSPermGen: 6888K->6888K(21248K)], 21.1299960 secs] [Times: user=36.73 sys=0.18, real=21.13 secs] 
Total time for which application threads were stopped: 21.1302870 seconds
2016-12-29T16:04:43.798+0100: 2146.759: [Full GC [PSYoungGen: 1747712K->1747711K(2377728K)] [ParOldGen: 5242877K->5242877K(5242880K)] 6990589K->6990589K(7620608K) [PSPermGen: 6888K->6888K(21248K)], 21.5590070 secs] [Times: user=38.42 sys=0.18, real=21.56 secs] 
Total time for which application threads were stopped: 21.5592730 seconds
2016-12-29T16:05:05.358+0100: 2168.318: [Full GC [PSYoungGen: 1747712K->1747711K(2377728K)] [ParOldGen: 5242877K->5242877K(5242880K)] 6990589K->6990588K(7620608K) [PSPermGen: 6888K->6888K(21248K)], 20.4639250 secs] [Times: user=36.69 sys=0.18, real=20.46 secs] 
Total time for which application threads were stopped: 20.4641690 seconds
2016-12-29T16:05:25.822+0100: 2188.783: [Full GC [PSYoungGen: 1747712K->1747711K(2377728K)] [ParOldGen: 5242877K->5242877K(5242880K)] 6990589K->6990588K(7620608K) [PSPermGen: 6888K->6888K(21248K)], 18.9187800 secs] [Times: user=33.43 sys=0.15, real=18.91 secs] 
Total time for which application threads were stopped: 18.9191360 seconds
2016-12-29T16:05:44.741+0100: 2207.702: [Full GC [PSYoungGen: 1747712K->1747711K(2377728K)] [ParOldGen: 5242877K->5242877K(5242880K)] 6990589K->6990589K(7620608K) [PSPermGen: 6888K->6888K(21248K)], 18.8094220 secs] [Times: user=32.54 sys=0.15, real=18.81 secs] 
Total time for which application threads were stopped: 18.8097220 seconds
2016-12-29T16:06:03.551+0100: 2226.512: [Full GC [PSYoungGen: 1747712K->1747712K(2377728K)] [ParOldGen: 5242877K->5242877K(5242880K)] 6990589K->6990589K(7620608K) [PSPermGen: 6888K->6888K(21248K)], 21.3377740 secs] [Times: user=38.06 sys=0.17, real=21.34 secs] 
Total time for which application threads were stopped: 21.3380890 seconds
2016-12-29T16:06:24.889+0100: 2247.850: [Full GC [PSYoungGen: 1747712K->1747711K(2377728K)] [ParOldGen: 5242879K->5242879K(5242880K)] 6990591K->6990590K(7620608K) [PSPermGen: 6888K->6888K(21248K)], 18.4025720 secs] [Times: user=32.66 sys=0.18, real=18.40 secs] 
Total time for which application threads were stopped: 18.4029490 seconds
2016-12-29T16:06:43.292+0100: 2266.253: [Full GC [PSYoungGen: 1747712K->1747711K(2377728K)] [ParOldGen: 5242879K->5242878K(5242880K)] 6990591K->6990590K(7620608K) [PSPermGen: 6888K->6888K(21248K)], 21.2891350 secs] [Times: user=38.07 sys=0.19, real=21.28 secs] 
Total time for which application threads were stopped: 21.2894710 seconds
2016-12-29T16:07:04.582+0100: 2287.543: [Full GC [PSYoungGen: 1747712K->1747711K(2377728K)] [ParOldGen: 5242878K->5242878K(5242880K)] 6990590K->6990590K(7620608K) [PSPermGen: 6888K->6888K(21248K)], 21.4431080 secs] [Times: user=38.25 sys=0.22, real=21.44 secs] 
Total time for which application threads were stopped: 21.4435580 seconds
2016-12-29T16:07:26.025+0100: 2308.986: [Full GC [PSYoungGen: 1747712K->1747711K(2377728K)] [ParOldGen: 5242879K->5242878K(5242880K)] 6990591K->6990590K(7620608K) [PSPermGen: 6888K->6888K(21248K)], 18.2063950 secs] [Times: user=32.62 sys=0.13, real=18.21 secs] 
Total time for which application threads were stopped: 18.2067080 seconds
2016-12-29T16:07:44.232+0100: 2327.193: [Full GC [PSYoungGen: 1747712K->1747711K(2377728K)] [ParOldGen: 5242878K->5242878K(5242880K)] 6990590K->6990590K(7620608K) [PSPermGen: 6888K->6888K(21248K)], 18.7701430 secs] [Times: user=32.47 sys=0.09, real=18.77 secs] 
Total time for which application threads were stopped: 18.7704800 seconds
2016-12-29T16:08:03.003+0100: 2345.964: [Full GC [PSYoungGen: 1747712K->1747711K(2377728K)] [ParOldGen: 5242878K->5242878K(5242880K)] 6990590K->6990590K(7620608K) [PSPermGen: 6888K->6888K(21248K)], 21.0579490 secs] [Times: user=37.69 sys=0.17, real=21.05 secs] 
Total time for which application threads were stopped: 21.0582100 seconds
2016-12-29T16:08:24.061+0100: 2367.022: [Full GC [PSYoungGen: 1747712K->1747712K(2377728K)] [ParOldGen: 5242878K->5242878K(5242880K)] 6990590K->6990590K(7620608K) [PSPermGen: 6888K->6888K(21248K)], 21.4323820 secs] [Times: user=36.87 sys=0.14, real=21.43 secs] 
Total time for which application threads were stopped: 21.4327410 seconds
2016-12-29T16:08:45.494+0100: 2388.455: [Full GC [PSYoungGen: 1747712K->1747711K(2377728K)] [ParOldGen: 5242880K->5242878K(5242880K)] 6990592K->6990590K(7620608K) [PSPermGen: 6888K->6888K(21248K)], 22.0187070 secs] [Times: user=38.52 sys=0.16, real=22.02 secs] 
Total time for which application threads were stopped: 22.0189860 seconds
2016-12-29T16:09:07.513+0100: 2410.474: [Full GC [PSYoungGen: 1747712K->1747711K(2377728K)] [ParOldGen: 5242878K->5242878K(5242880K)] 6990590K->6990590K(7620608K) [PSPermGen: 6888K->6888K(21248K)], 17.8323070 secs] [Times: user=32.70 sys=0.09, real=17.83 secs] 
Total time for which application threads were stopped: 17.8325910 seconds
2016-12-29T16:09:25.346+0100: 2428.307: [Full GC [PSYoungGen: 1747712K->1747711K(2377728K)] [ParOldGen: 5242878K->5242878K(5242880K)] 6990590K->6990590K(7620608K) [PSPermGen: 6888K->6888K(21248K)], 22.2430920 secs] [Times: user=38.83 sys=0.20, real=22.24 secs] 
Total time for which application threads were stopped: 22.2433370 seconds
2016-12-29T16:09:47.590+0100: 2450.550: [Full GC [PSYoungGen: 1747711K->1747711K(2377728K)] [ParOldGen: 5242878K->5242878K(5242880K)] 6990590K->6990590K(7620608K) [PSPermGen: 6888K->6888K(21248K)], 18.6171610 secs] [Times: user=33.07 sys=0.10, real=18.61 secs] 
Total time for which application threads were stopped: 18.6175390 seconds
2016-12-29T16:10:06.207+0100: 2469.168: [Full GC [PSYoungGen: 1747712K->1747712K(2377728K)] [ParOldGen: 5242879K->5242879K(5242880K)] 6990591K->6990591K(7620608K) [PSPermGen: 6888K->6888K(21248K)], 20.1977430 secs] [Times: user=36.41 sys=0.14, real=20.20 secs] 
Total time for which application threads were stopped: 20.1980960 seconds
2016-12-29T16:10:26.405+0100: 2489.366: [Full GC [PSYoungGen: 1747712K->1747712K(2377728K)] [ParOldGen: 5242879K->5242879K(5242880K)] 6990591K->6990591K(7620608K) [PSPermGen: 6888K->6888K(21248K)], 17.7891300 secs] [Times: user=32.37 sys=0.09, real=17.79 secs] 
Total time for which application threads were stopped: 17.7893670 seconds
2016-12-29T16:10:44.195+0100: 2507.156: [Full GC [PSYoungGen: 1747712K->1747712K(2377728K)] [ParOldGen: 5242880K->5242880K(5242880K)] 6990592K->6990592K(7620608K) [PSPermGen: 6888K->6888K(21248K)], 17.6792380 secs] [Times: user=31.77 sys=0.07, real=17.67 secs] 
2016-12-29T16:11:01.874+0100: 2524.835: [Full GC [PSYoungGen: 1747712K->1747712K(2377728K)] [ParOldGen: 5242880K->5242880K(5242880K)] 6990592K->6990592K(7620608K) [PSPermGen: 6888K->6888K(21248K)], 21.5908560 secs] [Times: user=38.61 sys=0.15, real=21.59 secs] 
Total time for which application threads were stopped: 39.2705670 seconds
Total time for which application threads were stopped: 179.0994510 seconds
2016-12-29T16:14:22.654+0100: 2725.615: [Full GC [PSYoungGen: 1747712K->1747711K(2377728K)] [ParOldGen: 5242880K->5242879K(5242880K)] 6990592K->6990591K(7620608K) [PSPermGen: 6888K->6888K(21248K)], 18.8473930 secs] [Times: user=33.49 sys=0.18, real=18.85 secs] 
Total time for which application threads were stopped: 18.8599380 seconds
2016-12-29T16:14:41.514+0100: 2744.475: [Full GC [PSYoungGen: 1747711K->1747711K(2377728K)] [ParOldGen: 5242879K->5242879K(5242880K)] 6990591K->6990591K(7620608K) [PSPermGen: 6888K->6888K(21248K)], 20.8199330 secs] [Times: user=36.75 sys=0.12, real=20.83 secs] 
Total time for which application threads were stopped: 20.8274530 seconds
2016-12-29T16:15:02.342+0100: 2765.303: [Full GC [PSYoungGen: 1747711K->1747711K(2377728K)] [ParOldGen: 5242880K->5242880K(5242880K)] 6990591K->6990591K(7620608K) [PSPermGen: 6888K->6888K(21248K)], 18.2179200 secs] [Times: user=32.65 sys=0.11, real=18.21 secs] 
2016-12-29T16:15:20.560+0100: 2783.521: [Full GC [PSYoungGen: 1747711K->1747711K(2377728K)] [ParOldGen: 5242880K->5242880K(5242880K)] 6990591K->6990591K(7620608K) [PSPermGen: 6888K->6888K(21248K)], 18.4332390 secs] [Times: user=33.20 sys=0.07, real=18.43 secs] 
Total time for which application threads were stopped: 36.6516750 seconds
2016-12-29T16:15:38.994+0100: 2801.954: [Full GC [PSYoungGen: 1747712K->1737471K(2377728K)] [ParOldGen: 5242880K->5242879K(5242880K)] 6990592K->6980351K(7620608K) [PSPermGen: 6888K->6888K(21248K)], 25.9638040 secs]