2.192: [GC pause (G1 Evacuation Pause) (young)
Desired survivor size 8388608 bytes, new threshold 15 (max 15)
, 0.0209631 secs]
   [Parallel Time: 12.6 ms, GC Workers: 6]
      [GC Worker Start (ms): Min: 2191.9, Avg: 2191.9, Max: 2191.9, Diff: 0.1]
      [Ext Root Scanning (ms): Min: 2.7, Avg: 3.0, Max: 3.5, Diff: 0.8, Sum: 18.1]
      [Update RS (ms): Min: 0.0, Avg: 0.0, Max: 0.1, Diff: 0.1, Sum: 0.1]
         [Processed Buffers: Min: 0, Avg: 8.0, Max: 39, Diff: 39, Sum: 48]
      [Scan RS (ms): Min: 0.0, Avg: 0.0, Max: 0.0, Diff: 0.0, Sum: 0.1]
      [Object Copy (ms): Min: 9.0, Avg: 9.4, Max: 9.8, Diff: 0.8, Sum: 56.7]
      [Termination (ms): Min: 0.0, Avg: 0.0, Max: 0.0, Diff: 0.0, Sum: 0.1]
      [GC Worker Other (ms): Min: 0.0, Avg: 0.0, Max: 0.0, Diff: 0.0, Sum: 0.2]
      [GC Worker Total (ms): Min: 12.5, Avg: 12.5, Max: 12.6, Diff: 0.1, Sum: 75.3]
      [GC Worker End (ms): Min: 2204.4, Avg: 2204.4, Max: 2204.4, Diff: 0.0]
   [Code Root Fixup: 0.0 ms]
   [Clear CT: 0.1 ms]
   [Other: 8.2 ms]
      [Choose CSet: 0.0 ms]
      [Ref Proc: 7.9 ms]
      [Ref Enq: 0.1 ms]
      [Free CSet: 0.0 ms]
   [Eden: 128.0M(128.0M)->0.0B(112.0M) Survivors: 0.0B->16.0M Heap: 128.0M(30.0G)->24.9M(30.0G)]
 [Times: user=0.09 sys=0.02, real=0.03 secs]