[2021-03-13T03:37:40.051+0530][79853119ms] GC(8646) Pause Full (G1 Evacuation Pause)
[2021-03-13T03:37:40.056+0530][79853124ms] GC(8646) Phase 1: Mark live objects
[2021-03-13T03:37:41.254+0530][79854322ms] GC(8646) Cleaned string and symbol table, strings: 126870 processed, 1 removed, symbols: 467973 processed, 0 removed
[2021-03-13T03:37:41.254+0530][79854322ms] GC(8646) Phase 1: Mark live objects 1197.904ms
[2021-03-13T03:37:41.254+0530][79854322ms] GC(8646) Phase 2: Prepare for compaction
[2021-03-13T03:37:41.473+0530][79854541ms] GC(8646) Phase 2: Prepare for compaction 219.281ms
[2021-03-13T03:37:41.473+0530][79854541ms] GC(8646) Phase 3: Adjust pointers
[2021-03-13T03:37:41.928+0530][79854996ms] GC(8646) Phase 3: Adjust pointers 454.844ms
[2021-03-13T03:37:41.928+0530][79854996ms] GC(8646) Phase 4: Compact heap
[2021-03-13T03:37:42.127+0530][79855195ms] GC(8646) Phase 4: Compact heap 198.798ms
[2021-03-13T03:37:42.178+0530][79855246ms] GC(8646) Eden regions: 0->0(102)
[2021-03-13T03:37:42.178+0530][79855246ms] GC(8646) Survivor regions: 0->0(13)
[2021-03-13T03:37:42.178+0530][79855246ms] GC(8646) Old regions: 2030->2028
[2021-03-13T03:37:42.178+0530][79855246ms] GC(8646) Humongous regions: 18->18
[2021-03-13T03:37:42.178+0530][79855246ms] GC(8646) Metaspace: 214096K->214096K(739328K)
[2021-03-13T03:37:42.178+0530][79855246ms] GC(8646) Pause Full (G1 Evacuation Pause) 8186M->8178M(8192M) 2127.343ms
[2021-03-13T03:37:42.179+0530][79855247ms] GC(8646) User=16.40s Sys=0.09s Real=2.13s