{Heap before GC invocations=0 (full 0):
 par new generation   total 2752512K, used 2359296K [0x0000000560000000, 0x0000000620000000, 0x0000000620000000)
  eden space 2359296K, 100% used [0x0000000560000000, 0x00000005f0000000, 0x00000005f0000000)
  from space 393216K,   0% used [0x00000005f0000000, 0x00000005f0000000, 0x0000000608000000)
  to   space 393216K,   0% used [0x0000000608000000, 0x0000000608000000, 0x0000000620000000)
 concurrent mark-sweep generation total 7340032K, used 0K [0x0000000620000000, 0x00000007e0000000, 0x00000007e0000000)
 concurrent-mark-sweep perm gen total 524288K, used 32283K [0x00000007e0000000, 0x0000000800000000, 0x0000000800000000)
2016-10-17T04:54:29.880-0400: 12.891: [GC2016-10-17T04:54:29.880-0400: 12.891: [ParNew
Desired survivor size 201326592 bytes, new threshold 15 (max 15)
- age   1:   28988456 bytes,   28988456 total
: 2359296K->28385K(2752512K), 0.0369850 secs] 2359296K->28385K(10092544K), 0.0370900 secs] [Times: user=0.11 sys=0.00, real=0.04 secs] 
Heap after GC invocations=1 (full 0):
 par new generation   total 2752512K, used 28385K [0x0000000560000000, 0x0000000620000000, 0x0000000620000000)
  eden space 2359296K,   0% used [0x0000000560000000, 0x0000000560000000, 0x00000005f0000000)
  from space 393216K,   7% used [0x0000000608000000, 0x0000000609bb8488, 0x0000000620000000)
  to   space 393216K,   0% used [0x00000005f0000000, 0x00000005f0000000, 0x0000000608000000)
 concurrent mark-sweep generation total 7340032K, used 0K [0x0000000620000000, 0x00000007e0000000, 0x00000007e0000000)
 concurrent-mark-sweep perm gen total 524288K, used 32283K [0x00000007e0000000, 0x0000000800000000, 0x0000000800000000)
}
{Heap before GC invocations=1 (full 0):
 par new generation   total 2752512K, used 2387681K [0x0000000560000000, 0x0000000620000000, 0x0000000620000000)
  eden space 2359296K, 100% used [0x0000000560000000, 0x00000005f0000000, 0x00000005f0000000)
  from space 393216K,   7% used [0x0000000608000000, 0x0000000609bb8488, 0x0000000620000000)
  to   space 393216K,   0% used [0x00000005f0000000, 0x00000005f0000000, 0x0000000608000000)
 concurrent mark-sweep generation total 7340032K, used 0K [0x0000000620000000, 0x00000007e0000000, 0x00000007e0000000)
 concurrent-mark-sweep perm gen total 524288K, used 48236K [0x00000007e0000000, 0x0000000800000000, 0x0000000800000000)
2016-10-17T04:54:34.357-0400: 17.368: [GC2016-10-17T04:54:34.357-0400: 17.368: [ParNew
Desired survivor size 201326592 bytes, new threshold 1 (max 15)
- age   1:  266652472 bytes,  266652472 total
- age   2:   11167896 bytes,  277820368 total
: 2387681K->276226K(2752512K), 0.1339470 secs] 2387681K->276226K(10092544K), 0.1340710 secs] [Times: user=0.27 sys=0.03, real=0.13 secs]