2017-06-22T12:25:26.515+0530: 66155.261: [GC pause (G1 Humongous Allocation) (mixed) (to-space exhausted), 0.2466797 secs]
   [Parallel Time: 223.4 ms, GC Workers: 4]
      [GC Worker Start (ms): Min: 66155261.3, Avg: 66155261.3, Max: 66155261.4, Diff: 0.0]
      [Ext Root Scanning (ms): Min: 1.1, Avg: 11.5, Max: 36.6, Diff: 35.5, Sum: 46.0]
      [Update RS (ms): Min: 0.0, Avg: 5.9, Max: 8.0, Diff: 8.0, Sum: 23.6]
         [Processed Buffers: Min: 0, Avg: 42.0, Max: 59, Diff: 59, Sum: 168]
      [Scan RS (ms): Min: 0.0, Avg: 4.7, Max: 6.4, Diff: 6.4, Sum: 18.9]
      [Code Root Scanning (ms): Min: 0.0, Avg: 0.0, Max: 0.0, Diff: 0.0, Sum: 0.0]
      [Object Copy (ms): Min: 186.7, Avg: 201.1, Max: 208.0, Diff: 21.3, Sum: 804.5]
      [Termination (ms): Min: 0.0, Avg: 0.0, Max: 0.0, Diff: 0.0, Sum: 0.0]
         [Termination Attempts: Min: 1, Avg: 1.0, Max: 1, Diff: 0, Sum: 4]
      [GC Worker Other (ms): Min: 0.0, Avg: 0.0, Max: 0.0, Diff: 0.0, Sum: 0.1]
      [GC Worker Total (ms): Min: 223.3, Avg: 223.3, Max: 223.3, Diff: 0.0, Sum: 893.3]
      [GC Worker End (ms): Min: 66155484.7, Avg: 66155484.7, Max: 66155484.7, Diff: 0.0]
   [Code Root Fixup: 0.1 ms]
   [Code Root Purge: 0.0 ms]
   [Clear CT: 0.2 ms]
   [Other: 23.0 ms]
      [Evacuation Failure: 20.1 ms]
      [Choose CSet: 0.1 ms]
      [Ref Proc: 1.7 ms]
      [Ref Enq: 0.0 ms]
      [Redirty Cards: 0.3 ms]
      [Humongous Register: 0.3 ms]
      [Humongous Reclaim: 0.1 ms]
      [Free CSet: 0.2 ms]
   [Eden: 32.0M(204.0M)->0.0B(204.0M) Survivors: 0.0B->0.0B Heap: 3816.0M(4096.0M)->3734.5M(4096.0M)]
 [Times: user=0.39 sys=0.03, real=0.25 secs]