[0.330s][info][gc,ergo      ] GC(0) Immediate Garbage: 4258K (31% of total), 17 regions
[0.331s][info][gc,ergo      ] GC(0) Pacer for Evacuation. Used CSet: 9728K, Free: 47680K, Non-Taxable: 4768K, Alloc Tax Rate: 1.1x
[0.331s][info][gc           ] GC(0) Pause Final Mark (process weakrefs) 1.482ms
[0.331s][info][gc,start     ] GC(0) Concurrent cleanup
[0.331s][info][gc           ] GC(0) Concurrent cleanup 18M->14M(32M) 0.036ms
[0.331s][info][gc,ergo      ] GC(0) Free: 47680K (189 regions), Max regular: 256K, Max humongous: 43008K, External frag: 10%, Internal frag: 1%
[0.331s][info][gc,ergo      ] GC(0) Evacuation Reserve: 3072K (13 regions), Max regular: 256K
[0.331s][info][gc,start     ] GC(0) Concurrent evacuation
[0.331s][info][gc,task      ] GC(0) Using 1 of 2 workers for concurrent evacuation
[0.333s][info][gc           ] GC(0) Concurrent evacuation 14M->15M(33M) 2.015ms
[0.335s][info][gc,start     ] GC(0) Pause Init Update Refs
[0.335s][info][gc,ergo      ] GC(0) Pacer for Update Refs. Used: 16895K, Free: 46592K, Non-Taxable: 4659K, Alloc Tax Rate: 1.1x
[0.335s][info][gc           ] GC(0) Pause Init Update Refs 0.083ms
[0.351s][info][gc,start     ] GC(0) Concurrent update references
[0.351s][info][gc,task      ] GC(0) Using 1 of 2 workers for concurrent reference update
[0.359s][info][gc           ] GC(0) Concurrent update references 18M->18M(33M) 7.183ms
[0.359s][info][gc,start     ] GC(0) Pause Final Update Refs
[0.359s][info][gc,task      ] GC(0) Using 2 of 2 workers for final reference update
[0.359s][info][gc           ] GC(0) Pause Final Update Refs 0.184ms
[0.359s][info][gc,start     ] GC(0) Concurrent cleanup
[0.359s][info][gc           ] GC(0) Concurrent cleanup 19M->9M(33M) 0.073ms
[0.359s][info][gc,ergo      ] Free: 52224K (205 regions), Max regular: 256K, Max humongous: 41728K, External frag: 21%, Internal frag: 0%
[0.359s][info][gc,ergo      ] Evacuation Reserve: 3328K (13 regions), Max regular: 256K
[0.359s][info][gc,ergo      ] Pacer for Idle. Initial: 1310K, Alloc Tax Rate: 1.0x
[0.373s][info][gc           ] Trigger: Learning 2 of 5. Free (45568K) is below initial threshold (45875K)
[0.373s][info][gc,ergo      ] Free: 45312K (178 regions), Max regular: 256K, Max humongous: 41728K, External frag: 8%, Internal frag: 0%
[0.373s][info][gc,ergo      ] Evacuation Reserve: 3328K (13 regions), Max regular: 256K
[0.373s][info][gc,start     ] GC(1) Concurrent reset
[0.373s][info][gc,task      ] GC(1) Using 1 of 2 workers for concurrent reset
[0.373s][info][gc           ] GC(1) Concurrent reset 16M->16M(33M) 0.134ms
[0.374s][info][gc,start     ] GC(1) Pause Init Mark
[0.374s][info][gc,task      ] GC(1) Using 2 of 2 workers for init marking
[0.375s][info][gc,ergo      ] GC(1) Pacer for Mark. Expected Live: 3333K, Free: 44800K, Non-Taxable: 4480K, Alloc Tax Rate: 0.3x
[0.375s][info][gc           ] GC(1) Pause Init Mark 0.182ms
[0.375s][info][gc,start     ] GC(1) Concurrent marking
[0.375s][info][gc,task      ] GC(1) Using 1 of 2 workers for concurrent marking
[0.384s][info][gc           ] GC(1) Concurrent marking 17M->20M(33M) 8.290ms
[0.385s][info][gc,start     ] GC(1) Pause Final Mark
[0.385s][info][gc,task      ] GC(1) Using 2 of 2 workers for final marking
[0.386s][info][gc,ergo      ] GC(1) Adaptive CSet Selection. Target Free: 6553K, Actual Free: 52992K, Max CSet: 2730K, Min Garbage: 0B
[0.386s][info][gc,ergo      ] GC(1) Collectable Garbage: 5099K (36% of total), 20816B CSet, 20 CSet regions
[0.386s][info][gc,ergo      ] GC(1) Immediate Garbage: 8192K (58% of total), 32 regions
[0.386s][info][gc,ergo      ] GC(1) Pacer for Evacuation. Used CSet: 5120K, Free: 49703K, Non-Taxable: 4970K, Alloc Tax Rate: 1.1x
[0.386s][info][gc           ] GC(1) Pause Final Mark 1.235ms
[0.391s][info][gc,start     ] GC(1) Concurrent cleanup
[0.391s][info][gc           ] GC(1) Concurrent cleanup 19M->14M(33M) 0.097ms
[0.391s][info][gc,ergo      ] GC(1) Free: 47183K (187 regions), Max regular: 256K, Max humongous: 41728K, External frag: 12%, Internal frag: 1%
[0.391s][info][gc,ergo      ] GC(1) Evacuation Reserve: 3325K (13 regions), Max regular: 256K
[0.391s][info][gc,start     ] GC(1) Concurrent evacuation
[0.391s][info][gc,task      ] GC(1) Using 1 of 2 workers for concurrent evacuation
[0.392s][info][gc           ] GC(1) Concurrent evacuation 14M->14M(33M) 0.098ms
[0.392s][info][gc,start     ] GC(1) Pause Init Update Refs
[0.392s][info][gc,ergo      ] GC(1) Pacer for Update Refs. Used: 15058K, Free: 47183K, Non-Taxable: 4718K, Alloc Tax Rate: 1.1x
[0.392s][info][gc           ] GC(1) Pause Init Update Refs 0.023ms
[0.392s][info][gc,start     ] GC(1) Concurrent update references
[0.392s][info][gc,task      ] GC(1) Using 1 of 2 workers for concurrent reference update
[0.397s][info][gc           ] GC(1) Concurrent update references 14M->14M(33M) 5.179ms
[0.397s][info][gc,start     ] GC(1) Pause Final Update Refs
[0.397s][info][gc,task      ] GC(1) Using 2 of 2 workers for final reference update
[0.397s][info][gc           ] GC(1) Pause Final Update Refs 0.147ms
[0.397s][info][gc,start     ] GC(1) Concurrent cleanup
[0.397s][info][gc           ] GC(1) Concurrent cleanup 14M->9M(33M) 0.041ms
[0.397s][info][gc,ergo      ] Free: 52228K (206 regions), Max regular: 256K, Max humongous: 41472K, External frag: 21%, Internal frag: 0%
[0.397s][info][gc,ergo      ] Evacuation Reserve: 3328K (13 regions), Max regular: 256K
[0.397s][info][gc,ergo      ] Pacer for Idle. Initial: 1310K, Alloc Tax Rate: 1.0x
[0.410s][info][gc           ] Trigger: Learning 3 of 5. Free (45613K) is below initial threshold (45875K)
[0.410s][info][gc,ergo      ] Free: 45613K (181 regions), Max regular: 256K, Max humongous: 41472K, External frag: 10%, Internal frag: 1%
[0.410s][info][gc,ergo      ] Evacuation Reserve: 3328K (13 regions), Max regular: 256K