[2021-05-06T21:03:33.227+0000][22115ms] GC(11) Pause Full (Metadata GC Threshold)
[2021-05-06T21:03:33.227+0000][22115ms] GC(11) Marking Phase
[2021-05-06T21:03:33.392+0000][22280ms] GC(11) Marking Phase 165.145ms
[2021-05-06T21:03:33.392+0000][22280ms] GC(11) Summary Phase
[2021-05-06T21:03:33.393+0000][22281ms] GC(11) Summary Phase 0.093ms
[2021-05-06T21:03:33.393+0000][22281ms] GC(11) Adjust Roots
[2021-05-06T21:03:33.432+0000][22320ms] GC(11) Adjust Roots 39.370ms
[2021-05-06T21:03:33.432+0000][22320ms] GC(11) Compaction Phase
[2021-05-06T21:03:33.748+0000][22636ms] GC(11) Compaction Phase 315.704ms
[2021-05-06T21:03:33.748+0000][22636ms] GC(11) Post Compact
[2021-05-06T21:03:33.748+0000][22636ms] GC(11) Post Compact 0.709ms
[2021-05-06T21:03:33.749+0000][22637ms] GC(11) PSYoungGen: 2160K->0K(66560K)
[2021-05-06T21:03:33.749+0000][22637ms] GC(11) ParOldGen: 57994K->54950K(175104K)
[2021-05-06T21:03:33.749+0000][22637ms] GC(11) Metaspace: 88760K->88684K(337920K)
[2021-05-06T21:03:33.749+0000][22637ms] GC(11) Pause Full (Metadata GC Threshold) 58M->53M(236M) 521.443ms
[2021-05-06T21:03:33.749+0000][22637ms] GC(11) User=0.86s Sys=0.00s Real=0.52s