506146.808: [GC pause (G1 Evacuation Pause) (mixed) (to-space exhausted), 8.6429024 secs]
   [Parallel Time: 1043.3 ms, GC Workers: 10]
      [GC Worker Start (ms): Min: 506146816.5, Avg: 506146816.6, Max: 506146816.7, Diff: 0.2]
      [Ext Root Scanning (ms): Min: 3.2, Avg: 4.3, Max: 5.5, Diff: 2.3, Sum: 43.1]
      [Update RS (ms): Min: 27.0, Avg: 27.7, Max: 29.3, Diff: 2.3, Sum: 277.2]
         [Processed Buffers: Min: 47, Avg: 73.4, Max: 105, Diff: 58, Sum: 734]
      [Scan RS (ms): Min: 10.3, Avg: 11.1, Max: 11.6, Diff: 1.3, Sum: 111.5]
      [Code Root Scanning (ms): Min: 0.0, Avg: 0.0, Max: 0.0, Diff: 0.0, Sum: 0.2]
      [Object Copy (ms): Min: 997.0, Avg: 999.2, Max: 1000.6, Diff: 3.6, Sum: 9992.1]
      [Termination (ms): Min: 0.0, Avg: 0.1, Max: 0.1, Diff: 0.1, Sum: 0.7]
      [GC Worker Other (ms): Min: 0.0, Avg: 0.1, Max: 0.2, Diff: 0.2, Sum: 1.1]
      [GC Worker Total (ms): Min: 1042.4, Avg: 1042.6, Max: 1042.7, Diff: 0.3, Sum: 10425.7]
      [GC Worker End (ms): Min: 506147859.1, Avg: 506147859.2, Max: 506147859.2, Diff: 0.2]
   [Code Root Fixup: 0.3 ms]
   [Code Root Purge: 0.0 ms]
   [Clear CT: 3.8 ms]
   [Other: 7595.5 ms]
      [Evacuation Failure: 7551.4 ms]
      [Choose CSet: 0.0 ms]
      [Ref Proc: 3.6 ms]
      [Ref Enq: 0.0 ms]
      [Redirty Cards: 2.0 ms]
      [Humongous Reclaim: 24.3 ms]
      [Free CSet: 4.1 ms]
   [Eden: 22.9G(24.3G)->0.0B(24.3G) Survivors: 112.0M->0.0B Heap: 27.7G(28.0G)->23.5G(28.0G)]
 [Times: user=34.39 sys=13.70, real=8.64 secs]