2016-10-12T09:53:38.901+0200: 298.027: [Full GC (Metadata GC Threshold) [GC concurrent-root-region-scan-start]
2016-10-12T09:53:38.902+0200: 298.027: [GC concurrent-root-region-scan-end, 0.0003609 secs]
2016-10-12T09:53:38.902+0200: 298.027: [GC concurrent-mark-start]
 798M->797M(5120M), 3.4595066 secs]
   [Eden: 0.0B(3070.0M)->0.0B(3072.0M) Survivors: 2048.0K->0.0B Heap: 798.8M(5120.0M)->797.9M(5120.0M)], [Metaspace: 325154K->325154K(1511424K)]
 [Times: user=5.17 sys=0.00, real=3.46 secs]
2016-10-12T09:53:42.361+0200: 301.487: [Full GC (Last ditch collection)  797M->797M(5120M), 3.4811145 secs]
   [Eden: 0.0B(3072.0M)->0.0B(3072.0M) Survivors: 0.0B->0.0B Heap: 797.9M(5120.0M)->797.8M(5120.0M)], [Metaspace: 325154K->325154K(1511424K)]
 [Times: user=5.25 sys=0.01, real=3.48 secs]
2016-10-12T09:53:45.842+0200: 304.968: [GC concurrent-mark-abort]
2016-10-12T09:53:46.064+0200: 305.190: [GC pause (Metadata GC Threshold) (young) (initial-mark), 0.0502858 secs]
   [Parallel Time: 11.6 ms, GC Workers: 4]
      [GC Worker Start (ms): Min: 305191.0, Avg: 305191.0, Max: 305191.1, Diff: 0.1]
      [Ext Root Scanning (ms): Min: 4.8, Avg: 6.5, Max: 10.9, Diff: 6.1, Sum: 26.0]
      [Update RS (ms): Min: 0.0, Avg: 0.1, Max: 0.3, Diff: 0.3, Sum: 0.5]
         [Processed Buffers: Min: 0, Avg: 3.5, Max: 7, Diff: 7, Sum: 14]
      [Scan RS (ms): Min: 0.0, Avg: 0.0, Max: 0.0, Diff: 0.0, Sum: 0.0]
      [Code Root Scanning (ms): Min: 0.0, Avg: 0.0, Max: 0.0, Diff: 0.0, Sum: 0.0]
      [Object Copy (ms): Min: 0.1, Avg: 1.0, Max: 1.6, Diff: 1.4, Sum: 4.0]
      [Termination (ms): Min: 0.0, Avg: 3.5, Max: 4.6, Diff: 4.6, Sum: 13.8]
         [Termination Attempts: Min: 1, Avg: 1.0, Max: 1, Diff: 0, Sum: 4]
      [GC Worker Other (ms): Min: 0.0, Avg: 0.0, Max: 0.0, Diff: 0.0, Sum: 0.1]
      [GC Worker Total (ms): Min: 11.1, Avg: 11.1, Max: 11.1, Diff: 0.1, Sum: 44.4]
      [GC Worker End (ms): Min: 305202.1, Avg: 305202.1, Max: 305202.2, Diff: 0.0]
   [Code Root Fixup: 0.1 ms]
   [Code Root Purge: 0.5 ms]
   [Clear CT: 0.2 ms]
   [Other: 37.9 ms]
      [Choose CSet: 0.0 ms]
      [Ref Proc: 36.6 ms]
      [Ref Enq: 0.0 ms]
      [Redirty Cards: 0.2 ms]
      [Humongous Reclaim: 0.0 ms]
      [Free CSet: 0.1 ms]
   [Eden: 10.0M(3072.0M)->0.0B(3070.0M) Survivors: 0.0B->2048.0K Heap: 806.8M(5120.0M)->798.6M(5120.0M)]
 [Times: user=0.09 sys=0.00, real=0.05 secs]