[0.013s][info][gc] Heuristics ergonomically sets -XX:+ExplicitGCInvokesConcurrent
[0.013s][info][gc] Heuristics ergonomically sets -XX:+ShenandoahImplicitGCInvokesConcurrent
[0.013s][info][gc] Using Shenandoah
[0.014s][info][gc,ergo] Pacer for Idle. Initial: 1966K, Alloc Tax Rate: 1.0x
[0.014s][info][gc,init] Version: 17.0.1+12-LTS (release)
[0.014s][info][gc,init] CPUs: 12 total, 12 available
[0.014s][info][gc,init] Memory: 31907M
[0.014s][info][gc,init] Large Page Support: Disabled
[0.014s][info][gc,init] NUMA Support: Disabled
[0.014s][info][gc,init] Compressed Oops: Enabled (32-bit)
[0.014s][info][gc,init] Heap Min Capacity: 32M
[0.014s][info][gc,init] Heap Initial Capacity: 32M
[0.014s][info][gc,init] Heap Max Capacity: 96M
[0.014s][info][gc,init] Pre-touch: Disabled
[0.014s][info][gc,init] Mode: Snapshot-At-The-Beginning (SATB)
[0.014s][info][gc,init] Heuristics: Adaptive
[0.014s][info][gc,init] Heap Region Count: 384
[0.014s][info][gc,init] Heap Region Size: 256K
[0.014s][info][gc,init] TLAB Size Max: 256K
[0.014s][info][gc,init] Humongous Object Threshold: 256K
[0.014s][info][gc,init] Parallel Workers: 6
[0.014s][info][gc,init] Concurrent Workers: 3  
[0.014s][info][gc,metaspace] CDS archive(s) mapped at: [0x0000000800000000-0x0000000800be2000-0x0000000800be2000), size 12460032, SharedBaseAddress: 0x0000000800000000, ArchiveRelocationMode: 0.
[0.014s][info][gc,metaspace] Compressed class space mapped at: 0x0000000800c00000-0x0000000840c00000, reserved size: 1073741824
[0.014s][info][gc,metaspace] Narrow klass base: 0x0000000800000000, Narrow klass shift: 0, Narrow klass range: 0x100000000
[0.187s][info][gc          ] Trigger: Learning 1 of 5. Free (68096K) is below initial threshold (68812K)
[0.187s][info][gc,ergo     ] Free: 68096K, Max: 256K regular, 68096K humongous, Frag: 0% external, 0% internal; Reserve: 5120K, Max: 256K