2016-10-12T11:39:07.893+0200: 6627.019: [GC concurrent-root-region-scan-start]
2016-10-12T11:39:07.893+0200: 6627.019: [Full GC (Metadata GC Threshold) 2016-10-12T11:39:07.894+0200: 6627.019: [GC concurrent-root-region-scan-end, 0.0005454 secs]
2016-10-12T11:39:07.894+0200: 6627.019: [GC concurrent-mark-start]
 813M->812M(5120M), 3.5094907 secs]
   [Eden: 0.0B(3070.0M)->0.0B(3072.0M) Survivors: 2048.0K->0.0B Heap: 813.9M(5120.0M)->812.9M(5120.0M)], [Metaspace: 326882K->326882K(1511424K)]
 [Times: user=5.34 sys=0.01, real=3.51 secs]
2016-10-12T11:39:11.403+0200: 6630.528: [Full GC (Last ditch collection)  812M->812M(5120M), 3.4639566 secs]
   [Eden: 0.0B(3072.0M)->0.0B(3072.0M) Survivors: 0.0B->0.0B Heap: 812.9M(5120.0M)->812.9M(5120.0M)], [Metaspace: 326882K->326882K(1511424K)]
 [Times: user=5.11 sys=0.00, real=3.47 secs]
2016-10-12T11:39:14.867+0200: 6633.993: [GC concurrent-mark-abort]
2016-10-12T11:39:15.091+0200: 6634.216: [GC pause (Metadata GC Threshold) (young) (initial-mark), 0.0521034 secs]
   [Parallel Time: 12.6 ms, GC Workers: 4]
      [GC Worker Start (ms): Min: 6634217.3, Avg: 6634217.4, Max: 6634217.4, Diff: 0.1]
      [Ext Root Scanning (ms): Min: 5.4, Avg: 7.1, Max: 11.9, Diff: 6.4, Sum: 28.6]
      [Update RS (ms): Min: 0.0, Avg: 0.2, Max: 0.3, Diff: 0.3, Sum: 0.7]
         [Processed Buffers: Min: 0, Avg: 3.2, Max: 8, Diff: 8, Sum: 13]
      [Scan RS (ms): Min: 0.0, Avg: 0.0, Max: 0.0, Diff: 0.0, Sum: 0.0]
      [Code Root Scanning (ms): Min: 0.0, Avg: 0.0, Max: 0.0, Diff: 0.0, Sum: 0.0]
      [Object Copy (ms): Min: 0.2, Avg: 1.1, Max: 1.5, Diff: 1.3, Sum: 4.3]
      [Termination (ms): Min: 0.0, Avg: 3.6, Max: 4.9, Diff: 4.9, Sum: 14.5]
         [Termination Attempts: Min: 1, Avg: 1.0, Max: 1, Diff: 0, Sum: 4]
      [GC Worker Other (ms): Min: 0.0, Avg: 0.0, Max: 0.0, Diff: 0.0, Sum: 0.1]
      [GC Worker Total (ms): Min: 12.0, Avg: 12.0, Max: 12.1, Diff: 0.1, Sum: 48.2]
      [GC Worker End (ms): Min: 6634229.4, Avg: 6634229.4, Max: 6634229.5, Diff: 0.1]
   [Code Root Fixup: 0.1 ms]
   [Code Root Purge: 0.6 ms]
   [Clear CT: 0.3 ms]
   [Other: 38.6 ms]
      [Choose CSet: 0.0 ms]
      [Ref Proc: 37.1 ms]
      [Ref Enq: 0.0 ms]
      [Redirty Cards: 0.2 ms]
      [Humongous Reclaim: 0.0 ms]
      [Free CSet: 0.1 ms]
   [Eden: 8192.0K(3072.0M)->0.0B(3070.0M) Survivors: 0.0B->2048.0K Heap: 820.9M(5120.0M)->813.7M(5120.0M)]
 [Times: user=0.09 sys=0.00, real=0.05 secs]