[0.055s][info][safepoint    ] Entering safepoint region: ParallelGCFailedAllocation
[0.055s][info][gc,start     ] GC(2) Pause Young (Allocation Failure)
[0.056s][info][gc,heap      ] GC(2) PSYoungGen: 1504K->486K(1536K)
[0.056s][info][gc,heap      ] GC(2) PSOldGen: 96K->416K(512K)
[0.056s][info][gc,metaspace ] GC(2) Metaspace: 735K->735K(1056768K)
[0.056s][info][gc           ] GC(2) Pause Young (Allocation Failure) 1M->0M(2M) 0.769ms
[0.056s][info][gc,cpu       ] GC(2) User=0.00s Sys=0.00s Real=0.00s
[0.056s][info][gc,start     ] GC(3) Pause Full (Ergonomics)
[0.056s][info][gc,phases,start] GC(3) Phase 1: Mark live objects
[0.056s][info][gc,phases      ] GC(3) Phase 1: Mark live objects 0.518ms
[0.056s][info][gc,phases,start] GC(3) Phase 2: Compute new object addresses
[0.056s][info][gc,phases      ] GC(3) Phase 2: Compute new object addresses 0.099ms
[0.056s][info][gc,phases,start] GC(3) Phase 3: Adjust pointers
[0.057s][info][gc,phases      ] GC(3) Phase 3: Adjust pointers 0.366ms
[0.057s][info][gc,phases,start] GC(3) Phase 4: Move objects
[0.057s][info][gc,phases      ] GC(3) Phase 4: Move objects 0.103ms
[0.057s][info][gc,heap        ] GC(3) PSYoungGen: 486K->383K(1536K)
[0.057s][info][gc,heap        ] GC(3) PSOldGen: 416K->511K(2048K)
[0.057s][info][gc,metaspace   ] GC(3) Metaspace: 735K->735K(1056768K)
[0.057s][info][gc             ] GC(3) Pause Full (Ergonomics) 0M->0M(3M) 1.179ms
[0.057s][info][gc,cpu         ] GC(3) User=0.00s Sys=0.00s Real=0.00s
[0.057s][info][safepoint      ] Leaving safepoint region
[0.057s][info][safepoint      ] Total time for which application threads were stopped: 0.0020342 seconds, Stopping threads took: 0.0000028 seconds