[0.048s][info][safepoint] Application time: 0.0156647 seconds
[0.048s][info][safepoint] Entering safepoint region: GenCollectForAllocation
[0.050s][info][gc       ] GC(0) Pause Young (Allocation Failure) 0M->0M(1M) 1.470ms
[0.050s][info][gc,cpu   ] GC(0) User=0.00s Sys=0.00s Real=0.01s
[0.050s][info][safepoint] Leaving safepoint region
[0.050s][info][safepoint] Total time for which application threads were stopped: 0.0015478 seconds, Stopping threads took: 0.0000061 seconds
[0.086s][info][safepoint] Application time: 0.0361308 seconds
[0.086s][info][safepoint] Entering safepoint region: GenCollectForAllocation
[0.089s][info][gc       ] GC(2) Pause Full (Allocation Failure) 1M->1M(2M) 1.715ms
[0.089s][info][gc       ] GC(1) Pause Young (Allocation Failure) 1M->1M(3M) 3.031ms
[0.089s][info][gc,cpu   ] GC(1) User=0.00s Sys=0.00s Real=0.01s
[0.089s][info][safepoint] Leaving safepoint region
[0.089s][info][safepoint] Total time for which application threads were stopped: 0.0031124 seconds, Stopping threads took: 0.0000069 seconds