[2022-10-28T10:59:00.620-0400] Entering safepoint region: G1CollectForAllocation
[2022-10-28T10:59:00.620-0400] GC(34) Pause Young (Concurrent Start) (G1 Evacuation Pause)
[2022-10-28T10:59:00.620-0400] GC(34) Using 2 workers of 10 for evacuation
[2022-10-28T10:59:00.621-0400] GC(34)   Pre Evacuate Collection Set: 0.0ms
[2022-10-28T10:59:00.621-0400] GC(34)   Evacuate Collection Set: 0.5ms
[2022-10-28T10:59:00.621-0400] GC(34)   Post Evacuate Collection Set: 0.1ms
[2022-10-28T10:59:00.621-0400] GC(34)   Other: 0.2ms
[2022-10-28T10:59:00.621-0400] GC(34) Eden regions: 13->0(12)
[2022-10-28T10:59:00.621-0400] GC(34) Survivor regions: 1->1(2)
[2022-10-28T10:59:00.621-0400] GC(34) Old regions: 16->16
[2022-10-28T10:59:00.621-0400] GC(34) Humongous regions: 0->0
[2022-10-28T10:59:00.621-0400] GC(34) Metaspace: 4034K(7424K)->4034K(7424K) NonClass: 3714K(6656K)->3714K(6656K) Class: 320K(768K)->320K(768K)
[2022-10-28T10:59:00.621-0400] GC(34) Pause Young (Concurrent Start) (G1 Evacuation Pause) 27M->14M(35M) 0.880ms
[2022-10-28T10:59:00.621-0400] GC(34) User=0.00s Sys=0.00s Real=0.00s
[2022-10-28T10:59:00.621-0400] Leaving safepoint region
[2022-10-28T10:59:00.621-0400] GC(35) Concurrent Cycle
[2022-10-28T10:59:00.621-0400] GC(35) Concurrent Clear Claimed Marks
[2022-10-28T10:59:00.621-0400] GC(35) Concurrent Clear Claimed Marks 0.011ms
[2022-10-28T10:59:00.621-0400] GC(35) Concurrent Scan Root Regions
[2022-10-28T10:59:00.621-0400] Total time for which application threads were stopped: 0.0010733 seconds, Stopping threads took: 0.0000094 seconds
[2022-10-28T10:59:00.621-0400] GC(35) Concurrent Scan Root Regions 0.611ms
[2022-10-28T10:59:00.621-0400] GC(35) Concurrent Mark (0.626s)
[2022-10-28T10:59:00.621-0400] GC(35) Concurrent Mark From Roots
[2022-10-28T10:59:00.621-0400] GC(35) Using 3 workers of 3 for marking
[2022-10-28T10:59:00.629-0400] Application time: 0.0086320 seconds