[2019-05-09T01:39:07.136+0000][11728ms] GC(3) Pause Young (Normal) (GCLocker Initiated GC)
[2019-05-09T01:39:07.136+0000][11728ms] GC(3) Using 1 workers of 1 for evacuation
[2019-05-09T01:39:07.171+0000][11763ms] GC(3)   Pre Evacuate Collection Set: 0.0ms
[2019-05-09T01:39:07.171+0000][11763ms] GC(3)   Evacuate Collection Set: 34.9ms
[2019-05-09T01:39:07.171+0000][11763ms] GC(3)   Post Evacuate Collection Set: 0.4ms
[2019-05-09T01:39:07.171+0000][11763ms] GC(3)   Other: 0.2ms
[2019-05-09T01:39:07.171+0000][11763ms] GC(3) Eden regions: 62->0(56)
[2019-05-09T01:39:07.171+0000][11763ms] GC(3) Survivor regions: 4->9(9)
[2019-05-09T01:39:07.171+0000][11763ms] GC(3) Old regions: 13->13
[2019-05-09T01:39:07.171+0000][11763ms] GC(3) Humongous regions: 1->1
[2019-05-09T01:39:07.171+0000][11763ms] GC(3) Metaspace: 35318K->35318K(288768K)
[2019-05-09T01:39:07.172+0000][11764ms] GC(3) Pause Young (Normal) (GCLocker Initiated GC) 78M->22M(1304M) 35.722ms
[2019-05-09T01:39:07.172+0000][11764ms] GC(3) User=0.02s Sys=0.00s Real=0.04s