5.293: [GC pause (GCLocker Initiated GC) (young)
Desired survivor size 8388608 bytes, new threshold 15 (max 15)
- age   1:    3074480 bytes,    3074480 total
, 0.0176868 secs]
   [Parallel Time: 9.3 ms, GC Workers: 6]
      [GC Worker Start (ms): Min: 5292.9, Avg: 5293.0, Max: 5293.0, Diff: 0.0]
      [Ext Root Scanning (ms): Min: 3.1, Avg: 3.9, Max: 4.4, Diff: 1.2, Sum: 23.2]
      [Update RS (ms): Min: 0.2, Avg: 0.6, Max: 1.0, Diff: 0.8, Sum: 3.8]
         [Processed Buffers: Min: 1, Avg: 3.2, Max: 6, Diff: 5, Sum: 19]
      [Scan RS (ms): Min: 0.1, Avg: 0.2, Max: 0.4, Diff: 0.3, Sum: 1.5]
      [Object Copy (ms): Min: 4.2, Avg: 4.5, Max: 4.8, Diff: 0.6, Sum: 26.9]
      [Termination (ms): Min: 0.0, Avg: 0.0, Max: 0.0, Diff: 0.0, Sum: 0.0]
      [GC Worker Other (ms): Min: 0.0, Avg: 0.0, Max: 0.0, Diff: 0.0, Sum: 0.1]
      [GC Worker Total (ms): Min: 9.2, Avg: 9.2, Max: 9.3, Diff: 0.0, Sum: 55.5]
      [GC Worker End (ms): Min: 5302.2, Avg: 5302.2, Max: 5302.2, Diff: 0.0]
   [Code Root Fixup: 0.0 ms]
   [Clear CT: 0.1 ms]
   [Other: 8.3 ms]
      [Choose CSet: 0.0 ms]
      [Ref Proc: 8.0 ms]
      [Ref Enq: 0.1 ms]
      [Free CSet: 0.0 ms]
   [Eden: 112.0M(112.0M)->0.0B(112.0M) Survivors: 16.0M->16.0M Heap: 415.0M(30.0G)->313.0M(30.0G)]
 [Times: user=0.01 sys=0.00, real=0.02 secs]