2016-02-12T07:02:40.753-0500: 60346.050: [GC pause (young) (initial-mark) 60346.051: [G1Ergonomics (CSet Construction) start choosing CSet, _pending_cards: 235120, predicted base time: 62.34 ms, remaining time: 437.66 ms, target pause time: 500.00 ms]
 60346.051: [G1Ergonomics (CSet Construction) add young regions to CSet, eden: 1813 regions, survivors: 5 regions, predicted young region time: 152.00 ms]
 60346.051: [G1Ergonomics (CSet Construction) finish choosing CSet, eden: 1813 regions, survivors: 5 regions, old: 0 regions, predicted pause time: 214.34 ms, target pause time: 500.00 ms]
 60346.160: [G1Ergonomics (Heap Sizing) attempt heap expansion, reason: region allocation request failed, allocation request: 4194304 bytes]
 60346.160: [G1Ergonomics (Heap Sizing) expand the heap, requested expansion amount: 4194304 bytes, attempted expansion amount: 8388608 bytes]
 60346.160: [G1Ergonomics (Heap Sizing) did not expand the heap, reason: heap expansion operation failed]
 60347.073: [G1Ergonomics (Heap Sizing) attempt heap expansion, reason: recent GC overhead higher than threshold after GC, recent GC overhead: 65.95 %, threshold: 10.00 %, uncommitted: 0 bytes, calculated expansion amount: 0 bytes (20.00 %)]
 (to-space exhausted), 1.0224350 secs]
   [Parallel Time: 426.2 ms, GC Workers: 4]
      [GC Worker Start (ms): Min: 60346051.0, Avg: 60346052.2, Max: 60346055.7, Diff: 4.6]
      [Ext Root Scanning (ms): Min: 16.8, Avg: 18.6, Max: 21.3, Diff: 4.5, Sum: 74.4]
      [Code Root Marking (ms): Min: 0.0, Avg: 1.7, Max: 2.7, Diff: 2.7, Sum: 6.7]
      [Update RS (ms): Min: 16.4, Avg: 17.4, Max: 17.9, Diff: 1.5, Sum: 69.8]
         [Processed Buffers: Min: 209, Avg: 231.2, Max: 247, Diff: 38, Sum: 925]
      [Scan RS (ms): Min: 8.9, Avg: 9.0, Max: 9.0, Diff: 0.2, Sum: 35.9]
      [Code Root Scanning (ms): Min: 0.0, Avg: 0.1, Max: 0.1, Diff: 0.0, Sum: 0.2]
      [Object Copy (ms): Min: 376.3, Avg: 378.1, Max: 379.2, Diff: 2.9, Sum: 1512.3]
      [Termination (ms): Min: 0.0, Avg: 0.1, Max: 0.1, Diff: 0.1, Sum: 0.2]
      [GC Worker Other (ms): Min: 0.0, Avg: 0.0, Max: 0.0, Diff: 0.0, Sum: 0.1]
      [GC Worker Total (ms): Min: 421.5, Avg: 424.9, Max: 426.1, Diff: 4.6, Sum: 1699.7]
      [GC Worker End (ms): Min: 60346477.1, Avg: 60346477.2, Max: 60346477.2, Diff: 0.0]
   [Code Root Fixup: 0.2 ms]
   [Code Root Migration: 0.3 ms]
   [Clear CT: 4.0 ms]
   [Other: 591.7 ms]
      [Choose CSet: 0.0 ms]
      [Ref Proc: 5.0 ms]
      [Ref Enq: 1.3 ms]
      [Free CSet: 1.4 ms]
   [Eden: 14.2G(14.5G)->0.0B(1224.0M) Survivors: 40.0M->104.0M Heap: 22.9G(26.0G)->19.2G(26.0G)]
 [Times: user=3.03 sys=0.02, real=1.02 secs]