[2021-06-15T16:03:03.697-0400][237.859s] GC(0) Pause Young (Allocation Failure)
[2021-06-15T16:03:03.722-0400][237.884s] GC(0) AdaptiveSizePolicy::minor_collection_end: minor gc cost: 0.000106  average: 0.000106
[2021-06-15T16:03:03.722-0400][237.884s] GC(0)   minor pause: 25.024410 minor period 237035.231990
[2021-06-15T16:03:03.722-0400][237.884s] GC(0) AdaptiveSizePolicy::update_averages:  survived: 48341272  promoted: 262176  overflow: false
[2021-06-15T16:03:03.722-0400][237.884s] GC(0) AdaptiveSizeStart:  collection: 1
[2021-06-15T16:03:03.722-0400][237.884s] GC(0) old_gen_capacity: 14241759232 young_gen_capacity: 1879048192
[2021-06-15T16:03:03.723-0400][237.884s] GC(0) Desired survivor size 268435456 bytes, new threshold 7 (max threshold 15)
[2021-06-15T16:03:03.723-0400][237.884s] GC(0) PSAdaptiveSizePolicy::compute_eden_space_size: costs minor_time: 0.000106 major_cost: 0.000000 mutator_cost: 0.999894 throughput_goal: 0.990000
[2021-06-15T16:03:03.723-0400][237.884s] GC(0) Minor_pause: 0.025024 major_pause: 0.000000 minor_interval: 237.060257 major_interval: 0.000000pause_goal: 18446744073709552.000000
[2021-06-15T16:03:03.723-0400][237.884s] GC(0) Live_space: 316776736 free_space: 3221225472
[2021-06-15T16:03:03.723-0400][237.884s] GC(0) Base_footprint: 268435456 avg_young_live: 48341272 avg_old_live: 0
[2021-06-15T16:03:03.723-0400][237.884s] GC(0) Old eden_size: 1610612736 desired_eden_size: 1610612736
[2021-06-15T16:03:03.723-0400][237.884s] GC(0) PSAdaptiveSizePolicy::check_gc_overhead_limit: promo_limit: 14241759232 max_eden_size: 1610612736 total_free_limit: 15852371968 max_old_gen_size: 14241759232 max_eden_size: 1610612736 mem_free_limit: 317047439
[2021-06-15T16:03:03.723-0400][237.884s] GC(0) PSYoungGen::resize_spaces(requested_eden_size: 1610612736, requested_survivor_size: 268435456)
[2021-06-15T16:03:03.723-0400][237.884s] GC(0)     eden: [0x0000000780000000..0x00000007e0000000) 1610612736
[2021-06-15T16:03:03.723-0400][237.884s] GC(0)     from: [0x00000007e0000000..0x00000007f0000000) 268435456
[2021-06-15T16:03:03.723-0400][237.884s] GC(0)       to: [0x00000007f0000000..0x0000000800000000) 268435456
[2021-06-15T16:03:03.723-0400][237.884s] GC(0)     capacities are the right sizes, returning
[2021-06-15T16:03:03.723-0400][237.884s] GC(0) Young generation size: desired eden: 1610612736 survivor: 268435456 used: 48341272 capacity: 1879048192 gen limits: 2147483648 / 2147483648
[2021-06-15T16:03:03.723-0400][237.884s] GC(0) AdaptiveSizeStop: collection: 1
[2021-06-15T16:03:03.723-0400][237.884s] GC(0) PSYoungGen: 1572864K->47208K(1835008K)
[2021-06-15T16:03:03.723-0400][237.884s] GC(0) ParOldGen: 0K->256K(13907968K)
[2021-06-15T16:03:03.723-0400][237.884s] GC(0) Metaspace: 36427K->36427K(1083392K)
[2021-06-15T16:03:03.723-0400][237.884s] GC(0) Pause Young (Allocation Failure) 1536M->46M(15374M) 25.348ms
[2021-06-15T16:03:03.723-0400][237.884s] GC(0) User=0.15s Sys=0.06s Real=0.03s