2016-12-21T14:28:11.041-0500: 0.193: Total time for which application threads were stopped: 0.0000746 seconds, Stopping threads took: 0.0000269 seconds
2016-12-21T14:28:11.159-0500: 0.311: Application time: 0.0060964 seconds
2016-12-21T14:28:11.159-0500: 0.311: Total time for which application threads were stopped: 0.0001126 seconds, Stopping threads took: 0.0000271 seconds
2016-12-21T14:28:11.167-0500: 0.319: Application time: 0.0082760 seconds
2016-12-21T14:28:11.167-0500: 0.319: Total time for which application threads were stopped: 0.0001031 seconds, Stopping threads took: 0.0000370 seconds
2016-12-21T14:28:11.183-0500: 0.335: Application time: 0.0155022 seconds
2016-12-21T14:28:11.183-0500: 0.335: Total time for which application threads were stopped: 0.0000932 seconds, Stopping threads took: 0.0000292 seconds
2016-12-21T14:28:11.199-0500: 0.351: Application time: 0.0163690 seconds
2016-12-21T14:28:11.200-0500: 0.351: Total time for which application threads were stopped: 0.0001229 seconds, Stopping threads took: 0.0000416 seconds
2016-12-21T14:28:11.408-0500: 0.559: Application time: 0.2079975 seconds
2016-12-21T14:28:11.408-0500: 0.559: Total time for which application threads were stopped: 0.0002306 seconds, Stopping threads took: 0.0000364 seconds
2016-12-21T14:28:11.591-0500: 0.743: Application time: 0.1831031 seconds
2016-12-21T14:28:11.591-0500: 0.743: Total time for which application threads were stopped: 0.0002471 seconds, Stopping threads took: 0.0000301 seconds
2016-12-21T14:28:11.628-0500: 0.779: Application time: 0.0365244 seconds
2016-12-21T14:28:11.628-0500: 0.779: Total time for which application threads were stopped: 0.0001950 seconds, Stopping threads took: 0.0000250 seconds
2016-12-21T14:28:11.672-0500: 0.823: Application time: 0.0437067 seconds
2016-12-21T14:28:11.672-0500: 0.823: [GC pause (G1 Evacuation Pause) (young), 0.0124023 secs]
   [Parallel Time: 9.9 ms, GC Workers: 4]
      [GC Worker Start (ms): Min: 823.5, Avg: 824.5, Max: 825.6, Diff: 2.1]
      [Ext Root Scanning (ms): Min: 0.0, Avg: 0.7, Max: 1.5, Diff: 1.5, Sum: 2.9]
      [Update RS (ms): Min: 0.0, Avg: 0.0, Max: 0.0, Diff: 0.0, Sum: 0.0]
         [Processed Buffers: Min: 0, Avg: 0.0, Max: 0, Diff: 0, Sum: 0]
      [Scan RS (ms): Min: 0.0, Avg: 0.0, Max: 0.0, Diff: 0.0, Sum: 0.1]
      [Code Root Scanning (ms): Min: 0.2, Avg: 3.1, Max: 5.9, Diff: 5.8, Sum: 12.4]
      [Object Copy (ms): Min: 2.4, Avg: 4.9, Max: 7.5, Diff: 5.1, Sum: 19.7]
      [Termination (ms): Min: 0.0, Avg: 0.1, Max: 0.1, Diff: 0.1, Sum: 0.2]
         [Termination Attempts: Min: 86, Avg: 121.0, Max: 162, Diff: 76, Sum: 484]
      [GC Worker Other (ms): Min: 0.0, Avg: 0.0, Max: 0.0, Diff: 0.0, Sum: 0.1]
      [GC Worker Total (ms): Min: 7.8, Avg: 8.8, Max: 9.9, Diff: 2.1, Sum: 35.4]
      [GC Worker End (ms): Min: 833.4, Avg: 833.4, Max: 833.4, Diff: 0.0]
   [Code Root Fixup: 0.2 ms]
   [Code Root Purge: 0.0 ms]
   [Clear CT: 0.1 ms]
   [Other: 2.1 ms]
      [Choose CSet: 0.0 ms]
      [Ref Proc: 1.6 ms]
      [Ref Enq: 0.0 ms]
      [Redirty Cards: 0.1 ms]
      [Humongous Register: 0.1 ms]
      [Humongous Reclaim: 0.0 ms]
      [Free CSet: 0.1 ms]
   [Eden: 75.0M(75.0M)->0.0B(66.0M) Survivors: 0.0B->9216.0K Heap: 75.0M(1500.0M)->8749.6K(1500.0M)]
 [Times: user=0.03 sys=0.00, real=0.02 secs]