2016-10-12T11:37:28.396+0200: 2016-10-12T11:37:28.396+0200: 6527.522: 6527.522: [GC concurrent-root-region-scan-start]
[Full GC (Metadata GC Threshold) 2016-10-12T11:37:28.397+0200: 6527.522: [GC concurrent-root-region-scan-end, 0.0004401 secs]
2016-10-12T11:37:28.397+0200: 6527.522: [GC concurrent-mark-start]
 813M->812M(5120M), 3.5676183 secs]
   [Eden: 0.0B(3070.0M)->0.0B(3072.0M) Survivors: 2048.0K->0.0B Heap: 813.5M(5120.0M)->812.5M(5120.0M)], [Metaspace: 326760K->326760K(1511424K)]
 [Times: user=5.46 sys=0.01, real=3.57 secs]
2016-10-12T11:37:31.964+0200: 6531.090: [Full GC (Last ditch collection)  812M->812M(5120M), 3.4694656 secs]
   [Eden: 0.0B(3072.0M)->0.0B(3072.0M) Survivors: 0.0B->0.0B Heap: 812.5M(5120.0M)->812.4M(5120.0M)], [Metaspace: 326760K->326760K(1511424K)]
 [Times: user=5.10 sys=0.00, real=3.47 secs]
2016-10-12T11:37:35.434+0200: 6534.560: [GC concurrent-mark-abort]
2016-10-12T11:37:35.654+0200: 6534.780: [GC pause (Metadata GC Threshold) (young) (initial-mark), 0.0522721 secs]
   [Parallel Time: 12.0 ms, GC Workers: 4]
      [GC Worker Start (ms): Min: 6534781.1, Avg: 6534781.2, Max: 6534781.2, Diff: 0.1]
      [Ext Root Scanning (ms): Min: 5.4, Avg: 7.0, Max: 11.3, Diff: 5.9, Sum: 27.9]
      [Update RS (ms): Min: 0.0, Avg: 0.1, Max: 0.2, Diff: 0.2, Sum: 0.6]
         [Processed Buffers: Min: 0, Avg: 3.2, Max: 9, Diff: 9, Sum: 13]
      [Scan RS (ms): Min: 0.0, Avg: 0.0, Max: 0.0, Diff: 0.0, Sum: 0.0]
      [Code Root Scanning (ms): Min: 0.0, Avg: 0.0, Max: 0.0, Diff: 0.0, Sum: 0.0]
      [Object Copy (ms): Min: 0.1, Avg: 1.2, Max: 1.6, Diff: 1.6, Sum: 4.7]
      [Termination (ms): Min: 0.0, Avg: 3.1, Max: 4.2, Diff: 4.2, Sum: 12.5]
         [Termination Attempts: Min: 1, Avg: 1.5, Max: 2, Diff: 1, Sum: 6]
      [GC Worker Other (ms): Min: 0.0, Avg: 0.0, Max: 0.0, Diff: 0.0, Sum: 0.1]
      [GC Worker Total (ms): Min: 11.4, Avg: 11.4, Max: 11.5, Diff: 0.1, Sum: 45.7]
      [GC Worker End (ms): Min: 6534792.6, Avg: 6534792.6, Max: 6534792.6, Diff: 0.0]
   [Code Root Fixup: 0.2 ms]
   [Code Root Purge: 0.5 ms]
   [Clear CT: 0.3 ms]
   [Other: 39.4 ms]
      [Choose CSet: 0.0 ms]
      [Ref Proc: 37.7 ms]
      [Ref Enq: 0.0 ms]
      [Redirty Cards: 0.2 ms]
      [Humongous Reclaim: 0.0 ms]
      [Free CSet: 0.1 ms]
   [Eden: 8192.0K(3072.0M)->0.0B(3070.0M) Survivors: 0.0B->2048.0K Heap: 820.4M(5120.0M)->813.4M(5120.0M)]
 [Times: user=0.09 sys=0.01, real=0.05 secs]