[2021-05-25T16:02:21.733-0400][1217172136ms] GC(15111) Using 4 workers of 4 for full compaction
[2021-05-25T16:02:21.733-0400][1217172136ms] GC(15111) Pause Full (Heap Dump Initiated GC)
[2021-05-25T16:02:21.736-0400][1217172139ms] GC(15111) Phase 1: Mark live objects
[2021-05-25T16:02:21.810-0400][1217172213ms] GC(15111) Cleaned string and symbol table, strings: 75640 processed, 7979 removed, symbols: 350185 processed, 40 removed
[2021-05-25T16:02:21.810-0400][1217172213ms] GC(15111) Phase 1: Mark live objects 74.184ms
[2021-05-25T16:02:21.810-0400][1217172213ms] GC(15111) Phase 2: Prepare for compaction
[2021-05-25T16:02:21.820-0400][1217172223ms] GC(15111) Phase 2: Prepare for compaction 9.508ms
[2021-05-25T16:02:21.820-0400][1217172223ms] GC(15111) Phase 3: Adjust pointers
[2021-05-25T16:02:21.840-0400][1217172243ms] GC(15111) Phase 3: Adjust pointers 19.887ms
[2021-05-25T16:02:21.840-0400][1217172243ms] GC(15111) Phase 4: Compact heap
[2021-05-25T16:02:21.851-0400][1217172254ms] GC(15111) Phase 4: Compact heap 10.954ms
[2021-05-25T16:02:21.861-0400][1217172264ms] GC(15111) Eden regions: 67->0(307)
[2021-05-25T16:02:21.862-0400][1217172265ms] GC(15111) Survivor regions: 3->0(39)
[2021-05-25T16:02:21.862-0400][1217172265ms] GC(15111) Old regions: 127->77
[2021-05-25T16:02:21.862-0400][1217172265ms] GC(15111) Humongous regions: 18->18
[2021-05-25T16:02:21.862-0400][1217172265ms] GC(15111) Metaspace: 143838K->143542K(1183744K)
[2021-05-25T16:02:21.862-0400][1217172265ms] GC(15111) Pause Full (Heap Dump Initiated GC) 213M->92M(512M) 128.468ms
[2021-05-25T16:02:21.862-0400][1217172265ms] GC(15111) User=0.41s Sys=0.00s Real=0.13s