2018-09-20T14:57:22.095+0300: 6,350: [GC pause (young), 0,1275790 secs]
   [Parallel Time: 97,1 ms, GC Workers: 6]
      [GC Worker Start (ms): Min: 6349,9, Avg: 6353,8, Max: 6355,9, Diff: 6,0]
      [Ext Root Scanning (ms): Min: 18,8, Avg: 23,6, Max: 30,2, Diff: 11,3, Sum: 141,5]
      [Update RS (ms): Min: 0,0, Avg: 0,0, Max: 0,2, Diff: 0,2, Sum: 0,2]
         [Processed Buffers: Min: 0, Avg: 13,7, Max: 82, Diff: 82, Sum: 82]
      [Scan RS (ms): Min: 0,0, Avg: 0,0, Max: 0,2, Diff: 0,2, Sum: 0,3]
      [Code Root Scanning (ms): Min: 0,0, Avg: 0,0, Max: 0,1, Diff: 0,1, Sum: 0,1]
      [Object Copy (ms): Min: 53,1, Avg: 57,9, Max: 68,2, Diff: 15,2, Sum: 347,5]
      [Termination (ms): Min: 0,0, Avg: 11,5, Max: 13,9, Diff: 13,9, Sum: 69,1]
      [GC Worker Other (ms): Min: 0,0, Avg: 0,0, Max: 0,0, Diff: 0,0, Sum: 0,1]
      [GC Worker Total (ms): Min: 91,0, Avg: 93,2, Max: 97,0, Diff: 6,0, Sum: 559,0]
      [GC Worker End (ms): Min: 6446,9, Avg: 6446,9, Max: 6446,9, Diff: 0,0]
   [Code Root Fixup: 0,1 ms]
   [Code Root Migration: 0,2 ms]
   [Clear CT: 0,5 ms]
   [Other: 29,7 ms]
      [Choose CSet: 0,0 ms]
      [Ref Proc: 28,8 ms]
      [Ref Enq: 0,5 ms]
      [Free CSet: 0,2 ms]
   [Eden: 306,0M(306,0M)->0,0B(266,0M) Survivors: 0,0B->40,0M Heap: 306,0M(6144,0M)->57,7M(6144,0M)]
 [Times: user=0,25 sys=0,05, real=0,12 secs]