[2021-03-13T03:37:40.047+0530][79853115ms] GC(8645) Pause Young (Concurrent Start) (G1 Evacuation Pause)
[2021-03-13T03:37:40.047+0530][79853115ms] GC(8645) Using 8 workers of 8 for evacuation
[2021-03-13T03:37:40.051+0530][79853119ms] GC(8645) To-space exhausted
[2021-03-13T03:37:40.051+0530][79853119ms] GC(8645)   Pre Evacuate Collection Set: 0.3ms
[2021-03-13T03:37:40.051+0530][79853119ms] GC(8645)   Evacuate Collection Set: 1.6ms
[2021-03-13T03:37:40.051+0530][79853119ms] GC(8645)   Post Evacuate Collection Set: 1.1ms
[2021-03-13T03:37:40.051+0530][79853119ms] GC(8645)   Other: 0.4ms
[2021-03-13T03:37:40.051+0530][79853119ms] GC(8645) Eden regions: 2->0(102)
[2021-03-13T03:37:40.051+0530][79853119ms] GC(8645) Survivor regions: 0->0(13)
[2021-03-13T03:37:40.051+0530][79853119ms] GC(8645) Old regions: 2028->2030
[2021-03-13T03:37:40.051+0530][79853119ms] GC(8645) Humongous regions: 18->18
[2021-03-13T03:37:40.051+0530][79853119ms] GC(8645) Metaspace: 214096K->214096K(739328K)
[2021-03-13T03:37:40.051+0530][79853119ms] GC(8645) Pause Young (Concurrent Start) (G1 Evacuation Pause) 8186M->8186M(8192M) 3.471ms
[2021-03-13T03:37:40.051+0530][79853119ms] GC(8645) User=0.01s Sys=0.00s Real=0.00s