2016-10-18T15:01:54.616-0200: 785,047: [GC pause (young)
Desired survivor size 360710144 bytes, new threshold 15 (max 15)
, 0,73936800 secs]
   [Parallel Time: 389,9 ms]
      [GC Worker Start (ms):  785047,6  785047,7  785048,6  785049,7  785048,7  785048,7  785048,7  785048,7  785048,7  785048,7  785048,7  785049,7  785049,1
       Avg: 785048,7, Min: 785047,6, Max: 785049,7, Diff:   2,0]
      [Ext Root Scanning (ms):  27,4  33,8  26,4  24,8  28,6  19,5  28,4  8,9  18,9  31,9  29,6  28,0  28,1
       Avg:  25,7, Min:   8,9, Max:  33,8, Diff:  25,0]
      [Update RS (ms):  0,3  0,0  0,0  0,0  0,0  0,0  0,0  0,0  0,0  0,0  0,0  0,0  0,0
       Avg:   0,0, Min:   0,0, Max:   0,3, Diff:   0,3]
         [Processed Buffers : 80 0 0 0 0 0 0 0 0 0 0 0 0
          Sum: 80, Avg: 6, Min: 0, Max: 80, Diff: 80]
      [Scan RS (ms):  1,4  0,1  0,0  0,6  0,0  0,1  0,1  0,0  0,1  0,1  0,1  0,0  0,5
       Avg:   0,3, Min:   0,0, Max:   1,4, Diff:   1,4]
      [Object Copy (ms):  328,2  321,3  329,2  327,0  328,6  335,1  259,6  315,2  335,1  320,4  328,4  325,6  325,8
       Avg: 321,5, Min: 259,6, Max: 335,1, Diff:  75,5]
      [Termination (ms):  29,7  32,2  28,4  32,4  28,2  30,4  97,6  61,3  30,5  31,8  26,8  31,3  31,6
       Avg:  37,9, Min:  26,8, Max:  97,6, Diff:  70,9]
         [Termination Attempts : 12227 13763 10807 13005 12591 12862 5772 6650 12215 12632 11877 13815 12043
          Sum: 150259, Avg: 11558, Min: 5772, Max: 13815, Diff: 8043]
      [GC Worker End (ms):  785434,8  785435,1  785434,8  785435,5  785434,8  785434,8  785435,6  785435,1  785435,1  785435,5  785434,8  785434,9  785435,1
       Avg: 785435,1, Min: 785434,8, Max: 785435,6, Diff:   0,8]
      [GC Worker (ms):  387,2  387,4  386,2  385,9  386,1  386,2  386,9  386,4  386,4  386,8  386,1  385,2  386,1
       Avg: 386,4, Min: 385,2, Max: 387,4, Diff:   2,2]
      [GC Worker Other (ms):  2,8  2,4  5,8  5,0  4,4  4,8  4,1  4,4  5,3  5,6  4,9  4,9  3,8
       Avg:   4,5, Min:   2,4, Max:   5,8, Diff:   3,3]
   [Clear CT:   1,9 ms]
   [Other: 347,6 ms]
      [Choose CSet:   0,2 ms]
      [Ref Proc: 335,1 ms]
      [Ref Enq:   7,4 ms]
      [Free CSet:   3,8 ms]
   [Eden: 4096M(4096M)->0B(3528M) Survivors: 0B->568M Heap: 4096M(16384M)->567M(16384M)]
 [Times: user=4,42 sys=0,38, real=0,74 secs]