[0.010s][info][gc] Using G1
[0.096s][info][gc] GC(0) Pause Young (Normal) (G1 Evacuation Pause) 0M->0M(2M) 3.825ms
[0.146s][info][gc] GC(1) Pause Young (Normal) (G1 Evacuation Pause) 1M->0M(4M) 2.168ms
[0.190s][info][gc] GC(2) Pause Young (Normal) (G1 Evacuation Pause) 1M->1M(4M) 1.021ms
[0.201s][info][gc] GC(3) Pause Young (Normal) (G1 Evacuation Pause) 2M->1M(4M) 0.903ms
[0.236s][info][gc] GC(4) Pause Young (Normal) (G1 Evacuation Pause) 2M->2M(7M) 1.691ms
[0.273s][info][gc] GC(5) Pause Young (Normal) (G1 Evacuation Pause) 3M->2M(7M) 1.452ms
[0.304s][info][gc] GC(6) Pause Young (Normal) (G1 Evacuation Pause) 3M->2M(7M) 0.717ms
[0.343s][info][gc] GC(7) Pause Young (Normal) (G1 Evacuation Pause) 3M->3M(7M) 1.373ms
[0.373s][info][gc] GC(8) Pause Young (Normal) (G1 Evacuation Pause) 4M->3M(7M) 1.451ms
[0.388s][info][gc] GC(9) Pause Young (Normal) (G1 Evacuation Pause) 4M->3M(9M) 1.905ms
[0.400s][info][gc] GC(10) Pause Young (Normal) (G1 Evacuation Pause) 4M->3M(9M) 0.968ms
[0.407s][info][gc] GC(11) Pause Young (Normal) (G1 Evacuation Pause) 4M->3M(9M) 1.270ms
[0.416s][info][gc] GC(12) Pause Young (Normal) (G1 Evacuation Pause) 4M->3M(9M) 1.438ms
[0.430s][info][gc] GC(13) Pause Young (Normal) (G1 Evacuation Pause) 5M->3M(12M) 1.374ms
[0.442s][info][gc] GC(14) Pause Young (Normal) (G1 Evacuation Pause) 5M->3M(12M) 1.833ms
[0.454s][info][gc] GC(15) Pause Young (Normal) (G1 Evacuation Pause) 5M->3M(12M) 1.782ms
[0.470s][info][gc] GC(16) Pause Young (Normal) (G1 Evacuation Pause) 6M->3M(12M) 3.219ms
[0.490s][info][gc] GC(17) Pause Young (Normal) (G1 Evacuation Pause) 6M->3M(22M) 2.978ms
[0.529s][info][gc] GC(18) Pause Young (Normal) (G1 Evacuation Pause) 10M->3M(22M) 3.311ms
[0.567s][info][gc] GC(19) Pause Young (Normal) (G1 Evacuation Pause) 11M->3M(22M) 3.289ms
[0.605s][info][gc] GC(20) Pause Young (Normal) (G1 Evacuation Pause) 12M->3M(22M) 3.169ms
[0.649s][info][gc] GC(21) Pause Young (Normal) (G1 Evacuation Pause) 12M->3M(31M) 2.205ms
[0.681s][info][gc] GC(22) Pause Young (Normal) (G1 Evacuation Pause) 16M->3M(31M) 2.089ms
[0.703s][info][gc] GC(23) Pause Young (Normal) (G1 Evacuation Pause) 17M->3M(31M) 0.915ms
[0.731s][info][gc] GC(24) Pause Young (Normal) (G1 Evacuation Pause) 19M->3M(31M) 1.748ms
[0.751s][info][gc] GC(25) Pause Young (Normal) (G1 Evacuation Pause) 20M->3M(31M) 0.424ms
[0.765s][info][gc] GC(26) Pause Young (Normal) (G1 Evacuation Pause) 20M->3M(31M) 0.645ms
[0.778s][info][gc] GC(27) Pause Young (Normal) (G1 Evacuation Pause) 20M->3M(31M) 0.456ms
[0.790s][info][gc] GC(28) Pause Young (Normal) (G1 Evacuation Pause) 20M->3M(31M) 0.663ms
[0.812s][info][gc] GC(29) Pause Young (Normal) (G1 Evacuation Pause) 20M->3M(31M) 0.703ms
[0.823s][info][gc] GC(30) Pause Young (Normal) (G1 Evacuation Pause) 20M->3M(31M) 0.422ms
[0.836s][info][gc] GC(31) Pause Young (Normal) (G1 Evacuation Pause) 20M->3M(31M) 0.766ms
[0.849s][info][gc] GC(32) Pause Young (Normal) (G1 Evacuation Pause) 20M->3M(31M) 0.756ms
[0.862s][info][gc] GC(33) Pause Young (Normal) (G1 Evacuation Pause) 20M->3M(31M) 0.657ms
[0.878s][info][gc] GC(34) Pause Young (Normal) (G1 Evacuation Pause) 20M->3M(31M) 0.681ms
[0.892s][info][gc] GC(35) Pause Young (Normal) (G1 Evacuation Pause) 20M->3M(31M) 0.655ms
[0.914s][info][gc] GC(36) Pause Young (Normal) (G1 Evacuation Pause) 20M->3M(31M) 0.698ms
[0.925s][info][gc] GC(37) Pause Young (Normal) (G1 Evacuation Pause) 20M->3M(31M) 0.541ms
[0.948s][info][gc] GC(38) Pause Young (Normal) (G1 Evacuation Pause) 20M->3M(31M) 0.944ms
[0.960s][info][gc] GC(39) Pause Young (Normal) (G1 Evacuation Pause) 20M->3M(31M) 0.615ms
[0.971s][info][gc] GC(40) Pause Young (Normal) (G1 Evacuation Pause) 20M->3M(31M) 0.555ms
[0.983s][info][gc] GC(41) Pause Young (Normal) (G1 Evacuation Pause) 20M->3M(31M) 0.672ms
[0.994s][info][gc] GC(42) Pause Young (Normal) (G1 Evacuation Pause) 20M->3M(31M) 0.547ms
[1.005s][info][gc] GC(43) Pause Young (Normal) (G1 Evacuation Pause) 20M->3M(31M) 0.645ms
[1.016s][info][gc] GC(44) Pause Young (Normal) (G1 Evacuation Pause) 20M->3M(31M) 0.629ms
[1.027s][info][gc] GC(45) Pause Young (Normal) (G1 Evacuation Pause) 20M->3M(31M) 0.678ms
[1.038s][info][gc] GC(46) Pause Young (Normal) (G1 Evacuation Pause) 20M->3M(31M) 0.582ms
[1.049s][info][gc] GC(47) Pause Young (Normal) (G1 Evacuation Pause) 20M->3M(31M) 0.607ms
[1.067s][info][gc] GC(48) Pause Young (Normal) (G1 Evacuation Pause) 20M->3M(31M) 2.023ms
[1.080s][info][gc] GC(49) Pause Young (Normal) (G1 Evacuation Pause) 20M->3M(31M) 0.531ms
[1.091s][info][gc] GC(50) Pause Young (Normal) (G1 Evacuation Pause) 20M->3M(31M) 0.512ms
[1.109s][info][gc] GC(51) Pause Young (Normal) (G1 Evacuation Pause) 20M->3M(31M) 0.487ms
[1.129s][info][gc] GC(52) Pause Young (Normal) (G1 Evacuation Pause) 20M->3M(31M) 0.448ms
[1.140s][info][gc] GC(53) Pause Young (Normal) (G1 Evacuation Pause) 20M->3M(31M) 0.449ms
[1.152s][info][gc] GC(54) Pause Young (Normal) (G1 Evacuation Pause) 20M->3M(31M) 0.553ms
[1.164s][info][gc] GC(55) Pause Young (Normal) (G1 Evacuation Pause) 20M->3M(31M) 0.565ms
[1.175s][info][gc] GC(56) Pause Young (Normal) (G1 Evacuation Pause) 20M->3M(31M) 1.232ms
[1.186s][info][gc] GC(57) Pause Young (Normal) (G1 Evacuation Pause) 20M->3M(31M) 0.463ms
[1.196s][info][gc] GC(58) Pause Young (Normal) (G1 Evacuation Pause) 20M->3M(31M) 0.443ms
[1.208s][info][gc] GC(59) Pause Young (Normal) (G1 Evacuation Pause) 20M->3M(31M) 0.508ms
[1.221s][info][gc] GC(60) Pause Young (Normal) (G1 Evacuation Pause) 20M->3M(31M) 0.484ms
[1.237s][info][gc] GC(61) Pause Young (Normal) (G1 Evacuation Pause) 20M->3M(31M) 0.753ms
[1.254s][info][gc] GC(62) Pause Young (Normal) (G1 Evacuation Pause) 20M->3M(31M) 1.595ms
[1.267s][info][gc] GC(63) Pause Young (Normal) (G1 Evacuation Pause) 20M->3M(31M) 0.544ms
[1.280s][info][gc] GC(64) Pause Young (Normal) (G1 Evacuation Pause) 20M->3M(31M) 0.444ms
[1.291s][info][gc] GC(65) Pause Young (Normal) (G1 Evacuation Pause) 20M->3M(31M) 0.447ms
[1.301s][info][gc] GC(66) Pause Young (Normal) (G1 Evacuation Pause) 20M->3M(31M) 0.423ms
[1.316s][info][gc] GC(67) Pause Young (Normal) (G1 Evacuation Pause) 20M->3M(31M) 0.570ms
[1.328s][info][gc] GC(68) Pause Young (Normal) (G1 Evacuation Pause) 20M->3M(31M) 0.552ms
[1.341s][info][gc] GC(69) Pause Young (Normal) (G1 Evacuation Pause) 20M->3M(31M) 0.571ms
[1.354s][info][gc] GC(70) Pause Young (Normal) (G1 Evacuation Pause) 20M->3M(31M) 0.462ms
[1.365s][info][gc] GC(71) Pause Young (Normal) (G1 Evacuation Pause) 20M->4M(31M) 0.448ms
[1.377s][info][gc] GC(72) Pause Young (Normal) (G1 Evacuation Pause) 21M->4M(31M) 0.464ms
[1.388s][info][gc] GC(73) Pause Young (Normal) (G1 Evacuation Pause) 21M->4M(31M) 0.462ms
[1.400s][info][gc] GC(74) Pause Young (Normal) (G1 Evacuation Pause) 21M->4M(31M) 0.471ms
[1.410s][info][gc] GC(75) Pause Young (Normal) (G1 Evacuation Pause) 21M->4M(31M) 0.437ms
[1.422s][info][gc] GC(76) Pause Young (Normal) (G1 Evacuation Pause) 21M->4M(31M) 0.448ms
[1.433s][info][gc] GC(77) Pause Young (Normal) (G1 Evacuation Pause) 21M->4M(31M) 0.419ms
[1.451s][info][gc] GC(78) Pause Young (Normal) (G1 Evacuation Pause) 21M->4M(31M) 0.496ms
[1.466s][info][gc] GC(79) Pause Young (Normal) (G1 Evacuation Pause) 21M->4M(31M) 0.624ms
[1.479s][info][gc] GC(80) Pause Young (Normal) (G1 Evacuation Pause) 21M->4M(31M) 0.535ms
[1.493s][info][gc] GC(81) Pause Young (Normal) (G1 Evacuation Pause) 21M->4M(31M) 0.552ms
[1.509s][info][gc] GC(82) Pause Young (Normal) (G1 Evacuation Pause) 21M->4M(31M) 0.568ms
[1.526s][info][gc] GC(83) Pause Young (Normal) (G1 Evacuation Pause) 21M->4M(31M) 0.526ms
[1.544s][info][gc] GC(84) Pause Young (Normal) (G1 Evacuation Pause) 21M->4M(31M) 1.265ms
[1.563s][info][gc] GC(85) Pause Young (Normal) (G1 Evacuation Pause) 21M->4M(31M) 1.130ms
[1.578s][info][gc] GC(86) Pause Young (Normal) (G1 Evacuation Pause) 21M->4M(31M) 1.218ms
[1.591s][info][gc] GC(87) Pause Young (Normal) (G1 Evacuation Pause) 21M->4M(31M) 0.518ms
[1.606s][info][gc] GC(88) Pause Young (Normal) (G1 Evacuation Pause) 21M->4M(31M) 1.532ms
[1.619s][info][gc] GC(89) Pause Young (Normal) (G1 Evacuation Pause) 21M->4M(31M) 0.791ms
[1.634s][info][gc] GC(90) Pause Young (Normal) (G1 Evacuation Pause) 21M->4M(31M) 1.571ms
[1.647s][info][gc] GC(91) Pause Young (Normal) (G1 Evacuation Pause) 21M->4M(31M) 0.624ms
[1.661s][info][gc] GC(92) Pause Young (Normal) (G1 Evacuation Pause) 21M->4M(31M) 1.184ms
[1.677s][info][gc] GC(93) Pause Young (Normal) (G1 Evacuation Pause) 21M->4M(31M) 1.671ms
[1.690s][info][gc] GC(94) Pause Young (Normal) (G1 Evacuation Pause) 21M->4M(33M) 0.731ms
[1.705s][info][gc] GC(95) Pause Young (Normal) (G1 Evacuation Pause) 22M->4M(33M) 0.509ms
[1.716s][info][gc] GC(96) Pause Young (Normal) (G1 Evacuation Pause) 22M->4M(33M) 0.592ms
[1.728s][info][gc] GC(97) Pause Young (Normal) (G1 Evacuation Pause) 22M->4M(33M) 0.554ms
[1.739s][info][gc] GC(98) Pause Young (Normal) (G1 Evacuation Pause) 22M->4M(33M) 0.488ms
[1.751s][info][gc] GC(99) Pause Young (Normal) (G1 Evacuation Pause) 22M->4M(33M) 0.559ms
[1.762s][info][gc] GC(100) Pause Young (Normal) (G1 Evacuation Pause) 22M->4M(33M) 0.561ms
[1.773s][info][gc] GC(101) Pause Young (Normal) (G1 Evacuation Pause) 22M->4M(33M) 0.501ms
[1.785s][info][gc] GC(102) Pause Young (Normal) (G1 Evacuation Pause) 22M->4M(33M) 0.565ms
[1.797s][info][gc] GC(103) Pause Young (Normal) (G1 Evacuation Pause) 22M->4M(33M) 0.568ms
[1.811s][info][gc] GC(104) Pause Young (Normal) (G1 Evacuation Pause) 22M->4M(33M) 0.835ms
[1.826s][info][gc] GC(105) Pause Young (Normal) (G1 Evacuation Pause) 22M->4M(33M) 0.672ms
[1.840s][info][gc] GC(106) Pause Young (Normal) (G1 Evacuation Pause) 22M->4M(33M) 0.708ms
[1.854s][info][gc] GC(107) Pause Young (Normal) (G1 Evacuation Pause) 22M->4M(33M) 0.630ms
[1.868s][info][gc] GC(108) Pause Young (Normal) (G1 Evacuation Pause) 22M->4M(33M) 0.618ms
[1.883s][info][gc] GC(109) Pause Young (Normal) (G1 Evacuation Pause) 22M->4M(33M) 1.489ms
[1.901s][info][gc] GC(110) Pause Young (Normal) (G1 Evacuation Pause) 22M->4M(33M) 1.164ms
[1.915s][info][gc] GC(111) Pause Young (Normal) (G1 Evacuation Pause) 22M->4M(33M) 0.436ms
[1.927s][info][gc] GC(112) Pause Young (Normal) (G1 Evacuation Pause) 22M->4M(33M) 0.435ms
[1.939s][info][gc] GC(113) Pause Young (Normal) (G1 Evacuation Pause) 22M->4M(33M) 0.460ms
[1.951s][info][gc] GC(114) Pause Young (Normal) (G1 Evacuation Pause) 22M->4M(33M) 0.457ms
[1.963s][info][gc] GC(115) Pause Young (Normal) (G1 Evacuation Pause) 22M->4M(33M) 0.472ms
[1.975s][info][gc] GC(116) Pause Young (Normal) (G1 Evacuation Pause) 22M->4M(33M) 1.145ms
[1.987s][info][gc] GC(117) Pause Young (Normal) (G1 Evacuation Pause) 22M->4M(33M) 0.804ms
[2.000s][info][gc] GC(118) Pause Young (Normal) (G1 Evacuation Pause) 22M->4M(33M) 0.768ms
[2.011s][info][gc] GC(119) Pause Young (Normal) (G1 Evacuation Pause) 22M->4M(33M) 0.524ms
[2.023s][info][gc] GC(120) Pause Young (Normal) (G1 Evacuation Pause) 22M->4M(33M) 0.552ms
[2.034s][info][gc] GC(121) Pause Young (Normal) (G1 Evacuation Pause) 22M->4M(33M) 0.583ms
[2.045s][info][gc] GC(122) Pause Young (Normal) (G1 Evacuation Pause) 22M->4M(33M) 0.592ms
[2.057s][info][gc] GC(123) Pause Young (Normal) (G1 Evacuation Pause) 22M->4M(33M) 0.669ms
[2.069s][info][gc] GC(124) Pause Young (Normal) (G1 Evacuation Pause) 22M->4M(33M) 0.616ms
[2.081s][info][gc] GC(125) Pause Young (Normal) (G1 Evacuation Pause) 22M->4M(33M) 0.576ms
[2.092s][info][gc] GC(126) Pause Young (Normal) (G1 Evacuation Pause) 22M->4M(33M) 0.595ms
[2.103s][info][gc] GC(127) Pause Young (Normal) (G1 Evacuation Pause) 22M->4M(33M) 0.582ms
[2.116s][info][gc] GC(128) Pause Young (Normal) (G1 Evacuation Pause) 22M->4M(33M) 0.656ms
[2.130s][info][gc] GC(129) Pause Young (Normal) (G1 Evacuation Pause) 22M->4M(33M) 0.612ms
[2.142s][info][gc] GC(130) Pause Young (Normal) (G1 Evacuation Pause) 22M->4M(33M) 0.642ms
[2.153s][info][gc] GC(131) Pause Young (Normal) (G1 Evacuation Pause) 22M->4M(33M) 0.583ms
[2.166s][info][gc] GC(132) Pause Young (Normal) (G1 Evacuation Pause) 22M->4M(33M) 1.268ms
[2.177s][info][gc] GC(133) Pause Young (Normal) (G1 Evacuation Pause) 22M->4M(33M) 0.616ms
[2.188s][info][gc] GC(134) Pause Young (Normal) (G1 Evacuation Pause) 22M->4M(33M) 0.625ms
[2.199s][info][gc] GC(135) Pause Young (Normal) (G1 Evacuation Pause) 22M->4M(33M) 0.484ms
[2.211s][info][gc] GC(136) Pause Young (Normal) (G1 Evacuation Pause) 22M->4M(33M) 0.602ms
[2.222s][info][gc] GC(137) Pause Young (Normal) (G1 Evacuation Pause) 22M->4M(33M) 0.621ms
[2.234s][info][gc] GC(138) Pause Young (Normal) (G1 Evacuation Pause) 22M->4M(33M) 0.613ms
[2.245s][info][gc] GC(139) Pause Young (Normal) (G1 Evacuation Pause) 22M->4M(33M) 0.590ms
[2.258s][info][gc] GC(140) Pause Young (Normal) (G1 Evacuation Pause) 22M->4M(33M) 0.586ms
[2.270s][info][gc] GC(141) Pause Young (Normal) (G1 Evacuation Pause) 22M->5M(33M) 0.599ms
[2.285s][info][gc] GC(142) Pause Young (Normal) (G1 Evacuation Pause) 23M->5M(33M) 0.521ms
[2.298s][info][gc] GC(143) Pause Young (Normal) (G1 Evacuation Pause) 23M->5M(33M) 0.464ms
[2.315s][info][gc] GC(144) Pause Young (Normal) (G1 Evacuation Pause) 23M->5M(33M) 0.470ms
[2.326s][info][gc] GC(145) Pause Young (Normal) (G1 Evacuation Pause) 23M->5M(33M) 0.437ms
[2.341s][info][gc] GC(146) Pause Young (Normal) (G1 Evacuation Pause) 23M->5M(33M) 0.518ms
[2.362s][info][gc] GC(147) Pause Young (Normal) (G1 Evacuation Pause) 23M->5M(33M) 0.605ms
[2.383s][info][gc] GC(148) Pause Young (Normal) (G1 Evacuation Pause) 23M->5M(33M) 0.601ms
[2.408s][info][gc] GC(149) Pause Young (Normal) (G1 Evacuation Pause) 23M->5M(33M) 1.691ms
[2.430s][info][gc] GC(150) Pause Young (Normal) (G1 Evacuation Pause) 23M->5M(33M) 0.488ms
[2.454s][info][gc] GC(151) Pause Young (Normal) (G1 Evacuation Pause) 23M->5M(33M) 0.767ms
[2.469s][info][gc] GC(152) Pause Young (Normal) (G1 Evacuation Pause) 23M->5M(33M) 0.597ms
[2.485s][info][gc] GC(153) Pause Young (Normal) (G1 Evacuation Pause) 23M->5M(33M) 0.699ms
[2.501s][info][gc] GC(154) Pause Young (Normal) (G1 Evacuation Pause) 23M->5M(33M) 1.356ms
[2.516s][info][gc] GC(155) Pause Young (Normal) (G1 Evacuation Pause) 23M->5M(33M) 0.728ms
[2.531s][info][gc] GC(156) Pause Young (Normal) (G1 Evacuation Pause) 23M->5M(33M) 0.534ms
[2.545s][info][gc] GC(157) Pause Young (Normal) (G1 Evacuation Pause) 23M->5M(33M) 0.564ms
[2.559s][info][gc] GC(158) Pause Young (Normal) (G1 Evacuation Pause) 23M->5M(33M) 0.571ms
[2.573s][info][gc] GC(159) Pause Young (Normal) (G1 Evacuation Pause) 23M->5M(33M) 0.588ms
[2.588s][info][gc] GC(160) Pause Young (Normal) (G1 Evacuation Pause) 23M->5M(33M) 0.744ms
[2.602s][info][gc] GC(161) Pause Young (Normal) (G1 Evacuation Pause) 23M->5M(33M) 0.664ms
[2.617s][info][gc] GC(162) Pause Young (Normal) (G1 Evacuation Pause) 23M->5M(33M) 1.140ms
[2.631s][info][gc] GC(163) Pause Young (Normal) (G1 Evacuation Pause) 23M->5M(33M) 0.702ms
[2.646s][info][gc] GC(164) Pause Young (Normal) (G1 Evacuation Pause) 23M->5M(33M) 0.885ms
[2.661s][info][gc] GC(165) Pause Young (Normal) (G1 Evacuation Pause) 23M->5M(33M) 0.779ms
[2.678s][info][gc] GC(166) Pause Young (Normal) (G1 Evacuation Pause) 23M->5M(33M) 0.743ms
[2.692s][info][gc] GC(167) Pause Young (Normal) (G1 Evacuation Pause) 23M->5M(33M) 0.486ms
[2.704s][info][gc] GC(168) Pause Young (Normal) (G1 Evacuation Pause) 23M->5M(33M) 0.454ms
[2.716s][info][gc] GC(169) Pause Young (Normal) (G1 Evacuation Pause) 23M->5M(33M) 0.552ms
[2.729s][info][gc] GC(170) Pause Young (Normal) (G1 Evacuation Pause) 23M->5M(33M) 0.552ms
[2.743s][info][gc] GC(171) Pause Young (Normal) (G1 Evacuation Pause) 23M->5M(33M) 0.726ms
[2.764s][info][gc] GC(172) Pause Young (Normal) (G1 Evacuation Pause) 23M->5M(33M) 0.651ms
[2.786s][info][gc] GC(173) Pause Young (Normal) (G1 Evacuation Pause) 23M->5M(33M) 0.511ms
[2.807s][info][gc] GC(174) Pause Young (Normal) (G1 Evacuation Pause) 23M->5M(33M) 0.517ms
[2.828s][info][gc] GC(175) Pause Young (Normal) (G1 Evacuation Pause) 23M->5M(33M) 0.962ms
[2.849s][info][gc] GC(176) Pause Young (Normal) (G1 Evacuation Pause) 23M->5M(33M) 0.469ms
[2.870s][info][gc] GC(177) Pause Young (Normal) (G1 Evacuation Pause) 23M->5M(33M) 0.493ms
[2.889s][info][gc] GC(178) Pause Young (Normal) (G1 Evacuation Pause) 23M->5M(33M) 0.490ms
[2.900s][info][gc] GC(179) Pause Young (Normal) (G1 Evacuation Pause) 23M->5M(33M) 0.407ms
[2.912s][info][gc] GC(180) Pause Young (Normal) (G1 Evacuation Pause) 23M->5M(33M) 0.458ms
[2.923s][info][gc] GC(181) Pause Young (Normal) (G1 Evacuation Pause) 23M->5M(33M) 0.398ms
[2.934s][info][gc] GC(182) Pause Young (Normal) (G1 Evacuation Pause) 23M->5M(33M) 0.413ms
[2.947s][info][gc] GC(183) Pause Young (Normal) (G1 Evacuation Pause) 23M->5M(33M) 0.735ms
[2.961s][info][gc] GC(184) Pause Young (Normal) (G1 Evacuation Pause) 23M->5M(33M) 0.741ms
[2.975s][info][gc] GC(185) Pause Young (Normal) (G1 Evacuation Pause) 23M->5M(33M) 0.544ms
[2.987s][info][gc] GC(186) Pause Young (Normal) (G1 Evacuation Pause) 23M->5M(33M) 1.100ms
[2.999s][info][gc] GC(187) Pause Young (Normal) (G1 Evacuation Pause) 23M->5M(33M) 0.626ms
[3.011s][info][gc] GC(188) Pause Young (Normal) (G1 Evacuation Pause) 23M->5M(33M) 0.665ms
[3.022s][info][gc] GC(189) Pause Young (Normal) (G1 Evacuation Pause) 23M->5M(33M) 0.812ms
[3.034s][info][gc] GC(190) Pause Young (Normal) (G1 Evacuation Pause) 23M->5M(33M) 0.816ms
[3.045s][info][gc] GC(191) Pause Young (Normal) (G1 Evacuation Pause) 23M->5M(33M) 0.739ms
[3.057s][info][gc] GC(192) Pause Young (Normal) (G1 Evacuation Pause) 23M->5M(33M) 0.492ms
[3.079s][info][gc] GC(193) Pause Young (Normal) (G1 Evacuation Pause) 23M->5M(33M) 0.623ms
[3.097s][info][gc] GC(194) Pause Young (Normal) (G1 Evacuation Pause) 23M->5M(33M) 0.537ms
[3.111s][info][gc] GC(195) Pause Young (Normal) (G1 Evacuation Pause) 23M->5M(33M) 0.574ms
[3.139s][info][gc] GC(196) Pause Young (Normal) (G1 Evacuation Pause) 23M->5M(33M) 4.868ms
[3.153s][info][gc] GC(197) Pause Young (Normal) (G1 Evacuation Pause) 23M->5M(33M) 0.820ms
[3.168s][info][gc] GC(198) Pause Young (Normal) (G1 Evacuation Pause) 23M->5M(33M) 0.783ms
[3.182s][info][gc] GC(199) Pause Young (Normal) (G1 Evacuation Pause) 23M->5M(33M) 0.758ms
[3.196s][info][gc] GC(200) Pause Young (Normal) (G1 Evacuation Pause) 23M->5M(33M) 0.828ms
[3.210s][info][gc] GC(201) Pause Young (Normal) (G1 Evacuation Pause) 23M->5M(33M) 0.575ms
[3.225s][info][gc] GC(202) Pause Young (Normal) (G1 Evacuation Pause) 23M->5M(33M) 1.498ms
[3.242s][info][gc] GC(203) Pause Young (Normal) (G1 Evacuation Pause) 23M->5M(33M) 0.833ms
[3.255s][info][gc] GC(204) Pause Young (Normal) (G1 Evacuation Pause) 23M->5M(33M) 0.755ms
[3.270s][info][gc] GC(205) Pause Young (Normal) (G1 Evacuation Pause) 23M->5M(33M) 1.170ms
[3.285s][info][gc] GC(206) Pause Young (Normal) (G1 Evacuation Pause) 23M->5M(33M) 0.616ms
[3.299s][info][gc] GC(207) Pause Young (Normal) (G1 Evacuation Pause) 23M->5M(33M) 0.588ms
[3.313s][info][gc] GC(208) Pause Young (Normal) (G1 Evacuation Pause) 23M->5M(33M) 0.572ms
[3.327s][info][gc] GC(209) Pause Young (Normal) (G1 Evacuation Pause) 23M->5M(33M) 0.599ms
[3.345s][info][gc] GC(210) Pause Young (Normal) (G1 Evacuation Pause) 23M->5M(33M) 0.565ms
[3.360s][info][gc] GC(211) Pause Young (Normal) (G1 Evacuation Pause) 23M->6M(33M) 0.597ms
[3.375s][info][gc] GC(212) Pause Young (Normal) (G1 Evacuation Pause) 24M->6M(33M) 0.547ms
[3.391s][info][gc] GC(213) Pause Young (Normal) (G1 Evacuation Pause) 24M->6M(33M) 0.526ms
[3.407s][info][gc] GC(214) Pause Young (Normal) (G1 Evacuation Pause) 24M->6M(33M) 0.504ms
[3.420s][info][gc] GC(215) Pause Young (Normal) (G1 Evacuation Pause) 24M->6M(33M) 0.444ms
[3.432s][info][gc] GC(216) Pause Young (Normal) (G1 Evacuation Pause) 24M->6M(33M) 0.462ms
[3.444s][info][gc] GC(217) Pause Young (Normal) (G1 Evacuation Pause) 24M->6M(33M) 0.523ms
[3.461s][info][gc] GC(218) Pause Young (Normal) (G1 Evacuation Pause) 24M->6M(33M) 0.552ms
[3.475s][info][gc] GC(219) Pause Young (Normal) (G1 Evacuation Pause) 24M->6M(33M) 0.545ms
[3.488s][info][gc] GC(220) Pause Young (Normal) (G1 Evacuation Pause) 24M->6M(33M) 0.557ms
[3.502s][info][gc] GC(221) Pause Young (Normal) (G1 Evacuation Pause) 24M->6M(33M) 0.590ms
[3.516s][info][gc] GC(222) Pause Young (Normal) (G1 Evacuation Pause) 24M->6M(33M) 0.617ms
[3.531s][info][gc] GC(223) Pause Young (Normal) (G1 Evacuation Pause) 24M->6M(33M) 0.580ms
[3.548s][info][gc] GC(224) Pause Young (Normal) (G1 Evacuation Pause) 24M->6M(33M) 0.725ms
[3.566s][info][gc] GC(225) Pause Young (Normal) (G1 Evacuation Pause) 24M->6M(33M) 1.278ms
[3.580s][info][gc] GC(226) Pause Young (Normal) (G1 Evacuation Pause) 24M->6M(33M) 0.669ms
[3.597s][info][gc] GC(227) Pause Young (Normal) (G1 Evacuation Pause) 24M->6M(33M) 0.574ms
[3.614s][info][gc] GC(228) Pause Young (Normal) (G1 Evacuation Pause) 24M->6M(33M) 0.646ms
[3.629s][info][gc] GC(229) Pause Young (Normal) (G1 Evacuation Pause) 24M->6M(33M) 0.863ms
[3.645s][info][gc] GC(230) Pause Young (Normal) (G1 Evacuation Pause) 24M->6M(33M) 0.572ms
[3.659s][info][gc] GC(231) Pause Young (Normal) (G1 Evacuation Pause) 24M->6M(33M) 0.593ms
[3.674s][info][gc] GC(232) Pause Young (Normal) (G1 Evacuation Pause) 24M->6M(33M) 1.490ms
[3.689s][info][gc] GC(233) Pause Young (Normal) (G1 Evacuation Pause) 24M->6M(33M) 1.449ms
[3.701s][info][gc] GC(234) Pause Young (Normal) (G1 Evacuation Pause) 24M->6M(33M) 0.480ms
[3.712s][info][gc] GC(235) Pause Young (Normal) (G1 Evacuation Pause) 24M->6M(33M) 0.407ms
[3.723s][info][gc] GC(236) Pause Young (Normal) (G1 Evacuation Pause) 24M->6M(33M) 0.419ms
[3.734s][info][gc] GC(237) Pause Young (Normal) (G1 Evacuation Pause) 24M->6M(33M) 0.430ms
[3.745s][info][gc] GC(238) Pause Young (Normal) (G1 Evacuation Pause) 24M->6M(33M) 0.438ms
[3.758s][info][gc] GC(239) Pause Young (Normal) (G1 Evacuation Pause) 24M->6M(33M) 0.441ms
[3.769s][info][gc] GC(240) Pause Young (Normal) (G1 Evacuation Pause) 24M->6M(33M) 0.414ms
[3.781s][info][gc] GC(241) Pause Young (Normal) (G1 Evacuation Pause) 24M->6M(33M) 0.429ms
[3.792s][info][gc] GC(242) Pause Young (Normal) (G1 Evacuation Pause) 24M->6M(33M) 0.401ms
[3.806s][info][gc] GC(243) Pause Young (Normal) (G1 Evacuation Pause) 24M->6M(33M) 0.522ms
[3.818s][info][gc] GC(244) Pause Young (Normal) (G1 Evacuation Pause) 24M->6M(33M) 0.441ms
[3.829s][info][gc] GC(245) Pause Young (Normal) (G1 Evacuation Pause) 24M->6M(33M) 0.423ms
[3.841s][info][gc] GC(246) Pause Young (Normal) (G1 Evacuation Pause) 24M->6M(33M) 0.454ms
[3.852s][info][gc] GC(247) Pause Young (Normal) (G1 Evacuation Pause) 24M->6M(33M) 0.498ms
[3.870s][info][gc] GC(248) Pause Young (Normal) (G1 Evacuation Pause) 24M->6M(33M) 1.051ms
[3.885s][info][gc] GC(249) Pause Young (Normal) (G1 Evacuation Pause) 24M->6M(33M) 0.839ms
[3.901s][info][gc] GC(250) Pause Young (Normal) (G1 Evacuation Pause) 24M->6M(33M) 0.785ms
[3.918s][info][gc] GC(251) Pause Young (Normal) (G1 Evacuation Pause) 24M->6M(33M) 0.816ms
[3.934s][info][gc] GC(252) Pause Young (Normal) (G1 Evacuation Pause) 24M->6M(33M) 0.792ms
[3.948s][info][gc] GC(253) Pause Young (Normal) (G1 Evacuation Pause) 24M->6M(33M) 0.690ms
[3.960s][info][gc] GC(254) Pause Young (Normal) (G1 Evacuation Pause) 24M->6M(33M) 0.656ms
[3.973s][info][gc] GC(255) Pause Young (Normal) (G1 Evacuation Pause) 24M->6M(33M) 0.845ms
[3.987s][info][gc] GC(256) Pause Young (Normal) (G1 Evacuation Pause) 24M->6M(33M) 0.832ms
[3.999s][info][gc] GC(257) Pause Young (Normal) (G1 Evacuation Pause) 24M->6M(33M) 0.661ms
[4.011s][info][gc] GC(258) Pause Young (Normal) (G1 Evacuation Pause) 24M->6M(33M) 0.642ms
[4.023s][info][gc] GC(259) Pause Young (Normal) (G1 Evacuation Pause) 24M->7M(33M) 0.872ms
[4.035s][info][gc] GC(260) Pause Young (Normal) (G1 Evacuation Pause) 25M->7M(33M) 0.659ms
[4.047s][info][gc] GC(261) Pause Young (Normal) (G1 Evacuation Pause) 25M->7M(33M) 0.615ms
[4.060s][info][gc] GC(262) Pause Young (Normal) (G1 Evacuation Pause) 25M->7M(33M) 0.687ms
[4.072s][info][gc] GC(263) Pause Young (Normal) (G1 Evacuation Pause) 25M->7M(33M) 0.801ms
[4.084s][info][gc] GC(264) Pause Young (Normal) (G1 Evacuation Pause) 25M->7M(33M) 0.628ms
[4.096s][info][gc] GC(265) Pause Young (Normal) (G1 Evacuation Pause) 25M->7M(33M) 0.660ms
[4.108s][info][gc] GC(266) Pause Young (Normal) (G1 Evacuation Pause) 25M->7M(33M) 0.779ms
[4.127s][info][gc] GC(267) Pause Young (Normal) (G1 Evacuation Pause) 25M->7M(33M) 0.539ms
[4.139s][info][gc] GC(268) Pause Young (Normal) (G1 Evacuation Pause) 25M->7M(33M) 0.468ms
[4.151s][info][gc] GC(269) Pause Young (Normal) (G1 Evacuation Pause) 25M->7M(33M) 0.442ms
[4.162s][info][gc] GC(270) Pause Young (Normal) (G1 Evacuation Pause) 25M->7M(33M) 0.534ms
[4.173s][info][gc] GC(271) Pause Young (Normal) (G1 Evacuation Pause) 25M->7M(33M) 0.457ms
[4.185s][info][gc] GC(272) Pause Young (Normal) (G1 Evacuation Pause) 25M->7M(33M) 0.451ms
[4.195s][info][gc] GC(273) Pause Young (Normal) (G1 Evacuation Pause) 25M->7M(33M) 0.480ms
[4.207s][info][gc] GC(274) Pause Young (Normal) (G1 Evacuation Pause) 25M->7M(33M) 0.487ms
[4.219s][info][gc] GC(275) Pause Young (Normal) (G1 Evacuation Pause) 25M->7M(33M) 0.612ms
[4.231s][info][gc] GC(276) Pause Young (Normal) (G1 Evacuation Pause) 25M->7M(33M) 0.604ms
[4.243s][info][gc] GC(277) Pause Young (Normal) (G1 Evacuation Pause) 25M->7M(33M) 0.647ms
[4.254s][info][gc] GC(278) Pause Young (Normal) (G1 Evacuation Pause) 25M->7M(33M) 0.516ms
[4.266s][info][gc] GC(279) Pause Young (Normal) (G1 Evacuation Pause) 25M->7M(33M) 0.611ms
[4.278s][info][gc] GC(280) Pause Young (Normal) (G1 Evacuation Pause) 25M->7M(33M) 0.631ms
[4.290s][info][gc] GC(281) Pause Young (Normal) (G1 Evacuation Pause) 25M->7M(33M) 0.802ms
[4.302s][info][gc] GC(282) Pause Young (Normal) (G1 Evacuation Pause) 25M->7M(33M) 0.514ms
[4.314s][info][gc] GC(283) Pause Young (Normal) (G1 Evacuation Pause) 25M->7M(33M) 0.568ms
[4.325s][info][gc] GC(284) Pause Young (Normal) (G1 Evacuation Pause) 25M->7M(33M) 0.578ms
[4.336s][info][gc] GC(285) Pause Young (Normal) (G1 Evacuation Pause) 25M->7M(33M) 0.559ms
[4.348s][info][gc] GC(286) Pause Young (Normal) (G1 Evacuation Pause) 25M->7M(33M) 0.592ms
[4.360s][info][gc] GC(287) Pause Young (Normal) (G1 Evacuation Pause) 25M->7M(33M) 0.600ms
[4.371s][info][gc] GC(288) Pause Young (Normal) (G1 Evacuation Pause) 25M->7M(33M) 0.681ms
[4.383s][info][gc] GC(289) Pause Young (Normal) (G1 Evacuation Pause) 25M->7M(33M) 0.628ms
[4.394s][info][gc] GC(290) Pause Young (Normal) (G1 Evacuation Pause) 25M->7M(33M) 0.561ms
[4.406s][info][gc] GC(291) Pause Young (Normal) (G1 Evacuation Pause) 25M->7M(33M) 0.475ms
[4.417s][info][gc] GC(292) Pause Young (Normal) (G1 Evacuation Pause) 25M->7M(33M) 0.586ms
[4.429s][info][gc] GC(293) Pause Young (Normal) (G1 Evacuation Pause) 25M->7M(33M) 0.532ms
[4.440s][info][gc] GC(294) Pause Young (Normal) (G1 Evacuation Pause) 25M->7M(33M) 0.656ms
[4.454s][info][gc] GC(295) Pause Young (Normal) (G1 Evacuation Pause) 25M->7M(33M) 0.898ms
[4.468s][info][gc] GC(296) Pause Young (Normal) (G1 Evacuation Pause) 25M->7M(33M) 0.745ms
[4.482s][info][gc] GC(297) Pause Young (Normal) (G1 Evacuation Pause) 25M->7M(33M) 0.715ms
[4.496s][info][gc] GC(298) Pause Young (Normal) (G1 Evacuation Pause) 25M->7M(33M) 1.075ms
[4.510s][info][gc] GC(299) Pause Young (Normal) (G1 Evacuation Pause) 25M->7M(33M) 0.767ms
[4.527s][info][gc] GC(300) Pause Young (Normal) (G1 Evacuation Pause) 25M->7M(33M) 0.903ms
[4.541s][info][gc] GC(301) Pause Young (Normal) (G1 Evacuation Pause) 25M->7M(33M) 0.753ms
[4.555s][info][gc] GC(302) Pause Young (Normal) (G1 Evacuation Pause) 25M->7M(33M) 0.709ms
[4.572s][info][gc] GC(303) Pause Young (Normal) (G1 Evacuation Pause) 25M->7M(33M) 1.400ms
[4.588s][info][gc] GC(304) Pause Young (Normal) (G1 Evacuation Pause) 25M->7M(33M) 1.672ms
[4.602s][info][gc] GC(305) Pause Young (Normal) (G1 Evacuation Pause) 25M->7M(33M) 0.685ms
[4.618s][info][gc] GC(306) Pause Young (Normal) (G1 Evacuation Pause) 25M->7M(33M) 1.445ms
[4.633s][info][gc] GC(307) Pause Young (Normal) (G1 Evacuation Pause) 25M->7M(33M) 0.792ms
[4.649s][info][gc] GC(308) Pause Young (Normal) (G1 Evacuation Pause) 25M->7M(33M) 1.610ms
[4.665s][info][gc] GC(309) Pause Young (Normal) (G1 Evacuation Pause) 25M->7M(35M) 0.795ms
[4.681s][info][gc] GC(310) Pause Young (Normal) (G1 Evacuation Pause) 27M->7M(35M) 0.661ms
[4.705s][info][gc] GC(311) Pause Young (Normal) (G1 Evacuation Pause) 27M->7M(35M) 0.564ms
[4.728s][info][gc] GC(312) Pause Young (Normal) (G1 Evacuation Pause) 27M->7M(35M) 0.636ms
[4.745s][info][gc] GC(313) Pause Young (Normal) (G1 Evacuation Pause) 27M->7M(35M) 0.571ms
[4.757s][info][gc] GC(314) Pause Young (Normal) (G1 Evacuation Pause) 27M->7M(35M) 0.583ms
[4.770s][info][gc] GC(315) Pause Young (Normal) (G1 Evacuation Pause) 27M->7M(35M) 0.559ms
[4.783s][info][gc] GC(316) Pause Young (Normal) (G1 Evacuation Pause) 27M->7M(35M) 0.569ms
[4.796s][info][gc] GC(317) Pause Young (Normal) (G1 Evacuation Pause) 27M->7M(35M) 0.617ms
[4.809s][info][gc] GC(318) Pause Young (Normal) (G1 Evacuation Pause) 27M->7M(35M) 1.424ms
[4.822s][info][gc] GC(319) Pause Young (Normal) (G1 Evacuation Pause) 27M->7M(35M) 0.655ms
[4.834s][info][gc] GC(320) Pause Young (Normal) (G1 Evacuation Pause) 27M->7M(35M) 0.496ms
[4.847s][info][gc] GC(321) Pause Young (Normal) (G1 Evacuation Pause) 27M->7M(35M) 0.587ms
[4.859s][info][gc] GC(322) Pause Young (Normal) (G1 Evacuation Pause) 27M->7M(35M) 0.582ms
[4.872s][info][gc] GC(323) Pause Young (Normal) (G1 Evacuation Pause) 27M->7M(35M) 0.638ms
[4.884s][info][gc] GC(324) Pause Young (Normal) (G1 Evacuation Pause) 27M->7M(35M) 0.622ms
[4.897s][info][gc] GC(325) Pause Young (Normal) (G1 Evacuation Pause) 27M->7M(35M) 0.620ms
[4.909s][info][gc] GC(326) Pause Young (Normal) (G1 Evacuation Pause) 27M->8M(35M) 0.535ms
[4.924s][info][gc] GC(327) Pause Young (Normal) (G1 Evacuation Pause) 28M->8M(35M) 0.590ms
[4.936s][info][gc] GC(328) Pause Young (Normal) (G1 Evacuation Pause) 28M->8M(35M) 0.577ms
[4.949s][info][gc] GC(329) Pause Young (Normal) (G1 Evacuation Pause) 28M->8M(35M) 0.626ms
[4.962s][info][gc] GC(330) Pause Young (Normal) (G1 Evacuation Pause) 28M->8M(35M) 0.633ms
[4.984s][info][gc] GC(331) Pause Young (Normal) (G1 Evacuation Pause) 28M->8M(35M) 1.780ms
[5.007s][info][gc] GC(332) Pause Young (Normal) (G1 Evacuation Pause) 28M->8M(35M) 0.598ms
[5.030s][info][gc] GC(333) Pause Young (Normal) (G1 Evacuation Pause) 28M->8M(35M) 0.577ms
[5.047s][info][gc] GC(334) Pause Young (Normal) (G1 Evacuation Pause) 28M->8M(35M) 0.428ms
[5.059s][info][gc] GC(335) Pause Young (Normal) (G1 Evacuation Pause) 28M->8M(35M) 0.427ms
[5.072s][info][gc] GC(336) Pause Young (Normal) (G1 Evacuation Pause) 28M->8M(35M) 0.529ms
[5.084s][info][gc] GC(337) Pause Young (Normal) (G1 Evacuation Pause) 28M->8M(35M) 0.499ms
[5.097s][info][gc] GC(338) Pause Young (Normal) (G1 Evacuation Pause) 28M->8M(35M) 0.465ms
[5.109s][info][gc] GC(339) Pause Young (Normal) (G1 Evacuation Pause) 28M->8M(35M) 0.437ms
[5.124s][info][gc] GC(340) Pause Young (Normal) (G1 Evacuation Pause) 28M->8M(35M) 0.600ms
[5.138s][info][gc] GC(341) Pause Young (Normal) (G1 Evacuation Pause) 28M->8M(35M) 0.569ms
[5.151s][info][gc] GC(342) Pause Young (Normal) (G1 Evacuation Pause) 28M->8M(35M) 0.488ms
[5.164s][info][gc] GC(343) Pause Young (Normal) (G1 Evacuation Pause) 28M->8M(35M) 0.469ms
[5.176s][info][gc] GC(344) Pause Young (Normal) (G1 Evacuation Pause) 28M->8M(35M) 0.493ms
[5.190s][info][gc] GC(345) Pause Young (Normal) (G1 Evacuation Pause) 28M->8M(35M) 0.459ms
[5.202s][info][gc] GC(346) Pause Young (Normal) (G1 Evacuation Pause) 28M->8M(35M) 0.464ms
[5.215s][info][gc] GC(347) Pause Young (Normal) (G1 Evacuation Pause) 28M->8M(35M) 0.463ms
[5.228s][info][gc] GC(348) Pause Young (Normal) (G1 Evacuation Pause) 28M->8M(35M) 0.457ms
[5.240s][info][gc] GC(349) Pause Young (Normal) (G1 Evacuation Pause) 28M->8M(35M) 0.538ms
[5.253s][info][gc] GC(350) Pause Young (Normal) (G1 Evacuation Pause) 28M->8M(35M) 0.475ms
[5.265s][info][gc] GC(351) Pause Young (Normal) (G1 Evacuation Pause) 28M->8M(35M) 0.455ms
[5.278s][info][gc] GC(352) Pause Young (Normal) (G1 Evacuation Pause) 28M->8M(35M) 0.472ms
[5.290s][info][gc] GC(353) Pause Young (Normal) (G1 Evacuation Pause) 28M->8M(35M) 0.442ms
[5.302s][info][gc] GC(354) Pause Young (Normal) (G1 Evacuation Pause) 28M->8M(35M) 0.460ms
[5.315s][info][gc] GC(355) Pause Young (Normal) (G1 Evacuation Pause) 28M->8M(35M) 0.661ms
[5.327s][info][gc] GC(356) Pause Young (Normal) (G1 Evacuation Pause) 28M->8M(35M) 0.664ms
[5.341s][info][gc] GC(357) Pause Young (Normal) (G1 Evacuation Pause) 28M->8M(35M) 0.562ms
[5.356s][info][gc] GC(358) Pause Young (Normal) (G1 Evacuation Pause) 28M->8M(35M) 0.654ms
[5.373s][info][gc] GC(359) Pause Young (Normal) (G1 Evacuation Pause) 28M->8M(35M) 1.486ms
[5.389s][info][gc] GC(360) Pause Young (Normal) (G1 Evacuation Pause) 28M->8M(35M) 0.859ms
[5.412s][info][gc] GC(361) Pause Young (Normal) (G1 Evacuation Pause) 28M->8M(35M) 0.508ms
[5.431s][info][gc] GC(362) Pause Young (Normal) (G1 Evacuation Pause) 28M->8M(35M) 0.952ms
[5.452s][info][gc] GC(363) Pause Young (Normal) (G1 Evacuation Pause) 28M->8M(35M) 1.138ms
[5.478s][info][gc] GC(364) Pause Young (Normal) (G1 Evacuation Pause) 28M->8M(35M) 0.966ms
[5.503s][info][gc] GC(365) Pause Young (Normal) (G1 Evacuation Pause) 28M->8M(35M) 0.788ms
[5.522s][info][gc] GC(366) Pause Young (Normal) (G1 Evacuation Pause) 28M->8M(35M) 0.735ms
[5.540s][info][gc] GC(367) Pause Young (Normal) (G1 Evacuation Pause) 28M->8M(35M) 0.623ms
[5.555s][info][gc] GC(368) Pause Young (Normal) (G1 Evacuation Pause) 28M->8M(35M) 0.731ms
[5.570s][info][gc] GC(369) Pause Young (Normal) (G1 Evacuation Pause) 28M->8M(35M) 0.730ms
[5.587s][info][gc] GC(370) Pause Young (Normal) (G1 Evacuation Pause) 28M->8M(35M) 1.853ms
[5.603s][info][gc] GC(371) Pause Young (Normal) (G1 Evacuation Pause) 28M->8M(35M) 1.592ms
[5.620s][info][gc] GC(372) Pause Young (Normal) (G1 Evacuation Pause) 28M->8M(35M) 2.054ms
[5.636s][info][gc] GC(373) Pause Young (Normal) (G1 Evacuation Pause) 28M->8M(35M) 0.736ms
[5.655s][info][gc] GC(374) Pause Young (Normal) (G1 Evacuation Pause) 28M->8M(35M) 0.767ms
[5.676s][info][gc] GC(375) Pause Young (Normal) (G1 Evacuation Pause) 28M->8M(35M) 0.754ms
[5.692s][info][gc] GC(376) Pause Young (Normal) (G1 Evacuation Pause) 28M->8M(35M) 0.674ms
[5.707s][info][gc] GC(377) Pause Young (Normal) (G1 Evacuation Pause) 28M->8M(35M) 0.595ms
[5.719s][info][gc] GC(378) Pause Young (Normal) (G1 Evacuation Pause) 28M->8M(35M) 0.575ms
[5.731s][info][gc] GC(379) Pause Young (Normal) (G1 Evacuation Pause) 28M->8M(35M) 0.628ms
[5.743s][info][gc] GC(380) Pause Young (Normal) (G1 Evacuation Pause) 28M->8M(35M) 0.572ms
[5.756s][info][gc] GC(381) Pause Young (Normal) (G1 Evacuation Pause) 28M->8M(35M) 0.639ms
[5.768s][info][gc] GC(382) Pause Young (Normal) (G1 Evacuation Pause) 28M->8M(35M) 0.578ms
[5.781s][info][gc] GC(383) Pause Young (Normal) (G1 Evacuation Pause) 28M->8M(35M) 0.595ms
[5.793s][info][gc] GC(384) Pause Young (Normal) (G1 Evacuation Pause) 28M->8M(35M) 0.780ms
[5.806s][info][gc] GC(385) Pause Young (Normal) (G1 Evacuation Pause) 28M->8M(35M) 0.644ms
[5.818s][info][gc] GC(386) Pause Young (Normal) (G1 Evacuation Pause) 28M->8M(35M) 0.738ms
[5.831s][info][gc] GC(387) Pause Young (Normal) (G1 Evacuation Pause) 28M->8M(35M) 0.702ms
[5.843s][info][gc] GC(388) Pause Young (Normal) (G1 Evacuation Pause) 28M->8M(35M) 0.745ms
[5.855s][info][gc] GC(389) Pause Young (Normal) (G1 Evacuation Pause) 28M->9M(35M) 0.614ms
[5.868s][info][gc] GC(390) Pause Young (Normal) (G1 Evacuation Pause) 29M->8M(35M) 0.632ms
[5.881s][info][gc] GC(391) Pause Young (Normal) (G1 Evacuation Pause) 28M->9M(35M) 0.606ms
[5.893s][info][gc] GC(392) Pause Young (Normal) (G1 Evacuation Pause) 29M->9M(35M) 0.617ms
[5.906s][info][gc] GC(393) Pause Young (Normal) (G1 Evacuation Pause) 29M->9M(35M) 0.588ms
[5.918s][info][gc] GC(394) Pause Young (Normal) (G1 Evacuation Pause) 29M->9M(35M) 0.714ms
[5.931s][info][gc] GC(395) Pause Young (Normal) (G1 Evacuation Pause) 29M->9M(35M) 0.618ms
[5.944s][info][gc] GC(396) Pause Young (Normal) (G1 Evacuation Pause) 29M->9M(35M) 0.491ms
[5.957s][info][gc] GC(397) Pause Young (Normal) (G1 Evacuation Pause) 29M->9M(35M) 0.443ms
[5.969s][info][gc] GC(398) Pause Young (Normal) (G1 Evacuation Pause) 29M->9M(35M) 0.447ms
[5.982s][info][gc] GC(399) Pause Young (Normal) (G1 Evacuation Pause) 29M->9M(35M) 0.454ms
[5.994s][info][gc] GC(400) Pause Young (Normal) (G1 Evacuation Pause) 29M->9M(35M) 0.494ms
[6.006s][info][gc] GC(401) Pause Young (Normal) (G1 Evacuation Pause) 29M->9M(35M) 0.615ms
[6.019s][info][gc] GC(402) Pause Young (Normal) (G1 Evacuation Pause) 29M->9M(35M) 0.622ms
[6.032s][info][gc] GC(403) Pause Young (Normal) (G1 Evacuation Pause) 29M->9M(35M) 0.665ms
[6.044s][info][gc] GC(404) Pause Young (Normal) (G1 Evacuation Pause) 29M->9M(35M) 0.705ms
[6.057s][info][gc] GC(405) Pause Young (Normal) (G1 Evacuation Pause) 29M->9M(35M) 0.682ms
[6.070s][info][gc] GC(406) Pause Young (Normal) (G1 Evacuation Pause) 29M->9M(35M) 0.655ms
[6.081s][info][gc] GC(407) Pause Young (Normal) (G1 Evacuation Pause) 28M->9M(35M) 0.578ms
[6.093s][info][gc] GC(408) Pause Young (Normal) (G1 Evacuation Pause) 28M->9M(35M) 0.694ms
[6.105s][info][gc] GC(409) Pause Young (Normal) (G1 Evacuation Pause) 28M->9M(35M) 0.729ms
[6.118s][info][gc] GC(410) Pause Young (Normal) (G1 Evacuation Pause) 28M->9M(35M) 0.785ms
[6.132s][info][gc] GC(411) Pause Young (Normal) (G1 Evacuation Pause) 28M->9M(35M) 0.592ms
[6.143s][info][gc] GC(412) Pause Young (Normal) (G1 Evacuation Pause) 28M->9M(35M) 0.608ms
[6.155s][info][gc] GC(413) Pause Young (Normal) (G1 Evacuation Pause) 28M->9M(35M) 0.631ms
[6.167s][info][gc] GC(414) Pause Young (Normal) (G1 Evacuation Pause) 28M->9M(35M) 0.587ms
[6.178s][info][gc] GC(415) Pause Young (Normal) (G1 Evacuation Pause) 28M->9M(35M) 0.574ms
[6.190s][info][gc] GC(416) Pause Young (Normal) (G1 Evacuation Pause) 28M->9M(35M) 0.636ms
[6.202s][info][gc] GC(417) Pause Young (Normal) (G1 Evacuation Pause) 28M->9M(35M) 0.594ms
[6.214s][info][gc] GC(418) Pause Young (Normal) (G1 Evacuation Pause) 28M->9M(35M) 0.658ms
[6.225s][info][gc] GC(419) Pause Young (Normal) (G1 Evacuation Pause) 28M->9M(35M) 0.589ms
[6.237s][info][gc] GC(420) Pause Young (Normal) (G1 Evacuation Pause) 28M->9M(35M) 0.553ms
[6.248s][info][gc] GC(421) Pause Young (Normal) (G1 Evacuation Pause) 28M->9M(35M) 0.404ms
[6.260s][info][gc] GC(422) Pause Young (Normal) (G1 Evacuation Pause) 28M->9M(35M) 0.492ms
[6.272s][info][gc] GC(423) Pause Young (Normal) (G1 Evacuation Pause) 28M->9M(35M) 0.488ms
[6.284s][info][gc] GC(424) Pause Young (Normal) (G1 Evacuation Pause) 28M->9M(35M) 0.590ms
[6.296s][info][gc] GC(425) Pause Young (Normal) (G1 Evacuation Pause) 28M->9M(35M) 0.599ms
[6.307s][info][gc] GC(426) Pause Young (Normal) (G1 Evacuation Pause) 28M->9M(35M) 0.652ms
[6.319s][info][gc] GC(427) Pause Young (Normal) (G1 Evacuation Pause) 28M->9M(35M) 0.531ms
[6.331s][info][gc] GC(428) Pause Young (Normal) (G1 Evacuation Pause) 28M->9M(35M) 0.620ms
[6.344s][info][gc] GC(429) Pause Young (Normal) (G1 Evacuation Pause) 28M->9M(35M) 0.682ms
[6.356s][info][gc] GC(430) Pause Young (Normal) (G1 Evacuation Pause) 28M->9M(35M) 0.599ms
[6.369s][info][gc] GC(431) Pause Young (Normal) (G1 Evacuation Pause) 28M->9M(35M) 0.611ms
[6.381s][info][gc] GC(432) Pause Young (Normal) (G1 Evacuation Pause) 28M->9M(35M) 0.649ms
[6.394s][info][gc] GC(433) Pause Young (Normal) (G1 Evacuation Pause) 28M->9M(35M) 0.721ms
[6.408s][info][gc] GC(434) Pause Young (Normal) (G1 Evacuation Pause) 28M->9M(35M) 0.624ms
[6.420s][info][gc] GC(435) Pause Young (Normal) (G1 Evacuation Pause) 28M->9M(35M) 0.603ms
[6.433s][info][gc] GC(436) Pause Young (Normal) (G1 Evacuation Pause) 28M->9M(35M) 0.564ms
[6.447s][info][gc] GC(437) Pause Young (Normal) (G1 Evacuation Pause) 28M->9M(35M) 0.711ms
[6.465s][info][gc] GC(438) Pause Young (Normal) (G1 Evacuation Pause) 28M->9M(35M) 0.689ms
[6.482s][info][gc] GC(439) Pause Young (Normal) (G1 Evacuation Pause) 28M->9M(35M) 1.424ms
[6.497s][info][gc] GC(440) Pause Young (Normal) (G1 Evacuation Pause) 28M->9M(35M) 0.891ms
[6.514s][info][gc] GC(441) Pause Young (Normal) (G1 Evacuation Pause) 28M->9M(35M) 0.693ms
[6.531s][info][gc] GC(442) Pause Young (Normal) (G1 Evacuation Pause) 28M->9M(35M) 1.692ms
[6.549s][info][gc] GC(443) Pause Young (Normal) (G1 Evacuation Pause) 28M->9M(35M) 0.755ms
[6.565s][info][gc] GC(444) Pause Young (Normal) (G1 Evacuation Pause) 28M->9M(35M) 0.837ms
[6.580s][info][gc] GC(445) Pause Young (Normal) (G1 Evacuation Pause) 28M->9M(35M) 1.522ms
[6.596s][info][gc] GC(446) Pause Young (Normal) (G1 Evacuation Pause) 28M->9M(35M) 1.067ms
[6.613s][info][gc] GC(447) Pause Young (Normal) (G1 Evacuation Pause) 28M->9M(35M) 1.661ms
[6.632s][info][gc] GC(448) Pause Young (Normal) (G1 Evacuation Pause) 28M->9M(37M) 0.783ms
[6.651s][info][gc] GC(449) Pause Young (Normal) (G1 Evacuation Pause) 29M->9M(37M) 0.744ms
[6.666s][info][gc] GC(450) Pause Young (Normal) (G1 Evacuation Pause) 29M->9M(37M) 0.693ms
[6.682s][info][gc] GC(451) Pause Young (Normal) (G1 Evacuation Pause) 29M->9M(37M) 1.342ms
[6.698s][info][gc] GC(452) Pause Young (Normal) (G1 Evacuation Pause) 29M->9M(37M) 0.966ms
[6.711s][info][gc] GC(453) Pause Young (Normal) (G1 Evacuation Pause) 29M->9M(37M) 0.575ms
[6.724s][info][gc] GC(454) Pause Young (Normal) (G1 Evacuation Pause) 29M->10M(37M) 0.600ms
[6.736s][info][gc] GC(455) Pause Young (Normal) (G1 Evacuation Pause) 30M->9M(37M) 0.632ms
[6.749s][info][gc] GC(456) Pause Young (Normal) (G1 Evacuation Pause) 29M->9M(37M) 0.635ms
[6.761s][info][gc] GC(457) Pause Young (Normal) (G1 Evacuation Pause) 29M->10M(37M) 0.557ms
[6.777s][info][gc] GC(458) Pause Young (Normal) (G1 Evacuation Pause) 30M->10M(37M) 0.735ms
[6.791s][info][gc] GC(459) Pause Young (Normal) (G1 Evacuation Pause) 31M->10M(37M) 0.539ms
[6.803s][info][gc] GC(460) Pause Young (Normal) (G1 Evacuation Pause) 30M->10M(37M) 0.479ms
[6.816s][info][gc] GC(461) Pause Young (Normal) (G1 Evacuation Pause) 30M->10M(37M) 0.480ms
[6.828s][info][gc] GC(462) Pause Young (Normal) (G1 Evacuation Pause) 30M->10M(37M) 0.463ms
[6.840s][info][gc] GC(463) Pause Young (Normal) (G1 Evacuation Pause) 30M->10M(37M) 0.482ms
[6.854s][info][gc] GC(464) Pause Young (Normal) (G1 Evacuation Pause) 31M->10M(37M) 0.530ms
[6.867s][info][gc] GC(465) Pause Young (Normal) (G1 Evacuation Pause) 31M->10M(37M) 0.496ms
[6.880s][info][gc] GC(466) Pause Young (Normal) (G1 Evacuation Pause) 31M->10M(37M) 0.506ms
[6.893s][info][gc] GC(467) Pause Young (Normal) (G1 Evacuation Pause) 31M->10M(37M) 0.486ms
[6.906s][info][gc] GC(468) Pause Young (Normal) (G1 Evacuation Pause) 31M->10M(37M) 0.473ms
[6.919s][info][gc] GC(469) Pause Young (Normal) (G1 Evacuation Pause) 31M->10M(37M) 0.563ms
[6.933s][info][gc] GC(470) Pause Young (Normal) (G1 Evacuation Pause) 31M->10M(37M) 0.483ms
[6.946s][info][gc] GC(471) Pause Young (Normal) (G1 Evacuation Pause) 31M->10M(37M) 0.494ms
[6.959s][info][gc] GC(472) Pause Young (Normal) (G1 Evacuation Pause) 30M->10M(37M) 0.534ms
[6.971s][info][gc] GC(473) Pause Young (Normal) (G1 Evacuation Pause) 30M->10M(37M) 0.476ms
[6.987s][info][gc] GC(474) Pause Young (Normal) (G1 Evacuation Pause) 30M->10M(37M) 1.040ms
[7.002s][info][gc] GC(475) Pause Young (Normal) (G1 Evacuation Pause) 30M->10M(37M) 0.641ms
[7.015s][info][gc] GC(476) Pause Young (Normal) (G1 Evacuation Pause) 30M->10M(37M) 0.559ms
[7.027s][info][gc] GC(477) Pause Young (Normal) (G1 Evacuation Pause) 30M->10M(37M) 0.586ms
[7.039s][info][gc] GC(478) Pause Young (Normal) (G1 Evacuation Pause) 30M->10M(37M) 0.594ms
[7.052s][info][gc] GC(479) Pause Young (Normal) (G1 Evacuation Pause) 30M->10M(37M) 0.658ms
[7.065s][info][gc] GC(480) Pause Young (Normal) (G1 Evacuation Pause) 30M->10M(37M) 0.584ms
[7.077s][info][gc] GC(481) Pause Young (Normal) (G1 Evacuation Pause) 30M->10M(37M) 0.588ms
[7.090s][info][gc] GC(482) Pause Young (Normal) (G1 Evacuation Pause) 30M->10M(37M) 0.643ms
[7.102s][info][gc] GC(483) Pause Young (Normal) (G1 Evacuation Pause) 30M->10M(37M) 0.613ms
[7.117s][info][gc] GC(484) Pause Young (Normal) (G1 Evacuation Pause) 30M->10M(37M) 0.710ms
[7.134s][info][gc] GC(485) Pause Young (Normal) (G1 Evacuation Pause) 30M->10M(37M) 0.670ms
[7.147s][info][gc] GC(486) Pause Young (Normal) (G1 Evacuation Pause) 30M->10M(37M) 0.636ms
[7.159s][info][gc] GC(487) Pause Young (Normal) (G1 Evacuation Pause) 30M->10M(37M) 0.588ms
[7.172s][info][gc] GC(488) Pause Young (Normal) (G1 Evacuation Pause) 30M->10M(37M) 1.333ms
[7.184s][info][gc] GC(489) Pause Young (Normal) (G1 Evacuation Pause) 30M->10M(37M) 0.587ms
[7.198s][info][gc] GC(490) Pause Young (Normal) (G1 Evacuation Pause) 30M->10M(37M) 0.577ms
[7.212s][info][gc] GC(491) Pause Young (Normal) (G1 Evacuation Pause) 30M->10M(37M) 1.526ms
[7.225s][info][gc] GC(492) Pause Young (Normal) (G1 Evacuation Pause) 30M->10M(37M) 0.559ms
[7.237s][info][gc] GC(493) Pause Young (Normal) (G1 Evacuation Pause) 30M->10M(37M) 0.570ms
[7.250s][info][gc] GC(494) Pause Young (Normal) (G1 Evacuation Pause) 30M->10M(37M) 0.590ms
[7.262s][info][gc] GC(495) Pause Young (Normal) (G1 Evacuation Pause) 30M->10M(37M) 0.630ms
[7.275s][info][gc] GC(496) Pause Young (Normal) (G1 Evacuation Pause) 30M->10M(37M) 0.676ms
[7.287s][info][gc] GC(497) Pause Young (Normal) (G1 Evacuation Pause) 30M->10M(37M) 0.590ms
[7.300s][info][gc] GC(498) Pause Young (Normal) (G1 Evacuation Pause) 30M->10M(37M) 0.434ms
[7.312s][info][gc] GC(499) Pause Young (Normal) (G1 Evacuation Pause) 30M->10M(37M) 0.416ms
[7.324s][info][gc] GC(500) Pause Young (Normal) (G1 Evacuation Pause) 30M->10M(37M) 0.454ms
[7.336s][info][gc] GC(501) Pause Young (Normal) (G1 Evacuation Pause) 30M->10M(37M) 0.591ms
[7.350s][info][gc] GC(502) Pause Young (Normal) (G1 Evacuation Pause) 30M->10M(37M) 0.453ms
[7.362s][info][gc] GC(503) Pause Young (Normal) (G1 Evacuation Pause) 30M->10M(37M) 0.455ms
[7.374s][info][gc] GC(504) Pause Young (Normal) (G1 Evacuation Pause) 30M->10M(37M) 0.439ms
[7.386s][info][gc] GC(505) Pause Young (Normal) (G1 Evacuation Pause) 30M->10M(37M) 0.458ms
[7.399s][info][gc] GC(506) Pause Young (Normal) (G1 Evacuation Pause) 30M->10M(37M) 0.483ms
[7.411s][info][gc] GC(507) Pause Young (Normal) (G1 Evacuation Pause) 30M->10M(37M) 0.451ms
[7.424s][info][gc] GC(508) Pause Young (Normal) (G1 Evacuation Pause) 30M->10M(37M) 0.444ms
[7.436s][info][gc] GC(509) Pause Young (Normal) (G1 Evacuation Pause) 30M->10M(37M) 0.432ms
[7.451s][info][gc] GC(510) Pause Young (Normal) (G1 Evacuation Pause) 30M->10M(37M) 0.598ms
[7.466s][info][gc] GC(511) Pause Young (Normal) (G1 Evacuation Pause) 30M->10M(37M) 0.499ms
[7.482s][info][gc] GC(512) Pause Young (Normal) (G1 Evacuation Pause) 30M->10M(37M) 0.582ms
[7.497s][info][gc] GC(513) Pause Young (Normal) (G1 Evacuation Pause) 30M->10M(37M) 0.549ms
[7.512s][info][gc] GC(514) Pause Young (Normal) (G1 Evacuation Pause) 30M->10M(37M) 0.681ms
[7.528s][info][gc] GC(515) Pause Young (Normal) (G1 Evacuation Pause) 30M->10M(37M) 0.649ms
[7.545s][info][gc] GC(516) Pause Young (Normal) (G1 Evacuation Pause) 30M->10M(37M) 1.495ms
[7.560s][info][gc] GC(517) Pause Young (Normal) (G1 Evacuation Pause) 30M->10M(37M) 0.610ms
[7.580s][info][gc] GC(518) Pause Young (Normal) (G1 Evacuation Pause) 30M->10M(37M) 0.856ms
[7.596s][info][gc] GC(519) Pause Young (Normal) (G1 Evacuation Pause) 30M->10M(37M) 0.730ms
[7.614s][info][gc] GC(520) Pause Young (Normal) (G1 Evacuation Pause) 30M->11M(37M) 1.355ms
[7.632s][info][gc] GC(521) Pause Young (Normal) (G1 Evacuation Pause) 31M->11M(37M) 1.087ms
[7.649s][info][gc] GC(522) Pause Young (Normal) (G1 Evacuation Pause) 31M->11M(37M) 0.694ms
[7.668s][info][gc] GC(523) Pause Young (Normal) (G1 Evacuation Pause) 31M->11M(37M) 2.105ms
[7.686s][info][gc] GC(524) Pause Young (Normal) (G1 Evacuation Pause) 31M->11M(37M) 0.707ms
[7.702s][info][gc] GC(525) Pause Young (Normal) (G1 Evacuation Pause) 31M->11M(37M) 0.540ms
[7.714s][info][gc] GC(526) Pause Young (Normal) (G1 Evacuation Pause) 31M->11M(37M) 0.648ms
[7.727s][info][gc] GC(527) Pause Young (Normal) (G1 Evacuation Pause) 31M->11M(37M) 0.646ms
[7.739s][info][gc] GC(528) Pause Young (Normal) (G1 Evacuation Pause) 31M->11M(37M) 0.553ms
[7.752s][info][gc] GC(529) Pause Young (Normal) (G1 Evacuation Pause) 31M->11M(37M) 0.639ms
[7.764s][info][gc] GC(530) Pause Young (Normal) (G1 Evacuation Pause) 31M->11M(37M) 0.641ms
[7.777s][info][gc] GC(531) Pause Young (Normal) (G1 Evacuation Pause) 31M->11M(37M) 0.631ms
[7.789s][info][gc] GC(532) Pause Young (Normal) (G1 Evacuation Pause) 31M->11M(37M) 0.594ms
[7.802s][info][gc] GC(533) Pause Young (Normal) (G1 Evacuation Pause) 31M->11M(37M) 0.601ms
[7.815s][info][gc] GC(534) Pause Young (Normal) (G1 Evacuation Pause) 31M->11M(37M) 0.557ms
[7.828s][info][gc] GC(535) Pause Young (Normal) (G1 Evacuation Pause) 31M->11M(37M) 0.690ms
[7.840s][info][gc] GC(536) Pause Young (Normal) (G1 Evacuation Pause) 30M->11M(37M) 0.632ms
[7.852s][info][gc] GC(537) Pause Young (Normal) (G1 Evacuation Pause) 30M->11M(37M) 0.652ms
[7.864s][info][gc] GC(538) Pause Young (Normal) (G1 Evacuation Pause) 30M->11M(37M) 0.782ms
[7.877s][info][gc] GC(539) Pause Young (Normal) (G1 Evacuation Pause) 30M->11M(37M) 0.596ms
[7.889s][info][gc] GC(540) Pause Young (Normal) (G1 Evacuation Pause) 30M->11M(37M) 0.821ms
[7.901s][info][gc] GC(541) Pause Young (Normal) (G1 Evacuation Pause) 30M->11M(37M) 0.655ms
[7.913s][info][gc] GC(542) Pause Young (Normal) (G1 Evacuation Pause) 30M->11M(37M) 0.761ms
[7.925s][info][gc] GC(543) Pause Young (Normal) (G1 Evacuation Pause) 30M->11M(37M) 0.675ms
[7.938s][info][gc] GC(544) Pause Young (Normal) (G1 Evacuation Pause) 30M->11M(37M) 0.709ms
[7.950s][info][gc] GC(545) Pause Young (Normal) (G1 Evacuation Pause) 30M->11M(37M) 0.715ms
[7.962s][info][gc] GC(546) Pause Young (Normal) (G1 Evacuation Pause) 30M->11M(37M) 0.637ms
[7.974s][info][gc] GC(547) Pause Young (Normal) (G1 Evacuation Pause) 30M->11M(37M) 0.582ms
[7.986s][info][gc] GC(548) Pause Young (Normal) (G1 Evacuation Pause) 30M->11M(37M) 0.646ms
[7.998s][info][gc] GC(549) Pause Young (Normal) (G1 Evacuation Pause) 30M->11M(37M) 0.578ms
[8.009s][info][gc] GC(550) Pause Young (Normal) (G1 Evacuation Pause) 30M->11M(37M) 0.428ms
[8.021s][info][gc] GC(551) Pause Young (Normal) (G1 Evacuation Pause) 30M->11M(37M) 0.495ms
[8.033s][info][gc] GC(552) Pause Young (Normal) (G1 Evacuation Pause) 30M->11M(37M) 0.474ms
[8.044s][info][gc] GC(553) Pause Young (Normal) (G1 Evacuation Pause) 30M->11M(37M) 0.462ms
[8.056s][info][gc] GC(554) Pause Young (Normal) (G1 Evacuation Pause) 30M->11M(37M) 0.450ms
[8.067s][info][gc] GC(555) Pause Young (Normal) (G1 Evacuation Pause) 30M->11M(37M) 0.439ms
[8.079s][info][gc] GC(556) Pause Young (Normal) (G1 Evacuation Pause) 30M->11M(37M) 0.458ms
[8.090s][info][gc] GC(557) Pause Young (Normal) (G1 Evacuation Pause) 30M->11M(37M) 0.448ms
[8.102s][info][gc] GC(558) Pause Young (Normal) (G1 Evacuation Pause) 30M->11M(37M) 0.473ms
[8.115s][info][gc] GC(559) Pause Young (Normal) (G1 Evacuation Pause) 30M->11M(37M) 0.857ms
[8.130s][info][gc] GC(560) Pause Young (Normal) (G1 Evacuation Pause) 30M->11M(37M) 0.578ms
[8.142s][info][gc] GC(561) Pause Young (Normal) (G1 Evacuation Pause) 30M->11M(37M) 0.461ms
[8.154s][info][gc] GC(562) Pause Young (Normal) (G1 Evacuation Pause) 30M->11M(37M) 0.477ms
[8.166s][info][gc] GC(563) Pause Young (Normal) (G1 Evacuation Pause) 30M->11M(37M) 0.433ms
[8.178s][info][gc] GC(564) Pause Young (Normal) (G1 Evacuation Pause) 30M->11M(37M) 0.418ms
[8.191s][info][gc] GC(565) Pause Young (Normal) (G1 Evacuation Pause) 30M->11M(37M) 0.482ms
[8.204s][info][gc] GC(566) Pause Young (Normal) (G1 Evacuation Pause) 30M->11M(37M) 0.462ms
[8.216s][info][gc] GC(567) Pause Young (Normal) (G1 Evacuation Pause) 30M->11M(37M) 0.490ms
[8.228s][info][gc] GC(568) Pause Young (Normal) (G1 Evacuation Pause) 30M->11M(37M) 0.459ms
[8.240s][info][gc] GC(569) Pause Young (Normal) (G1 Evacuation Pause) 30M->11M(37M) 0.420ms
[8.252s][info][gc] GC(570) Pause Young (Normal) (G1 Evacuation Pause) 30M->11M(37M) 0.395ms
[8.264s][info][gc] GC(571) Pause Young (Normal) (G1 Evacuation Pause) 30M->11M(37M) 0.504ms
[8.276s][info][gc] GC(572) Pause Young (Normal) (G1 Evacuation Pause) 30M->11M(37M) 0.473ms
[8.288s][info][gc] GC(573) Pause Young (Normal) (G1 Evacuation Pause) 30M->11M(37M) 0.486ms
[8.300s][info][gc] GC(574) Pause Young (Normal) (G1 Evacuation Pause) 30M->11M(37M) 0.407ms
[8.311s][info][gc] GC(575) Pause Young (Normal) (G1 Evacuation Pause) 30M->11M(37M) 0.494ms
[8.325s][info][gc] GC(576) Pause Young (Normal) (G1 Evacuation Pause) 30M->11M(37M) 0.909ms
[8.336s][info][gc] GC(577) Pause Young (Normal) (G1 Evacuation Pause) 30M->11M(37M) 0.456ms
[8.348s][info][gc] GC(578) Pause Young (Normal) (G1 Evacuation Pause) 30M->11M(37M) 0.465ms
[8.360s][info][gc] GC(579) Pause Young (Normal) (G1 Evacuation Pause) 30M->11M(37M) 0.507ms
[8.372s][info][gc] GC(580) Pause Young (Normal) (G1 Evacuation Pause) 30M->11M(37M) 0.508ms
[8.383s][info][gc] GC(581) Pause Young (Normal) (G1 Evacuation Pause) 30M->11M(37M) 0.481ms
[8.395s][info][gc] GC(582) Pause Young (Normal) (G1 Evacuation Pause) 30M->11M(37M) 0.529ms
[8.409s][info][gc] GC(583) Pause Young (Normal) (G1 Evacuation Pause) 30M->11M(37M) 0.501ms
[8.422s][info][gc] GC(584) Pause Young (Normal) (G1 Evacuation Pause) 30M->11M(37M) 0.484ms
[8.434s][info][gc] GC(585) Pause Young (Normal) (G1 Evacuation Pause) 30M->12M(37M) 0.453ms
[8.449s][info][gc] GC(586) Pause Young (Normal) (G1 Evacuation Pause) 31M->12M(37M) 0.722ms
[8.465s][info][gc] GC(587) Pause Young (Normal) (G1 Evacuation Pause) 31M->12M(37M) 0.838ms
[8.485s][info][gc] GC(588) Pause Young (Normal) (G1 Evacuation Pause) 31M->12M(37M) 1.693ms
[8.501s][info][gc] GC(589) Pause Young (Normal) (G1 Evacuation Pause) 31M->12M(37M) 0.906ms
[8.519s][info][gc] GC(590) Pause Young (Normal) (G1 Evacuation Pause) 31M->12M(37M) 1.557ms
[8.536s][info][gc] GC(591) Pause Young (Normal) (G1 Evacuation Pause) 31M->12M(37M) 1.705ms
[8.555s][info][gc] GC(592) Pause Young (Normal) (G1 Evacuation Pause) 31M->12M(37M) 1.443ms
[8.569s][info][gc] GC(593) Pause Young (Normal) (G1 Evacuation Pause) 31M->12M(39M) 0.785ms
[8.588s][info][gc] GC(594) Pause Young (Normal) (G1 Evacuation Pause) 32M->12M(39M) 0.873ms
[8.603s][info][gc] GC(595) Pause Young (Normal) (G1 Evacuation Pause) 32M->12M(39M) 0.640ms
[8.619s][info][gc] GC(596) Pause Young (Normal) (G1 Evacuation Pause) 32M->12M(39M) 0.633ms
[8.636s][info][gc] GC(597) Pause Young (Normal) (G1 Evacuation Pause) 32M->12M(39M) 1.533ms
[8.654s][info][gc] GC(598) Pause Young (Normal) (G1 Evacuation Pause) 32M->12M(39M) 1.071ms
[8.670s][info][gc] GC(599) Pause Young (Normal) (G1 Evacuation Pause) 32M->12M(39M) 0.691ms
[8.687s][info][gc] GC(600) Pause Young (Normal) (G1 Evacuation Pause) 32M->12M(39M) 1.091ms
[8.701s][info][gc] GC(601) Pause Young (Normal) (G1 Evacuation Pause) 32M->12M(39M) 0.636ms
[8.714s][info][gc] GC(602) Pause Young (Normal) (G1 Evacuation Pause) 32M->12M(39M) 1.247ms
[8.727s][info][gc] GC(603) Pause Young (Normal) (G1 Evacuation Pause) 32M->12M(39M) 0.785ms
[8.739s][info][gc] GC(604) Pause Young (Normal) (G1 Evacuation Pause) 32M->12M(39M) 0.781ms
[8.752s][info][gc] GC(605) Pause Young (Normal) (G1 Evacuation Pause) 32M->12M(39M) 0.641ms
[8.764s][info][gc] GC(606) Pause Young (Normal) (G1 Evacuation Pause) 32M->12M(39M) 0.534ms
[8.776s][info][gc] GC(607) Pause Young (Normal) (G1 Evacuation Pause) 32M->12M(39M) 0.491ms
[8.789s][info][gc] GC(608) Pause Young (Normal) (G1 Evacuation Pause) 32M->12M(39M) 0.521ms
[8.802s][info][gc] GC(609) Pause Young (Normal) (G1 Evacuation Pause) 32M->12M(39M) 0.427ms
[8.814s][info][gc] GC(610) Pause Young (Normal) (G1 Evacuation Pause) 32M->12M(39M) 0.605ms
[8.828s][info][gc] GC(611) Pause Young (Normal) (G1 Evacuation Pause) 32M->12M(39M) 0.459ms
[8.841s][info][gc] GC(612) Pause Young (Normal) (G1 Evacuation Pause) 32M->12M(39M) 0.517ms
[8.853s][info][gc] GC(613) Pause Young (Normal) (G1 Evacuation Pause) 32M->12M(39M) 0.443ms
[8.867s][info][gc] GC(614) Pause Young (Normal) (G1 Evacuation Pause) 32M->12M(39M) 0.670ms
[8.880s][info][gc] GC(615) Pause Young (Normal) (G1 Evacuation Pause) 32M->12M(39M) 0.474ms
[8.893s][info][gc] GC(616) Pause Young (Normal) (G1 Evacuation Pause) 32M->12M(39M) 0.480ms
[8.906s][info][gc] GC(617) Pause Young (Normal) (G1 Evacuation Pause) 32M->12M(39M) 0.474ms
[8.919s][info][gc] GC(618) Pause Young (Normal) (G1 Evacuation Pause) 32M->12M(39M) 0.457ms
[8.932s][info][gc] GC(619) Pause Young (Normal) (G1 Evacuation Pause) 32M->12M(39M) 0.459ms
[8.944s][info][gc] GC(620) Pause Young (Normal) (G1 Evacuation Pause) 32M->12M(39M) 0.511ms
[8.957s][info][gc] GC(621) Pause Young (Normal) (G1 Evacuation Pause) 32M->12M(39M) 0.464ms
[8.969s][info][gc] GC(622) Pause Young (Normal) (G1 Evacuation Pause) 32M->12M(39M) 0.468ms
[8.982s][info][gc] GC(623) Pause Young (Normal) (G1 Evacuation Pause) 32M->12M(39M) 0.463ms
[8.996s][info][gc] GC(624) Pause Young (Normal) (G1 Evacuation Pause) 32M->12M(39M) 0.485ms
[9.008s][info][gc] GC(625) Pause Young (Normal) (G1 Evacuation Pause) 32M->12M(39M) 0.434ms
[9.022s][info][gc] GC(626) Pause Young (Normal) (G1 Evacuation Pause) 32M->12M(39M) 0.460ms
[9.035s][info][gc] GC(627) Pause Young (Normal) (G1 Evacuation Pause) 32M->12M(39M) 0.473ms
[9.047s][info][gc] GC(628) Pause Young (Normal) (G1 Evacuation Pause) 32M->12M(39M) 0.456ms
[9.059s][info][gc] GC(629) Pause Young (Normal) (G1 Evacuation Pause) 32M->12M(39M) 0.462ms
[9.071s][info][gc] GC(630) Pause Young (Normal) (G1 Evacuation Pause) 32M->12M(39M) 0.489ms
[9.084s][info][gc] GC(631) Pause Young (Normal) (G1 Evacuation Pause) 32M->12M(39M) 0.483ms
[9.096s][info][gc] GC(632) Pause Young (Normal) (G1 Evacuation Pause) 32M->12M(39M) 0.478ms
[9.108s][info][gc] GC(633) Pause Young (Normal) (G1 Evacuation Pause) 32M->12M(39M) 0.469ms
[9.129s][info][gc] GC(634) Pause Young (Normal) (G1 Evacuation Pause) 32M->12M(39M) 0.562ms
[9.147s][info][gc] GC(635) Pause Young (Normal) (G1 Evacuation Pause) 32M->12M(39M) 0.496ms
[9.159s][info][gc] GC(636) Pause Young (Normal) (G1 Evacuation Pause) 32M->12M(39M) 0.438ms
[9.172s][info][gc] GC(637) Pause Young (Normal) (G1 Evacuation Pause) 32M->12M(39M) 0.526ms
[9.183s][info][gc] GC(638) Pause Young (Normal) (G1 Evacuation Pause) 32M->12M(39M) 0.489ms
[9.196s][info][gc] GC(639) Pause Young (Normal) (G1 Evacuation Pause) 32M->12M(39M) 0.655ms
[9.208s][info][gc] GC(640) Pause Young (Normal) (G1 Evacuation Pause) 32M->12M(39M) 0.636ms
[9.221s][info][gc] GC(641) Pause Young (Normal) (G1 Evacuation Pause) 32M->12M(39M) 0.622ms
[9.233s][info][gc] GC(642) Pause Young (Normal) (G1 Evacuation Pause) 32M->12M(39M) 0.608ms
[9.246s][info][gc] GC(643) Pause Young (Normal) (G1 Evacuation Pause) 32M->12M(39M) 0.741ms
[9.258s][info][gc] GC(644) Pause Young (Normal) (G1 Evacuation Pause) 32M->12M(39M) 0.615ms
[9.270s][info][gc] GC(645) Pause Young (Normal) (G1 Evacuation Pause) 32M->12M(39M) 0.622ms
[9.282s][info][gc] GC(646) Pause Young (Normal) (G1 Evacuation Pause) 32M->12M(39M) 0.636ms
[9.295s][info][gc] GC(647) Pause Young (Normal) (G1 Evacuation Pause) 32M->12M(39M) 0.663ms
[9.308s][info][gc] GC(648) Pause Young (Normal) (G1 Evacuation Pause) 32M->12M(39M) 1.432ms
[9.320s][info][gc] GC(649) Pause Young (Normal) (G1 Evacuation Pause) 32M->13M(39M) 0.700ms
[9.332s][info][gc] GC(650) Pause Young (Normal) (G1 Evacuation Pause) 33M->13M(39M) 0.679ms
[9.345s][info][gc] GC(651) Pause Young (Normal) (G1 Evacuation Pause) 33M->13M(39M) 0.645ms
[9.358s][info][gc] GC(652) Pause Young (Normal) (G1 Evacuation Pause) 33M->13M(39M) 0.586ms
[9.370s][info][gc] GC(653) Pause Young (Normal) (G1 Evacuation Pause) 33M->13M(39M) 0.601ms
[9.382s][info][gc] GC(654) Pause Young (Normal) (G1 Evacuation Pause) 33M->13M(39M) 0.610ms
[9.395s][info][gc] GC(655) Pause Young (Normal) (G1 Evacuation Pause) 33M->13M(39M) 0.676ms
[9.407s][info][gc] GC(656) Pause Young (Normal) (G1 Evacuation Pause) 33M->13M(39M) 0.635ms
[9.420s][info][gc] GC(657) Pause Young (Normal) (G1 Evacuation Pause) 33M->13M(39M) 0.624ms
[9.432s][info][gc] GC(658) Pause Young (Normal) (G1 Evacuation Pause) 33M->13M(39M) 0.584ms
[9.446s][info][gc] GC(659) Pause Young (Normal) (G1 Evacuation Pause) 33M->13M(39M) 1.250ms
[9.462s][info][gc] GC(660) Pause Young (Normal) (G1 Evacuation Pause) 33M->13M(39M) 0.732ms
[9.481s][info][gc] GC(661) Pause Young (Normal) (G1 Evacuation Pause) 33M->13M(39M) 0.574ms
[9.497s][info][gc] GC(662) Pause Young (Normal) (G1 Evacuation Pause) 33M->13M(39M) 0.838ms
[9.514s][info][gc] GC(663) Pause Young (Normal) (G1 Evacuation Pause) 33M->13M(39M) 0.681ms
[9.529s][info][gc] GC(664) Pause Young (Normal) (G1 Evacuation Pause) 33M->13M(39M) 1.581ms
[9.544s][info][gc] GC(665) Pause Young (Normal) (G1 Evacuation Pause) 32M->13M(39M) 0.977ms
[9.559s][info][gc] GC(666) Pause Young (Normal) (G1 Evacuation Pause) 32M->13M(39M) 0.659ms
[9.573s][info][gc] GC(667) Pause Young (Normal) (G1 Evacuation Pause) 32M->13M(39M) 0.622ms
[9.588s][info][gc] GC(668) Pause Young (Normal) (G1 Evacuation Pause) 32M->13M(39M) 1.022ms
[9.604s][info][gc] GC(669) Pause Young (Normal) (G1 Evacuation Pause) 32M->13M(39M) 0.556ms
[9.623s][info][gc] GC(670) Pause Young (Normal) (G1 Evacuation Pause) 32M->13M(39M) 0.556ms
[9.637s][info][gc] GC(671) Pause Young (Normal) (G1 Evacuation Pause) 32M->13M(39M) 0.792ms
[9.654s][info][gc] GC(672) Pause Young (Normal) (G1 Evacuation Pause) 32M->13M(39M) 1.419ms
[9.669s][info][gc] GC(673) Pause Young (Normal) (G1 Evacuation Pause) 32M->13M(39M) 1.557ms
[9.685s][info][gc] GC(674) Pause Young (Normal) (G1 Evacuation Pause) 32M->13M(39M) 0.612ms
[9.700s][info][gc] GC(675) Pause Young (Normal) (G1 Evacuation Pause) 32M->13M(39M) 0.708ms
[9.713s][info][gc] GC(676) Pause Young (Normal) (G1 Evacuation Pause) 32M->13M(39M) 0.441ms
[9.724s][info][gc] GC(677) Pause Young (Normal) (G1 Evacuation Pause) 32M->13M(39M) 0.460ms
[9.736s][info][gc] GC(678) Pause Young (Normal) (G1 Evacuation Pause) 32M->13M(39M) 0.585ms
[9.752s][info][gc] GC(679) Pause Young (Normal) (G1 Evacuation Pause) 32M->13M(39M) 0.561ms
[9.767s][info][gc] GC(680) Pause Young (Normal) (G1 Evacuation Pause) 32M->13M(39M) 0.567ms
[9.781s][info][gc] GC(681) Pause Young (Normal) (G1 Evacuation Pause) 32M->13M(39M) 0.536ms
[9.793s][info][gc] GC(682) Pause Young (Normal) (G1 Evacuation Pause) 32M->13M(39M) 0.457ms
[9.805s][info][gc] GC(683) Pause Young (Normal) (G1 Evacuation Pause) 32M->13M(39M) 0.464ms
[9.817s][info][gc] GC(684) Pause Young (Normal) (G1 Evacuation Pause) 32M->13M(39M) 0.421ms
[9.829s][info][gc] GC(685) Pause Young (Normal) (G1 Evacuation Pause) 32M->13M(39M) 0.451ms
[9.840s][info][gc] GC(686) Pause Young (Normal) (G1 Evacuation Pause) 32M->13M(39M) 0.425ms
[9.852s][info][gc] GC(687) Pause Young (Normal) (G1 Evacuation Pause) 32M->13M(39M) 0.440ms
[9.864s][info][gc] GC(688) Pause Young (Normal) (G1 Evacuation Pause) 32M->13M(39M) 0.448ms
[9.876s][info][gc] GC(689) Pause Young (Normal) (G1 Evacuation Pause) 32M->13M(39M) 0.482ms
[9.888s][info][gc] GC(690) Pause Young (Normal) (G1 Evacuation Pause) 32M->13M(39M) 0.455ms
[9.900s][info][gc] GC(691) Pause Young (Normal) (G1 Evacuation Pause) 32M->13M(39M) 0.450ms
[9.911s][info][gc] GC(692) Pause Young (Normal) (G1 Evacuation Pause) 32M->13M(39M) 0.448ms
[9.923s][info][gc] GC(693) Pause Young (Normal) (G1 Evacuation Pause) 32M->13M(39M) 0.431ms
[9.936s][info][gc] GC(694) Pause Young (Normal) (G1 Evacuation Pause) 32M->13M(39M) 0.444ms
[9.947s][info][gc] GC(695) Pause Young (Normal) (G1 Evacuation Pause) 32M->13M(39M) 0.453ms
[9.960s][info][gc] GC(696) Pause Young (Normal) (G1 Evacuation Pause) 32M->13M(39M) 0.414ms
[9.972s][info][gc] GC(697) Pause Young (Normal) (G1 Evacuation Pause) 32M->13M(39M) 0.504ms
[9.985s][info][gc] GC(698) Pause Young (Normal) (G1 Evacuation Pause) 32M->13M(39M) 0.494ms
[9.997s][info][gc] GC(699) Pause Young (Normal) (G1 Evacuation Pause) 32M->13M(39M) 0.428ms
[10.009s][info][gc] GC(700) Pause Young (Normal) (G1 Evacuation Pause) 32M->13M(39M) 0.464ms
[10.021s][info][gc] GC(701) Pause Young (Normal) (G1 Evacuation Pause) 32M->13M(39M) 0.428ms
[10.034s][info][gc] GC(702) Pause Young (Normal) (G1 Evacuation Pause) 32M->13M(39M) 0.475ms
[10.045s][info][gc] GC(703) Pause Young (Normal) (G1 Evacuation Pause) 32M->13M(39M) 0.421ms
[10.058s][info][gc] GC(704) Pause Young (Normal) (G1 Evacuation Pause) 32M->13M(39M) 0.485ms
[10.069s][info][gc] GC(705) Pause Young (Normal) (G1 Evacuation Pause) 32M->13M(39M) 0.440ms
[10.081s][info][gc] GC(706) Pause Young (Normal) (G1 Evacuation Pause) 32M->13M(39M) 0.475ms
[10.092s][info][gc] GC(707) Pause Young (Normal) (G1 Evacuation Pause) 32M->13M(39M) 0.427ms
[10.104s][info][gc] GC(708) Pause Young (Normal) (G1 Evacuation Pause) 32M->13M(39M) 0.463ms
[10.118s][info][gc] GC(709) Pause Young (Normal) (G1 Evacuation Pause) 32M->13M(39M) 0.566ms
[10.131s][info][gc] GC(710) Pause Young (Normal) (G1 Evacuation Pause) 32M->13M(39M) 0.467ms
[10.143s][info][gc] GC(711) Pause Young (Normal) (G1 Evacuation Pause) 32M->13M(39M) 0.437ms
[10.155s][info][gc] GC(712) Pause Young (Normal) (G1 Evacuation Pause) 32M->13M(39M) 0.523ms
[10.167s][info][gc] GC(713) Pause Young (Normal) (G1 Evacuation Pause) 32M->13M(39M) 0.472ms
[10.178s][info][gc] GC(714) Pause Young (Normal) (G1 Evacuation Pause) 32M->13M(39M) 0.454ms
[10.190s][info][gc] GC(715) Pause Young (Normal) (G1 Evacuation Pause) 32M->13M(39M) 0.455ms
[10.202s][info][gc] GC(716) Pause Young (Normal) (G1 Evacuation Pause) 32M->14M(39M) 0.471ms
[10.214s][info][gc] GC(717) Pause Young (Normal) (G1 Evacuation Pause) 33M->14M(39M) 0.792ms
[10.227s][info][gc] GC(718) Pause Young (Normal) (G1 Evacuation Pause) 33M->14M(39M) 0.455ms
[10.239s][info][gc] GC(719) Pause Young (Normal) (G1 Evacuation Pause) 33M->14M(39M) 0.492ms
[10.251s][info][gc] GC(720) Pause Young (Normal) (G1 Evacuation Pause) 33M->14M(39M) 0.425ms
[10.263s][info][gc] GC(721) Pause Young (Normal) (G1 Evacuation Pause) 33M->14M(39M) 0.466ms
[10.275s][info][gc] GC(722) Pause Young (Normal) (G1 Evacuation Pause) 33M->14M(39M) 0.420ms
[10.287s][info][gc] GC(723) Pause Young (Normal) (G1 Evacuation Pause) 33M->14M(39M) 0.662ms
[10.299s][info][gc] GC(724) Pause Young (Normal) (G1 Evacuation Pause) 33M->14M(39M) 0.630ms
[10.311s][info][gc] GC(725) Pause Young (Normal) (G1 Evacuation Pause) 33M->14M(39M) 0.605ms
[10.324s][info][gc] GC(726) Pause Young (Normal) (G1 Evacuation Pause) 33M->14M(39M) 1.280ms
[10.336s][info][gc] GC(727) Pause Young (Normal) (G1 Evacuation Pause) 33M->14M(39M) 0.617ms
[10.348s][info][gc] GC(728) Pause Young (Normal) (G1 Evacuation Pause) 33M->14M(39M) 0.700ms
[10.361s][info][gc] GC(729) Pause Young (Normal) (G1 Evacuation Pause) 33M->14M(39M) 0.536ms
[10.373s][info][gc] GC(730) Pause Young (Normal) (G1 Evacuation Pause) 33M->14M(39M) 0.623ms
[10.385s][info][gc] GC(731) Pause Young (Normal) (G1 Evacuation Pause) 33M->14M(39M) 0.628ms
[10.396s][info][gc] GC(732) Pause Young (Normal) (G1 Evacuation Pause) 32M->14M(39M) 0.643ms
[10.408s][info][gc] GC(733) Pause Young (Normal) (G1 Evacuation Pause) 32M->14M(39M) 0.554ms
[10.419s][info][gc] GC(734) Pause Young (Normal) (G1 Evacuation Pause) 32M->14M(39M) 0.658ms
[10.431s][info][gc] GC(735) Pause Young (Normal) (G1 Evacuation Pause) 32M->14M(39M) 0.648ms
[10.442s][info][gc] GC(736) Pause Young (Normal) (G1 Evacuation Pause) 32M->14M(39M) 0.569ms
[10.457s][info][gc] GC(737) Pause Young (Normal) (G1 Evacuation Pause) 32M->14M(39M) 0.804ms
[10.474s][info][gc] GC(738) Pause Young (Normal) (G1 Evacuation Pause) 32M->14M(39M) 0.731ms
[10.488s][info][gc] GC(739) Pause Young (Normal) (G1 Evacuation Pause) 32M->14M(39M) 0.748ms
[10.505s][info][gc] GC(740) Pause Young (Normal) (G1 Evacuation Pause) 32M->14M(39M) 0.682ms
[10.519s][info][gc] GC(741) Pause Young (Normal) (G1 Evacuation Pause) 32M->14M(39M) 1.057ms
[10.537s][info][gc] GC(742) Pause Young (Normal) (G1 Evacuation Pause) 32M->14M(39M) 3.151ms
[10.551s][info][gc] GC(743) Pause Young (Normal) (G1 Evacuation Pause) 32M->14M(39M) 0.700ms
[10.568s][info][gc] GC(744) Pause Young (Normal) (G1 Evacuation Pause) 32M->14M(39M) 0.714ms
[10.585s][info][gc] GC(745) Pause Young (Normal) (G1 Evacuation Pause) 32M->14M(39M) 0.663ms
[10.599s][info][gc] GC(746) Pause Young (Normal) (G1 Evacuation Pause) 32M->14M(39M) 0.682ms
[10.614s][info][gc] GC(747) Pause Young (Normal) (G1 Evacuation Pause) 32M->14M(39M) 0.834ms
[10.629s][info][gc] GC(748) Pause Young (Normal) (G1 Evacuation Pause) 32M->14M(39M) 1.563ms
[10.644s][info][gc] GC(749) Pause Young (Normal) (G1 Evacuation Pause) 32M->14M(39M) 0.693ms
[10.660s][info][gc] GC(750) Pause Young (Normal) (G1 Evacuation Pause) 32M->14M(39M) 0.911ms
[10.673s][info][gc] GC(751) Pause Young (Normal) (G1 Evacuation Pause) 32M->14M(39M) 0.826ms
[10.688s][info][gc] GC(752) Pause Young (Normal) (G1 Evacuation Pause) 32M->14M(39M) 0.700ms
[10.700s][info][gc] GC(753) Pause Young (Normal) (G1 Evacuation Pause) 32M->14M(39M) 0.599ms
[10.712s][info][gc] GC(754) Pause Young (Normal) (G1 Evacuation Pause) 32M->14M(39M) 0.585ms
[10.723s][info][gc] GC(755) Pause Young (Normal) (G1 Evacuation Pause) 32M->14M(39M) 0.641ms
[10.734s][info][gc] GC(756) Pause Young (Normal) (G1 Evacuation Pause) 32M->14M(39M) 0.650ms
[10.745s][info][gc] GC(757) Pause Young (Normal) (G1 Evacuation Pause) 32M->14M(39M) 0.579ms
[10.757s][info][gc] GC(758) Pause Young (Normal) (G1 Evacuation Pause) 32M->14M(39M) 0.561ms
[10.769s][info][gc] GC(759) Pause Young (Normal) (G1 Evacuation Pause) 32M->14M(39M) 0.602ms
[10.780s][info][gc] GC(760) Pause Young (Normal) (G1 Evacuation Pause) 32M->14M(39M) 0.558ms
[10.791s][info][gc] GC(761) Pause Young (Normal) (G1 Evacuation Pause) 32M->14M(39M) 0.559ms
[10.803s][info][gc] GC(762) Pause Young (Normal) (G1 Evacuation Pause) 32M->14M(39M) 0.573ms
[10.815s][info][gc] GC(763) Pause Young (Normal) (G1 Evacuation Pause) 32M->14M(39M) 0.566ms
[10.827s][info][gc] GC(764) Pause Young (Normal) (G1 Evacuation Pause) 32M->14M(39M) 0.647ms
[10.838s][info][gc] GC(765) Pause Young (Normal) (G1 Evacuation Pause) 32M->14M(39M) 0.574ms
[10.849s][info][gc] GC(766) Pause Young (Normal) (G1 Evacuation Pause) 32M->14M(39M) 0.573ms
[10.861s][info][gc] GC(767) Pause Young (Normal) (G1 Evacuation Pause) 32M->14M(39M) 0.736ms
[10.872s][info][gc] GC(768) Pause Young (Normal) (G1 Evacuation Pause) 32M->14M(39M) 0.613ms
[10.883s][info][gc] GC(769) Pause Young (Normal) (G1 Evacuation Pause) 32M->14M(39M) 0.441ms
[10.895s][info][gc] GC(770) Pause Young (Normal) (G1 Evacuation Pause) 32M->14M(39M) 0.456ms
[10.906s][info][gc] GC(771) Pause Young (Normal) (G1 Evacuation Pause) 32M->14M(39M) 0.450ms
[10.918s][info][gc] GC(772) Pause Young (Normal) (G1 Evacuation Pause) 32M->14M(39M) 0.460ms
[10.929s][info][gc] GC(773) Pause Young (Normal) (G1 Evacuation Pause) 32M->14M(39M) 0.604ms
[10.941s][info][gc] GC(774) Pause Young (Normal) (G1 Evacuation Pause) 32M->14M(39M) 0.459ms
[10.952s][info][gc] GC(775) Pause Young (Normal) (G1 Evacuation Pause) 32M->14M(39M) 0.661ms
[10.964s][info][gc] GC(776) Pause Young (Normal) (G1 Evacuation Pause) 32M->14M(39M) 0.565ms
[10.976s][info][gc] GC(777) Pause Young (Normal) (G1 Evacuation Pause) 32M->14M(39M) 0.582ms
[10.988s][info][gc] GC(778) Pause Young (Normal) (G1 Evacuation Pause) 32M->14M(39M) 1.450ms
[11.000s][info][gc] GC(779) Pause Young (Normal) (G1 Evacuation Pause) 32M->14M(39M) 0.482ms
[11.011s][info][gc] GC(780) Pause Young (Normal) (G1 Evacuation Pause) 32M->14M(39M) 0.454ms
[11.022s][info][gc] GC(781) Pause Young (Normal) (G1 Evacuation Pause) 32M->14M(39M) 0.430ms
[11.033s][info][gc] GC(782) Pause Young (Normal) (G1 Evacuation Pause) 32M->14M(39M) 0.457ms
[11.044s][info][gc] GC(783) Pause Young (Normal) (G1 Evacuation Pause) 32M->14M(39M) 0.451ms
[11.056s][info][gc] GC(784) Pause Young (Normal) (G1 Evacuation Pause) 32M->14M(39M) 0.718ms
[11.071s][info][gc] GC(785) Pause Young (Normal) (G1 Evacuation Pause) 32M->15M(39M) 0.621ms
[11.082s][info][gc] GC(786) Pause Young (Normal) (G1 Evacuation Pause) 33M->15M(39M) 0.649ms
[11.093s][info][gc] GC(787) Pause Young (Normal) (G1 Evacuation Pause) 33M->15M(39M) 0.656ms
[11.105s][info][gc] GC(788) Pause Young (Normal) (G1 Evacuation Pause) 33M->15M(39M) 0.733ms
[11.124s][info][gc] GC(789) Pause Young (Normal) (G1 Evacuation Pause) 33M->15M(39M) 1.147ms
[11.138s][info][gc] GC(790) Pause Young (Normal) (G1 Evacuation Pause) 33M->15M(39M) 0.435ms
[11.149s][info][gc] GC(791) Pause Young (Normal) (G1 Evacuation Pause) 33M->15M(39M) 0.466ms
[11.160s][info][gc] GC(792) Pause Young (Normal) (G1 Evacuation Pause) 33M->15M(39M) 0.511ms
[11.171s][info][gc] GC(793) Pause Young (Normal) (G1 Evacuation Pause) 33M->15M(39M) 0.462ms
[11.182s][info][gc] GC(794) Pause Young (Normal) (G1 Evacuation Pause) 33M->15M(39M) 0.413ms
[11.193s][info][gc] GC(795) Pause Young (Normal) (G1 Evacuation Pause) 33M->15M(39M) 0.438ms
[11.204s][info][gc] GC(796) Pause Young (Normal) (G1 Evacuation Pause) 33M->15M(39M) 0.585ms
[11.216s][info][gc] GC(797) Pause Young (Normal) (G1 Evacuation Pause) 33M->15M(39M) 0.516ms
[11.228s][info][gc] GC(798) Pause Young (Normal) (G1 Evacuation Pause) 33M->15M(39M) 1.272ms
[11.239s][info][gc] GC(799) Pause Young (Normal) (G1 Evacuation Pause) 33M->15M(39M) 0.494ms
[11.251s][info][gc] GC(800) Pause Young (Normal) (G1 Evacuation Pause) 33M->15M(39M) 0.521ms
[11.262s][info][gc] GC(801) Pause Young (Normal) (G1 Evacuation Pause) 32M->15M(39M) 0.672ms
[11.272s][info][gc] GC(802) Pause Young (Normal) (G1 Evacuation Pause) 32M->15M(39M) 0.553ms
[11.283s][info][gc] GC(803) Pause Young (Normal) (G1 Evacuation Pause) 32M->15M(39M) 0.589ms
[11.294s][info][gc] GC(804) Pause Young (Normal) (G1 Evacuation Pause) 32M->15M(39M) 0.542ms
[11.304s][info][gc] GC(805) Pause Young (Normal) (G1 Evacuation Pause) 32M->15M(39M) 0.596ms
[11.316s][info][gc] GC(806) Pause Young (Normal) (G1 Evacuation Pause) 32M->15M(39M) 0.596ms
[11.326s][info][gc] GC(807) Pause Young (Normal) (G1 Evacuation Pause) 32M->15M(39M) 0.598ms
[11.338s][info][gc] GC(808) Pause Young (Normal) (G1 Evacuation Pause) 32M->15M(39M) 0.792ms
[11.350s][info][gc] GC(809) Pause Young (Normal) (G1 Evacuation Pause) 32M->15M(39M) 0.591ms
[11.361s][info][gc] GC(810) Pause Young (Normal) (G1 Evacuation Pause) 32M->15M(39M) 0.690ms
[11.371s][info][gc] GC(811) Pause Young (Normal) (G1 Evacuation Pause) 32M->15M(39M) 0.593ms
[11.383s][info][gc] GC(812) Pause Young (Normal) (G1 Evacuation Pause) 32M->15M(39M) 1.541ms
[11.394s][info][gc] GC(813) Pause Young (Normal) (G1 Evacuation Pause) 32M->15M(39M) 0.533ms
[11.405s][info][gc] GC(814) Pause Young (Normal) (G1 Evacuation Pause) 32M->15M(39M) 0.487ms
[11.417s][info][gc] GC(815) Pause Young (Normal) (G1 Evacuation Pause) 32M->15M(39M) 0.465ms
[11.428s][info][gc] GC(816) Pause Young (Normal) (G1 Evacuation Pause) 32M->15M(39M) 0.509ms
[11.440s][info][gc] GC(817) Pause Young (Normal) (G1 Evacuation Pause) 32M->15M(39M) 0.420ms
[11.455s][info][gc] GC(818) Pause Young (Normal) (G1 Evacuation Pause) 32M->15M(39M) 0.708ms
[11.473s][info][gc] GC(819) Pause Young (Normal) (G1 Evacuation Pause) 32M->15M(39M) 0.783ms
[11.488s][info][gc] GC(820) Pause Young (Normal) (G1 Evacuation Pause) 32M->15M(39M) 0.715ms
[11.504s][info][gc] GC(821) Pause Young (Normal) (G1 Evacuation Pause) 32M->15M(39M) 0.718ms
[11.519s][info][gc] GC(822) Pause Young (Normal) (G1 Evacuation Pause) 32M->15M(39M) 1.377ms
[11.533s][info][gc] GC(823) Pause Young (Normal) (G1 Evacuation Pause) 32M->15M(39M) 0.895ms
[11.549s][info][gc] GC(824) Pause Young (Normal) (G1 Evacuation Pause) 32M->15M(39M) 0.639ms
[11.563s][info][gc] GC(825) Pause Young (Normal) (G1 Evacuation Pause) 32M->15M(39M) 0.806ms
[11.580s][info][gc] GC(826) Pause Young (Normal) (G1 Evacuation Pause) 32M->15M(39M) 0.576ms
[11.595s][info][gc] GC(827) Pause Young (Normal) (G1 Evacuation Pause) 32M->15M(39M) 1.663ms
[11.610s][info][gc] GC(828) Pause Young (Normal) (G1 Evacuation Pause) 32M->15M(39M) 0.966ms
[11.625s][info][gc] GC(829) Pause Young (Normal) (G1 Evacuation Pause) 32M->15M(39M) 0.659ms
[11.639s][info][gc] GC(830) Pause Young (Normal) (G1 Evacuation Pause) 32M->15M(39M) 0.739ms
[11.655s][info][gc] GC(831) Pause Young (Normal) (G1 Evacuation Pause) 32M->15M(39M) 1.639ms
[11.668s][info][gc] GC(832) Pause Young (Normal) (G1 Evacuation Pause) 32M->15M(39M) 0.743ms
[11.682s][info][gc] GC(833) Pause Young (Normal) (G1 Evacuation Pause) 32M->15M(39M) 0.678ms
[11.695s][info][gc] GC(834) Pause Young (Normal) (G1 Evacuation Pause) 32M->15M(39M) 0.675ms
[11.706s][info][gc] GC(835) Pause Young (Normal) (G1 Evacuation Pause) 32M->15M(39M) 0.524ms
[11.717s][info][gc] GC(836) Pause Young (Normal) (G1 Evacuation Pause) 32M->15M(39M) 0.512ms
[11.727s][info][gc] GC(837) Pause Young (Normal) (G1 Evacuation Pause) 32M->15M(39M) 0.569ms
[11.738s][info][gc] GC(838) Pause Young (Normal) (G1 Evacuation Pause) 32M->15M(39M) 0.757ms
[11.749s][info][gc] GC(839) Pause Young (Normal) (G1 Evacuation Pause) 32M->15M(39M) 0.579ms
[11.760s][info][gc] GC(840) Pause Young (Normal) (G1 Evacuation Pause) 32M->15M(39M) 0.541ms
[11.770s][info][gc] GC(841) Pause Young (Normal) (G1 Evacuation Pause) 32M->15M(39M) 0.535ms
[11.781s][info][gc] GC(842) Pause Young (Normal) (G1 Evacuation Pause) 32M->15M(39M) 0.515ms
[11.791s][info][gc] GC(843) Pause Young (Normal) (G1 Evacuation Pause) 32M->15M(39M) 0.705ms
[11.803s][info][gc] GC(844) Pause Young (Normal) (G1 Evacuation Pause) 32M->15M(39M) 0.422ms
[11.814s][info][gc] GC(845) Pause Young (Normal) (G1 Evacuation Pause) 32M->15M(39M) 0.458ms
[11.825s][info][gc] GC(846) Pause Young (Normal) (G1 Evacuation Pause) 32M->15M(39M) 0.428ms
[11.839s][info][gc] GC(847) Pause Young (Normal) (G1 Evacuation Pause) 32M->15M(39M) 0.566ms
[11.858s][info][gc] GC(848) Pause Young (Normal) (G1 Evacuation Pause) 32M->15M(39M) 0.710ms
[11.874s][info][gc] GC(849) Pause Young (Normal) (G1 Evacuation Pause) 32M->15M(39M) 1.493ms
[11.887s][info][gc] GC(850) Pause Young (Normal) (G1 Evacuation Pause) 32M->15M(39M) 0.622ms
[11.901s][info][gc] GC(851) Pause Young (Normal) (G1 Evacuation Pause) 32M->15M(39M) 1.250ms
[11.914s][info][gc] GC(852) Pause Young (Normal) (G1 Evacuation Pause) 32M->15M(39M) 0.465ms
[11.925s][info][gc] GC(853) Pause Young (Normal) (G1 Evacuation Pause) 32M->15M(39M) 0.513ms
[11.939s][info][gc] GC(854) Pause Young (Normal) (G1 Evacuation Pause) 32M->15M(39M) 0.582ms
[11.952s][info][gc] GC(855) Pause Young (Normal) (G1 Evacuation Pause) 32M->15M(39M) 1.270ms
[11.970s][info][gc] GC(856) Pause Young (Normal) (G1 Evacuation Pause) 32M->15M(39M) 0.486ms
[11.988s][info][gc] GC(857) Pause Young (Normal) (G1 Evacuation Pause) 32M->15M(39M) 0.572ms
[12.007s][info][gc] GC(858) Pause Young (Normal) (G1 Evacuation Pause) 32M->16M(39M) 0.586ms
[12.020s][info][gc] GC(859) Pause Young (Normal) (G1 Evacuation Pause) 33M->16M(39M) 0.803ms
[12.031s][info][gc] GC(860) Pause Young (Normal) (G1 Evacuation Pause) 33M->16M(39M) 0.666ms
[12.042s][info][gc] GC(861) Pause Young (Normal) (G1 Evacuation Pause) 33M->16M(39M) 0.660ms
[12.053s][info][gc] GC(862) Pause Young (Normal) (G1 Evacuation Pause) 33M->16M(39M) 0.802ms
[12.064s][info][gc] GC(863) Pause Young (Normal) (G1 Evacuation Pause) 33M->16M(39M) 0.602ms
[12.074s][info][gc] GC(864) Pause Young (Normal) (G1 Evacuation Pause) 33M->16M(39M) 0.570ms
[12.085s][info][gc] GC(865) Pause Young (Normal) (G1 Evacuation Pause) 33M->16M(39M) 0.548ms
[12.096s][info][gc] GC(866) Pause Young (Normal) (G1 Evacuation Pause) 33M->16M(39M) 0.623ms
[12.106s][info][gc] GC(867) Pause Young (Normal) (G1 Evacuation Pause) 33M->16M(39M) 0.592ms
[12.122s][info][gc] GC(868) Pause Young (Normal) (G1 Evacuation Pause) 33M->16M(39M) 0.779ms
[12.135s][info][gc] GC(869) Pause Young (Normal) (G1 Evacuation Pause) 33M->16M(39M) 0.423ms
[12.145s][info][gc] GC(870) Pause Young (Normal) (G1 Evacuation Pause) 33M->16M(39M) 0.618ms
[12.156s][info][gc] GC(871) Pause Young (Normal) (G1 Evacuation Pause) 33M->16M(39M) 0.633ms
[12.167s][info][gc] GC(872) Pause Young (Normal) (G1 Evacuation Pause) 33M->16M(39M) 0.496ms
[12.177s][info][gc] GC(873) Pause Young (Normal) (G1 Evacuation Pause) 32M->16M(39M) 0.548ms
[12.186s][info][gc] GC(874) Pause Young (Normal) (G1 Evacuation Pause) 32M->16M(39M) 0.569ms
[12.196s][info][gc] GC(875) Pause Young (Normal) (G1 Evacuation Pause) 32M->16M(39M) 0.510ms
[12.206s][info][gc] GC(876) Pause Young (Normal) (G1 Evacuation Pause) 32M->16M(39M) 0.513ms
[12.217s][info][gc] GC(877) Pause Young (Normal) (G1 Evacuation Pause) 32M->16M(39M) 0.544ms
[12.227s][info][gc] GC(878) Pause Young (Normal) (G1 Evacuation Pause) 32M->16M(39M) 0.563ms
[12.237s][info][gc] GC(879) Pause Young (Normal) (G1 Evacuation Pause) 32M->16M(39M) 0.619ms
[12.247s][info][gc] GC(880) Pause Young (Normal) (G1 Evacuation Pause) 32M->16M(39M) 0.660ms
[12.257s][info][gc] GC(881) Pause Young (Normal) (G1 Evacuation Pause) 32M->16M(39M) 0.602ms
[12.267s][info][gc] GC(882) Pause Young (Normal) (G1 Evacuation Pause) 32M->16M(39M) 0.556ms
[12.277s][info][gc] GC(883) Pause Young (Normal) (G1 Evacuation Pause) 32M->16M(39M) 0.604ms
[12.287s][info][gc] GC(884) Pause Young (Normal) (G1 Evacuation Pause) 32M->16M(39M) 0.555ms
[12.299s][info][gc] GC(885) Pause Young (Normal) (G1 Evacuation Pause) 32M->16M(39M) 0.599ms
[12.308s][info][gc] GC(886) Pause Young (Normal) (G1 Evacuation Pause) 32M->16M(39M) 0.510ms
[12.318s][info][gc] GC(887) Pause Young (Normal) (G1 Evacuation Pause) 32M->16M(39M) 0.574ms
[12.332s][info][gc] GC(888) Pause Young (Normal) (G1 Evacuation Pause) 32M->16M(39M) 0.734ms
[12.342s][info][gc] GC(889) Pause Young (Normal) (G1 Evacuation Pause) 32M->16M(39M) 0.585ms
[12.353s][info][gc] GC(890) Pause Young (Normal) (G1 Evacuation Pause) 32M->16M(39M) 0.462ms
[12.363s][info][gc] GC(891) Pause Young (Normal) (G1 Evacuation Pause) 32M->16M(39M) 0.453ms
[12.372s][info][gc] GC(892) Pause Young (Normal) (G1 Evacuation Pause) 32M->16M(39M) 0.390ms
[12.382s][info][gc] GC(893) Pause Young (Normal) (G1 Evacuation Pause) 32M->16M(39M) 0.567ms
[12.392s][info][gc] GC(894) Pause Young (Normal) (G1 Evacuation Pause) 32M->16M(39M) 0.446ms
[12.402s][info][gc] GC(895) Pause Young (Normal) (G1 Evacuation Pause) 32M->16M(39M) 0.480ms
[12.413s][info][gc] GC(896) Pause Young (Normal) (G1 Evacuation Pause) 32M->16M(39M) 0.466ms
[12.423s][info][gc] GC(897) Pause Young (Normal) (G1 Evacuation Pause) 32M->16M(39M) 0.430ms
[12.433s][info][gc] GC(898) Pause Young (Normal) (G1 Evacuation Pause) 32M->16M(39M) 0.790ms
[12.444s][info][gc] GC(899) Pause Young (Normal) (G1 Evacuation Pause) 32M->16M(39M) 0.714ms
[12.461s][info][gc] GC(900) Pause Young (Normal) (G1 Evacuation Pause) 32M->16M(39M) 1.502ms
[12.474s][info][gc] GC(901) Pause Young (Normal) (G1 Evacuation Pause) 32M->16M(39M) 0.573ms
[12.488s][info][gc] GC(902) Pause Young (Normal) (G1 Evacuation Pause) 32M->16M(39M) 1.232ms
[12.502s][info][gc] GC(903) Pause Young (Normal) (G1 Evacuation Pause) 32M->16M(39M) 1.531ms
[12.515s][info][gc] GC(904) Pause Young (Normal) (G1 Evacuation Pause) 32M->16M(39M) 0.703ms
[12.528s][info][gc] GC(905) Pause Young (Normal) (G1 Evacuation Pause) 32M->16M(39M) 0.821ms
[12.541s][info][gc] GC(906) Pause Young (Normal) (G1 Evacuation Pause) 32M->16M(39M) 0.599ms
[12.553s][info][gc] GC(907) Pause Young (Normal) (G1 Evacuation Pause) 32M->16M(39M) 0.926ms
[12.565s][info][gc] GC(908) Pause Young (Normal) (G1 Evacuation Pause) 32M->16M(39M) 0.859ms
[12.578s][info][gc] GC(909) Pause Young (Normal) (G1 Evacuation Pause) 32M->16M(39M) 1.421ms
[12.591s][info][gc] GC(910) Pause Young (Normal) (G1 Evacuation Pause) 32M->16M(41M) 1.507ms
[12.605s][info][gc] GC(911) Pause Young (Normal) (G1 Evacuation Pause) 33M->16M(41M) 0.692ms
[12.619s][info][gc] GC(912) Pause Young (Normal) (G1 Evacuation Pause) 33M->16M(41M) 1.430ms
[12.633s][info][gc] GC(913) Pause Young (Normal) (G1 Evacuation Pause) 33M->16M(41M) 1.462ms
[12.647s][info][gc] GC(914) Pause Young (Normal) (G1 Evacuation Pause) 33M->16M(41M) 1.556ms
[12.661s][info][gc] GC(915) Pause Young (Normal) (G1 Evacuation Pause) 33M->16M(43M) 1.530ms
[12.676s][info][gc] GC(916) Pause Young (Normal) (G1 Evacuation Pause) 34M->16M(43M) 0.899ms
[12.691s][info][gc] GC(917) Pause Young (Normal) (G1 Evacuation Pause) 34M->16M(43M) 1.827ms
[12.704s][info][gc] GC(918) Pause Young (Normal) (G1 Evacuation Pause) 34M->16M(43M) 0.562ms
[12.716s][info][gc] GC(919) Pause Young (Normal) (G1 Evacuation Pause) 34M->16M(43M) 0.599ms
[12.727s][info][gc] GC(920) Pause Young (Normal) (G1 Evacuation Pause) 35M->16M(43M) 0.540ms
[12.739s][info][gc] GC(921) Pause Young (Normal) (G1 Evacuation Pause) 35M->16M(43M) 0.583ms
[12.752s][info][gc] GC(922) Pause Young (Normal) (G1 Evacuation Pause) 35M->16M(43M) 1.504ms
[12.764s][info][gc] GC(923) Pause Young (Normal) (G1 Evacuation Pause) 35M->16M(43M) 0.794ms
[12.776s][info][gc] GC(924) Pause Young (Normal) (G1 Evacuation Pause) 35M->16M(43M) 0.544ms
[12.788s][info][gc] GC(925) Pause Young (Normal) (G1 Evacuation Pause) 35M->16M(43M) 0.606ms
[12.801s][info][gc] GC(926) Pause Young (Normal) (G1 Evacuation Pause) 35M->16M(43M) 0.612ms
[12.816s][info][gc] GC(927) Pause Young (Normal) (G1 Evacuation Pause) 35M->16M(43M) 0.755ms
[12.831s][info][gc] GC(928) Pause Young (Normal) (G1 Evacuation Pause) 35M->16M(43M) 0.712ms
[12.846s][info][gc] GC(929) Pause Young (Normal) (G1 Evacuation Pause) 35M->16M(43M) 0.753ms
[12.863s][info][gc] GC(930) Pause Young (Normal) (G1 Evacuation Pause) 35M->16M(43M) 1.417ms
[12.876s][info][gc] GC(931) Pause Young (Normal) (G1 Evacuation Pause) 35M->16M(43M) 0.475ms
[12.888s][info][gc] GC(932) Pause Young (Normal) (G1 Evacuation Pause) 35M->17M(43M) 0.471ms
[12.900s][info][gc] GC(933) Pause Young (Normal) (G1 Evacuation Pause) 36M->17M(43M) 0.518ms
[12.912s][info][gc] GC(934) Pause Young (Normal) (G1 Evacuation Pause) 36M->17M(43M) 0.489ms
[12.924s][info][gc] GC(935) Pause Young (Normal) (G1 Evacuation Pause) 36M->17M(43M) 0.481ms
[12.938s][info][gc] GC(936) Pause Young (Normal) (G1 Evacuation Pause) 36M->17M(43M) 0.493ms
[12.950s][info][gc] GC(937) Pause Young (Normal) (G1 Evacuation Pause) 36M->17M(43M) 0.567ms
[12.962s][info][gc] GC(938) Pause Young (Normal) (G1 Evacuation Pause) 36M->17M(43M) 0.442ms
[12.974s][info][gc] GC(939) Pause Young (Normal) (G1 Evacuation Pause) 36M->17M(43M) 0.491ms
[12.985s][info][gc] GC(940) Pause Young (Normal) (G1 Evacuation Pause) 36M->17M(43M) 0.464ms
[12.999s][info][gc] GC(941) Pause Young (Normal) (G1 Evacuation Pause) 36M->17M(43M) 0.733ms
[13.011s][info][gc] GC(942) Pause Young (Normal) (G1 Evacuation Pause) 36M->17M(43M) 0.523ms
[13.024s][info][gc] GC(943) Pause Young (Normal) (G1 Evacuation Pause) 36M->17M(43M) 0.776ms
[13.037s][info][gc] GC(944) Pause Young (Normal) (G1 Evacuation Pause) 36M->17M(43M) 0.611ms
[13.049s][info][gc] GC(945) Pause Young (Normal) (G1 Evacuation Pause) 36M->17M(43M) 0.619ms
[13.061s][info][gc] GC(946) Pause Young (Normal) (G1 Evacuation Pause) 35M->17M(43M) 0.528ms
[13.072s][info][gc] GC(947) Pause Young (Normal) (G1 Evacuation Pause) 35M->17M(43M) 0.469ms
[13.083s][info][gc] GC(948) Pause Young (Normal) (G1 Evacuation Pause) 35M->17M(43M) 0.470ms
[13.094s][info][gc] GC(949) Pause Young (Normal) (G1 Evacuation Pause) 35M->17M(43M) 0.441ms
[13.105s][info][gc] GC(950) Pause Young (Normal) (G1 Evacuation Pause) 35M->17M(43M) 0.449ms
[13.121s][info][gc] GC(951) Pause Young (Normal) (G1 Evacuation Pause) 35M->17M(43M) 0.844ms
[13.135s][info][gc] GC(952) Pause Young (Normal) (G1 Evacuation Pause) 35M->17M(43M) 0.457ms
[13.146s][info][gc] GC(953) Pause Young (Normal) (G1 Evacuation Pause) 35M->17M(43M) 0.414ms
[13.157s][info][gc] GC(954) Pause Young (Normal) (G1 Evacuation Pause) 35M->17M(43M) 0.531ms
[13.168s][info][gc] GC(955) Pause Young (Normal) (G1 Evacuation Pause) 35M->17M(43M) 0.424ms
[13.179s][info][gc] GC(956) Pause Young (Normal) (G1 Evacuation Pause) 35M->17M(43M) 0.462ms
[13.190s][info][gc] GC(957) Pause Young (Normal) (G1 Evacuation Pause) 35M->17M(43M) 0.482ms
[13.201s][info][gc] GC(958) Pause Young (Normal) (G1 Evacuation Pause) 35M->17M(43M) 0.461ms
[13.213s][info][gc] GC(959) Pause Young (Normal) (G1 Evacuation Pause) 35M->17M(43M) 0.426ms
[13.224s][info][gc] GC(960) Pause Young (Normal) (G1 Evacuation Pause) 35M->17M(43M) 0.437ms
[13.235s][info][gc] GC(961) Pause Young (Normal) (G1 Evacuation Pause) 35M->17M(43M) 0.439ms
[13.247s][info][gc] GC(962) Pause Young (Normal) (G1 Evacuation Pause) 35M->17M(43M) 0.499ms
[13.258s][info][gc] GC(963) Pause Young (Normal) (G1 Evacuation Pause) 35M->17M(43M) 0.449ms
[13.269s][info][gc] GC(964) Pause Young (Normal) (G1 Evacuation Pause) 35M->17M(43M) 0.456ms
[13.281s][info][gc] GC(965) Pause Young (Normal) (G1 Evacuation Pause) 35M->17M(43M) 0.462ms
[13.292s][info][gc] GC(966) Pause Young (Normal) (G1 Evacuation Pause) 35M->17M(43M) 0.481ms
[13.303s][info][gc] GC(967) Pause Young (Normal) (G1 Evacuation Pause) 35M->17M(43M) 0.423ms
[13.314s][info][gc] GC(968) Pause Young (Normal) (G1 Evacuation Pause) 35M->17M(43M) 0.432ms
[13.325s][info][gc] GC(969) Pause Young (Normal) (G1 Evacuation Pause) 35M->17M(43M) 0.535ms
[13.339s][info][gc] GC(970) Pause Young (Normal) (G1 Evacuation Pause) 35M->17M(43M) 0.652ms
[13.354s][info][gc] GC(971) Pause Young (Normal) (G1 Evacuation Pause) 35M->17M(43M) 0.810ms
[13.368s][info][gc] GC(972) Pause Young (Normal) (G1 Evacuation Pause) 35M->17M(43M) 0.847ms
[13.382s][info][gc] GC(973) Pause Young (Normal) (G1 Evacuation Pause) 35M->17M(43M) 0.588ms
[13.395s][info][gc] GC(974) Pause Young (Normal) (G1 Evacuation Pause) 35M->17M(43M) 0.539ms
[13.413s][info][gc] GC(975) Pause Young (Normal) (G1 Evacuation Pause) 35M->17M(43M) 0.551ms
[13.427s][info][gc] GC(976) Pause Young (Normal) (G1 Evacuation Pause) 35M->17M(43M) 0.547ms
[13.442s][info][gc] GC(977) Pause Young (Normal) (G1 Evacuation Pause) 35M->17M(43M) 0.779ms
[13.458s][info][gc] GC(978) Pause Young (Normal) (G1 Evacuation Pause) 35M->17M(43M) 0.783ms
[13.476s][info][gc] GC(979) Pause Young (Normal) (G1 Evacuation Pause) 35M->17M(43M) 1.337ms
[13.501s][info][gc] GC(980) Pause Young (Normal) (G1 Evacuation Pause) 35M->17M(43M) 0.795ms
[13.517s][info][gc] GC(981) Pause Young (Normal) (G1 Evacuation Pause) 35M->17M(43M) 0.969ms
[13.541s][info][gc] GC(982) Pause Young (Normal) (G1 Evacuation Pause) 35M->17M(43M) 1.612ms
[13.557s][info][gc] GC(983) Pause Young (Normal) (G1 Evacuation Pause) 35M->17M(43M) 0.720ms
[13.577s][info][gc] GC(984) Pause Young (Normal) (G1 Evacuation Pause) 35M->17M(43M) 1.192ms
[13.593s][info][gc] GC(985) Pause Young (Normal) (G1 Evacuation Pause) 35M->17M(43M) 1.243ms
[13.614s][info][gc] GC(986) Pause Young (Normal) (G1 Evacuation Pause) 35M->17M(43M) 1.826ms
[13.631s][info][gc] GC(987) Pause Young (Normal) (G1 Evacuation Pause) 35M->17M(43M) 0.842ms
[13.652s][info][gc] GC(988) Pause Young (Normal) (G1 Evacuation Pause) 35M->17M(43M) 0.856ms
[13.670s][info][gc] GC(989) Pause Young (Normal) (G1 Evacuation Pause) 35M->17M(43M) 1.947ms
[13.689s][info][gc] GC(990) Pause Young (Normal) (G1 Evacuation Pause) 35M->17M(44M) 0.876ms
[13.706s][info][gc] GC(991) Pause Young (Normal) (G1 Evacuation Pause) 35M->17M(44M) 0.621ms
[13.720s][info][gc] GC(992) Pause Young (Normal) (G1 Evacuation Pause) 35M->17M(44M) 0.804ms
[13.735s][info][gc] GC(993) Pause Young (Normal) (G1 Evacuation Pause) 35M->17M(44M) 0.608ms
[13.751s][info][gc] GC(994) Pause Young (Normal) (G1 Evacuation Pause) 36M->17M(44M) 0.595ms
[13.767s][info][gc] GC(995) Pause Young (Normal) (G1 Evacuation Pause) 36M->17M(44M) 0.632ms
[13.784s][info][gc] GC(996) Pause Young (Normal) (G1 Evacuation Pause) 36M->17M(44M) 0.621ms
[13.800s][info][gc] GC(997) Pause Young (Normal) (G1 Evacuation Pause) 36M->18M(44M) 0.623ms
[13.815s][info][gc] GC(998) Pause Young (Normal) (G1 Evacuation Pause) 37M->18M(44M) 0.482ms
[13.827s][info][gc] GC(999) Pause Young (Normal) (G1 Evacuation Pause) 37M->18M(44M) 0.528ms
[13.840s][info][gc] GC(1000) Pause Young (Normal) (G1 Evacuation Pause) 37M->18M(44M) 0.475ms
[13.852s][info][gc] GC(1001) Pause Young (Normal) (G1 Evacuation Pause) 37M->18M(44M) 0.576ms
[13.865s][info][gc] GC(1002) Pause Young (Normal) (G1 Evacuation Pause) 37M->18M(44M) 0.455ms
[13.878s][info][gc] GC(1003) Pause Young (Normal) (G1 Evacuation Pause) 37M->18M(44M) 0.498ms
[13.890s][info][gc] GC(1004) Pause Young (Normal) (G1 Evacuation Pause) 37M->18M(44M) 0.431ms
[13.902s][info][gc] GC(1005) Pause Young (Normal) (G1 Evacuation Pause) 37M->18M(44M) 0.485ms
[13.915s][info][gc] GC(1006) Pause Young (Normal) (G1 Evacuation Pause) 37M->18M(44M) 0.523ms
[13.927s][info][gc] GC(1007) Pause Young (Normal) (G1 Evacuation Pause) 37M->18M(44M) 0.537ms
[13.942s][info][gc] GC(1008) Pause Young (Normal) (G1 Evacuation Pause) 37M->18M(44M) 0.554ms
[13.954s][info][gc] GC(1009) Pause Young (Normal) (G1 Evacuation Pause) 37M->18M(44M) 0.805ms
[13.967s][info][gc] GC(1010) Pause Young (Normal) (G1 Evacuation Pause) 37M->18M(44M) 0.644ms
[13.980s][info][gc] GC(1011) Pause Young (Normal) (G1 Evacuation Pause) 37M->18M(44M) 0.646ms
[13.993s][info][gc] GC(1012) Pause Young (Normal) (G1 Evacuation Pause) 37M->18M(44M) 0.808ms
[14.006s][info][gc] GC(1013) Pause Young (Normal) (G1 Evacuation Pause) 36M->18M(44M) 0.605ms
[14.018s][info][gc] GC(1014) Pause Young (Normal) (G1 Evacuation Pause) 36M->18M(44M) 0.689ms
[14.030s][info][gc] GC(1015) Pause Young (Normal) (G1 Evacuation Pause) 36M->18M(44M) 0.617ms
[14.041s][info][gc] GC(1016) Pause Young (Normal) (G1 Evacuation Pause) 36M->18M(44M) 0.568ms
[14.054s][info][gc] GC(1017) Pause Young (Normal) (G1 Evacuation Pause) 36M->18M(44M) 0.713ms
[14.066s][info][gc] GC(1018) Pause Young (Normal) (G1 Evacuation Pause) 36M->18M(44M) 0.592ms
[14.078s][info][gc] GC(1019) Pause Young (Normal) (G1 Evacuation Pause) 36M->18M(44M) 0.657ms
[14.090s][info][gc] GC(1020) Pause Young (Normal) (G1 Evacuation Pause) 36M->18M(44M) 0.554ms
[14.102s][info][gc] GC(1021) Pause Young (Normal) (G1 Evacuation Pause) 36M->18M(44M) 0.698ms
[14.117s][info][gc] GC(1022) Pause Young (Normal) (G1 Evacuation Pause) 36M->18M(44M) 1.136ms
[14.133s][info][gc] GC(1023) Pause Young (Normal) (G1 Evacuation Pause) 36M->18M(44M) 1.608ms
[14.146s][info][gc] GC(1024) Pause Young (Normal) (G1 Evacuation Pause) 36M->18M(44M) 0.461ms
[14.157s][info][gc] GC(1025) Pause Young (Normal) (G1 Evacuation Pause) 36M->18M(44M) 0.444ms
[14.168s][info][gc] GC(1026) Pause Young (Normal) (G1 Evacuation Pause) 36M->18M(44M) 0.445ms
[14.179s][info][gc] GC(1027) Pause Young (Normal) (G1 Evacuation Pause) 36M->18M(44M) 0.445ms
[14.190s][info][gc] GC(1028) Pause Young (Normal) (G1 Evacuation Pause) 36M->18M(44M) 0.419ms
[14.201s][info][gc] GC(1029) Pause Young (Normal) (G1 Evacuation Pause) 36M->18M(44M) 0.398ms
[14.212s][info][gc] GC(1030) Pause Young (Normal) (G1 Evacuation Pause) 36M->18M(44M) 0.505ms
[14.223s][info][gc] GC(1031) Pause Young (Normal) (G1 Evacuation Pause) 36M->18M(44M) 0.452ms
[14.234s][info][gc] GC(1032) Pause Young (Normal) (G1 Evacuation Pause) 36M->18M(44M) 0.444ms
[14.245s][info][gc] GC(1033) Pause Young (Normal) (G1 Evacuation Pause) 36M->18M(44M) 0.423ms
[14.257s][info][gc] GC(1034) Pause Young (Normal) (G1 Evacuation Pause) 36M->18M(44M) 0.444ms
[14.268s][info][gc] GC(1035) Pause Young (Normal) (G1 Evacuation Pause) 36M->18M(44M) 0.442ms
[14.279s][info][gc] GC(1036) Pause Young (Normal) (G1 Evacuation Pause) 36M->18M(44M) 0.454ms
[14.290s][info][gc] GC(1037) Pause Young (Normal) (G1 Evacuation Pause) 36M->18M(44M) 0.496ms
[14.301s][info][gc] GC(1038) Pause Young (Normal) (G1 Evacuation Pause) 36M->18M(44M) 0.415ms
[14.313s][info][gc] GC(1039) Pause Young (Normal) (G1 Evacuation Pause) 36M->18M(44M) 0.441ms
[14.324s][info][gc] GC(1040) Pause Young (Normal) (G1 Evacuation Pause) 36M->18M(44M) 0.440ms
[14.336s][info][gc] GC(1041) Pause Young (Normal) (G1 Evacuation Pause) 36M->18M(44M) 0.508ms
[14.348s][info][gc] GC(1042) Pause Young (Normal) (G1 Evacuation Pause) 36M->18M(44M) 0.437ms
[14.360s][info][gc] GC(1043) Pause Young (Normal) (G1 Evacuation Pause) 36M->18M(44M) 0.422ms
[14.371s][info][gc] GC(1044) Pause Young (Normal) (G1 Evacuation Pause) 36M->18M(44M) 0.443ms
[14.382s][info][gc] GC(1045) Pause Young (Normal) (G1 Evacuation Pause) 36M->18M(44M) 0.443ms
[14.393s][info][gc] GC(1046) Pause Young (Normal) (G1 Evacuation Pause) 36M->18M(44M) 0.474ms
[14.404s][info][gc] GC(1047) Pause Young (Normal) (G1 Evacuation Pause) 36M->18M(44M) 0.426ms
[14.415s][info][gc] GC(1048) Pause Young (Normal) (G1 Evacuation Pause) 36M->18M(44M) 0.440ms
[14.426s][info][gc] GC(1049) Pause Young (Normal) (G1 Evacuation Pause) 36M->18M(44M) 0.414ms
[14.438s][info][gc] GC(1050) Pause Young (Normal) (G1 Evacuation Pause) 36M->18M(44M) 0.482ms
[14.452s][info][gc] GC(1051) Pause Young (Normal) (G1 Evacuation Pause) 36M->18M(44M) 1.284ms
[14.467s][info][gc] GC(1052) Pause Young (Normal) (G1 Evacuation Pause) 36M->18M(44M) 1.535ms
[14.484s][info][gc] GC(1053) Pause Young (Normal) (G1 Evacuation Pause) 36M->18M(44M) 0.611ms
[14.498s][info][gc] GC(1054) Pause Young (Normal) (G1 Evacuation Pause) 36M->18M(44M) 0.571ms
[14.512s][info][gc] GC(1055) Pause Young (Normal) (G1 Evacuation Pause) 36M->18M(44M) 0.553ms
[14.525s][info][gc] GC(1056) Pause Young (Normal) (G1 Evacuation Pause) 36M->18M(44M) 0.546ms
[14.542s][info][gc] GC(1057) Pause Young (Normal) (G1 Evacuation Pause) 36M->18M(44M) 1.150ms
[14.558s][info][gc] GC(1058) Pause Young (Normal) (G1 Evacuation Pause) 36M->18M(44M) 0.697ms
[14.573s][info][gc] GC(1059) Pause Young (Normal) (G1 Evacuation Pause) 36M->18M(44M) 0.811ms
[14.587s][info][gc] GC(1060) Pause Young (Normal) (G1 Evacuation Pause) 36M->18M(44M) 0.667ms
[14.602s][info][gc] GC(1061) Pause Young (Normal) (G1 Evacuation Pause) 36M->18M(44M) 0.724ms
[14.616s][info][gc] GC(1062) Pause Young (Normal) (G1 Evacuation Pause) 36M->18M(44M) 0.673ms
[14.631s][info][gc] GC(1063) Pause Young (Normal) (G1 Evacuation Pause) 36M->18M(44M) 1.595ms
[14.647s][info][gc] GC(1064) Pause Young (Normal) (G1 Evacuation Pause) 36M->18M(44M) 1.462ms
[14.662s][info][gc] GC(1065) Pause Young (Normal) (G1 Evacuation Pause) 36M->18M(44M) 0.647ms
[14.677s][info][gc] GC(1066) Pause Young (Normal) (G1 Evacuation Pause) 36M->19M(44M) 0.595ms
[14.691s][info][gc] GC(1067) Pause Young (Normal) (G1 Evacuation Pause) 37M->19M(44M) 0.589ms
[14.704s][info][gc] GC(1068) Pause Young (Normal) (G1 Evacuation Pause) 37M->19M(44M) 1.285ms
[14.714s][info][gc] GC(1069) Pause Young (Normal) (G1 Evacuation Pause) 37M->19M(44M) 0.432ms
[14.726s][info][gc] GC(1070) Pause Young (Normal) (G1 Evacuation Pause) 37M->19M(44M) 0.432ms
[14.737s][info][gc] GC(1071) Pause Young (Normal) (G1 Evacuation Pause) 37M->19M(44M) 0.443ms
[14.748s][info][gc] GC(1072) Pause Young (Normal) (G1 Evacuation Pause) 37M->19M(44M) 0.489ms
[14.759s][info][gc] GC(1073) Pause Young (Normal) (G1 Evacuation Pause) 37M->19M(44M) 0.432ms
[14.770s][info][gc] GC(1074) Pause Young (Normal) (G1 Evacuation Pause) 37M->19M(44M) 0.402ms
[14.781s][info][gc] GC(1075) Pause Young (Normal) (G1 Evacuation Pause) 37M->19M(44M) 0.450ms
[14.792s][info][gc] GC(1076) Pause Young (Normal) (G1 Evacuation Pause) 37M->19M(44M) 0.415ms
[14.804s][info][gc] GC(1077) Pause Young (Normal) (G1 Evacuation Pause) 37M->19M(44M) 0.469ms
[14.815s][info][gc] GC(1078) Pause Young (Normal) (G1 Evacuation Pause) 37M->19M(44M) 0.413ms
[14.826s][info][gc] GC(1079) Pause Young (Normal) (G1 Evacuation Pause) 37M->19M(44M) 0.449ms
[14.837s][info][gc] GC(1080) Pause Young (Normal) (G1 Evacuation Pause) 37M->19M(44M) 0.449ms
[14.848s][info][gc] GC(1081) Pause Young (Normal) (G1 Evacuation Pause) 37M->19M(44M) 0.428ms
[14.859s][info][gc] GC(1082) Pause Young (Concurrent Start) (G1 Evacuation Pause) 36M->19M(44M) 0.592ms
[14.859s][info][gc] GC(1083) Concurrent Cycle
[14.876s][info][gc] GC(1084) Pause Young (Normal) (G1 Evacuation Pause) 36M->19M(44M) 0.524ms
[14.888s][info][gc] GC(1083) Pause Remark 30M->30M(44M) 1.726ms
[14.893s][info][gc] GC(1085) Pause Young (Normal) (G1 Evacuation Pause) 36M->19M(44M) 0.614ms
[14.904s][info][gc] GC(1083) Pause Cleanup 34M->34M(44M) 0.100ms
[14.904s][info][gc] GC(1083) Concurrent Cycle 45.374ms
[14.906s][info][gc] GC(1086) Pause Young (Normal) (G1 Evacuation Pause) 36M->19M(44M) 0.616ms
[14.917s][info][gc] GC(1087) Pause Young (Concurrent Start) (G1 Evacuation Pause) 36M->19M(44M) 0.739ms
[14.917s][info][gc] GC(1088) Concurrent Cycle
[14.934s][info][gc] GC(1089) Pause Young (Normal) (G1 Evacuation Pause) 36M->19M(44M) 1.315ms
[14.945s][info][gc] GC(1088) Pause Remark 28M->28M(44M) 1.188ms
[14.951s][info][gc] GC(1090) Pause Young (Normal) (G1 Evacuation Pause) 36M->19M(44M) 0.539ms
[14.961s][info][gc] GC(1088) Pause Cleanup 31M->31M(44M) 0.053ms
[14.962s][info][gc] GC(1088) Concurrent Cycle 44.678ms
[14.965s][info][gc] GC(1091) Pause Young (Normal) (G1 Evacuation Pause) 36M->19M(44M) 0.432ms
[14.977s][info][gc] GC(1092) Pause Young (Concurrent Start) (G1 Evacuation Pause) 36M->19M(44M) 0.734ms
[14.977s][info][gc] GC(1093) Concurrent Cycle
[14.996s][info][gc] GC(1094) Pause Young (Normal) (G1 Evacuation Pause) 36M->19M(44M) 0.680ms
[15.015s][info][gc] GC(1095) Pause Young (Normal) (G1 Evacuation Pause) 36M->19M(44M) 1.490ms
[15.020s][info][gc] GC(1093) Pause Remark 23M->23M(44M) 1.556ms
[15.031s][info][gc] GC(1096) Pause Young (Normal) (G1 Evacuation Pause) 36M->19M(44M) 0.670ms
[15.037s][info][gc] GC(1093) Pause Cleanup 26M->26M(44M) 0.048ms
[15.037s][info][gc] GC(1093) Concurrent Cycle 60.159ms
[15.044s][info][gc] GC(1097) Pause Young (Normal) (G1 Evacuation Pause) 36M->19M(44M) 0.717ms
[15.055s][info][gc] GC(1098) Pause Young (Concurrent Start) (G1 Evacuation Pause) 36M->19M(44M) 0.461ms
[15.055s][info][gc] GC(1099) Concurrent Cycle
[15.072s][info][gc] GC(1100) Pause Young (Normal) (G1 Evacuation Pause) 36M->19M(44M) 0.727ms
[15.082s][info][gc] GC(1099) Pause Remark 28M->28M(44M) 1.571ms
[15.089s][info][gc] GC(1101) Pause Young (Normal) (G1 Evacuation Pause) 36M->19M(44M) 0.671ms
[15.101s][info][gc] GC(1099) Pause Cleanup 30M->30M(44M) 0.058ms
[15.101s][info][gc] GC(1099) Concurrent Cycle 45.864ms
[15.105s][info][gc] GC(1102) Pause Young (Normal) (G1 Evacuation Pause) 36M->19M(44M) 0.816ms
[15.118s][info][gc] GC(1103) Pause Young (Concurrent Start) (G1 Evacuation Pause) 36M->19M(44M) 0.675ms
[15.118s][info][gc] GC(1104) Concurrent Cycle
[15.142s][info][gc] GC(1105) Pause Young (Normal) (G1 Evacuation Pause) 36M->19M(44M) 0.520ms
[15.156s][info][gc] GC(1104) Pause Remark 28M->28M(44M) 1.647ms
[15.167s][info][gc] GC(1106) Pause Young (Normal) (G1 Evacuation Pause) 36M->19M(44M) 0.629ms
[15.178s][info][gc] GC(1104) Pause Cleanup 29M->29M(44M) 0.087ms
[15.178s][info][gc] GC(1104) Concurrent Cycle 60.156ms
[15.183s][info][gc] GC(1107) Pause Young (Normal) (G1 Evacuation Pause) 36M->19M(44M) 1.042ms
[15.194s][info][gc] GC(1108) Pause Young (Concurrent Start) (G1 Evacuation Pause) 36M->19M(44M) 0.552ms
[15.194s][info][gc] GC(1109) Concurrent Cycle
[15.217s][info][gc] GC(1110) Pause Young (Normal) (G1 Evacuation Pause) 36M->19M(44M) 0.494ms
[15.230s][info][gc] GC(1109) Pause Remark 27M->27M(44M) 1.413ms
[15.239s][info][gc] GC(1111) Pause Young (Normal) (G1 Evacuation Pause) 36M->19M(44M) 0.411ms
[15.251s][info][gc] GC(1109) Pause Cleanup 29M->29M(44M) 0.044ms
[15.251s][info][gc] GC(1109) Concurrent Cycle 56.963ms
[15.256s][info][gc] GC(1112) Pause Young (Normal) (G1 Evacuation Pause) 36M->19M(44M) 0.593ms
[15.267s][info][gc] GC(1113) Pause Young (Concurrent Start) (G1 Evacuation Pause) 36M->19M(44M) 0.642ms
[15.267s][info][gc] GC(1114) Concurrent Cycle
[15.291s][info][gc] GC(1115) Pause Young (Normal) (G1 Evacuation Pause) 36M->19M(44M) 0.679ms
[15.303s][info][gc] GC(1114) Pause Remark 27M->27M(44M) 1.413ms
[15.314s][info][gc] GC(1116) Pause Young (Normal) (G1 Evacuation Pause) 36M->19M(44M) 0.848ms
[15.323s][info][gc] GC(1114) Pause Cleanup 28M->28M(44M) 0.042ms
[15.324s][info][gc] GC(1114) Concurrent Cycle 56.906ms
[15.331s][info][gc] GC(1117) Pause Young (Normal) (G1 Evacuation Pause) 36M->19M(44M) 0.496ms
[15.351s][info][gc] GC(1118) Pause Young (Concurrent Start) (G1 Evacuation Pause) 36M->19M(44M) 0.640ms
[15.351s][info][gc] GC(1119) Concurrent Cycle
[15.380s][info][gc] GC(1119) Pause Remark 36M->36M(44M) 1.281ms
[15.381s][info][gc] GC(1120) Pause Young (Normal) (G1 Evacuation Pause) 36M->19M(44M) 0.554ms
[15.396s][info][gc] GC(1119) Pause Cleanup 31M->31M(44M) 0.052ms
[15.396s][info][gc] GC(1119) Concurrent Cycle 45.142ms
[15.403s][info][gc] GC(1121) Pause Young (Normal) (G1 Evacuation Pause) 36M->19M(44M) 0.565ms
[15.422s][info][gc] GC(1122) Pause Young (Concurrent Start) (G1 Evacuation Pause) 36M->19M(44M) 0.547ms
[15.422s][info][gc] GC(1123) Concurrent Cycle
[15.453s][info][gc] GC(1124) Pause Young (Normal) (G1 Evacuation Pause) 36M->19M(44M) 0.996ms
[15.458s][info][gc] GC(1123) Pause Remark 21M->21M(44M) 3.093ms
[15.484s][info][gc] GC(1125) Pause Young (Normal) (G1 Evacuation Pause) 36M->19M(44M) 1.545ms
[15.485s][info][gc] GC(1123) Pause Cleanup 20M->20M(44M) 0.054ms
[15.486s][info][gc] GC(1123) Concurrent Cycle 63.335ms
[15.501s][info][gc] GC(1126) Pause Young (Normal) (G1 Evacuation Pause) 36M->19M(44M) 1.125ms
[15.521s][info][gc] GC(1127) Pause Young (Concurrent Start) (G1 Evacuation Pause) 36M->19M(44M) 2.938ms
[15.521s][info][gc] GC(1128) Concurrent Cycle
[15.554s][info][gc] GC(1129) Pause Young (Normal) (G1 Evacuation Pause) 36M->19M(44M) 1.235ms
[15.568s][info][gc] GC(1128) Pause Remark 26M->26M(44M) 2.693ms
[15.580s][info][gc] GC(1130) Pause Young (Normal) (G1 Evacuation Pause) 36M->19M(44M) 0.644ms
[15.594s][info][gc] GC(1128) Pause Cleanup 31M->31M(44M) 0.051ms
[15.597s][info][gc] GC(1128) Concurrent Cycle 75.355ms
[15.599s][info][gc] GC(1131) Pause Young (Normal) (G1 Evacuation Pause) 36M->19M(44M) 0.555ms
[15.613s][info][gc] GC(1132) Pause Young (Concurrent Start) (G1 Evacuation Pause) 36M->19M(44M) 0.722ms
[15.613s][info][gc] GC(1133) Concurrent Cycle
[15.642s][info][gc] GC(1134) Pause Young (Normal) (G1 Evacuation Pause) 36M->19M(44M) 1.548ms
[15.658s][info][gc] GC(1133) Pause Remark 28M->28M(44M) 2.479ms
[15.670s][info][gc] GC(1135) Pause Young (Normal) (G1 Evacuation Pause) 36M->19M(44M) 0.603ms
[15.683s][info][gc] GC(1133) Pause Cleanup 29M->29M(44M) 0.087ms
[15.683s][info][gc] GC(1133) Concurrent Cycle 70.611ms
[15.689s][info][gc] GC(1136) Pause Young (Normal) (G1 Evacuation Pause) 36M->19M(44M) 0.687ms
[15.701s][info][gc] GC(1137) Pause Young (Concurrent Start) (G1 Evacuation Pause) 36M->19M(44M) 0.675ms
[15.701s][info][gc] GC(1138) Concurrent Cycle
[15.717s][info][gc] GC(1139) Pause Young (Normal) (G1 Evacuation Pause) 36M->19M(44M) 0.648ms
[15.732s][info][gc] GC(1138) Pause Remark 29M->29M(44M) 1.377ms
[15.740s][info][gc] GC(1140) Pause Young (Normal) (G1 Evacuation Pause) 36M->19M(44M) 0.539ms
[15.752s][info][gc] GC(1138) Pause Cleanup 31M->31M(44M) 0.039ms
[15.752s][info][gc] GC(1138) Concurrent Cycle 51.524ms
[15.756s][info][gc] GC(1141) Pause Young (Normal) (G1 Evacuation Pause) 36M->19M(44M) 0.603ms
[15.767s][info][gc] GC(1142) Pause Young (Concurrent Start) (G1 Evacuation Pause) 36M->19M(44M) 0.642ms
[15.767s][info][gc] GC(1143) Concurrent Cycle
[15.791s][info][gc] GC(1144) Pause Young (Normal) (G1 Evacuation Pause) 36M->19M(44M) 0.693ms
[15.803s][info][gc] GC(1143) Pause Remark 28M->28M(44M) 1.271ms
[15.814s][info][gc] GC(1145) Pause Young (Normal) (G1 Evacuation Pause) 36M->19M(44M) 0.466ms
[15.824s][info][gc] GC(1143) Pause Cleanup 30M->30M(44M) 0.041ms
[15.824s][info][gc] GC(1143) Concurrent Cycle 57.429ms
[15.829s][info][gc] GC(1146) Pause Young (Normal) (G1 Evacuation Pause) 36M->19M(44M) 0.430ms
[15.839s][info][gc] GC(1147) Pause Young (Concurrent Start) (G1 Evacuation Pause) 36M->19M(44M) 0.455ms
[15.839s][info][gc] GC(1148) Concurrent Cycle
[15.863s][info][gc] GC(1149) Pause Young (Normal) (G1 Evacuation Pause) 36M->19M(44M) 0.445ms
[15.875s][info][gc] GC(1148) Pause Remark 28M->28M(44M) 1.007ms
[15.885s][info][gc] GC(1150) Pause Young (Normal) (G1 Evacuation Pause) 36M->19M(44M) 0.468ms
[15.896s][info][gc] GC(1148) Pause Cleanup 29M->29M(44M) 0.043ms
[15.896s][info][gc] GC(1148) Concurrent Cycle 56.911ms
[15.901s][info][gc] GC(1151) Pause Young (Normal) (G1 Evacuation Pause) 36M->19M(44M) 0.413ms
[15.911s][info][gc] GC(1152) Pause Young (Concurrent Start) (G1 Evacuation Pause) 36M->19M(44M) 0.474ms
[15.911s][info][gc] GC(1153) Concurrent Cycle
[15.935s][info][gc] GC(1154) Pause Young (Normal) (G1 Evacuation Pause) 36M->20M(44M) 0.687ms
[15.949s][info][gc] GC(1153) Pause Remark 28M->28M(44M) 1.552ms
[15.959s][info][gc] GC(1155) Pause Young (Normal) (G1 Evacuation Pause) 37M->20M(44M) 0.589ms
[15.970s][info][gc] GC(1153) Pause Cleanup 30M->30M(44M) 0.084ms
[15.970s][info][gc] GC(1153) Concurrent Cycle 59.184ms
[15.975s][info][gc] GC(1156) Pause Young (Normal) (G1 Evacuation Pause) 37M->20M(44M) 0.672ms
[15.986s][info][gc] GC(1157) Pause Young (Concurrent Start) (G1 Evacuation Pause) 37M->20M(44M) 0.584ms
[15.986s][info][gc] GC(1158) Concurrent Cycle
[16.011s][info][gc] GC(1159) Pause Young (Normal) (G1 Evacuation Pause) 37M->20M(44M) 0.614ms
[16.023s][info][gc] GC(1158) Pause Remark 28M->28M(44M) 1.412ms
[16.034s][info][gc] GC(1160) Pause Young (Normal) (G1 Evacuation Pause) 37M->20M(44M) 0.610ms
[16.044s][info][gc] GC(1158) Pause Cleanup 30M->30M(44M) 0.088ms
[16.045s][info][gc] GC(1158) Concurrent Cycle 58.578ms
[16.049s][info][gc] GC(1161) Pause Young (Normal) (G1 Evacuation Pause) 37M->20M(44M) 0.558ms
[16.061s][info][gc] GC(1162) Pause Young (Concurrent Start) (G1 Evacuation Pause) 37M->20M(44M) 0.662ms
[16.061s][info][gc] GC(1163) Concurrent Cycle
[16.078s][info][gc] GC(1164) Pause Young (Normal) (G1 Evacuation Pause) 37M->20M(44M) 1.589ms
[16.089s][info][gc] GC(1163) Pause Remark 30M->30M(44M) 1.751ms
[16.095s][info][gc] GC(1165) Pause Young (Normal) (G1 Evacuation Pause) 37M->20M(44M) 0.585ms
[16.106s][info][gc] GC(1163) Pause Cleanup 34M->34M(44M) 0.052ms
[16.106s][info][gc] GC(1163) Concurrent Cycle 45.107ms
[16.108s][info][gc] GC(1166) Pause Young (Normal) (G1 Evacuation Pause) 37M->20M(44M) 0.538ms
[16.126s][info][gc] GC(1167) Pause Young (Concurrent Start) (G1 Evacuation Pause) 37M->20M(44M) 0.724ms
[16.126s][info][gc] GC(1168) Concurrent Cycle
[16.143s][info][gc] GC(1169) Pause Young (Normal) (G1 Evacuation Pause) 37M->20M(44M) 0.737ms
[16.156s][info][gc] GC(1168) Pause Remark 31M->31M(44M) 1.758ms
[16.163s][info][gc] GC(1170) Pause Young (Normal) (G1 Evacuation Pause) 37M->20M(44M) 0.536ms
[16.176s][info][gc] GC(1168) Pause Cleanup 36M->36M(44M) 0.056ms
[16.176s][info][gc] GC(1168) Concurrent Cycle 50.676ms
[16.177s][info][gc] GC(1171) Pause Young (Normal) (G1 Evacuation Pause) 36M->20M(44M) 0.518ms
[16.188s][info][gc] GC(1172) Pause Young (Concurrent Start) (G1 Evacuation Pause) 36M->20M(44M) 0.472ms
[16.188s][info][gc] GC(1173) Concurrent Cycle
[16.205s][info][gc] GC(1174) Pause Young (Normal) (G1 Evacuation Pause) 36M->20M(44M) 0.572ms
[16.218s][info][gc] GC(1173) Pause Remark 31M->31M(44M) 1.208ms
[16.223s][info][gc] GC(1175) Pause Young (Normal) (G1 Evacuation Pause) 36M->20M(44M) 0.661ms
[16.236s][info][gc] GC(1176) Pause Young (Normal) (G1 Evacuation Pause) 36M->20M(44M) 0.710ms
[16.237s][info][gc] GC(1173) Pause Cleanup 20M->20M(44M) 0.044ms
[16.237s][info][gc] GC(1173) Concurrent Cycle 48.941ms
[16.247s][info][gc] GC(1177) Pause Young (Normal) (G1 Evacuation Pause) 36M->20M(44M) 0.489ms
[16.257s][info][gc] GC(1178) Pause Young (Concurrent Start) (G1 Evacuation Pause) 36M->20M(44M) 0.467ms
[16.257s][info][gc] GC(1179) Concurrent Cycle
[16.273s][info][gc] GC(1180) Pause Young (Normal) (G1 Evacuation Pause) 36M->20M(44M) 0.629ms
[16.286s][info][gc] GC(1179) Pause Remark 32M->32M(44M) 1.695ms
[16.289s][info][gc] GC(1181) Pause Young (Normal) (G1 Evacuation Pause) 36M->20M(44M) 0.657ms
[16.302s][info][gc] GC(1182) Pause Young (Normal) (G1 Evacuation Pause) 36M->20M(44M) 0.600ms
[16.303s][info][gc] GC(1179) Pause Cleanup 21M->21M(44M) 0.070ms
[16.303s][info][gc] GC(1179) Concurrent Cycle 46.441ms
[16.313s][info][gc] GC(1183) Pause Young (Normal) (G1 Evacuation Pause) 36M->20M(44M) 0.502ms
[16.322s][info][gc] GC(1184) Pause Young (Concurrent Start) (G1 Evacuation Pause) 36M->20M(44M) 0.499ms
[16.323s][info][gc] GC(1185) Concurrent Cycle
[16.345s][info][gc] GC(1186) Pause Young (Normal) (G1 Evacuation Pause) 36M->20M(44M) 0.604ms
[16.359s][info][gc] GC(1185) Pause Remark 29M->29M(44M) 1.405ms
[16.367s][info][gc] GC(1187) Pause Young (Normal) (G1 Evacuation Pause) 36M->20M(44M) 0.550ms
[16.381s][info][gc] GC(1185) Pause Cleanup 33M->33M(44M) 0.085ms
[16.381s][info][gc] GC(1185) Concurrent Cycle 58.240ms
[16.383s][info][gc] GC(1188) Pause Young (Normal) (G1 Evacuation Pause) 36M->20M(44M) 0.569ms
[16.393s][info][gc] GC(1189) Pause Young (Concurrent Start) (G1 Evacuation Pause) 36M->20M(44M) 0.706ms
[16.393s][info][gc] GC(1190) Concurrent Cycle
[16.415s][info][gc] GC(1191) Pause Young (Normal) (G1 Evacuation Pause) 36M->20M(44M) 0.677ms
[16.431s][info][gc] GC(1190) Pause Remark 30M->30M(44M) 1.462ms
[16.438s][info][gc] GC(1192) Pause Young (Normal) (G1 Evacuation Pause) 36M->20M(44M) 0.636ms
[16.451s][info][gc] GC(1190) Pause Cleanup 32M->32M(44M) 0.067ms
[16.452s][info][gc] GC(1190) Concurrent Cycle 58.474ms
[16.457s][info][gc] GC(1193) Pause Young (Normal) (G1 Evacuation Pause) 36M->20M(44M) 1.033ms
[16.470s][info][gc] GC(1194) Pause Young (Concurrent Start) (G1 Evacuation Pause) 36M->20M(44M) 0.672ms
[16.470s][info][gc] GC(1195) Concurrent Cycle
[16.489s][info][gc] GC(1196) Pause Young (Normal) (G1 Evacuation Pause) 36M->20M(44M) 0.895ms
[16.511s][info][gc] GC(1197) Pause Young (Normal) (G1 Evacuation Pause) 36M->20M(44M) 2.028ms
[16.515s][info][gc] GC(1195) Pause Remark 21M->21M(44M) 2.657ms
[16.531s][info][gc] GC(1198) Pause Young (Normal) (G1 Evacuation Pause) 36M->20M(44M) 0.664ms
[16.536s][info][gc] GC(1195) Pause Cleanup 26M->26M(44M) 0.066ms
[16.536s][info][gc] GC(1195) Concurrent Cycle 66.098ms
[16.546s][info][gc] GC(1199) Pause Young (Normal) (G1 Evacuation Pause) 36M->20M(44M) 1.725ms
[16.559s][info][gc] GC(1200) Pause Young (Concurrent Start) (G1 Evacuation Pause) 36M->20M(44M) 0.750ms
[16.559s][info][gc] GC(1201) Concurrent Cycle
[16.579s][info][gc] GC(1202) Pause Young (Normal) (G1 Evacuation Pause) 36M->20M(44M) 0.719ms
[16.595s][info][gc] GC(1201) Pause Remark 29M->29M(44M) 2.391ms
[16.605s][info][gc] GC(1203) Pause Young (Normal) (G1 Evacuation Pause) 36M->20M(44M) 0.700ms
[16.620s][info][gc] GC(1201) Pause Cleanup 32M->32M(44M) 0.060ms
[16.620s][info][gc] GC(1201) Concurrent Cycle 61.845ms
[16.624s][info][gc] GC(1204) Pause Young (Normal) (G1 Evacuation Pause) 36M->20M(44M) 0.774ms
[16.637s][info][gc] GC(1205) Pause Young (Concurrent Start) (G1 Evacuation Pause) 36M->20M(44M) 0.871ms
[16.637s][info][gc] GC(1206) Concurrent Cycle
[16.664s][info][gc] GC(1207) Pause Young (Normal) (G1 Evacuation Pause) 36M->20M(44M) 0.723ms
[16.683s][info][gc] GC(1206) Pause Remark 33M->33M(44M) 1.670ms
[16.686s][info][gc] GC(1208) Pause Young (Normal) (G1 Evacuation Pause) 36M->20M(44M) 0.539ms
[16.700s][info][gc] GC(1209) Pause Young (Normal) (G1 Evacuation Pause) 36M->20M(44M) 0.545ms
[16.706s][info][gc] GC(1206) Pause Cleanup 28M->28M(44M) 0.055ms
[16.706s][info][gc] GC(1206) Concurrent Cycle 69.414ms
[16.712s][info][gc] GC(1210) Pause Young (Normal) (G1 Evacuation Pause) 36M->20M(44M) 0.656ms
[16.722s][info][gc] GC(1211) Pause Young (Concurrent Start) (G1 Evacuation Pause) 36M->20M(44M) 0.642ms
[16.722s][info][gc] GC(1212) Concurrent Cycle
[16.738s][info][gc] GC(1213) Pause Young (Normal) (G1 Evacuation Pause) 36M->20M(44M) 0.508ms
[16.750s][info][gc] GC(1212) Pause Remark 32M->32M(44M) 1.182ms
[16.754s][info][gc] GC(1214) Pause Young (Normal) (G1 Evacuation Pause) 36M->20M(44M) 0.629ms
[16.767s][info][gc] GC(1215) Pause Young (Normal) (G1 Evacuation Pause) 36M->20M(44M) 0.569ms
[16.768s][info][gc] GC(1212) Pause Cleanup 22M->22M(44M) 0.044ms
[16.769s][info][gc] GC(1212) Concurrent Cycle 46.470ms
[16.778s][info][gc] GC(1216) Pause Young (Normal) (G1 Evacuation Pause) 36M->20M(44M) 0.548ms
[16.788s][info][gc] GC(1217) Pause Young (Concurrent Start) (G1 Evacuation Pause) 36M->20M(44M) 0.651ms
[16.788s][info][gc] GC(1218) Concurrent Cycle
[16.804s][info][gc] GC(1219) Pause Young (Normal) (G1 Evacuation Pause) 36M->20M(44M) 0.612ms
[16.816s][info][gc] GC(1218) Pause Remark 32M->32M(44M) 1.511ms
[16.820s][info][gc] GC(1220) Pause Young (Normal) (G1 Evacuation Pause) 36M->20M(44M) 0.619ms
[16.833s][info][gc] GC(1221) Pause Young (Normal) (G1 Evacuation Pause) 36M->20M(44M) 0.581ms
[16.834s][info][gc] GC(1218) Pause Cleanup 22M->22M(44M) 0.084ms
[16.835s][info][gc] GC(1218) Concurrent Cycle 46.568ms
[16.844s][info][gc] GC(1222) Pause Young (Normal) (G1 Evacuation Pause) 36M->20M(44M) 0.588ms
[16.854s][info][gc] GC(1223) Pause Young (Concurrent Start) (G1 Evacuation Pause) 36M->20M(44M) 0.694ms
[16.854s][info][gc] GC(1224) Concurrent Cycle
[16.870s][info][gc] GC(1225) Pause Young (Normal) (G1 Evacuation Pause) 36M->20M(44M) 0.728ms
[16.884s][info][gc] GC(1224) Pause Remark 33M->33M(44M) 1.646ms
[16.887s][info][gc] GC(1226) Pause Young (Normal) (G1 Evacuation Pause) 36M->20M(44M) 0.628ms
[16.899s][info][gc] GC(1227) Pause Young (Normal) (G1 Evacuation Pause) 36M->20M(44M) 0.519ms
[16.901s][info][gc] GC(1224) Pause Cleanup 23M->23M(44M) 0.040ms
[16.901s][info][gc] GC(1224) Concurrent Cycle 47.204ms
[16.910s][info][gc] GC(1228) Pause Young (Normal) (G1 Evacuation Pause) 36M->20M(44M) 0.429ms
[16.921s][info][gc] GC(1229) Pause Young (Concurrent Start) (G1 Evacuation Pause) 36M->20M(44M) 0.496ms
[16.921s][info][gc] GC(1230) Concurrent Cycle
[16.936s][info][gc] GC(1231) Pause Young (Normal) (G1 Evacuation Pause) 36M->20M(44M) 0.603ms
[16.949s][info][gc] GC(1230) Pause Remark 30M->30M(44M) 1.257ms
[16.954s][info][gc] GC(1232) Pause Young (Normal) (G1 Evacuation Pause) 36M->20M(44M) 0.549ms
[16.966s][info][gc] GC(1230) Pause Cleanup 36M->36M(44M) 0.053ms
[16.967s][info][gc] GC(1230) Concurrent Cycle 45.905ms
[16.968s][info][gc] GC(1233) Pause Young (Normal) (G1 Evacuation Pause) 36M->20M(44M) 0.459ms
[16.979s][info][gc] GC(1234) Pause Young (Concurrent Start) (G1 Evacuation Pause) 36M->20M(44M) 0.644ms
[16.979s][info][gc] GC(1235) Concurrent Cycle
[16.996s][info][gc] GC(1236) Pause Young (Normal) (G1 Evacuation Pause) 36M->20M(44M) 0.643ms
[17.014s][info][gc] GC(1237) Pause Young (Normal) (G1 Evacuation Pause) 36M->20M(44M) 0.490ms
[17.022s][info][gc] GC(1235) Pause Remark 26M->26M(44M) 1.721ms
[17.030s][info][gc] GC(1238) Pause Young (Normal) (G1 Evacuation Pause) 36M->20M(44M) 0.602ms
[17.039s][info][gc] GC(1235) Pause Cleanup 32M->32M(44M) 0.097ms
[17.039s][info][gc] GC(1235) Concurrent Cycle 60.276ms
[17.042s][info][gc] GC(1239) Pause Young (Normal) (G1 Evacuation Pause) 36M->20M(44M) 0.619ms
[17.052s][info][gc] GC(1240) Pause Young (Concurrent Start) (G1 Evacuation Pause) 36M->20M(44M) 0.532ms
[17.052s][info][gc] GC(1241) Concurrent Cycle
[17.068s][info][gc] GC(1242) Pause Young (Normal) (G1 Evacuation Pause) 36M->20M(44M) 0.663ms
[17.082s][info][gc] GC(1241) Pause Remark 33M->33M(44M) 1.697ms
[17.085s][info][gc] GC(1243) Pause Young (Normal) (G1 Evacuation Pause) 36M->20M(44M) 0.668ms
[17.097s][info][gc] GC(1244) Pause Young (Normal) (G1 Evacuation Pause) 36M->20M(44M) 0.689ms
[17.099s][info][gc] GC(1241) Pause Cleanup 24M->24M(44M) 0.040ms
[17.099s][info][gc] GC(1241) Concurrent Cycle 47.105ms
[17.108s][info][gc] GC(1245) Pause Young (Normal) (G1 Evacuation Pause) 36M->20M(44M) 0.639ms
[17.120s][info][gc] GC(1246) Pause Young (Concurrent Start) (G1 Evacuation Pause) 36M->21M(44M) 0.733ms
[17.120s][info][gc] GC(1247) Concurrent Cycle
[17.138s][info][gc] GC(1248) Pause Young (Normal) (G1 Evacuation Pause) 37M->21M(44M) 0.848ms
[17.154s][info][gc] GC(1247) Pause Remark 35M->35M(44M) 1.813ms
[17.156s][info][gc] GC(1249) Pause Young (Normal) (G1 Evacuation Pause) 37M->21M(44M) 0.642ms
[17.170s][info][gc] GC(1250) Pause Young (Normal) (G1 Evacuation Pause) 37M->21M(44M) 0.723ms
[17.173s][info][gc] GC(1247) Pause Cleanup 24M->24M(44M) 0.093ms
[17.173s][info][gc] GC(1247) Concurrent Cycle 53.139ms
[17.183s][info][gc] GC(1251) Pause Young (Normal) (G1 Evacuation Pause) 37M->21M(44M) 0.625ms
[17.193s][info][gc] GC(1252) Pause Young (Concurrent Start) (G1 Evacuation Pause) 37M->21M(44M) 0.669ms
[17.193s][info][gc] GC(1253) Concurrent Cycle
[17.210s][info][gc] GC(1254) Pause Young (Normal) (G1 Evacuation Pause) 37M->21M(44M) 0.740ms
[17.224s][info][gc] GC(1253) Pause Remark 34M->34M(44M) 1.613ms
[17.227s][info][gc] GC(1255) Pause Young (Normal) (G1 Evacuation Pause) 37M->21M(44M) 0.584ms
[17.239s][info][gc] GC(1256) Pause Young (Normal) (G1 Evacuation Pause) 37M->21M(44M) 0.664ms
[17.242s][info][gc] GC(1253) Pause Cleanup 25M->25M(44M) 0.072ms
[17.243s][info][gc] GC(1253) Concurrent Cycle 49.247ms
[17.251s][info][gc] GC(1257) Pause Young (Normal) (G1 Evacuation Pause) 37M->21M(44M) 0.618ms
[17.262s][info][gc] GC(1258) Pause Young (Concurrent Start) (G1 Evacuation Pause) 37M->21M(44M) 0.728ms
[17.262s][info][gc] GC(1259) Concurrent Cycle
[17.278s][info][gc] GC(1260) Pause Young (Normal) (G1 Evacuation Pause) 37M->21M(44M) 0.810ms
[17.291s][info][gc] GC(1259) Pause Remark 33M->33M(44M) 1.483ms
[17.294s][info][gc] GC(1261) Pause Young (Normal) (G1 Evacuation Pause) 37M->21M(44M) 0.569ms
[17.306s][info][gc] GC(1262) Pause Young (Normal) (G1 Evacuation Pause) 37M->21M(44M) 0.651ms
[17.308s][info][gc] GC(1259) Pause Cleanup 24M->24M(44M) 0.044ms
[17.308s][info][gc] GC(1259) Concurrent Cycle 46.833ms
[17.317s][info][gc] GC(1263) Pause Young (Normal) (G1 Evacuation Pause) 37M->21M(44M) 0.540ms
[17.328s][info][gc] GC(1264) Pause Young (Concurrent Start) (G1 Evacuation Pause) 36M->21M(44M) 0.610ms
[17.328s][info][gc] GC(1265) Concurrent Cycle
[17.344s][info][gc] GC(1266) Pause Young (Normal) (G1 Evacuation Pause) 36M->21M(44M) 0.720ms
[17.358s][info][gc] GC(1265) Pause Remark 33M->33M(44M) 1.657ms
[17.361s][info][gc] GC(1267) Pause Young (Normal) (G1 Evacuation Pause) 36M->21M(44M) 0.612ms
[17.374s][info][gc] GC(1268) Pause Young (Normal) (G1 Evacuation Pause) 36M->21M(44M) 0.616ms
[17.377s][info][gc] GC(1265) Pause Cleanup 25M->25M(44M) 0.046ms
[17.377s][info][gc] GC(1265) Concurrent Cycle 49.422ms
[17.385s][info][gc] GC(1269) Pause Young (Normal) (G1 Evacuation Pause) 36M->21M(44M) 0.538ms
[17.395s][info][gc] GC(1270) Pause Young (Concurrent Start) (G1 Evacuation Pause) 36M->21M(44M) 0.674ms
[17.395s][info][gc] GC(1271) Concurrent Cycle
[17.417s][info][gc] GC(1272) Pause Young (Normal) (G1 Evacuation Pause) 36M->21M(44M) 0.624ms
[17.436s][info][gc] GC(1271) Pause Remark 33M->33M(44M) 1.588ms
[17.440s][info][gc] GC(1273) Pause Young (Normal) (G1 Evacuation Pause) 36M->21M(44M) 0.451ms
[17.458s][info][gc] GC(1274) Pause Young (Normal) (G1 Evacuation Pause) 36M->21M(44M) 0.980ms
[17.460s][info][gc] GC(1271) Pause Cleanup 23M->23M(44M) 0.048ms
[17.460s][info][gc] GC(1271) Concurrent Cycle 65.587ms
[17.470s][info][gc] GC(1275) Pause Young (Normal) (G1 Evacuation Pause) 36M->21M(44M) 0.559ms
[17.482s][info][gc] GC(1276) Pause Young (Concurrent Start) (G1 Evacuation Pause) 36M->21M(44M) 0.564ms
[17.483s][info][gc] GC(1277) Concurrent Cycle
[17.506s][info][gc] GC(1278) Pause Young (Normal) (G1 Evacuation Pause) 36M->21M(44M) 0.566ms
[17.529s][info][gc] GC(1277) Pause Remark 34M->34M(44M) 1.926ms
[17.533s][info][gc] GC(1279) Pause Young (Normal) (G1 Evacuation Pause) 36M->21M(44M) 0.658ms
[17.548s][info][gc] GC(1280) Pause Young (Normal) (G1 Evacuation Pause) 36M->21M(44M) 0.739ms
[17.554s][info][gc] GC(1277) Pause Cleanup 27M->27M(44M) 0.058ms
[17.554s][info][gc] GC(1277) Concurrent Cycle 71.343ms
[17.561s][info][gc] GC(1281) Pause Young (Normal) (G1 Evacuation Pause) 36M->21M(44M) 0.590ms
[17.573s][info][gc] GC(1282) Pause Young (Concurrent Start) (G1 Evacuation Pause) 36M->21M(44M) 0.581ms
[17.573s][info][gc] GC(1283) Concurrent Cycle
[17.591s][info][gc] GC(1284) Pause Young (Normal) (G1 Evacuation Pause) 36M->21M(44M) 0.694ms
[17.612s][info][gc] GC(1283) Pause Remark 35M->35M(44M) 2.888ms
[17.614s][info][gc] GC(1285) Pause Young (Normal) (G1 Evacuation Pause) 36M->21M(44M) 0.516ms
[17.628s][info][gc] GC(1286) Pause Young (Normal) (G1 Evacuation Pause) 36M->21M(44M) 0.657ms
[17.639s][info][gc] GC(1283) Pause Cleanup 32M->32M(44M) 0.052ms
[17.639s][info][gc] GC(1283) Concurrent Cycle 66.413ms
[17.644s][info][gc] GC(1287) Pause Young (Normal) (G1 Evacuation Pause) 36M->21M(44M) 0.610ms
[17.658s][info][gc] GC(1288) Pause Young (Concurrent Start) (G1 Evacuation Pause) 36M->21M(44M) 0.750ms
[17.658s][info][gc] GC(1289) Concurrent Cycle
[17.685s][info][gc] GC(1290) Pause Young (Normal) (G1 Evacuation Pause) 36M->21M(44M) 1.675ms
[17.704s][info][gc] GC(1289) Pause Remark 33M->33M(44M) 1.434ms
[17.709s][info][gc] GC(1291) Pause Young (Normal) (G1 Evacuation Pause) 36M->21M(44M) 0.498ms
[17.725s][info][gc] GC(1292) Pause Young (Normal) (G1 Evacuation Pause) 36M->21M(44M) 0.474ms
[17.727s][info][gc] GC(1289) Pause Cleanup 23M->23M(44M) 0.089ms
[17.727s][info][gc] GC(1289) Concurrent Cycle 68.622ms
[17.736s][info][gc] GC(1293) Pause Young (Normal) (G1 Evacuation Pause) 36M->21M(44M) 0.607ms
[17.745s][info][gc] GC(1294) Pause Young (Concurrent Start) (G1 Evacuation Pause) 36M->21M(44M) 0.608ms
[17.745s][info][gc] GC(1295) Concurrent Cycle
[17.766s][info][gc] GC(1296) Pause Young (Normal) (G1 Evacuation Pause) 36M->21M(44M) 0.543ms
[17.784s][info][gc] GC(1295) Pause Remark 33M->33M(44M) 1.396ms
[17.788s][info][gc] GC(1297) Pause Young (Normal) (G1 Evacuation Pause) 36M->21M(44M) 0.459ms
[17.804s][info][gc] GC(1298) Pause Young (Normal) (G1 Evacuation Pause) 36M->21M(44M) 0.592ms
[17.807s][info][gc] GC(1295) Pause Cleanup 24M->24M(44M) 0.080ms
[17.807s][info][gc] GC(1295) Concurrent Cycle 62.115ms
[17.816s][info][gc] GC(1299) Pause Young (Normal) (G1 Evacuation Pause) 36M->21M(44M) 0.627ms
[17.826s][info][gc] GC(1300) Pause Young (Concurrent Start) (G1 Evacuation Pause) 36M->21M(44M) 0.626ms
[17.826s][info][gc] GC(1301) Concurrent Cycle
[17.847s][info][gc] GC(1302) Pause Young (Normal) (G1 Evacuation Pause) 36M->21M(44M) 0.606ms
[17.865s][info][gc] GC(1301) Pause Remark 33M->33M(44M) 1.467ms
[17.869s][info][gc] GC(1303) Pause Young (Normal) (G1 Evacuation Pause) 36M->21M(44M) 0.573ms
[17.886s][info][gc] GC(1304) Pause Young (Normal) (G1 Evacuation Pause) 36M->21M(44M) 0.582ms
[17.889s][info][gc] GC(1301) Pause Cleanup 24M->24M(44M) 0.081ms
[17.889s][info][gc] GC(1301) Concurrent Cycle 63.893ms
[17.897s][info][gc] GC(1305) Pause Young (Normal) (G1 Evacuation Pause) 36M->21M(44M) 0.579ms
[17.907s][info][gc] GC(1306) Pause Young (Concurrent Start) (G1 Evacuation Pause) 36M->21M(44M) 0.732ms
[17.907s][info][gc] GC(1307) Concurrent Cycle
[17.921s][info][gc] GC(1308) Pause Young (Normal) (G1 Evacuation Pause) 36M->21M(44M) 0.681ms
[17.937s][info][gc] GC(1307) Pause Remark 36M->36M(44M) 1.563ms
[17.938s][info][gc] GC(1309) Pause Young (Normal) (G1 Evacuation Pause) 36M->21M(44M) 0.487ms
[17.951s][info][gc] GC(1310) Pause Young (Normal) (G1 Evacuation Pause) 36M->21M(44M) 0.570ms
[17.958s][info][gc] GC(1307) Pause Cleanup 31M->31M(44M) 0.053ms
[17.958s][info][gc] GC(1307) Concurrent Cycle 51.012ms
[17.962s][info][gc] GC(1311) Pause Young (Normal) (G1 Evacuation Pause) 36M->21M(44M) 0.536ms
[17.972s][info][gc] GC(1312) Pause Young (Concurrent Start) (G1 Evacuation Pause) 36M->21M(44M) 0.679ms
[17.972s][info][gc] GC(1313) Concurrent Cycle
[17.986s][info][gc] GC(1314) Pause Young (Normal) (G1 Evacuation Pause) 36M->21M(44M) 0.706ms
[18.003s][info][gc] GC(1315) Pause Young (Normal) (G1 Evacuation Pause) 36M->21M(44M) 1.865ms
[18.007s][info][gc] GC(1313) Pause Remark 24M->24M(44M) 1.446ms
[18.016s][info][gc] GC(1316) Pause Young (Normal) (G1 Evacuation Pause) 36M->21M(44M) 0.557ms
[18.024s][info][gc] GC(1313) Pause Cleanup 31M->31M(44M) 0.057ms
[18.025s][info][gc] GC(1313) Concurrent Cycle 52.807ms
[18.029s][info][gc] GC(1317) Pause Young (Normal) (G1 Evacuation Pause) 36M->21M(44M) 0.410ms
[18.038s][info][gc] GC(1318) Pause Young (Concurrent Start) (G1 Evacuation Pause) 36M->21M(44M) 0.514ms
[18.038s][info][gc] GC(1319) Concurrent Cycle
[18.054s][info][gc] GC(1320) Pause Young (Normal) (G1 Evacuation Pause) 36M->21M(44M) 0.510ms
[18.068s][info][gc] GC(1319) Pause Remark 36M->36M(44M) 1.137ms
[18.070s][info][gc] GC(1321) Pause Young (Normal) (G1 Evacuation Pause) 36M->21M(44M) 0.410ms
[18.082s][info][gc] GC(1322) Pause Young (Normal) (G1 Evacuation Pause) 36M->21M(44M) 0.639ms
[18.086s][info][gc] GC(1319) Pause Cleanup 27M->27M(44M) 0.041ms
[18.086s][info][gc] GC(1319) Concurrent Cycle 47.506ms
[18.092s][info][gc] GC(1323) Pause Young (Normal) (G1 Evacuation Pause) 36M->21M(44M) 0.377ms
[18.101s][info][gc] GC(1324) Pause Young (Concurrent Start) (G1 Evacuation Pause) 36M->21M(44M) 0.448ms
[18.101s][info][gc] GC(1325) Concurrent Cycle
[18.118s][info][gc] GC(1326) Pause Young (Normal) (G1 Evacuation Pause) 36M->21M(44M) 0.692ms
[18.134s][info][gc] GC(1327) Pause Young (Normal) (G1 Evacuation Pause) 36M->21M(44M) 0.459ms
[18.139s][info][gc] GC(1325) Pause Remark 25M->25M(44M) 1.176ms
[18.149s][info][gc] GC(1328) Pause Young (Normal) (G1 Evacuation Pause) 36M->21M(44M) 0.457ms
[18.157s][info][gc] GC(1325) Pause Cleanup 32M->32M(44M) 0.053ms
[18.157s][info][gc] GC(1325) Concurrent Cycle 55.831ms
[18.161s][info][gc] GC(1329) Pause Young (Normal) (G1 Evacuation Pause) 36M->21M(44M) 0.414ms
[18.170s][info][gc] GC(1330) Pause Young (Concurrent Start) (G1 Evacuation Pause) 36M->21M(44M) 0.457ms
[18.170s][info][gc] GC(1331) Concurrent Cycle
[18.185s][info][gc] GC(1332) Pause Young (Normal) (G1 Evacuation Pause) 36M->21M(44M) 0.555ms
[18.200s][info][gc] GC(1331) Pause Remark 35M->35M(44M) 1.182ms
[18.201s][info][gc] GC(1333) Pause Young (Normal) (G1 Evacuation Pause) 36M->21M(44M) 0.421ms
[18.213s][info][gc] GC(1334) Pause Young (Normal) (G1 Evacuation Pause) 36M->21M(44M) 0.496ms
[18.218s][info][gc] GC(1331) Pause Cleanup 28M->28M(44M) 0.044ms
[18.218s][info][gc] GC(1331) Concurrent Cycle 47.279ms
[18.224s][info][gc] GC(1335) Pause Young (Normal) (G1 Evacuation Pause) 36M->21M(44M) 0.386ms
[18.233s][info][gc] GC(1336) Pause Young (Concurrent Start) (G1 Evacuation Pause) 36M->21M(44M) 0.445ms
[18.233s][info][gc] GC(1337) Concurrent Cycle
[18.248s][info][gc] GC(1338) Pause Young (Normal) (G1 Evacuation Pause) 36M->21M(44M) 0.532ms
[18.263s][info][gc] GC(1337) Pause Remark 36M->36M(44M) 1.519ms
[18.264s][info][gc] GC(1339) Pause Young (Normal) (G1 Evacuation Pause) 36M->21M(44M) 0.482ms
[18.276s][info][gc] GC(1340) Pause Young (Normal) (G1 Evacuation Pause) 36M->21M(44M) 0.631ms
[18.281s][info][gc] GC(1337) Pause Cleanup 28M->28M(44M) 0.048ms
[18.281s][info][gc] GC(1337) Concurrent Cycle 48.243ms
[18.287s][info][gc] GC(1341) Pause Young (Normal) (G1 Evacuation Pause) 36M->22M(44M) 0.500ms
[18.297s][info][gc] GC(1342) Pause Young (Concurrent Start) (G1 Evacuation Pause) 37M->22M(44M) 0.622ms
[18.297s][info][gc] GC(1343) Concurrent Cycle
[18.312s][info][gc] GC(1344) Pause Young (Normal) (G1 Evacuation Pause) 37M->22M(44M) 0.615ms
[18.327s][info][gc] GC(1343) Pause Remark 36M->36M(44M) 1.528ms
[18.328s][info][gc] GC(1345) Pause Young (Normal) (G1 Evacuation Pause) 37M->22M(44M) 0.598ms
[18.339s][info][gc] GC(1346) Pause Young (Normal) (G1 Evacuation Pause) 37M->22M(44M) 0.560ms
[18.345s][info][gc] GC(1343) Pause Cleanup 28M->28M(44M) 0.081ms
[18.345s][info][gc] GC(1343) Concurrent Cycle 48.249ms
[18.351s][info][gc] GC(1347) Pause Young (Normal) (G1 Evacuation Pause) 37M->22M(44M) 0.566ms
[18.361s][info][gc] GC(1348) Pause Young (Concurrent Start) (G1 Evacuation Pause) 37M->22M(44M) 0.602ms
[18.361s][info][gc] GC(1349) Concurrent Cycle
[18.375s][info][gc] GC(1350) Pause Young (Normal) (G1 Evacuation Pause) 37M->22M(44M) 0.697ms
[18.390s][info][gc] GC(1351) Pause Young (Normal) (G1 Evacuation Pause) 37M->22M(44M) 0.436ms
[18.392s][info][gc] GC(1349) Pause Remark 22M->22M(44M) 1.538ms
[18.403s][info][gc] GC(1352) Pause Young (Normal) (G1 Evacuation Pause) 37M->22M(44M) 0.707ms
[18.413s][info][gc] GC(1349) Pause Cleanup 34M->34M(44M) 0.055ms
[18.413s][info][gc] GC(1349) Concurrent Cycle 52.395ms
[18.415s][info][gc] GC(1353) Pause Young (Normal) (G1 Evacuation Pause) 37M->22M(44M) 0.560ms
[18.427s][info][gc] GC(1354) Pause Young (Concurrent Start) (G1 Evacuation Pause) 37M->22M(44M) 0.732ms
[18.427s][info][gc] GC(1355) Concurrent Cycle
[18.446s][info][gc] GC(1356) Pause Young (Normal) (G1 Evacuation Pause) 37M->22M(44M) 1.560ms
[18.468s][info][gc] GC(1357) Pause Young (Normal) (G1 Evacuation Pause) 37M->22M(44M) 0.660ms
[18.478s][info][gc] GC(1355) Pause Remark 23M->23M(44M) 8.861ms
[18.498s][info][gc] GC(1358) Pause Young (Normal) (G1 Evacuation Pause) 37M->22M(44M) 1.933ms
[18.513s][info][gc] GC(1355) Pause Cleanup 37M->37M(44M) 0.075ms
[18.513s][info][gc] GC(1355) Concurrent Cycle 85.820ms
[18.515s][info][gc] GC(1359) Pause Young (Normal) (G1 Evacuation Pause) 37M->22M(44M) 2.006ms
[18.531s][info][gc] GC(1360) Pause Young (Concurrent Start) (G1 Evacuation Pause) 36M->22M(44M) 0.817ms
[18.532s][info][gc] GC(1361) Concurrent Cycle
[18.553s][info][gc] GC(1362) Pause Young (Normal) (G1 Evacuation Pause) 36M->22M(44M) 1.542ms
[18.575s][info][gc] GC(1363) Pause Young (Normal) (G1 Evacuation Pause) 36M->22M(44M) 0.958ms
[18.581s][info][gc] GC(1361) Pause Remark 24M->24M(44M) 2.734ms
[18.599s][info][gc] GC(1364) Pause Young (Normal) (G1 Evacuation Pause) 36M->22M(44M) 0.648ms
[18.612s][info][gc] GC(1361) Pause Cleanup 31M->31M(44M) 0.057ms
[18.612s][info][gc] GC(1361) Concurrent Cycle 80.315ms
[18.618s][info][gc] GC(1365) Pause Young (Normal) (G1 Evacuation Pause) 36M->22M(44M) 0.772ms
[18.632s][info][gc] GC(1366) Pause Young (Concurrent Start) (G1 Evacuation Pause) 36M->22M(44M) 0.611ms
[18.632s][info][gc] GC(1367) Concurrent Cycle
[18.657s][info][gc] GC(1368) Pause Young (Normal) (G1 Evacuation Pause) 36M->22M(44M) 1.068ms
[18.680s][info][gc] GC(1367) Pause Remark 35M->35M(44M) 1.479ms
[18.681s][info][gc] GC(1369) Pause Young (Normal) (G1 Evacuation Pause) 36M->22M(44M) 0.499ms
[18.699s][info][gc] GC(1370) Pause Young (Normal) (G1 Evacuation Pause) 36M->22M(44M) 0.512ms
[18.707s][info][gc] GC(1367) Pause Cleanup 29M->29M(44M) 0.047ms
[18.707s][info][gc] GC(1367) Concurrent Cycle 75.142ms
[18.712s][info][gc] GC(1371) Pause Young (Normal) (G1 Evacuation Pause) 36M->22M(44M) 0.389ms
[18.721s][info][gc] GC(1372) Pause Young (Concurrent Start) (G1 Evacuation Pause) 36M->22M(44M) 0.434ms
[18.721s][info][gc] GC(1373) Concurrent Cycle
[18.740s][info][gc] GC(1374) Pause Young (Normal) (G1 Evacuation Pause) 36M->22M(44M) 0.424ms
[18.760s][info][gc] GC(1375) Pause Young (Normal) (G1 Evacuation Pause) 36M->22M(44M) 0.400ms
[18.761s][info][gc] GC(1373) Pause Remark 22M->22M(44M) 1.093ms
[18.777s][info][gc] GC(1376) Pause Young (Normal) (G1 Evacuation Pause) 36M->22M(44M) 0.503ms
[18.783s][info][gc] GC(1373) Pause Cleanup 28M->28M(44M) 0.058ms
[18.783s][info][gc] GC(1373) Concurrent Cycle 62.740ms
[18.789s][info][gc] GC(1377) Pause Young (Normal) (G1 Evacuation Pause) 36M->22M(44M) 0.505ms
[18.799s][info][gc] GC(1378) Pause Young (Concurrent Start) (G1 Evacuation Pause) 36M->22M(44M) 0.459ms
[18.799s][info][gc] GC(1379) Concurrent Cycle
[18.813s][info][gc] GC(1380) Pause Young (Normal) (G1 Evacuation Pause) 36M->22M(44M) 0.472ms
[18.827s][info][gc] GC(1381) Pause Young (Normal) (G1 Evacuation Pause) 36M->22M(44M) 0.535ms
[18.830s][info][gc] GC(1379) Pause Remark 22M->22M(44M) 1.543ms
[18.840s][info][gc] GC(1382) Pause Young (Normal) (G1 Evacuation Pause) 36M->22M(44M) 0.651ms
[18.848s][info][gc] GC(1379) Pause Cleanup 31M->31M(44M) 0.078ms
[18.848s][info][gc] GC(1379) Concurrent Cycle 49.597ms
[18.852s][info][gc] GC(1383) Pause Young (Normal) (G1 Evacuation Pause) 36M->22M(44M) 0.484ms
[18.861s][info][gc] GC(1384) Pause Young (Concurrent Start) (G1 Evacuation Pause) 36M->22M(44M) 0.761ms
[18.861s][info][gc] GC(1385) Concurrent Cycle
[18.876s][info][gc] GC(1386) Pause Young (Normal) (G1 Evacuation Pause) 36M->22M(44M) 0.633ms
[18.890s][info][gc] GC(1387) Pause Young (Normal) (G1 Evacuation Pause) 36M->22M(44M) 0.692ms
[18.895s][info][gc] GC(1385) Pause Remark 25M->25M(44M) 1.596ms
[18.904s][info][gc] GC(1388) Pause Young (Normal) (G1 Evacuation Pause) 36M->22M(44M) 0.719ms
[18.913s][info][gc] GC(1385) Pause Cleanup 34M->34M(44M) 0.050ms
[18.913s][info][gc] GC(1385) Concurrent Cycle 51.936ms
[18.915s][info][gc] GC(1389) Pause Young (Normal) (G1 Evacuation Pause) 36M->22M(44M) 0.565ms
[18.924s][info][gc] GC(1390) Pause Young (Concurrent Start) (G1 Evacuation Pause) 36M->22M(44M) 0.520ms
[18.924s][info][gc] GC(1391) Concurrent Cycle
[18.938s][info][gc] GC(1392) Pause Young (Normal) (G1 Evacuation Pause) 36M->22M(44M) 0.635ms
[18.955s][info][gc] GC(1393) Pause Young (Normal) (G1 Evacuation Pause) 36M->22M(44M) 0.844ms
[18.960s][info][gc] GC(1391) Pause Remark 26M->26M(44M) 1.450ms
[18.968s][info][gc] GC(1394) Pause Young (Normal) (G1 Evacuation Pause) 36M->22M(44M) 0.460ms
[18.978s][info][gc] GC(1391) Pause Cleanup 35M->35M(44M) 0.050ms
[18.978s][info][gc] GC(1391) Concurrent Cycle 54.072ms
[18.980s][info][gc] GC(1395) Pause Young (Normal) (G1 Evacuation Pause) 36M->22M(44M) 0.456ms
[18.988s][info][gc] GC(1396) Pause Young (Concurrent Start) (G1 Evacuation Pause) 36M->22M(44M) 0.417ms
[18.988s][info][gc] GC(1397) Concurrent Cycle
[19.002s][info][gc] GC(1398) Pause Young (Normal) (G1 Evacuation Pause) 36M->22M(44M) 0.580ms
[19.018s][info][gc] GC(1399) Pause Young (Normal) (G1 Evacuation Pause) 36M->22M(44M) 0.605ms
[19.025s][info][gc] GC(1397) Pause Remark 28M->28M(44M) 1.553ms
[19.032s][info][gc] GC(1400) Pause Young (Normal) (G1 Evacuation Pause) 36M->22M(44M) 0.634ms
[19.044s][info][gc] GC(1397) Pause Cleanup 36M->36M(44M) 0.093ms
[19.045s][info][gc] GC(1401) Pause Young (Normal) (G1 Evacuation Pause) 36M->22M(44M) 0.649ms
[19.045s][info][gc] GC(1397) Concurrent Cycle 56.402ms
[19.055s][info][gc] GC(1402) Pause Young (Normal) (G1 Evacuation Pause) 36M->22M(44M) 0.626ms
[19.064s][info][gc] GC(1403) Pause Young (Concurrent Start) (G1 Evacuation Pause) 36M->22M(44M) 0.619ms
[19.064s][info][gc] GC(1404) Concurrent Cycle
[19.085s][info][gc] GC(1405) Pause Young (Normal) (G1 Evacuation Pause) 36M->22M(44M) 0.616ms
[19.106s][info][gc] GC(1406) Pause Young (Normal) (G1 Evacuation Pause) 36M->22M(44M) 0.525ms
[19.108s][info][gc] GC(1404) Pause Remark 23M->23M(44M) 1.498ms
[19.130s][info][gc] GC(1407) Pause Young (Normal) (G1 Evacuation Pause) 36M->22M(44M) 1.552ms
[19.138s][info][gc] GC(1404) Pause Cleanup 27M->27M(44M) 0.059ms
[19.138s][info][gc] GC(1404) Concurrent Cycle 73.462ms
[19.146s][info][gc] GC(1408) Pause Young (Normal) (G1 Evacuation Pause) 36M->22M(44M) 1.443ms
[19.155s][info][gc] GC(1409) Pause Young (Concurrent Start) (G1 Evacuation Pause) 36M->22M(44M) 0.466ms
[19.155s][info][gc] GC(1410) Concurrent Cycle
[19.174s][info][gc] GC(1411) Pause Young (Normal) (G1 Evacuation Pause) 36M->22M(44M) 0.528ms
[19.194s][info][gc] GC(1412) Pause Young (Normal) (G1 Evacuation Pause) 36M->22M(44M) 0.454ms
[19.196s][info][gc] GC(1410) Pause Remark 23M->23M(44M) 1.001ms
[19.212s][info][gc] GC(1413) Pause Young (Normal) (G1 Evacuation Pause) 36M->22M(44M) 1.179ms
[19.221s][info][gc] GC(1410) Pause Cleanup 31M->31M(44M) 0.044ms
[19.221s][info][gc] GC(1410) Concurrent Cycle 65.725ms
[19.225s][info][gc] GC(1414) Pause Young (Normal) (G1 Evacuation Pause) 36M->22M(44M) 0.445ms
[19.234s][info][gc] GC(1415) Pause Young (Concurrent Start) (G1 Evacuation Pause) 36M->22M(44M) 0.485ms
[19.234s][info][gc] GC(1416) Concurrent Cycle
[19.254s][info][gc] GC(1417) Pause Young (Normal) (G1 Evacuation Pause) 36M->22M(44M) 0.491ms
[19.274s][info][gc] GC(1418) Pause Young (Normal) (G1 Evacuation Pause) 36M->22M(44M) 0.596ms
[19.276s][info][gc] GC(1416) Pause Remark 23M->23M(44M) 1.373ms
[19.291s][info][gc] GC(1419) Pause Young (Normal) (G1 Evacuation Pause) 36M->22M(44M) 0.587ms
[19.301s][info][gc] GC(1416) Pause Cleanup 31M->31M(44M) 0.044ms
[19.301s][info][gc] GC(1416) Concurrent Cycle 67.055ms
[19.305s][info][gc] GC(1420) Pause Young (Normal) (G1 Evacuation Pause) 36M->22M(44M) 0.578ms
[19.313s][info][gc] GC(1421) Pause Young (Concurrent Start) (G1 Evacuation Pause) 36M->22M(44M) 0.646ms
[19.314s][info][gc] GC(1422) Concurrent Cycle
[19.333s][info][gc] GC(1423) Pause Young (Normal) (G1 Evacuation Pause) 36M->22M(44M) 0.640ms
[19.354s][info][gc] GC(1424) Pause Young (Normal) (G1 Evacuation Pause) 36M->22M(44M) 0.550ms
[19.357s][info][gc] GC(1422) Pause Remark 23M->23M(44M) 2.468ms
[19.372s][info][gc] GC(1425) Pause Young (Normal) (G1 Evacuation Pause) 36M->22M(44M) 0.414ms
[19.381s][info][gc] GC(1422) Pause Cleanup 31M->31M(44M) 0.047ms
[19.381s][info][gc] GC(1422) Concurrent Cycle 67.929ms
[19.385s][info][gc] GC(1426) Pause Young (Normal) (G1 Evacuation Pause) 36M->22M(44M) 0.428ms
[19.394s][info][gc] GC(1427) Pause Young (Concurrent Start) (G1 Evacuation Pause) 36M->22M(44M) 0.546ms
[19.394s][info][gc] GC(1428) Concurrent Cycle
[19.413s][info][gc] GC(1429) Pause Young (Normal) (G1 Evacuation Pause) 36M->22M(44M) 0.514ms
[19.435s][info][gc] GC(1430) Pause Young (Normal) (G1 Evacuation Pause) 36M->22M(44M) 0.508ms
[19.437s][info][gc] GC(1428) Pause Remark 23M->23M(44M) 1.491ms
[19.454s][info][gc] GC(1431) Pause Young (Normal) (G1 Evacuation Pause) 36M->22M(44M) 0.628ms
[19.464s][info][gc] GC(1428) Pause Cleanup 31M->31M(44M) 0.071ms
[19.464s][info][gc] GC(1428) Concurrent Cycle 70.062ms
[19.468s][info][gc] GC(1432) Pause Young (Normal) (G1 Evacuation Pause) 36M->22M(44M) 0.576ms
[19.481s][info][gc] GC(1433) Pause Young (Concurrent Start) (G1 Evacuation Pause) 36M->22M(44M) 0.759ms
[19.481s][info][gc] GC(1434) Concurrent Cycle
[19.504s][info][gc] GC(1435) Pause Young (Normal) (G1 Evacuation Pause) 36M->22M(44M) 1.033ms
[19.517s][info][gc] GC(1434) Pause Remark 29M->29M(44M) 1.458ms
[19.524s][info][gc] GC(1436) Pause Young (Normal) (G1 Evacuation Pause) 36M->22M(44M) 0.520ms
[19.537s][info][gc] GC(1437) Pause Young (Normal) (G1 Evacuation Pause) 36M->22M(44M) 0.589ms
[19.546s][info][gc] GC(1434) Pause Cleanup 29M->29M(44M) 0.115ms
[19.547s][info][gc] GC(1434) Concurrent Cycle 66.030ms
[19.553s][info][gc] GC(1438) Pause Young (Normal) (G1 Evacuation Pause) 36M->22M(44M) 0.820ms
[19.564s][info][gc] GC(1439) Pause Young (Concurrent Start) (G1 Evacuation Pause) 36M->22M(44M) 0.731ms
[19.564s][info][gc] GC(1440) Concurrent Cycle
[19.589s][info][gc] GC(1441) Pause Young (Normal) (G1 Evacuation Pause) 36M->22M(44M) 0.824ms
[19.615s][info][gc] GC(1442) Pause Young (Normal) (G1 Evacuation Pause) 36M->22M(44M) 1.001ms
[19.619s][info][gc] GC(1440) Pause Remark 23M->23M(44M) 2.899ms
[19.639s][info][gc] GC(1443) Pause Young (Normal) (G1 Evacuation Pause) 36M->22M(44M) 0.599ms
[19.649s][info][gc] GC(1440) Pause Cleanup 29M->29M(44M) 0.054ms
[19.649s][info][gc] GC(1440) Concurrent Cycle 85.086ms
[19.656s][info][gc] GC(1444) Pause Young (Normal) (G1 Evacuation Pause) 36M->22M(44M) 0.858ms
[19.667s][info][gc] GC(1445) Pause Young (Concurrent Start) (G1 Evacuation Pause) 36M->23M(44M) 0.687ms
[19.667s][info][gc] GC(1446) Concurrent Cycle
[19.690s][info][gc] GC(1447) Pause Young (Normal) (G1 Evacuation Pause) 37M->23M(44M) 0.642ms
[19.711s][info][gc] GC(1448) Pause Young (Normal) (G1 Evacuation Pause) 37M->23M(44M) 0.429ms
[19.714s][info][gc] GC(1446) Pause Remark 24M->24M(44M) 1.444ms
[19.728s][info][gc] GC(1449) Pause Young (Normal) (G1 Evacuation Pause) 37M->23M(44M) 0.522ms
[19.738s][info][gc] GC(1446) Pause Cleanup 32M->32M(44M) 0.093ms
[19.738s][info][gc] GC(1446) Concurrent Cycle 70.951ms
[19.741s][info][gc] GC(1450) Pause Young (Normal) (G1 Evacuation Pause) 37M->23M(44M) 0.575ms
[19.750s][info][gc] GC(1451) Pause Young (Concurrent Start) (G1 Evacuation Pause) 37M->23M(44M) 0.619ms
[19.750s][info][gc] GC(1452) Concurrent Cycle
[19.774s][info][gc] GC(1453) Pause Young (Normal) (G1 Evacuation Pause) 37M->23M(44M) 0.637ms
[19.794s][info][gc] GC(1454) Pause Young (Normal) (G1 Evacuation Pause) 37M->23M(44M) 0.590ms
[19.796s][info][gc] GC(1452) Pause Remark 23M->23M(44M) 1.422ms
[19.813s][info][gc] GC(1455) Pause Young (Normal) (G1 Evacuation Pause) 37M->23M(44M) 1.180ms
[19.824s][info][gc] GC(1452) Pause Cleanup 31M->31M(44M) 0.056ms
[19.824s][info][gc] GC(1452) Concurrent Cycle 74.268ms
[19.829s][info][gc] GC(1456) Pause Young (Normal) (G1 Evacuation Pause) 37M->23M(44M) 0.515ms
[19.839s][info][gc] GC(1457) Pause Young (Concurrent Start) (G1 Evacuation Pause) 37M->23M(44M) 0.661ms
[19.839s][info][gc] GC(1458) Concurrent Cycle
[19.863s][info][gc] GC(1459) Pause Young (Normal) (G1 Evacuation Pause) 37M->23M(44M) 0.521ms
[19.887s][info][gc] GC(1460) Pause Young (Normal) (G1 Evacuation Pause) 37M->23M(44M) 0.500ms
[19.889s][info][gc] GC(1458) Pause Remark 24M->24M(44M) 1.374ms
[19.907s][info][gc] GC(1461) Pause Young (Normal) (G1 Evacuation Pause) 37M->23M(44M) 0.565ms
[19.919s][info][gc] GC(1458) Pause Cleanup 32M->32M(44M) 0.173ms
[19.919s][info][gc] GC(1458) Concurrent Cycle 79.938ms
[19.927s][info][gc] GC(1462) Pause Young (Normal) (G1 Evacuation Pause) 37M->23M(44M) 0.694ms
[19.936s][info][gc] GC(1463) Pause Young (Concurrent Start) (G1 Evacuation Pause) 37M->23M(44M) 0.581ms
[19.936s][info][gc] GC(1464) Concurrent Cycle
[19.957s][info][gc] GC(1465) Pause Young (Normal) (G1 Evacuation Pause) 37M->23M(44M) 1.005ms
[19.972s][info][gc] GC(1466) Pause Young (Normal) (G1 Evacuation Pause) 36M->23M(44M) 0.539ms
[19.978s][info][gc] GC(1464) Pause Remark 28M->28M(44M) 1.197ms
[19.984s][info][gc] GC(1467) Pause Young (Normal) (G1 Evacuation Pause) 36M->23M(44M) 0.456ms
[19.994s][info][gc] GC(1468) Pause Young (Normal) (G1 Evacuation Pause) 36M->23M(44M) 0.495ms
[19.998s][info][gc] GC(1464) Pause Cleanup 26M->26M(44M) 0.088ms
[19.998s][info][gc] GC(1464) Concurrent Cycle 61.766ms
[20.006s][info][gc] GC(1469) Pause Young (Normal) (G1 Evacuation Pause) 36M->23M(44M) 0.747ms
[20.014s][info][gc] GC(1470) Pause Young (Concurrent Start) (G1 Evacuation Pause) 36M->23M(44M) 0.630ms
[20.014s][info][gc] GC(1471) Concurrent Cycle
[20.027s][info][gc] GC(1472) Pause Young (Normal) (G1 Evacuation Pause) 36M->23M(44M) 0.615ms
[20.041s][info][gc] GC(1473) Pause Young (Normal) (G1 Evacuation Pause) 36M->23M(44M) 1.434ms
[20.047s][info][gc] GC(1471) Pause Remark 28M->28M(44M) 1.730ms
[20.055s][info][gc] GC(1474) Pause Young (Normal) (G1 Evacuation Pause) 36M->23M(44M) 1.103ms
[20.066s][info][gc] GC(1475) Pause Young (Normal) (G1 Evacuation Pause) 36M->23M(44M) 0.548ms
[20.069s][info][gc] GC(1471) Pause Cleanup 25M->25M(44M) 0.071ms
[20.069s][info][gc] GC(1471) Concurrent Cycle 54.562ms
[20.087s][info][gc] GC(1476) Pause Young (Normal) (G1 Evacuation Pause) 36M->23M(44M) 0.504ms
[20.095s][info][gc] GC(1477) Pause Young (Concurrent Start) (G1 Evacuation Pause) 36M->23M(44M) 0.614ms
[20.095s][info][gc] GC(1478) Concurrent Cycle
[20.107s][info][gc] GC(1479) Pause Young (Normal) (G1 Evacuation Pause) 36M->23M(44M) 0.508ms
[20.129s][info][gc] GC(1480) Pause Young (Normal) (G1 Evacuation Pause) 36M->23M(44M) 0.403ms
[20.136s][info][gc] GC(1478) Pause Remark 27M->27M(44M) 1.051ms
[20.146s][info][gc] GC(1481) Pause Young (Normal) (G1 Evacuation Pause) 36M->23M(44M) 0.436ms
[20.160s][info][gc] GC(1482) Pause Young (Normal) (G1 Evacuation Pause) 36M->23M(44M) 0.597ms
[20.160s][info][gc] GC(1478) Pause Cleanup 23M->23M(44M) 0.035ms
[20.160s][info][gc] GC(1478) Concurrent Cycle 65.485ms
[20.168s][info][gc] GC(1483) Pause Young (Normal) (G1 Evacuation Pause) 36M->23M(44M) 0.455ms
[20.176s][info][gc] GC(1484) Pause Young (Concurrent Start) (G1 Evacuation Pause) 36M->23M(44M) 0.543ms
[20.176s][info][gc] GC(1485) Concurrent Cycle
[20.195s][info][gc] GC(1486) Pause Young (Normal) (G1 Evacuation Pause) 36M->23M(44M) 0.536ms
[20.213s][info][gc] GC(1487) Pause Young (Normal) (G1 Evacuation Pause) 36M->23M(44M) 0.542ms
[20.219s][info][gc] GC(1485) Pause Remark 27M->27M(44M) 1.463ms
[20.230s][info][gc] GC(1488) Pause Young (Normal) (G1 Evacuation Pause) 36M->23M(44M) 0.505ms
[20.242s][info][gc] GC(1489) Pause Young (Normal) (G1 Evacuation Pause) 36M->23M(44M) 0.707ms
[20.247s][info][gc] GC(1485) Pause Cleanup 27M->27M(44M) 0.068ms
[20.247s][info][gc] GC(1485) Concurrent Cycle 70.629ms
[20.255s][info][gc] GC(1490) Pause Young (Normal) (G1 Evacuation Pause) 36M->23M(44M) 0.635ms
[20.264s][info][gc] GC(1491) Pause Young (Concurrent Start) (G1 Evacuation Pause) 36M->23M(44M) 0.686ms
[20.264s][info][gc] GC(1492) Concurrent Cycle
[20.277s][info][gc] GC(1493) Pause Young (Normal) (G1 Evacuation Pause) 36M->23M(44M) 0.579ms
[20.296s][info][gc] GC(1494) Pause Young (Normal) (G1 Evacuation Pause) 36M->23M(44M) 0.415ms
[20.302s][info][gc] GC(1492) Pause Remark 27M->27M(44M) 1.175ms
[20.313s][info][gc] GC(1495) Pause Young (Normal) (G1 Evacuation Pause) 36M->23M(44M) 0.405ms
[20.327s][info][gc] GC(1496) Pause Young (Normal) (G1 Evacuation Pause) 36M->23M(44M) 0.410ms
[20.327s][info][gc] GC(1492) Pause Cleanup 23M->23M(44M) 0.036ms
[20.327s][info][gc] GC(1492) Concurrent Cycle 62.860ms
[20.335s][info][gc] GC(1497) Pause Young (Normal) (G1 Evacuation Pause) 36M->23M(44M) 0.419ms
[20.343s][info][gc] GC(1498) Pause Young (Concurrent Start) (G1 Evacuation Pause) 36M->23M(44M) 0.451ms
[20.343s][info][gc] GC(1499) Concurrent Cycle
[20.362s][info][gc] GC(1500) Pause Young (Normal) (G1 Evacuation Pause) 36M->23M(44M) 0.453ms
[20.380s][info][gc] GC(1501) Pause Young (Normal) (G1 Evacuation Pause) 36M->23M(44M) 0.477ms
[20.387s][info][gc] GC(1499) Pause Remark 27M->27M(44M) 1.538ms
[20.397s][info][gc] GC(1502) Pause Young (Normal) (G1 Evacuation Pause) 36M->23M(44M) 0.596ms
[20.411s][info][gc] GC(1503) Pause Young (Normal) (G1 Evacuation Pause) 36M->23M(44M) 0.446ms
[20.411s][info][gc] GC(1499) Pause Cleanup 23M->23M(44M) 0.082ms
[20.412s][info][gc] GC(1499) Concurrent Cycle 68.119ms
[20.420s][info][gc] GC(1504) Pause Young (Normal) (G1 Evacuation Pause) 36M->23M(44M) 0.556ms
[20.428s][info][gc] GC(1505) Pause Young (Concurrent Start) (G1 Evacuation Pause) 36M->23M(44M) 0.624ms
[20.428s][info][gc] GC(1506) Concurrent Cycle
[20.448s][info][gc] GC(1507) Pause Young (Normal) (G1 Evacuation Pause) 36M->23M(44M) 1.698ms
[20.470s][info][gc] GC(1508) Pause Young (Normal) (G1 Evacuation Pause) 36M->23M(44M) 1.194ms
[20.478s][info][gc] GC(1506) Pause Remark 27M->27M(44M) 2.767ms
[20.492s][info][gc] GC(1509) Pause Young (Normal) (G1 Evacuation Pause) 36M->23M(44M) 1.170ms
[20.507s][info][gc] GC(1506) Pause Cleanup 34M->34M(44M) 0.056ms
[20.507s][info][gc] GC(1506) Concurrent Cycle 78.692ms
[20.510s][info][gc] GC(1510) Pause Young (Normal) (G1 Evacuation Pause) 36M->23M(44M) 1.373ms
[20.520s][info][gc] GC(1511) Pause Young (Concurrent Start) (G1 Evacuation Pause) 36M->23M(44M) 0.807ms
[20.520s][info][gc] GC(1512) Concurrent Cycle
[20.543s][info][gc] GC(1513) Pause Young (Normal) (G1 Evacuation Pause) 36M->23M(44M) 1.564ms
[20.561s][info][gc] GC(1514) Pause Young (Normal) (G1 Evacuation Pause) 36M->23M(44M) 0.660ms
[20.566s][info][gc] GC(1512) Pause Remark 26M->26M(44M) 1.717ms
[20.579s][info][gc] GC(1515) Pause Young (Normal) (G1 Evacuation Pause) 36M->23M(44M) 0.727ms
[20.587s][info][gc] GC(1512) Pause Cleanup 29M->29M(44M) 0.136ms
[20.587s][info][gc] GC(1512) Concurrent Cycle 67.282ms
[20.593s][info][gc] GC(1516) Pause Young (Normal) (G1 Evacuation Pause) 36M->23M(44M) 0.529ms
[20.603s][info][gc] GC(1517) Pause Young (Concurrent Start) (G1 Evacuation Pause) 36M->23M(44M) 0.662ms
[20.605s][info][gc] GC(1518) Concurrent Cycle
[20.619s][info][gc] GC(1519) Pause Young (Normal) (G1 Evacuation Pause) 36M->23M(44M) 0.647ms
[20.633s][info][gc] GC(1520) Pause Young (Normal) (G1 Evacuation Pause) 36M->23M(44M) 0.597ms
[20.648s][info][gc] GC(1518) Pause Remark 33M->33M(44M) 1.499ms
[20.654s][info][gc] GC(1521) Pause Young (Normal) (G1 Evacuation Pause) 36M->23M(44M) 0.664ms
[20.667s][info][gc] GC(1522) Pause Young (Normal) (G1 Evacuation Pause) 36M->23M(44M) 0.705ms
[20.672s][info][gc] GC(1518) Pause Cleanup 27M->27M(44M) 0.064ms
[20.672s][info][gc] GC(1518) Concurrent Cycle 67.782ms
[20.680s][info][gc] GC(1523) Pause Young (Normal) (G1 Evacuation Pause) 36M->23M(44M) 0.537ms
[20.691s][info][gc] GC(1524) Pause Young (Concurrent Start) (G1 Evacuation Pause) 36M->23M(44M) 0.610ms
[20.691s][info][gc] GC(1525) Concurrent Cycle
[20.705s][info][gc] GC(1526) Pause Young (Normal) (G1 Evacuation Pause) 36M->23M(44M) 0.506ms
[20.717s][info][gc] GC(1527) Pause Young (Normal) (G1 Evacuation Pause) 36M->23M(44M) 0.485ms
[20.725s][info][gc] GC(1525) Pause Remark 31M->31M(44M) 1.213ms
[20.730s][info][gc] GC(1528) Pause Young (Normal) (G1 Evacuation Pause) 36M->23M(44M) 0.465ms
[20.740s][info][gc] GC(1529) Pause Young (Normal) (G1 Evacuation Pause) 36M->23M(44M) 0.514ms
[20.745s][info][gc] GC(1525) Pause Cleanup 30M->30M(44M) 0.049ms
[20.745s][info][gc] GC(1525) Concurrent Cycle 54.341ms
[20.749s][info][gc] GC(1530) Pause Young (Normal) (G1 Evacuation Pause) 36M->23M(44M) 0.480ms
[20.758s][info][gc] GC(1531) Pause Young (Concurrent Start) (G1 Evacuation Pause) 36M->23M(44M) 0.540ms
[20.758s][info][gc] GC(1532) Concurrent Cycle
[20.771s][info][gc] GC(1533) Pause Young (Normal) (G1 Evacuation Pause) 36M->23M(44M) 1.592ms
[20.783s][info][gc] GC(1534) Pause Young (Normal) (G1 Evacuation Pause) 36M->23M(44M) 0.535ms
[20.791s][info][gc] GC(1532) Pause Remark 30M->30M(44M) 1.642ms
[20.797s][info][gc] GC(1535) Pause Young (Normal) (G1 Evacuation Pause) 36M->23M(44M) 0.720ms
[20.807s][info][gc] GC(1536) Pause Young (Normal) (G1 Evacuation Pause) 36M->23M(44M) 0.869ms
[20.813s][info][gc] GC(1532) Pause Cleanup 29M->29M(44M) 0.091ms
[20.813s][info][gc] GC(1532) Concurrent Cycle 55.623ms
[20.818s][info][gc] GC(1537) Pause Young (Normal) (G1 Evacuation Pause) 36M->23M(44M) 0.513ms
[20.826s][info][gc] GC(1538) Pause Young (Concurrent Start) (G1 Evacuation Pause) 36M->23M(44M) 0.604ms
[20.826s][info][gc] GC(1539) Concurrent Cycle
[20.845s][info][gc] GC(1540) Pause Young (Normal) (G1 Evacuation Pause) 36M->23M(44M) 0.621ms
[20.863s][info][gc] GC(1541) Pause Young (Normal) (G1 Evacuation Pause) 36M->23M(44M) 0.527ms
[20.870s][info][gc] GC(1539) Pause Remark 28M->28M(44M) 1.489ms
[20.881s][info][gc] GC(1542) Pause Young (Normal) (G1 Evacuation Pause) 36M->23M(44M) 0.533ms
[20.895s][info][gc] GC(1543) Pause Young (Normal) (G1 Evacuation Pause) 36M->23M(44M) 0.569ms
[20.896s][info][gc] GC(1539) Pause Cleanup 24M->24M(44M) 0.086ms
[20.896s][info][gc] GC(1539) Concurrent Cycle 69.918ms
[20.904s][info][gc] GC(1544) Pause Young (Normal) (G1 Evacuation Pause) 36M->23M(44M) 0.511ms
[20.912s][info][gc] GC(1545) Pause Young (Concurrent Start) (G1 Evacuation Pause) 36M->23M(44M) 0.588ms
[20.912s][info][gc] GC(1546) Concurrent Cycle
[20.925s][info][gc] GC(1547) Pause Young (Normal) (G1 Evacuation Pause) 36M->23M(44M) 0.734ms
[20.937s][info][gc] GC(1548) Pause Young (Normal) (G1 Evacuation Pause) 36M->23M(44M) 0.580ms
[20.948s][info][gc] GC(1546) Pause Remark 30M->30M(44M) 1.467ms
[20.956s][info][gc] GC(1549) Pause Young (Normal) (G1 Evacuation Pause) 36M->23M(44M) 0.613ms
[20.971s][info][gc] GC(1550) Pause Young (Normal) (G1 Evacuation Pause) 36M->23M(44M) 0.512ms
[20.974s][info][gc] GC(1546) Pause Cleanup 27M->27M(44M) 0.082ms
[20.974s][info][gc] GC(1546) Concurrent Cycle 62.103ms
[20.981s][info][gc] GC(1551) Pause Young (Normal) (G1 Evacuation Pause) 36M->23M(44M) 0.589ms
[20.989s][info][gc] GC(1552) Pause Young (Concurrent Start) (G1 Evacuation Pause) 36M->23M(44M) 0.570ms
[20.989s][info][gc] GC(1553) Concurrent Cycle
[21.008s][info][gc] GC(1554) Pause Young (Normal) (G1 Evacuation Pause) 36M->23M(44M) 0.560ms
[21.026s][info][gc] GC(1555) Pause Young (Normal) (G1 Evacuation Pause) 36M->23M(44M) 0.555ms
[21.033s][info][gc] GC(1553) Pause Remark 28M->28M(44M) 1.523ms
[21.043s][info][gc] GC(1556) Pause Young (Normal) (G1 Evacuation Pause) 36M->24M(44M) 0.516ms
[21.059s][info][gc] GC(1557) Pause Young (Normal) (G1 Evacuation Pause) 37M->24M(44M) 0.700ms
[21.060s][info][gc] GC(1553) Pause Cleanup 25M->25M(44M) 0.136ms
[21.060s][info][gc] GC(1553) Concurrent Cycle 71.543ms
[21.074s][info][gc] GC(1558) Pause Young (Normal) (G1 Evacuation Pause) 37M->24M(44M) 1.191ms
[21.084s][info][gc] GC(1559) Pause Young (Concurrent Start) (G1 Evacuation Pause) 37M->24M(44M) 0.592ms
[21.084s][info][gc] GC(1560) Concurrent Cycle
[21.102s][info][gc] GC(1561) Pause Young (Normal) (G1 Evacuation Pause) 37M->24M(44M) 0.547ms
[21.117s][info][gc] GC(1562) Pause Young (Normal) (G1 Evacuation Pause) 37M->24M(44M) 0.606ms
[21.127s][info][gc] GC(1560) Pause Remark 32M->32M(44M) 1.705ms
[21.132s][info][gc] GC(1563) Pause Young (Normal) (G1 Evacuation Pause) 37M->24M(44M) 0.495ms
[21.143s][info][gc] GC(1564) Pause Young (Normal) (G1 Evacuation Pause) 37M->24M(44M) 0.566ms
[21.149s][info][gc] GC(1560) Pause Cleanup 30M->30M(44M) 0.057ms
[21.149s][info][gc] GC(1560) Concurrent Cycle 65.171ms
[21.154s][info][gc] GC(1565) Pause Young (Normal) (G1 Evacuation Pause) 37M->24M(44M) 0.482ms
[21.163s][info][gc] GC(1566) Pause Young (Concurrent Start) (G1 Evacuation Pause) 37M->24M(44M) 0.497ms
[21.163s][info][gc] GC(1567) Concurrent Cycle
[21.176s][info][gc] GC(1568) Pause Young (Normal) (G1 Evacuation Pause) 37M->24M(44M) 0.537ms
[21.190s][info][gc] GC(1569) Pause Young (Normal) (G1 Evacuation Pause) 37M->24M(44M) 0.491ms
[21.197s][info][gc] GC(1567) Pause Remark 29M->29M(44M) 1.382ms
[21.204s][info][gc] GC(1570) Pause Young (Normal) (G1 Evacuation Pause) 37M->24M(44M) 0.753ms
[21.216s][info][gc] GC(1571) Pause Young (Normal) (G1 Evacuation Pause) 37M->24M(44M) 0.606ms
[21.218s][info][gc] GC(1567) Pause Cleanup 26M->26M(44M) 0.048ms
[21.218s][info][gc] GC(1567) Concurrent Cycle 55.362ms
[21.225s][info][gc] GC(1572) Pause Young (Normal) (G1 Evacuation Pause) 37M->24M(44M) 0.548ms
[21.234s][info][gc] GC(1573) Pause Young (Concurrent Start) (G1 Evacuation Pause) 37M->24M(44M) 0.565ms
[21.234s][info][gc] GC(1574) Concurrent Cycle
[21.249s][info][gc] GC(1575) Pause Young (Normal) (G1 Evacuation Pause) 37M->24M(44M) 0.920ms
[21.263s][info][gc] GC(1576) Pause Young (Normal) (G1 Evacuation Pause) 37M->24M(44M) 0.609ms
[21.268s][info][gc] GC(1574) Pause Remark 27M->27M(44M) 1.687ms
[21.275s][info][gc] GC(1577) Pause Young (Normal) (G1 Evacuation Pause) 36M->24M(44M) 0.579ms
[21.284s][info][gc] GC(1578) Pause Young (Normal) (G1 Evacuation Pause) 36M->24M(44M) 0.638ms
[21.288s][info][gc] GC(1574) Pause Cleanup 29M->29M(44M) 0.051ms
[21.288s][info][gc] GC(1574) Concurrent Cycle 54.182ms
[21.293s][info][gc] GC(1579) Pause Young (Normal) (G1 Evacuation Pause) 36M->24M(44M) 0.501ms
[21.301s][info][gc] GC(1580) Pause Young (Concurrent Start) (G1 Evacuation Pause) 36M->24M(44M) 0.709ms
[21.301s][info][gc] GC(1581) Concurrent Cycle
[21.315s][info][gc] GC(1582) Pause Young (Normal) (G1 Evacuation Pause) 36M->24M(44M) 0.717ms
[21.334s][info][gc] GC(1583) Pause Young (Normal) (G1 Evacuation Pause) 36M->24M(44M) 0.626ms
[21.344s][info][gc] GC(1581) Pause Remark 31M->31M(44M) 2.402ms
[21.349s][info][gc] GC(1584) Pause Young (Normal) (G1 Evacuation Pause) 36M->24M(44M) 0.458ms
[21.360s][info][gc] GC(1585) Pause Young (Normal) (G1 Evacuation Pause) 36M->24M(44M) 0.523ms
[21.366s][info][gc] GC(1581) Pause Cleanup 28M->28M(44M) 0.103ms
[21.366s][info][gc] GC(1581) Concurrent Cycle 65.440ms
[21.373s][info][gc] GC(1586) Pause Young (Normal) (G1 Evacuation Pause) 36M->24M(44M) 0.445ms
[21.384s][info][gc] GC(1587) Pause Young (Concurrent Start) (G1 Evacuation Pause) 36M->24M(44M) 0.582ms
[21.385s][info][gc] GC(1588) Concurrent Cycle
[21.399s][info][gc] GC(1589) Pause Young (Normal) (G1 Evacuation Pause) 36M->24M(44M) 1.859ms
[21.415s][info][gc] GC(1590) Pause Young (Normal) (G1 Evacuation Pause) 36M->24M(44M) 0.651ms
[21.425s][info][gc] GC(1588) Pause Remark 30M->30M(44M) 1.998ms
[21.432s][info][gc] GC(1591) Pause Young (Normal) (G1 Evacuation Pause) 36M->24M(44M) 0.584ms
[21.443s][info][gc] GC(1592) Pause Young (Normal) (G1 Evacuation Pause) 36M->24M(44M) 0.834ms
[21.454s][info][gc] GC(1588) Pause Cleanup 31M->31M(44M) 0.102ms
[21.454s][info][gc] GC(1588) Concurrent Cycle 69.909ms
[21.461s][info][gc] GC(1593) Pause Young (Normal) (G1 Evacuation Pause) 36M->24M(44M) 0.897ms
[21.472s][info][gc] GC(1594) Pause Young (Concurrent Start) (G1 Evacuation Pause) 36M->24M(44M) 0.702ms
[21.472s][info][gc] GC(1595) Concurrent Cycle
[21.494s][info][gc] GC(1596) Pause Young (Normal) (G1 Evacuation Pause) 36M->24M(44M) 1.116ms
[21.516s][info][gc] GC(1597) Pause Young (Normal) (G1 Evacuation Pause) 36M->24M(44M) 0.773ms
[21.532s][info][gc] GC(1595) Pause Remark 32M->32M(44M) 2.891ms
[21.540s][info][gc] GC(1598) Pause Young (Normal) (G1 Evacuation Pause) 36M->24M(44M) 1.609ms
[21.557s][info][gc] GC(1599) Pause Young (Normal) (G1 Evacuation Pause) 36M->24M(44M) 1.179ms
[21.565s][info][gc] GC(1595) Pause Cleanup 30M->30M(44M) 0.071ms
[21.565s][info][gc] GC(1595) Concurrent Cycle 92.934ms
[21.574s][info][gc] GC(1600) Pause Young (Normal) (G1 Evacuation Pause) 36M->24M(44M) 0.837ms
[21.583s][info][gc] GC(1601) Pause Young (Concurrent Start) (G1 Evacuation Pause) 36M->24M(44M) 0.772ms
[21.583s][info][gc] GC(1602) Concurrent Cycle
[21.597s][info][gc] GC(1603) Pause Young (Normal) (G1 Evacuation Pause) 36M->24M(44M) 1.226ms
[21.612s][info][gc] GC(1604) Pause Young (Normal) (G1 Evacuation Pause) 36M->24M(44M) 1.403ms
[21.627s][info][gc] GC(1605) Pause Young (Normal) (G1 Evacuation Pause) 36M->24M(44M) 0.529ms
[21.640s][info][gc] GC(1602) Pause Remark 34M->34M(44M) 1.674ms
[21.642s][info][gc] GC(1606) Pause Young (Normal) (G1 Evacuation Pause) 36M->24M(44M) 0.482ms
[21.655s][info][gc] GC(1607) Pause Young (Normal) (G1 Evacuation Pause) 36M->24M(44M) 0.648ms
[21.668s][info][gc] GC(1602) Pause Cleanup 35M->35M(44M) 0.062ms
[21.668s][info][gc] GC(1602) Concurrent Cycle 84.796ms
[21.671s][info][gc] GC(1608) Pause Young (Normal) (G1 Evacuation Pause) 36M->24M(44M) 1.586ms
[21.680s][info][gc] GC(1609) Pause Young (Concurrent Start) (G1 Evacuation Pause) 36M->24M(44M) 0.712ms
[21.680s][info][gc] GC(1610) Concurrent Cycle
[21.700s][info][gc] GC(1611) Pause Young (Normal) (G1 Evacuation Pause) 36M->24M(44M) 0.625ms
[21.717s][info][gc] GC(1612) Pause Young (Normal) (G1 Evacuation Pause) 36M->24M(44M) 0.519ms
[21.728s][info][gc] GC(1610) Pause Remark 31M->31M(44M) 1.692ms
[21.734s][info][gc] GC(1613) Pause Young (Normal) (G1 Evacuation Pause) 36M->24M(44M) 0.555ms
[21.747s][info][gc] GC(1614) Pause Young (Normal) (G1 Evacuation Pause) 36M->24M(44M) 0.465ms
[21.754s][info][gc] GC(1610) Pause Cleanup 31M->31M(44M) 0.089ms
[21.755s][info][gc] GC(1610) Concurrent Cycle 74.303ms
[21.758s][info][gc] GC(1615) Pause Young (Normal) (G1 Evacuation Pause) 36M->24M(44M) 0.614ms
[21.766s][info][gc] GC(1616) Pause Young (Concurrent Start) (G1 Evacuation Pause) 36M->24M(44M) 0.519ms
[21.766s][info][gc] GC(1617) Concurrent Cycle
[21.778s][info][gc] GC(1618) Pause Young (Normal) (G1 Evacuation Pause) 36M->24M(44M) 0.583ms
[21.789s][info][gc] GC(1619) Pause Young (Normal) (G1 Evacuation Pause) 36M->24M(44M) 0.466ms
[21.800s][info][gc] GC(1617) Pause Remark 34M->34M(44M) 1.215ms
[21.802s][info][gc] GC(1620) Pause Young (Normal) (G1 Evacuation Pause) 36M->24M(44M) 0.440ms
[21.811s][info][gc] GC(1621) Pause Young (Normal) (G1 Evacuation Pause) 36M->24M(44M) 0.459ms
[21.821s][info][gc] GC(1622) Pause Young (Normal) (G1 Evacuation Pause) 36M->24M(44M) 0.503ms
[21.822s][info][gc] GC(1617) Pause Cleanup 25M->25M(44M) 0.047ms
[21.822s][info][gc] GC(1617) Concurrent Cycle 55.955ms
[21.829s][info][gc] GC(1623) Pause Young (Normal) (G1 Evacuation Pause) 36M->24M(44M) 0.423ms
[21.836s][info][gc] GC(1624) Pause Young (Concurrent Start) (G1 Evacuation Pause) 36M->24M(44M) 0.430ms
[21.837s][info][gc] GC(1625) Concurrent Cycle
[21.848s][info][gc] GC(1626) Pause Young (Normal) (G1 Evacuation Pause) 36M->24M(44M) 0.522ms
[21.860s][info][gc] GC(1627) Pause Young (Normal) (G1 Evacuation Pause) 36M->24M(44M) 0.451ms
[21.872s][info][gc] GC(1625) Pause Remark 36M->36M(44M) 1.202ms
[21.873s][info][gc] GC(1628) Pause Young (Normal) (G1 Evacuation Pause) 36M->24M(44M) 0.437ms
[21.883s][info][gc] GC(1629) Pause Young (Normal) (G1 Evacuation Pause) 36M->24M(44M) 0.479ms
[21.892s][info][gc] GC(1630) Pause Young (Normal) (G1 Evacuation Pause) 36M->24M(44M) 0.440ms
[21.893s][info][gc] GC(1625) Pause Cleanup 25M->25M(44M) 0.042ms
[21.893s][info][gc] GC(1625) Concurrent Cycle 56.332ms
[21.901s][info][gc] GC(1631) Pause Young (Normal) (G1 Evacuation Pause) 36M->24M(44M) 0.448ms
[21.909s][info][gc] GC(1632) Pause Young (Concurrent Start) (G1 Evacuation Pause) 36M->24M(44M) 0.657ms
[21.909s][info][gc] GC(1633) Concurrent Cycle
[21.921s][info][gc] GC(1634) Pause Young (Normal) (G1 Evacuation Pause) 36M->24M(44M) 0.494ms
[21.933s][info][gc] GC(1635) Pause Young (Normal) (G1 Evacuation Pause) 36M->24M(44M) 0.531ms
[21.943s][info][gc] GC(1633) Pause Remark 33M->33M(44M) 1.243ms
[21.946s][info][gc] GC(1636) Pause Young (Normal) (G1 Evacuation Pause) 36M->24M(44M) 0.430ms
[21.956s][info][gc] GC(1637) Pause Young (Normal) (G1 Evacuation Pause) 36M->24M(44M) 0.529ms
[21.964s][info][gc] GC(1633) Pause Cleanup 34M->34M(44M) 0.054ms
[21.964s][info][gc] GC(1633) Concurrent Cycle 54.871ms
[21.966s][info][gc] GC(1638) Pause Young (Normal) (G1 Evacuation Pause) 36M->24M(44M) 0.458ms
[21.974s][info][gc] GC(1639) Pause Young (Concurrent Start) (G1 Evacuation Pause) 36M->24M(44M) 0.427ms
[21.974s][info][gc] GC(1640) Concurrent Cycle
[21.986s][info][gc] GC(1641) Pause Young (Normal) (G1 Evacuation Pause) 36M->24M(44M) 0.477ms
[21.998s][info][gc] GC(1642) Pause Young (Normal) (G1 Evacuation Pause) 36M->24M(44M) 0.499ms
[22.008s][info][gc] GC(1640) Pause Remark 34M->34M(44M) 1.206ms
[22.011s][info][gc] GC(1643) Pause Young (Normal) (G1 Evacuation Pause) 36M->24M(44M) 0.435ms
[22.020s][info][gc] GC(1644) Pause Young (Normal) (G1 Evacuation Pause) 36M->24M(44M) 0.547ms
[22.031s][info][gc] GC(1640) Pause Cleanup 35M->35M(44M) 0.087ms
[22.032s][info][gc] GC(1640) Concurrent Cycle 57.528ms
[22.033s][info][gc] GC(1645) Pause Young (Normal) (G1 Evacuation Pause) 36M->24M(44M) 0.471ms
[22.041s][info][gc] GC(1646) Pause Young (Concurrent Start) (G1 Evacuation Pause) 36M->24M(44M) 0.607ms
[22.041s][info][gc] GC(1647) Concurrent Cycle
[22.058s][info][gc] GC(1648) Pause Young (Normal) (G1 Evacuation Pause) 36M->24M(44M) 0.621ms
[22.071s][info][gc] GC(1649) Pause Young (Normal) (G1 Evacuation Pause) 36M->24M(44M) 0.637ms
[22.079s][info][gc] GC(1647) Pause Remark 31M->31M(44M) 1.253ms
[22.083s][info][gc] GC(1650) Pause Young (Normal) (G1 Evacuation Pause) 36M->24M(44M) 0.446ms
[22.093s][info][gc] GC(1651) Pause Young (Normal) (G1 Evacuation Pause) 36M->24M(44M) 0.478ms
[22.099s][info][gc] GC(1647) Pause Cleanup 33M->33M(44M) 0.052ms
[22.099s][info][gc] GC(1647) Concurrent Cycle 58.511ms
[22.102s][info][gc] GC(1652) Pause Young (Normal) (G1 Evacuation Pause) 36M->24M(44M) 0.491ms
[22.111s][info][gc] GC(1653) Pause Young (Concurrent Start) (G1 Evacuation Pause) 36M->24M(44M) 0.537ms
[22.111s][info][gc] GC(1654) Concurrent Cycle
[22.130s][info][gc] GC(1655) Pause Young (Normal) (G1 Evacuation Pause) 36M->24M(44M) 0.534ms
[22.147s][info][gc] GC(1656) Pause Young (Normal) (G1 Evacuation Pause) 36M->24M(44M) 0.589ms
[22.156s][info][gc] GC(1654) Pause Remark 30M->30M(44M) 1.517ms
[22.164s][info][gc] GC(1657) Pause Young (Normal) (G1 Evacuation Pause) 36M->24M(44M) 0.536ms
[22.177s][info][gc] GC(1658) Pause Young (Normal) (G1 Evacuation Pause) 36M->24M(44M) 0.538ms
[22.182s][info][gc] GC(1654) Pause Cleanup 30M->30M(44M) 0.041ms
[22.182s][info][gc] GC(1654) Concurrent Cycle 71.598ms
[22.187s][info][gc] GC(1659) Pause Young (Normal) (G1 Evacuation Pause) 36M->24M(44M) 0.488ms
[22.194s][info][gc] GC(1660) Pause Young (Concurrent Start) (G1 Evacuation Pause) 36M->24M(44M) 0.607ms
[22.195s][info][gc] GC(1661) Concurrent Cycle
[22.211s][info][gc] GC(1662) Pause Young (Normal) (G1 Evacuation Pause) 36M->24M(44M) 0.601ms
[22.228s][info][gc] GC(1663) Pause Young (Normal) (G1 Evacuation Pause) 36M->24M(44M) 0.545ms
[22.240s][info][gc] GC(1661) Pause Remark 32M->32M(44M) 1.538ms
[22.245s][info][gc] GC(1664) Pause Young (Normal) (G1 Evacuation Pause) 36M->24M(44M) 0.547ms
[22.258s][info][gc] GC(1665) Pause Young (Normal) (G1 Evacuation Pause) 36M->24M(44M) 0.537ms
[22.267s][info][gc] GC(1661) Pause Cleanup 32M->32M(44M) 0.088ms
[22.267s][info][gc] GC(1661) Concurrent Cycle 72.161ms
[22.270s][info][gc] GC(1666) Pause Young (Normal) (G1 Evacuation Pause) 36M->24M(44M) 0.431ms
[22.277s][info][gc] GC(1667) Pause Young (Concurrent Start) (G1 Evacuation Pause) 36M->24M(44M) 0.475ms
[22.277s][info][gc] GC(1668) Concurrent Cycle
[22.289s][info][gc] GC(1669) Pause Young (Normal) (G1 Evacuation Pause) 36M->24M(44M) 0.512ms
[22.301s][info][gc] GC(1670) Pause Young (Normal) (G1 Evacuation Pause) 36M->25M(44M) 0.479ms
[22.312s][info][gc] GC(1668) Pause Remark 35M->35M(44M) 1.704ms
[22.314s][info][gc] GC(1671) Pause Young (Normal) (G1 Evacuation Pause) 37M->24M(44M) 0.570ms
[22.324s][info][gc] GC(1672) Pause Young (Normal) (G1 Evacuation Pause) 36M->25M(44M) 0.802ms
[22.333s][info][gc] GC(1673) Pause Young (Normal) (G1 Evacuation Pause) 37M->25M(44M) 0.655ms
[22.334s][info][gc] GC(1668) Pause Cleanup 25M->25M(44M) 0.103ms
[22.334s][info][gc] GC(1668) Concurrent Cycle 56.665ms
[22.341s][info][gc] GC(1674) Pause Young (Normal) (G1 Evacuation Pause) 37M->25M(44M) 0.678ms
[22.349s][info][gc] GC(1675) Pause Young (Concurrent Start) (G1 Evacuation Pause) 37M->25M(44M) 0.558ms
[22.349s][info][gc] GC(1676) Concurrent Cycle
[22.361s][info][gc] GC(1677) Pause Young (Normal) (G1 Evacuation Pause) 37M->25M(44M) 0.607ms
[22.372s][info][gc] GC(1678) Pause Young (Normal) (G1 Evacuation Pause) 37M->25M(44M) 0.463ms
[22.383s][info][gc] GC(1676) Pause Remark 35M->35M(44M) 1.713ms
[22.385s][info][gc] GC(1679) Pause Young (Normal) (G1 Evacuation Pause) 37M->25M(44M) 0.479ms
[22.394s][info][gc] GC(1680) Pause Young (Normal) (G1 Evacuation Pause) 37M->25M(44M) 0.594ms
[22.405s][info][gc] GC(1681) Pause Young (Normal) (G1 Evacuation Pause) 37M->25M(44M) 1.433ms
[22.406s][info][gc] GC(1676) Pause Cleanup 26M->26M(44M) 0.073ms
[22.406s][info][gc] GC(1676) Concurrent Cycle 56.814ms
[22.413s][info][gc] GC(1682) Pause Young (Normal) (G1 Evacuation Pause) 37M->25M(44M) 0.480ms
[22.422s][info][gc] GC(1683) Pause Young (Concurrent Start) (G1 Evacuation Pause) 37M->25M(44M) 0.515ms
[22.422s][info][gc] GC(1684) Concurrent Cycle
[22.433s][info][gc] GC(1685) Pause Young (Normal) (G1 Evacuation Pause) 37M->25M(44M) 0.463ms
[22.447s][info][gc] GC(1686) Pause Young (Normal) (G1 Evacuation Pause) 37M->25M(44M) 1.156ms
[22.464s][info][gc] GC(1687) Pause Young (Normal) (G1 Evacuation Pause) 37M->25M(44M) 1.922ms
[22.469s][info][gc] GC(1684) Pause Remark 27M->27M(44M) 1.505ms
[22.483s][info][gc] GC(1688) Pause Young (Normal) (G1 Evacuation Pause) 37M->25M(44M) 0.621ms
[22.492s][info][gc] GC(1684) Pause Cleanup 32M->32M(44M) 0.070ms
[22.492s][info][gc] GC(1684) Concurrent Cycle 70.027ms
[22.498s][info][gc] GC(1689) Pause Young (Normal) (G1 Evacuation Pause) 37M->25M(44M) 1.121ms
[22.508s][info][gc] GC(1690) Pause Young (Concurrent Start) (G1 Evacuation Pause) 37M->25M(46M) 1.284ms
[22.508s][info][gc] GC(1691) Concurrent Cycle
[22.528s][info][gc] GC(1692) Pause Young (Normal) (G1 Evacuation Pause) 39M->25M(46M) 0.724ms
[22.542s][info][gc] GC(1693) Pause Young (Normal) (G1 Evacuation Pause) 38M->25M(46M) 0.700ms
[22.557s][info][gc] GC(1694) Pause Young (Normal) (G1 Evacuation Pause) 38M->25M(46M) 0.675ms
[22.564s][info][gc] GC(1691) Pause Remark 29M->29M(46M) 2.383ms
[22.573s][info][gc] GC(1695) Pause Young (Normal) (G1 Evacuation Pause) 38M->25M(46M) 0.620ms
[22.585s][info][gc] GC(1696) Pause Young (Normal) (G1 Evacuation Pause) 38M->25M(46M) 0.596ms
[22.592s][info][gc] GC(1691) Pause Cleanup 30M->30M(46M) 0.061ms
[22.592s][info][gc] GC(1691) Concurrent Cycle 84.011ms
[22.600s][info][gc] GC(1697) Pause Young (Normal) (G1 Evacuation Pause) 38M->25M(46M) 1.450ms
[22.610s][info][gc] GC(1698) Pause Young (Concurrent Start) (G1 Evacuation Pause) 38M->25M(46M) 0.690ms
[22.610s][info][gc] GC(1699) Concurrent Cycle
[22.625s][info][gc] GC(1700) Pause Young (Normal) (G1 Evacuation Pause) 38M->25M(46M) 1.215ms
[22.643s][info][gc] GC(1701) Pause Young (Normal) (G1 Evacuation Pause) 38M->25M(46M) 0.713ms
[22.658s][info][gc] GC(1702) Pause Young (Normal) (G1 Evacuation Pause) 38M->25M(46M) 0.514ms
[22.666s][info][gc] GC(1699) Pause Remark 29M->29M(46M) 3.542ms
[22.676s][info][gc] GC(1703) Pause Young (Normal) (G1 Evacuation Pause) 38M->25M(46M) 0.538ms
[22.691s][info][gc] GC(1704) Pause Young (Normal) (G1 Evacuation Pause) 38M->25M(46M) 0.609ms
[22.701s][info][gc] GC(1699) Pause Cleanup 37M->37M(46M) 0.071ms
[22.701s][info][gc] GC(1699) Concurrent Cycle 90.994ms
[22.703s][info][gc] GC(1705) Pause Young (Normal) (G1 Evacuation Pause) 38M->25M(46M) 0.643ms
[22.712s][info][gc] GC(1706) Pause Young (Concurrent Start) (G1 Evacuation Pause) 38M->25M(46M) 0.621ms
[22.712s][info][gc] GC(1707) Concurrent Cycle
[22.725s][info][gc] GC(1708) Pause Young (Normal) (G1 Evacuation Pause) 38M->25M(46M) 0.618ms
[22.738s][info][gc] GC(1709) Pause Young (Normal) (G1 Evacuation Pause) 38M->25M(46M) 0.584ms
[22.746s][info][gc] GC(1707) Pause Remark 32M->32M(46M) 1.560ms
[22.751s][info][gc] GC(1710) Pause Young (Normal) (G1 Evacuation Pause) 38M->25M(46M) 0.675ms
[22.762s][info][gc] GC(1711) Pause Young (Normal) (G1 Evacuation Pause) 38M->25M(46M) 0.595ms
[22.768s][info][gc] GC(1707) Pause Cleanup 33M->33M(46M) 0.052ms
[22.768s][info][gc] GC(1707) Concurrent Cycle 55.762ms
[22.772s][info][gc] GC(1712) Pause Young (Normal) (G1 Evacuation Pause) 38M->25M(46M) 0.475ms
[22.780s][info][gc] GC(1713) Pause Young (Concurrent Start) (G1 Evacuation Pause) 38M->25M(46M) 0.578ms
[22.780s][info][gc] GC(1714) Concurrent Cycle
[22.793s][info][gc] GC(1715) Pause Young (Normal) (G1 Evacuation Pause) 38M->25M(46M) 0.727ms
[22.807s][info][gc] GC(1716) Pause Young (Normal) (G1 Evacuation Pause) 38M->25M(46M) 0.555ms
[22.816s][info][gc] GC(1714) Pause Remark 33M->33M(46M) 1.663ms
[22.820s][info][gc] GC(1717) Pause Young (Normal) (G1 Evacuation Pause) 38M->25M(46M) 0.579ms
[22.831s][info][gc] GC(1718) Pause Young (Normal) (G1 Evacuation Pause) 38M->25M(46M) 0.557ms
[22.838s][info][gc] GC(1714) Pause Cleanup 32M->32M(46M) 0.057ms
[22.838s][info][gc] GC(1714) Concurrent Cycle 58.166ms
[22.844s][info][gc] GC(1719) Pause Young (Normal) (G1 Evacuation Pause) 38M->25M(46M) 0.423ms
[22.853s][info][gc] GC(1720) Pause Young (Concurrent Start) (G1 Evacuation Pause) 38M->25M(46M) 0.512ms
[22.853s][info][gc] GC(1721) Concurrent Cycle
[22.866s][info][gc] GC(1722) Pause Young (Normal) (G1 Evacuation Pause) 38M->25M(46M) 0.935ms
[22.879s][info][gc] GC(1723) Pause Young (Normal) (G1 Evacuation Pause) 38M->25M(46M) 0.616ms
[22.889s][info][gc] GC(1721) Pause Remark 34M->34M(46M) 1.677ms
[22.893s][info][gc] GC(1724) Pause Young (Normal) (G1 Evacuation Pause) 38M->25M(46M) 0.595ms
[22.903s][info][gc] GC(1725) Pause Young (Normal) (G1 Evacuation Pause) 38M->25M(46M) 0.680ms
[22.910s][info][gc] GC(1721) Pause Cleanup 35M->35M(46M) 0.076ms
[22.910s][info][gc] GC(1721) Concurrent Cycle 57.868ms
[22.913s][info][gc] GC(1726) Pause Young (Normal) (G1 Evacuation Pause) 38M->25M(46M) 0.460ms
[22.922s][info][gc] GC(1727) Pause Young (Concurrent Start) (G1 Evacuation Pause) 38M->25M(46M) 0.860ms
[22.922s][info][gc] GC(1728) Concurrent Cycle
[22.935s][info][gc] GC(1729) Pause Young (Normal) (G1 Evacuation Pause) 38M->25M(46M) 0.717ms
[22.948s][info][gc] GC(1730) Pause Young (Normal) (G1 Evacuation Pause) 38M->25M(46M) 0.552ms
[22.957s][info][gc] GC(1728) Pause Remark 33M->33M(46M) 1.809ms
[22.963s][info][gc] GC(1731) Pause Young (Normal) (G1 Evacuation Pause) 38M->25M(46M) 0.456ms
[22.973s][info][gc] GC(1732) Pause Young (Normal) (G1 Evacuation Pause) 38M->25M(46M) 0.639ms
[22.980s][info][gc] GC(1728) Pause Cleanup 34M->34M(46M) 0.054ms
[22.980s][info][gc] GC(1728) Concurrent Cycle 57.754ms
[22.983s][info][gc] GC(1733) Pause Young (Normal) (G1 Evacuation Pause) 38M->25M(46M) 0.423ms
[22.991s][info][gc] GC(1734) Pause Young (Concurrent Start) (G1 Evacuation Pause) 38M->25M(46M) 0.466ms
[22.991s][info][gc] GC(1735) Concurrent Cycle
[23.005s][info][gc] GC(1736) Pause Young (Normal) (G1 Evacuation Pause) 38M->25M(46M) 0.567ms
[23.018s][info][gc] GC(1737) Pause Young (Normal) (G1 Evacuation Pause) 38M->25M(46M) 0.450ms
[23.027s][info][gc] GC(1735) Pause Remark 34M->34M(46M) 1.637ms
[23.031s][info][gc] GC(1738) Pause Young (Normal) (G1 Evacuation Pause) 38M->25M(46M) 0.528ms
[23.042s][info][gc] GC(1739) Pause Young (Normal) (G1 Evacuation Pause) 38M->25M(46M) 0.493ms
[23.049s][info][gc] GC(1735) Pause Cleanup 35M->35M(46M) 0.054ms
[23.049s][info][gc] GC(1735) Concurrent Cycle 57.646ms
[23.052s][info][gc] GC(1740) Pause Young (Normal) (G1 Evacuation Pause) 38M->25M(46M) 0.456ms
[23.061s][info][gc] GC(1741) Pause Young (Concurrent Start) (G1 Evacuation Pause) 38M->25M(46M) 0.477ms
[23.061s][info][gc] GC(1742) Concurrent Cycle
[23.075s][info][gc] GC(1743) Pause Young (Normal) (G1 Evacuation Pause) 38M->25M(46M) 0.676ms
[23.089s][info][gc] GC(1744) Pause Young (Normal) (G1 Evacuation Pause) 38M->25M(46M) 0.654ms
[23.099s][info][gc] GC(1742) Pause Remark 33M->33M(46M) 1.709ms
[23.104s][info][gc] GC(1745) Pause Young (Normal) (G1 Evacuation Pause) 38M->25M(46M) 0.591ms
[23.116s][info][gc] GC(1746) Pause Young (Normal) (G1 Evacuation Pause) 38M->25M(46M) 1.856ms
[23.129s][info][gc] GC(1742) Pause Cleanup 35M->35M(46M) 0.072ms
[23.130s][info][gc] GC(1742) Concurrent Cycle 68.302ms
[23.132s][info][gc] GC(1747) Pause Young (Normal) (G1 Evacuation Pause) 38M->25M(46M) 0.595ms
[23.140s][info][gc] GC(1748) Pause Young (Concurrent Start) (G1 Evacuation Pause) 38M->25M(46M) 0.514ms
[23.140s][info][gc] GC(1749) Concurrent Cycle
[23.158s][info][gc] GC(1750) Pause Young (Normal) (G1 Evacuation Pause) 38M->25M(46M) 0.535ms
[23.177s][info][gc] GC(1751) Pause Young (Normal) (G1 Evacuation Pause) 38M->25M(46M) 0.675ms
[23.190s][info][gc] GC(1749) Pause Remark 36M->36M(46M) 1.541ms
[23.193s][info][gc] GC(1752) Pause Young (Normal) (G1 Evacuation Pause) 38M->25M(46M) 0.464ms
[23.204s][info][gc] GC(1753) Pause Young (Normal) (G1 Evacuation Pause) 38M->25M(46M) 0.460ms
[23.211s][info][gc] GC(1749) Pause Cleanup 35M->35M(46M) 0.052ms
[23.211s][info][gc] GC(1749) Concurrent Cycle 71.151ms
[23.214s][info][gc] GC(1754) Pause Young (Normal) (G1 Evacuation Pause) 38M->25M(46M) 0.454ms
[23.222s][info][gc] GC(1755) Pause Young (Concurrent Start) (G1 Evacuation Pause) 38M->25M(46M) 0.448ms
[23.222s][info][gc] GC(1756) Concurrent Cycle
[23.235s][info][gc] GC(1757) Pause Young (Normal) (G1 Evacuation Pause) 38M->25M(46M) 0.523ms
[23.249s][info][gc] GC(1758) Pause Young (Normal) (G1 Evacuation Pause) 38M->25M(46M) 0.499ms
[23.257s][info][gc] GC(1756) Pause Remark 31M->31M(46M) 1.620ms
[23.263s][info][gc] GC(1759) Pause Young (Normal) (G1 Evacuation Pause) 38M->25M(46M) 0.499ms
[23.278s][info][gc] GC(1760) Pause Young (Normal) (G1 Evacuation Pause) 38M->25M(46M) 0.414ms
[23.284s][info][gc] GC(1756) Pause Cleanup 30M->30M(46M) 0.044ms
[23.284s][info][gc] GC(1756) Concurrent Cycle 61.462ms
[23.289s][info][gc] GC(1761) Pause Young (Normal) (G1 Evacuation Pause) 38M->25M(46M) 0.443ms
[23.297s][info][gc] GC(1762) Pause Young (Concurrent Start) (G1 Evacuation Pause) 38M->25M(46M) 0.474ms
[23.297s][info][gc] GC(1763) Concurrent Cycle
[23.315s][info][gc] GC(1764) Pause Young (Normal) (G1 Evacuation Pause) 38M->25M(46M) 0.537ms
[23.333s][info][gc] GC(1765) Pause Young (Normal) (G1 Evacuation Pause) 38M->25M(46M) 0.426ms
[23.344s][info][gc] GC(1763) Pause Remark 33M->33M(46M) 1.309ms
[23.352s][info][gc] GC(1766) Pause Young (Normal) (G1 Evacuation Pause) 38M->25M(46M) 0.420ms
[23.366s][info][gc] GC(1767) Pause Young (Normal) (G1 Evacuation Pause) 38M->25M(46M) 0.384ms
[23.372s][info][gc] GC(1763) Pause Cleanup 31M->31M(46M) 0.040ms
[23.372s][info][gc] GC(1763) Concurrent Cycle 74.886ms
[23.377s][info][gc] GC(1768) Pause Young (Normal) (G1 Evacuation Pause) 38M->25M(46M) 0.375ms
[23.385s][info][gc] GC(1769) Pause Young (Concurrent Start) (G1 Evacuation Pause) 38M->25M(46M) 0.468ms
[23.385s][info][gc] GC(1770) Concurrent Cycle
[23.403s][info][gc] GC(1771) Pause Young (Normal) (G1 Evacuation Pause) 38M->25M(46M) 0.503ms
[23.421s][info][gc] GC(1772) Pause Young (Normal) (G1 Evacuation Pause) 38M->25M(46M) 0.434ms
[23.432s][info][gc] GC(1770) Pause Remark 33M->33M(46M) 1.141ms
[23.439s][info][gc] GC(1773) Pause Young (Normal) (G1 Evacuation Pause) 38M->25M(46M) 0.528ms
[23.455s][info][gc] GC(1774) Pause Young (Normal) (G1 Evacuation Pause) 38M->25M(46M) 0.701ms
[23.463s][info][gc] GC(1770) Pause Cleanup 30M->30M(46M) 0.074ms
[23.463s][info][gc] GC(1770) Concurrent Cycle 77.807ms
[23.470s][info][gc] GC(1775) Pause Young (Normal) (G1 Evacuation Pause) 38M->25M(46M) 0.717ms
[23.481s][info][gc] GC(1776) Pause Young (Concurrent Start) (G1 Evacuation Pause) 38M->25M(46M) 0.720ms
[23.481s][info][gc] GC(1777) Concurrent Cycle
[23.501s][info][gc] GC(1778) Pause Young (Normal) (G1 Evacuation Pause) 38M->25M(46M) 1.151ms
[23.521s][info][gc] GC(1779) Pause Young (Normal) (G1 Evacuation Pause) 38M->25M(46M) 0.515ms
[23.524s][info][gc] GC(1777) Pause Remark 27M->27M(46M) 1.399ms
[23.535s][info][gc] GC(1780) Pause Young (Normal) (G1 Evacuation Pause) 38M->25M(46M) 0.611ms
[23.548s][info][gc] GC(1781) Pause Young (Normal) (G1 Evacuation Pause) 38M->25M(46M) 0.536ms
[23.558s][info][gc] GC(1777) Pause Cleanup 37M->37M(46M) 0.060ms
[23.558s][info][gc] GC(1777) Concurrent Cycle 77.109ms
[23.560s][info][gc] GC(1782) Pause Young (Normal) (G1 Evacuation Pause) 38M->25M(46M) 0.557ms
[23.571s][info][gc] GC(1783) Pause Young (Concurrent Start) (G1 Evacuation Pause) 38M->25M(46M) 0.670ms
[23.571s][info][gc] GC(1784) Concurrent Cycle
[23.587s][info][gc] GC(1785) Pause Young (Normal) (G1 Evacuation Pause) 38M->26M(46M) 0.593ms
[23.609s][info][gc] GC(1786) Pause Young (Normal) (G1 Evacuation Pause) 39M->26M(46M) 0.529ms
[23.613s][info][gc] GC(1784) Pause Remark 27M->27M(46M) 1.613ms
[23.626s][info][gc] GC(1787) Pause Young (Normal) (G1 Evacuation Pause) 39M->26M(46M) 0.706ms
[23.642s][info][gc] GC(1788) Pause Young (Normal) (G1 Evacuation Pause) 39M->26M(46M) 0.681ms
[23.644s][info][gc] GC(1784) Pause Cleanup 27M->27M(46M) 0.066ms
[23.644s][info][gc] GC(1784) Concurrent Cycle 72.668ms
[23.654s][info][gc] GC(1789) Pause Young (Normal) (G1 Evacuation Pause) 39M->26M(46M) 0.667ms
[23.665s][info][gc] GC(1790) Pause Young (Concurrent Start) (G1 Evacuation Pause) 39M->26M(46M) 0.781ms
[23.665s][info][gc] GC(1791) Concurrent Cycle
[23.687s][info][gc] GC(1792) Pause Young (Normal) (G1 Evacuation Pause) 39M->26M(46M) 0.826ms
[23.707s][info][gc] GC(1793) Pause Young (Normal) (G1 Evacuation Pause) 39M->26M(46M) 0.511ms
[23.718s][info][gc] GC(1791) Pause Remark 33M->33M(46M) 1.379ms
[23.725s][info][gc] GC(1794) Pause Young (Normal) (G1 Evacuation Pause) 39M->26M(46M) 0.577ms
[23.740s][info][gc] GC(1795) Pause Young (Normal) (G1 Evacuation Pause) 39M->26M(46M) 0.587ms
[23.746s][info][gc] GC(1791) Pause Cleanup 31M->31M(46M) 0.042ms
[23.746s][info][gc] GC(1791) Concurrent Cycle 81.032ms
[23.751s][info][gc] GC(1796) Pause Young (Normal) (G1 Evacuation Pause) 39M->26M(46M) 0.539ms
[23.759s][info][gc] GC(1797) Pause Young (Concurrent Start) (G1 Evacuation Pause) 39M->26M(46M) 0.629ms
[23.759s][info][gc] GC(1798) Concurrent Cycle
[23.777s][info][gc] GC(1799) Pause Young (Normal) (G1 Evacuation Pause) 39M->26M(46M) 0.586ms
[23.796s][info][gc] GC(1800) Pause Young (Normal) (G1 Evacuation Pause) 39M->26M(46M) 0.600ms
[23.807s][info][gc] GC(1798) Pause Remark 33M->33M(46M) 1.546ms
[23.814s][info][gc] GC(1801) Pause Young (Normal) (G1 Evacuation Pause) 39M->26M(46M) 0.545ms
[23.832s][info][gc] GC(1802) Pause Young (Normal) (G1 Evacuation Pause) 38M->26M(46M) 0.669ms
[23.834s][info][gc] GC(1798) Pause Cleanup 28M->28M(46M) 0.051ms
[23.834s][info][gc] GC(1798) Concurrent Cycle 75.145ms
[23.841s][info][gc] GC(1803) Pause Young (Normal) (G1 Evacuation Pause) 38M->26M(46M) 0.389ms
[23.849s][info][gc] GC(1804) Pause Young (Concurrent Start) (G1 Evacuation Pause) 38M->26M(46M) 0.830ms
[23.849s][info][gc] GC(1805) Concurrent Cycle
[23.861s][info][gc] GC(1806) Pause Young (Normal) (G1 Evacuation Pause) 38M->26M(46M) 0.581ms
[23.873s][info][gc] GC(1807) Pause Young (Normal) (G1 Evacuation Pause) 38M->26M(46M) 0.546ms
[23.886s][info][gc] GC(1805) Pause Remark 37M->37M(46M) 1.722ms
[23.888s][info][gc] GC(1808) Pause Young (Normal) (G1 Evacuation Pause) 38M->26M(46M) 0.442ms
[23.897s][info][gc] GC(1809) Pause Young (Normal) (G1 Evacuation Pause) 38M->26M(46M) 0.609ms
[23.911s][info][gc] GC(1810) Pause Young (Normal) (G1 Evacuation Pause) 38M->26M(46M) 0.560ms
[23.912s][info][gc] GC(1805) Pause Cleanup 27M->27M(46M) 0.083ms
[23.912s][info][gc] GC(1805) Concurrent Cycle 63.445ms
[23.919s][info][gc] GC(1811) Pause Young (Normal) (G1 Evacuation Pause) 38M->26M(46M) 0.526ms
[23.927s][info][gc] GC(1812) Pause Young (Concurrent Start) (G1 Evacuation Pause) 38M->26M(46M) 0.572ms
[23.927s][info][gc] GC(1813) Concurrent Cycle
[23.939s][info][gc] GC(1814) Pause Young (Normal) (G1 Evacuation Pause) 38M->26M(46M) 0.791ms
[23.950s][info][gc] GC(1815) Pause Young (Normal) (G1 Evacuation Pause) 38M->26M(46M) 0.619ms
[23.963s][info][gc] GC(1813) Pause Remark 37M->37M(46M) 1.322ms
[23.965s][info][gc] GC(1816) Pause Young (Normal) (G1 Evacuation Pause) 38M->26M(46M) 0.435ms
[23.974s][info][gc] GC(1817) Pause Young (Normal) (G1 Evacuation Pause) 38M->26M(46M) 0.457ms
[23.984s][info][gc] GC(1818) Pause Young (Normal) (G1 Evacuation Pause) 38M->26M(46M) 0.453ms
[23.985s][info][gc] GC(1813) Pause Cleanup 28M->28M(46M) 0.043ms
[23.985s][info][gc] GC(1813) Concurrent Cycle 58.758ms
[23.992s][info][gc] GC(1819) Pause Young (Normal) (G1 Evacuation Pause) 38M->26M(46M) 0.466ms
[24.001s][info][gc] GC(1820) Pause Young (Concurrent Start) (G1 Evacuation Pause) 38M->26M(46M) 0.640ms
[24.001s][info][gc] GC(1821) Concurrent Cycle
[24.013s][info][gc] GC(1822) Pause Young (Normal) (G1 Evacuation Pause) 38M->26M(46M) 0.640ms
[24.025s][info][gc] GC(1823) Pause Young (Normal) (G1 Evacuation Pause) 38M->26M(46M) 0.571ms
[24.037s][info][gc] GC(1824) Pause Young (Normal) (G1 Evacuation Pause) 38M->26M(46M) 1.113ms
[24.039s][info][gc] GC(1821) Pause Remark 27M->27M(46M) 1.574ms
[24.048s][info][gc] GC(1825) Pause Young (Normal) (G1 Evacuation Pause) 38M->26M(46M) 0.600ms
[24.057s][info][gc] GC(1826) Pause Young (Normal) (G1 Evacuation Pause) 38M->26M(46M) 0.622ms
[24.061s][info][gc] GC(1821) Pause Cleanup 31M->31M(46M) 0.048ms
[24.061s][info][gc] GC(1821) Concurrent Cycle 59.506ms
[24.067s][info][gc] GC(1827) Pause Young (Normal) (G1 Evacuation Pause) 38M->26M(46M) 0.645ms
[24.075s][info][gc] GC(1828) Pause Young (Concurrent Start) (G1 Evacuation Pause) 38M->26M(46M) 0.597ms
[24.075s][info][gc] GC(1829) Concurrent Cycle
[24.087s][info][gc] GC(1830) Pause Young (Normal) (G1 Evacuation Pause) 38M->26M(46M) 1.083ms
[24.098s][info][gc] GC(1831) Pause Young (Normal) (G1 Evacuation Pause) 38M->26M(46M) 0.552ms
[24.110s][info][gc] GC(1832) Pause Young (Normal) (G1 Evacuation Pause) 38M->26M(46M) 0.580ms
[24.113s][info][gc] GC(1829) Pause Remark 26M->26M(46M) 2.556ms
[24.135s][info][gc] GC(1833) Pause Young (Normal) (G1 Evacuation Pause) 38M->26M(46M) 0.685ms
[24.150s][info][gc] GC(1834) Pause Young (Normal) (G1 Evacuation Pause) 38M->26M(46M) 0.558ms
[24.151s][info][gc] GC(1829) Pause Cleanup 27M->27M(46M) 0.039ms
[24.151s][info][gc] GC(1829) Concurrent Cycle 76.338ms
[24.158s][info][gc] GC(1835) Pause Young (Normal) (G1 Evacuation Pause) 38M->26M(46M) 0.585ms
[24.166s][info][gc] GC(1836) Pause Young (Concurrent Start) (G1 Evacuation Pause) 38M->26M(46M) 0.569ms
[24.166s][info][gc] GC(1837) Concurrent Cycle
[24.183s][info][gc] GC(1838) Pause Young (Normal) (G1 Evacuation Pause) 38M->26M(46M) 0.644ms
[24.199s][info][gc] GC(1839) Pause Young (Normal) (G1 Evacuation Pause) 38M->26M(46M) 0.571ms
[24.214s][info][gc] GC(1837) Pause Remark 36M->36M(46M) 1.585ms
[24.217s][info][gc] GC(1840) Pause Young (Normal) (G1 Evacuation Pause) 38M->26M(46M) 0.533ms
[24.230s][info][gc] GC(1841) Pause Young (Normal) (G1 Evacuation Pause) 38M->26M(46M) 0.504ms
[24.242s][info][gc] GC(1837) Pause Cleanup 38M->38M(46M) 0.086ms
[24.242s][info][gc] GC(1837) Concurrent Cycle 76.339ms
[24.244s][info][gc] GC(1842) Pause Young (Normal) (G1 Evacuation Pause) 38M->26M(46M) 1.263ms
[24.251s][info][gc] GC(1843) Pause Young (Concurrent Start) (G1 Evacuation Pause) 38M->26M(46M) 0.478ms
[24.251s][info][gc] GC(1844) Concurrent Cycle
[24.268s][info][gc] GC(1845) Pause Young (Normal) (G1 Evacuation Pause) 38M->26M(46M) 0.603ms
[24.285s][info][gc] GC(1846) Pause Young (Normal) (G1 Evacuation Pause) 38M->26M(46M) 0.536ms
[24.296s][info][gc] GC(1844) Pause Remark 36M->36M(46M) 1.265ms
[24.298s][info][gc] GC(1847) Pause Young (Normal) (G1 Evacuation Pause) 38M->26M(46M) 0.401ms
[24.308s][info][gc] GC(1848) Pause Young (Normal) (G1 Evacuation Pause) 38M->26M(46M) 0.484ms
[24.317s][info][gc] GC(1844) Pause Cleanup 38M->38M(46M) 0.053ms
[24.318s][info][gc] GC(1844) Concurrent Cycle 66.434ms
[24.318s][info][gc] GC(1849) Pause Young (Normal) (G1 Evacuation Pause) 38M->26M(46M) 0.479ms
[24.326s][info][gc] GC(1850) Pause Young (Concurrent Start) (G1 Evacuation Pause) 38M->26M(46M) 0.417ms
[24.326s][info][gc] GC(1851) Concurrent Cycle
[24.338s][info][gc] GC(1852) Pause Young (Normal) (G1 Evacuation Pause) 38M->26M(46M) 0.553ms
[24.351s][info][gc] GC(1853) Pause Young (Normal) (G1 Evacuation Pause) 38M->26M(46M) 0.820ms
[24.363s][info][gc] GC(1851) Pause Remark 37M->37M(46M) 1.700ms
[24.365s][info][gc] GC(1854) Pause Young (Normal) (G1 Evacuation Pause) 38M->26M(46M) 0.573ms
[24.374s][info][gc] GC(1855) Pause Young (Normal) (G1 Evacuation Pause) 38M->26M(46M) 0.586ms
[24.384s][info][gc] GC(1856) Pause Young (Normal) (G1 Evacuation Pause) 38M->26M(46M) 0.571ms
[24.385s][info][gc] GC(1851) Pause Cleanup 28M->28M(46M) 0.044ms
[24.385s][info][gc] GC(1851) Concurrent Cycle 59.279ms
[24.393s][info][gc] GC(1857) Pause Young (Normal) (G1 Evacuation Pause) 38M->26M(46M) 0.962ms
[24.401s][info][gc] GC(1858) Pause Young (Concurrent Start) (G1 Evacuation Pause) 38M->26M(46M) 0.796ms
[24.401s][info][gc] GC(1859) Concurrent Cycle
[24.413s][info][gc] GC(1860) Pause Young (Normal) (G1 Evacuation Pause) 38M->26M(46M) 0.785ms
[24.426s][info][gc] GC(1861) Pause Young (Normal) (G1 Evacuation Pause) 38M->26M(46M) 0.640ms
[24.437s][info][gc] GC(1859) Pause Remark 36M->36M(46M) 1.626ms
[24.440s][info][gc] GC(1862) Pause Young (Normal) (G1 Evacuation Pause) 38M->26M(46M) 0.552ms
[24.456s][info][gc] GC(1863) Pause Young (Normal) (G1 Evacuation Pause) 38M->26M(46M) 1.472ms
[24.471s][info][gc] GC(1864) Pause Young (Normal) (G1 Evacuation Pause) 38M->26M(46M) 0.606ms
[24.471s][info][gc] GC(1859) Pause Cleanup 26M->26M(46M) 0.044ms
[24.472s][info][gc] GC(1859) Concurrent Cycle 70.885ms
[24.481s][info][gc] GC(1865) Pause Young (Normal) (G1 Evacuation Pause) 38M->26M(46M) 0.592ms
[24.491s][info][gc] GC(1866) Pause Young (Concurrent Start) (G1 Evacuation Pause) 38M->26M(46M) 0.704ms
[24.491s][info][gc] GC(1867) Concurrent Cycle
[24.513s][info][gc] GC(1868) Pause Young (Normal) (G1 Evacuation Pause) 38M->26M(46M) 2.312ms
[24.526s][info][gc] GC(1869) Pause Young (Normal) (G1 Evacuation Pause) 38M->26M(46M) 0.598ms
[24.540s][info][gc] GC(1870) Pause Young (Normal) (G1 Evacuation Pause) 38M->26M(46M) 0.622ms
[24.549s][info][gc] GC(1867) Pause Remark 33M->33M(46M) 1.527ms
[24.558s][info][gc] GC(1871) Pause Young (Normal) (G1 Evacuation Pause) 38M->26M(46M) 0.617ms
[24.575s][info][gc] GC(1872) Pause Young (Normal) (G1 Evacuation Pause) 38M->26M(46M) 0.809ms
[24.583s][info][gc] GC(1867) Pause Cleanup 33M->33M(46M) 0.055ms
[24.584s][info][gc] GC(1867) Concurrent Cycle 92.942ms
[24.588s][info][gc] GC(1873) Pause Young (Normal) (G1 Evacuation Pause) 38M->26M(46M) 1.250ms
[24.598s][info][gc] GC(1874) Pause Young (Concurrent Start) (G1 Evacuation Pause) 38M->26M(46M) 0.747ms
[24.598s][info][gc] GC(1875) Concurrent Cycle
[24.619s][info][gc] GC(1876) Pause Young (Normal) (G1 Evacuation Pause) 38M->26M(46M) 1.555ms
[24.640s][info][gc] GC(1877) Pause Young (Normal) (G1 Evacuation Pause) 38M->26M(46M) 1.222ms
[24.657s][info][gc] GC(1875) Pause Remark 35M->35M(46M) 2.442ms
[24.664s][info][gc] GC(1878) Pause Young (Normal) (G1 Evacuation Pause) 38M->26M(46M) 2.323ms
[24.681s][info][gc] GC(1879) Pause Young (Normal) (G1 Evacuation Pause) 38M->26M(46M) 0.725ms
[24.686s][info][gc] GC(1875) Pause Cleanup 31M->31M(46M) 0.056ms
[24.686s][info][gc] GC(1875) Concurrent Cycle 88.776ms
[24.694s][info][gc] GC(1880) Pause Young (Normal) (G1 Evacuation Pause) 38M->26M(46M) 0.481ms
[24.702s][info][gc] GC(1881) Pause Young (Concurrent Start) (G1 Evacuation Pause) 38M->26M(46M) 0.533ms
[24.702s][info][gc] GC(1882) Concurrent Cycle
[24.714s][info][gc] GC(1883) Pause Young (Normal) (G1 Evacuation Pause) 38M->26M(46M) 0.623ms
[24.725s][info][gc] GC(1884) Pause Young (Normal) (G1 Evacuation Pause) 38M->26M(46M) 0.646ms
[24.737s][info][gc] GC(1885) Pause Young (Normal) (G1 Evacuation Pause) 38M->26M(46M) 0.617ms
[24.740s][info][gc] GC(1882) Pause Remark 28M->28M(46M) 1.611ms
[24.748s][info][gc] GC(1886) Pause Young (Normal) (G1 Evacuation Pause) 38M->26M(46M) 0.664ms
[24.762s][info][gc] GC(1887) Pause Young (Normal) (G1 Evacuation Pause) 38M->26M(46M) 0.638ms
[24.767s][info][gc] GC(1882) Pause Cleanup 30M->30M(46M) 0.080ms
[24.767s][info][gc] GC(1882) Concurrent Cycle 64.929ms
[24.772s][info][gc] GC(1888) Pause Young (Normal) (G1 Evacuation Pause) 38M->26M(46M) 0.729ms
[24.780s][info][gc] GC(1889) Pause Young (Concurrent Start) (G1 Evacuation Pause) 38M->26M(46M) 0.566ms
[24.780s][info][gc] GC(1890) Concurrent Cycle
[24.797s][info][gc] GC(1891) Pause Young (Normal) (G1 Evacuation Pause) 38M->26M(46M) 0.670ms
[24.815s][info][gc] GC(1892) Pause Young (Normal) (G1 Evacuation Pause) 38M->26M(46M) 0.481ms
[24.831s][info][gc] GC(1890) Pause Remark 37M->37M(46M) 1.575ms
[24.833s][info][gc] GC(1893) Pause Young (Normal) (G1 Evacuation Pause) 38M->26M(46M) 0.557ms
[24.846s][info][gc] GC(1894) Pause Young (Normal) (G1 Evacuation Pause) 38M->27M(46M) 0.531ms
[24.859s][info][gc] GC(1895) Pause Young (Normal) (G1 Evacuation Pause) 39M->27M(46M) 0.478ms
[24.860s][info][gc] GC(1890) Pause Cleanup 27M->27M(46M) 0.035ms
[24.860s][info][gc] GC(1890) Concurrent Cycle 79.704ms
[24.870s][info][gc] GC(1896) Pause Young (Normal) (G1 Evacuation Pause) 39M->27M(46M) 1.664ms
[24.882s][info][gc] GC(1897) Pause Young (Concurrent Start) (G1 Evacuation Pause) 39M->27M(46M) 0.555ms
[24.882s][info][gc] GC(1898) Concurrent Cycle
[24.901s][info][gc] GC(1899) Pause Young (Normal) (G1 Evacuation Pause) 39M->27M(46M) 0.808ms
[24.941s][info][gc] GC(1898) Pause Remark 38M->38M(46M) 1.862ms
[24.950s][info][gc] GC(1900) Pause Young (Normal) (G1 Evacuation Pause) 39M->27M(46M) 0.965ms
[24.998s][info][gc] GC(1898) Pause Cleanup 27M->27M(46M) 0.130ms
[25.004s][info][gc] GC(1898) Concurrent Cycle 121.472ms
[25.239s][info][gc] GC(1901) Pause Young (Normal) (G1 Evacuation Pause) 39M->27M(46M) 0.929ms
