111561.833: [GC 111561.833: [ParNew
Desired survivor size 828289840 bytes, new threshold 12 (max 12)
- age   1:   67379496 bytes,   67379496 total
- age   2:   86694760 bytes,  154074256 total
- age   3:   83248296 bytes,  237322552 total
- age   4:   64175992 bytes,  301498544 total
- age   5:   46115960 bytes,  347614504 total
- age   6:   51601184 bytes,  399215688 total
- age   7:   61779704 bytes,  460995392 total
- age   8:   33503816 bytes,  494499208 total
- age   9:   67145592 bytes,  561644800 total
- age  10:   62441800 bytes,  624086600 total
- age  11:   34657944 bytes,  658744544 total
- age  12:   46591248 bytes,  705335792 total
: 5379300K->898752K(5392704K), 1.9847383 secs] 9764433K->5349305K(24267072K), 1.9852136 secs]
 [Times: user=7.36 sys=0.01, real=1.99 secs] 