45.501: [GC {Heap before gc invocations=0:
 par new generation   total 589824K, used 524288K [0xfffffffe80000000, 0xfffffffea8000000, 0xfffffffea8000000)
  eden space 524288K, 100% used [0xfffffffe80000000, 0xfffffffea0000000, 0xfffffffea0000000)
  from space 65536K,   0% used [0xfffffffea0000000, 0xfffffffea0000000, 0xfffffffea4000000)
  to   space 65536K,   0% used [0xfffffffea4000000, 0xfffffffea4000000, 0xfffffffea8000000)
 concurrent mark-sweep generation total 1441792K, used 0K [0xfffffffea8000000, 0xffffffff00000000, 0xffffffff00000000)
 concurrent-mark-sweep perm gen total 524288K, used 29918K [0xffffffff00000000, 0xffffffff20000000, 0xffffffff40000000)
45.502: [ParNew
Desired survivor size 33554432 bytes, new threshold 15 (max 15)
- age   1:   20890752 bytes,   20890752 total
: 524287K->20535K(589824K), 0.3479414 secs] 524288K->20535K(2031616K)Heap after gc invocations=1:
 par new generation   total 589824K, used 20535K [0xfffffffe80000000, 0xfffffffea8000000, 0xfffffffea8000000)
  eden space 524288K,   0% used [0xfffffffe80000000, 0xfffffffe80000000, 0xfffffffea0000000)
  from space 65536K,  31% used [0xfffffffea4000000, 0xfffffffea540dc90, 0xfffffffea8000000)
  to   space 65536K,   0% used [0xfffffffea0000000, 0xfffffffea0000000, 0xfffffffea4000000)
 concurrent mark-sweep generation total 1441792K, used 0K [0xfffffffea8000000, 0xffffffff00000000, 0xffffffff00000000)
 concurrent-mark-sweep perm gen total 524288K, used 29918K [0xffffffff00000000, 0xffffffff20000000, 0xffffffff40000000)
}
, 0.3487314 secs]