0.000: [GC [PSYoungGen: 66866K->3861K(229376K)] 66866K->3861K(1015808K), 0.0137188 secs]
0.014: [Full GC [PSYoungGen: 3861K->0K(229376K)] [PSOldGen: 0K->3819K(786432K)] 3861K->3819K(1015808K) [PSPermGen: 9008K->9008K(18176K)], 0.0438218 secs]
7.405: [GC [PSYoungGen: 196608K->12118K(229376K)] 200427K->15937K(1015808K), 0.0337512 secs]
17.600: [GC [PSYoungGen: 208726K->27131K(229376K)] 212545K->30950K(1015808K), 0.0587939 secs]
29.437: [GC [PSYoungGen: 223739K->32754K(229376K)] 227558K->43932K(1015808K), 0.0854441 secs]
34.337: [GC [PSYoungGen: 229362K->32760K(229376K)] 240540K->49009K(1015808K), 0.0789567 secs]
41.409: [GC [PSYoungGen: 229368K->32766K(170240K)] 245617K->63556K(956672K), 0.0984634 secs]
45.431: [GC [PSYoungGen: 170238K->39166K(176640K)] 201028K->69955K(963072K), 0.0780744 secs]
48.550: [GC [PSYoungGen: 176638K->26717K(202432K)] 207427K->72888K(988864K), 0.0833993 secs]
52.296: [GC [PSYoungGen: 165981K->22252K(198976K)] 212152K->78530K(985408K), 0.0662747 secs]
54.718: [GC [PSYoungGen: 161516K->13712K(204992K)] 217794K->81325K(991424K), 0.0516688 secs]
55.787: [GC [PSYoungGen: 161104K->6108K(153536K)] 228717K->82965K(939968K), 0.0348742 secs]
57.423: [GC [PSYoungGen: 153500K->9182K(205056K)] 230357K->91880K(991488K), 0.0254355 secs]
163.067: [GC [PSYoungGen: 156574K->8725K(204480K)] 239272K->100578K(990912K), 0.0325935 secs]
165.588: [GC [PSYoungGen: 156117K->39480K(199744K)] 247970K->139119K(986176K), 0.0929908 secs]
167.601: [GC [PSYoungGen: 183096K->27632K(202880K)] 282735K->165073K(989312K), 0.1210388 secs]
170.052: [GC [PSYoungGen: 171248K->29776K(206144K)] 308689K->193722K(992576K), 0.1033171 secs]
172.217: [GC [PSYoungGen: 178704K->27664K(204928K)] 342650K->220082K(991360K), 0.1015953 secs]
174.525: [GC [PSYoungGen: 176592K->30928K(208768K)] 369010K->249854K(995200K), 0.1059213 secs]
176.859: [GC [PSYoungGen: 185680K->34736K(208128K)] 404606K->283309K(994560K), 0.1178473 secs]
179.412: [GC [PSYoungGen: 189488K->31769K(208896K)] 438061K->313604K(995328K), 0.1189908 secs]
181.591: [GC [PSYoungGen: 186649K->33960K(208128K)] 468484K->346139K(994560K), 0.1160962 secs]
184.286: [GC [PSYoungGen: 188840K->32329K(209792K)] 501019K->377158K(996224K), 0.1179702 secs]
186.789: [GC [PSYoungGen: 188937K->32808K(208960K)] 533766K->408461K(995392K), 0.1180532 secs]
188.936: [GC [PSYoungGen: 189416K->33576K(210880K)] 565069K->440611K(997312K), 0.1212724 secs]
191.361: [GC [PSYoungGen: 192744K->31353K(210432K)] 599779K->470602K(996864K), 0.1184969 secs]
194.249: [GC [PSYoungGen: 190521K->35054K(212160K)] 629770K->504232K(998592K), 0.1220671 secs]
197.507: [GC [PSYoungGen: 197358K->23552K(212224K)] 666536K->526500K(998656K), 0.1059924 secs]
201.931: [GC [PSYoungGen: 185854K->4450K(208640K)] 688802K->529228K(995072K), 0.0500710 secs]
206.017: [GC [PSYoungGen: 164066K->4672K(164352K)] 688844K->530866K(950784K), 0.0150457 secs]
210.484: [GC [PSYoungGen: 164288K->5200K(208576K)] 690482K->533064K(995008K), 0.0173998 secs]
214.345: [GC [PSYoungGen: 161232K->5264K(209088K)] 689096K->535688K(995520K), 0.0187924 secs]
218.080: [GC [PSYoungGen: 161296K->7389K(210112K)] 691720K->540427K(996544K), 0.0238457 secs]
219.768: [GC [PSYoungGen: 164509K->7849K(209152K)] 697547K->544816K(995584K), 0.0285558 secs]
221.672: [GC [PSYoungGen: 164969K->8576K(212928K)] 701936K->550938K(999360K), 0.0335226 secs]
223.402: [GC [PSYoungGen: 170688K->7289K(211328K)] 713050K->555951K(997760K), 0.0300508 secs]
225.180: [GC [PSYoungGen: 169401K->8254K(216128K)] 718063K->562628K(1002560K), 0.0354929 secs]
226.935: [GC [PSYoungGen: 176638K->8655K(214400K)] 731012K->568818K(1000832K), 0.0345837 secs]
228.840: [GC [PSYoungGen: 177039K->8693K(219904K)] 737202K->575096K(1006336K), 0.0350334 secs]
230.681: [GC [PSYoungGen: 184437K->8918K(217984K)] 750840K->581545K(1004416K), 0.0352919 secs]
232.604: [GC [PSYoungGen: 184662K->8977K(223616K)] 757289K->587895K(1010048K), 0.0356203 secs]
234.578: [GC [PSYoungGen: 192209K->8888K(221760K)] 771127K->594170K(1008192K), 0.0367122 secs]
236.653: [GC [PSYoungGen: 192120K->9705K(227264K)] 777402K->601402K(1013696K), 0.0377933 secs]
238.751: [GC [PSYoungGen: 200233K->9576K(225408K)] 791930K->608459K(1011840K), 0.0382857 secs]
240.863: [GC [PSYoungGen: 200104K->9273K(230592K)] 798987K->615369K(1017024K), 0.0384289 secs]
242.961: [GC [PSYoungGen: 206713K->9873K(228992K)] 812809K->622589K(1015424K), 0.0422114 secs]
245.194: [GC [PSYoungGen: 207313K->9945K(233728K)] 820029K->629939K(1020160K), 0.0424194 secs]
247.567: [GC [PSYoungGen: 213721K->10761K(232192K)] 833715K->637910K(1018624K), 0.0417034 secs]
249.940: [GC [PSYoungGen: 214537K->10463K(236672K)] 841686K->645519K(1023104K), 0.0428231 secs]
252.148: [GC [PSYoungGen: 220255K->10345K(235264K)] 855311K->653021K(1021696K), 0.0412683 secs]
254.534: [GC [PSYoungGen: 220137K->10456K(239040K)] 862813K->660632K(1025472K), 0.0411091 secs]
259.573: [GC [PSYoungGen: 225240K->9553K(237888K)] 875416K->667844K(1024320K), 0.0405495 secs]
261.825: [GC [PSYoungGen: 224337K->10855K(241024K)] 882628K->676768K(1027456K), 0.0422240 secs]
264.163: [GC [PSYoungGen: 229671K->10184K(239936K)] 895584K->684154K(1026368K), 0.0423837 secs]
266.490: [GC [PSYoungGen: 229000K->11238K(242752K)] 902970K->692642K(1029184K), 0.0431537 secs]
268.913: [GC [PSYoungGen: 233766K->11064K(241920K)] 915170K->700735K(1028352K), 0.0445745 secs]
271.136: [GC [PSYoungGen: 233592K->12230K(243840K)] 923263K->710257K(1030272K), 0.0493690 secs]
274.419: [GC [PSYoungGen: 237446K->10728K(243520K)] 935473K->717008K(1029952K), 0.0437742 secs]
277.103: [GC [PSYoungGen: 235944K->11448K(244992K)] 942224K->726076K(1031424K), 0.0456551 secs]
279.485: [GC [PSYoungGen: 238776K->11145K(244480K)] 953404K->734189K(1030912K), 0.0448899 secs]
282.002: [GC [PSYoungGen: 238473K->11224K(246080K)] 961517K->742609K(1032512K), 0.0448982 secs]
284.431: [GC [PSYoungGen: 240728K->11306K(245568K)] 972113K->751011K(1032000K), 0.0449348 secs]
286.989: [GC [PSYoungGen: 240810K->11208K(246912K)] 980515K->759202K(1033344K), 0.0452253 secs]
289.238: [GC [PSYoungGen: 242440K->11168K(246464K)] 990434K->767487K(1032896K), 0.0481128 secs]
291.670: [GC [PSYoungGen: 242400K->11216K(247616K)] 998719K->775911K(1034048K), 0.0442644 secs]
294.496: [GC [PSYoungGen: 243984K->11313K(247296K)] 1008679K->784298K(1033728K), 0.0447852 secs]
297.019: [GC [PSYoungGen: 244081K->11204K(248192K)] 1017066K->792529K(1034624K), 0.0448220 secs]
297.064: [Full GC [PSYoungGen: 11204K->6035K(248192K)] [PSOldGen: 781325K->786431K(786432K)] 792529K->792467K(1034624K) [PSPermGen: 76972K->76972K(159936K)], 2.7347630 secs]
302.201: [Full GC [PSYoungGen: 233984K->23603K(248192K)] [PSOldGen: 786431K->786431K(786432K)] 1020415K->810035K(1034624K) [PSPermGen: 76985K->76985K(158144K)], 2.8519310 secs]
308.101: [Full GC [PSYoungGen: 233984K->0K(248192K)] [PSOldGen: 786431K->779074K(786432K)] 1020415K->779074K(1034624K) [PSPermGen: 77003K->75454K(150976K)], 3.7029843 secs]
315.122: [Full GC [PSYoungGen: 233984K->1475K(248192K)] [PSOldGen: 779074K->786431K(786432K)] 1013058K->787907K(1034624K) [PSPermGen: 75462K->75462K(145344K)], 2.7821755 secs]
321.378: [Full GC [PSYoungGen: 233984K->18334K(248192K)] [PSOldGen: 786431K->786431K(786432K)] 1020415K->804766K(1034624K) [PSPermGen: 75467K->75467K(138688K)], 2.8073498 secs]
327.453: [Full GC [PSYoungGen: 233984K->27118K(248192K)] [PSOldGen: 786431K->786431K(786432K)] 1020415K->813550K(1034624K) [PSPermGen: 75473K->75473K(132032K)], 2.8174374 secs]
333.313: [Full GC [PSYoungGen: 233984K->15798K(248192K)] [PSOldGen: 786431K->786431K(786432K)] 1020415K->802230K(1034624K) [PSPermGen: 75479K->75468K(125632K)], 3.5120627 secs]
340.283: [Full GC [PSYoungGen: 233984K->33444K(248192K)] [PSOldGen: 786431K->786431K(786432K)] 1020415K->819876K(1034624K) [PSPermGen: 75473K->75473K(119488K)], 2.8522703 secs]
346.198: [Full GC [PSYoungGen: 233984K->38507K(248192K)] [PSOldGen: 786431K->786431K(786432K)] 1020415K->824939K(1034624K) [PSPermGen: 75479K->75479K(113856K)], 2.8730278 secs]
352.106: [Full GC [PSYoungGen: 233984K->43500K(248192K)] [PSOldGen: 786431K->786431K(786432K)] 1020415K->829932K(1034624K) [PSPermGen: 75484K->75484K(108736K)], 2.8908573 secs]
357.081: [Full GC [PSYoungGen: 233984K->58964K(248192K)] [PSOldGen: 786431K->786431K(786432K)] 1020415K->845396K(1034624K) [PSPermGen: 75499K->75479K(103872K)], 3.6417795 secs]
362.768: [Full GC [PSYoungGen: 233984K->100255K(248192K)] [PSOldGen: 786431K->786431K(786432K)] 1020415K->886687K(1034624K) [PSPermGen: 75496K->75496K(100032K)], 3.0598543 secs]
367.240: [Full GC [PSYoungGen: 233984K->119825K(248192K)] [PSOldGen: 786431K->786431K(786432K)] 1020415K->906257K(1034624K) [PSPermGen: 75510K->75510K(96448K)], 3.1394125 secs]
371.599: [Full GC [PSYoungGen: 233984K->139253K(248192K)] [PSOldGen: 786431K->786431K(786432K)] 1020415K->925685K(1034624K) [PSPermGen: 75522K->75522K(93376K)], 3.1908400 secs]
375.875: [Full GC [PSYoungGen: 233984K->143241K(248192K)] [PSOldGen: 786431K->786431K(786432K)] 1020415K->929673K(1034624K) [PSPermGen: 75535K->75443K(90560K)], 4.0520785 secs]
381.541: [Full GC [PSYoungGen: 233984K->175731K(248192K)] [PSOldGen: 786431K->786431K(786432K)] 1020415K->962163K(1034624K) [PSPermGen: 75458K->75458K(88256K)], 3.2451993 secs]
385.768: [Full GC [PSYoungGen: 233984K->187358K(248192K)] [PSOldGen: 786431K->786431K(786432K)] 1020415K->973790K(1034624K) [PSPermGen: 75470K->75470K(86208K)], 3.2757120 secs]
389.770: [Full GC [PSYoungGen: 233984K->199348K(248192K)] [PSOldGen: 786431K->786431K(786432K)] 1020415K->985780K(1034624K) [PSPermGen: 75484K->75484K(84672K)], 3.3153559 secs]
393.674: [Full GC [PSYoungGen: 233984K->195296K(248192K)] [PSOldGen: 786431K->786432K(786432K)] 1020415K->981728K(1034624K) [PSPermGen: 75496K->75450K(83136K)], 4.0763782 secs]
398.269: [Full GC [PSYoungGen: 233984K->213226K(248192K)] [PSOldGen: 786432K->786432K(786432K)] 1020416K->999658K(1034624K) [PSPermGen: 75461K->75461K(81856K)], 3.3292567 secs]
401.834: [Full GC [PSYoungGen: 233984K->217008K(248192K)] [PSOldGen: 786432K->786432K(786432K)] 1020416K->1003440K(1034624K) [PSPermGen: 75464K->75464K(80832K)], 3.3404624 secs]
405.287: [Full GC [PSYoungGen: 233984K->221045K(248192K)] [PSOldGen: 786432K->786432K(786432K)] 1020416K->1007477K(1034624K) [PSPermGen: 75474K->75474K(80064K)], 3.3466709 secs]
408.869: [Full GC [PSYoungGen: 233984K->210032K(248192K)] [PSOldGen: 786432K->786431K(786432K)] 1020416K->996464K(1034624K) [PSPermGen: 75476K->75450K(79296K)], 4.1529070 secs]
413.150: [Full GC [PSYoungGen: 233984K->225889K(248192K)] [PSOldGen: 786431K->786431K(786432K)] 1020415K->1012321K(1034624K) [PSPermGen: 75460K->75460K(78784K)], 3.3777153 secs]
416.622: [Full GC [PSYoungGen: 233984K->225878K(248192K)] [PSOldGen: 786431K->786431K(786432K)] 1020415K->1012310K(1034624K) [PSPermGen: 75462K->75462K(78272K)], 3.3905068 secs]
420.057: [Full GC [PSYoungGen: 233984K->228092K(248192K)] [PSOldGen: 786431K->786431K(786432K)] 1020415K->1014524K(1034624K) [PSPermGen: 75472K->75472K(77760K)], 3.3742537 secs]
423.464: [Full GC [PSYoungGen: 233984K->218336K(248192K)] [PSOldGen: 786431K->786432K(786432K)] 1020415K->1004768K(1034624K) [PSPermGen: 75472K->75451K(77504K)], 4.2255352 secs]
427.868: [Full GC [PSYoungGen: 233984K->229064K(248192K)] [PSOldGen: 786432K->786432K(786432K)] 1020416K->1015496K(1034624K) [PSPermGen: 75453K->75453K(77248K)], 3.3678903 secs]
431.270: [Full GC [PSYoungGen: 233984K->230731K(248192K)] [PSOldGen: 786432K->786432K(786432K)] 1020416K->1017163K(1034624K) [PSPermGen: 75453K->75453K(76992K)], 3.3631233 secs]
434.653: [Full GC [PSYoungGen: 233984K->231164K(248192K)] [PSOldGen: 786432K->786432K(786432K)] 1020416K->1017596K(1034624K) [PSPermGen: 75453K->75453K(76736K)], 3.3651711 secs]
438.026: [Full GC [PSYoungGen: 233984K->219619K(248192K)] [PSOldGen: 786432K->786431K(786432K)] 1020416K->1006051K(1034624K) [PSPermGen: 75454K->75441K(76480K)], 4.1899271 secs]
442.262: [Full GC [PSYoungGen: 233984K->233984K(248192K)] [PSOldGen: 786431K->786431K(786432K)] 1020415K->1020415K(1034624K) [PSPermGen: 75450K->75450K(76480K)], 3.3902486 secs]
445.652: [Full GC [PSYoungGen: 233984K->223853K(248192K)] [PSOldGen: 786431K->786431K(786432K)] 1020415K->1010285K(1034624K) [PSPermGen: 75450K->75302K(76224K)], 4.3729646 secs]
450.090: [Full GC [PSYoungGen: 233984K->233984K(248192K)] [PSOldGen: 786431K->786431K(786432K)] 1020415K->1020415K(1034624K) [PSPermGen: 75421K->75421K(76224K)], 3.3928008 secs]
453.490: [Full GC [PSYoungGen: 233984K->227225K(248192K)] [PSOldGen: 786431K->786432K(786432K)] 1020415K->1013657K(1034624K) [PSPermGen: 75421K->75412K(76224K)], 4.2577796 secs]
457.806: [Full GC [PSYoungGen: 233984K->233984K(248192K)] [PSOldGen: 786432K->786432K(786432K)] 1020416K->1020416K(1034624K) [PSPermGen: 75427K->75427K(75968K)], 3.4025109 secs]
461.208: [Full GC [PSYoungGen: 233984K->228265K(248192K)] [PSOldGen: 786432K->786431K(786432K)] 1020416K->1014697K(1034624K) [PSPermGen: 75427K->75303K(75968K)], 4.3139794 secs]
465.557: [Full GC [PSYoungGen: 233984K->233984K(248192K)] [PSOldGen: 786431K->786431K(786432K)] 1020415K->1020415K(1034624K) [PSPermGen: 75328K->75328K(75968K)], 3.3876295 secs]
468.945: [Full GC [PSYoungGen: 233984K->228436K(248192K)] [PSOldGen: 786431K->786431K(786432K)] 1020415K->1014868K(1034624K) [PSPermGen: 75328K->75303K(75712K)], 4.2660033 secs]
473.240: [Full GC [PSYoungGen: 233984K->233984K(248192K)] [PSOldGen: 786431K->786431K(786432K)] 1020415K->1020415K(1034624K) [PSPermGen: 75331K->75331K(75712K)], 3.3910700 secs]
476.640: [Full GC [PSYoungGen: 233984K->233984K(248192K)] [PSOldGen: 786431K->786431K(786432K)] 1020415K->1020415K(1034624K) [PSPermGen: 75331K->75331K(75712K)], 3.3904415 secs]
480.044: [Full GC [PSYoungGen: 233984K->233984K(248192K)] [PSOldGen: 786431K->786431K(786432K)] 1020415K->1020415K(1034624K) [PSPermGen: 75331K->75331K(75712K)], 3.3893671 secs]
483.441: [Full GC [PSYoungGen: 233984K->228521K(248192K)] [PSOldGen: 786431K->786430K(786432K)] 1020415K->1014952K(1034624K) [PSPermGen: 75332K->75332K(75712K)], 4.2550520 secs]
488.097: [Full GC [PSYoungGen: 233984K->233984K(248192K)] [PSOldGen: 786430K->786430K(786432K)] 1020414K->1020414K(1034624K) [PSPermGen: 75387K->75387K(75712K)], 3.3881531 secs]
491.498: [Full GC [PSYoungGen: 233984K->233984K(248192K)] [PSOldGen: 786430K->786430K(786432K)] 1020414K->1020414K(1034624K) [PSPermGen: 75387K->75387K(75712K)], 3.3985996 secs]
494.904: [Full GC [PSYoungGen: 233984K->233984K(248192K)] [PSOldGen: 786430K->786430K(786432K)] 1020414K->1020414K(1034624K) [PSPermGen: 75387K->75387K(75712K)], 3.3903705 secs]
498.299: [Full GC [PSYoungGen: 233984K->227508K(248192K)] [PSOldGen: 786430K->786431K(786432K)] 1020414K->1013940K(1034624K) [PSPermGen: 75387K->75382K(75712K)], 4.2522396 secs]
502.995: [Full GC [PSYoungGen: 233984K->233984K(248192K)] [PSOldGen: 786431K->786431K(786432K)] 1020415K->1020415K(1034624K) [PSPermGen: 75461K->75461K(75968K)], 3.3863599 secs]
506.389: [Full GC [PSYoungGen: 233984K->233984K(248192K)] [PSOldGen: 786432K->786432K(786432K)] 1020416K->1020416K(1034624K) [PSPermGen: 75461K->75461K(75968K)], 3.3815999 secs]
509.775: [Full GC [PSYoungGen: 233984K->233984K(248192K)] [PSOldGen: 786432K->786432K(786432K)] 1020416K->1020416K(1034624K) [PSPermGen: 75461K->75461K(75968K)], 3.3814246 secs]
513.164: [Full GC [PSYoungGen: 233984K->227483K(248192K)] [PSOldGen: 786432K->786432K(786432K)] 1020416K->1013915K(1034624K) [PSPermGen: 75461K->75438K(75712K)], 4.2947593 secs]
517.906: [Full GC [PSYoungGen: 233984K->233984K(248192K)] [PSOldGen: 786432K->786432K(786432K)] 1020416K->1020416K(1034624K) [PSPermGen: 75445K->75445K(75712K)], 3.3915360 secs]
521.298: [Full GC [PSYoungGen: 233984K->227265K(248192K)] [PSOldGen: 786432K->786431K(786432K)] 1020416K->1013697K(1034624K) [PSPermGen: 75445K->75385K(75712K)], 4.1340844 secs]
525.739: [Full GC [PSYoungGen: 233984K->233984K(248192K)] [PSOldGen: 786431K->786431K(786432K)] 1020415K->1020415K(1034624K) [PSPermGen: 75432K->75432K(75712K)], 3.3871742 secs]
529.127: [Full GC [PSYoungGen: 233984K->227339K(248192K)] [PSOldGen: 786431K->786432K(786432K)] 1020415K->1013771K(1034624K) [PSPermGen: 75432K->75386K(75712K)], 4.1727220 secs]
533.446: [Full GC [PSYoungGen: 233984K->233984K(248192K)] [PSOldGen: 786432K->786432K(786432K)] 1020416K->1020416K(1034624K) [PSPermGen: 75437K->75437K(75968K)], 3.3863498 secs]
536.836: [Full GC [PSYoungGen: 233984K->233984K(248192K)] [PSOldGen: 786432K->786432K(786432K)] 1020416K->1020416K(1034624K) [PSPermGen: 75437K->75437K(75712K)], 3.3815449 secs]
540.226: [Full GC [PSYoungGen: 233984K->233984K(248192K)] [PSOldGen: 786432K->786432K(786432K)] 1020416K->1020416K(1034624K) [PSPermGen: 75437K->75437K(75712K)], 3.3915607 secs]
543.629: [Full GC [PSYoungGen: 233984K->227705K(248192K)] [PSOldGen: 786432K->786432K(786432K)] 1020416K->1014137K(1034624K) [PSPermGen: 75437K->75431K(75712K)], 3.3990538 secs]
547.834: [Full GC [PSYoungGen: 233984K->233984K(248192K)] [PSOldGen: 786432K->786432K(786432K)] 1020416K->1020416K(1034624K) [PSPermGen: 75448K->75448K(75712K)], 3.5104894 secs]
551.344: [Full GC [PSYoungGen: 233984K->226931K(248192K)] [PSOldGen: 786432K->786431K(786432K)] 1020416K->1013363K(1034624K) [PSPermGen: 75448K->75387K(75712K)], 4.2334310 secs]
555.878: [Full GC [PSYoungGen: 233984K->233984K(248192K)] [PSOldGen: 786431K->786431K(786432K)] 1020415K->1020415K(1034624K) [PSPermGen: 75442K->75442K(75712K)], 3.3908626 secs]
559.269: [Full GC [PSYoungGen: 233984K->227541K(248192K)] [PSOldGen: 786431K->786431K(786432K)] 1020415K->1013973K(1034624K) [PSPermGen: 75442K->75389K(75712K)], 4.2005995 secs]
563.545: [Full GC [PSYoungGen: 233984K->233984K(248192K)] [PSOldGen: 786431K->786431K(786432K)] 1020415K->1020415K(1034624K) [PSPermGen: 75440K->75440K(75968K)], 3.3881827 secs]
566.943: [Full GC [PSYoungGen: 233984K->233984K(248192K)] [PSOldGen: 786431K->786431K(786432K)] 1020415K->1020415K(1034624K) [PSPermGen: 75440K->75440K(75712K)], 3.3824714 secs]
570.331: [Full GC [PSYoungGen: 233984K->233984K(248192K)] [PSOldGen: 786431K->786431K(786432K)] 1020415K->1020415K(1034624K) [PSPermGen: 75440K->75440K(75712K)], 3.3815317 secs]
573.721: [Full GC [PSYoungGen: 233984K->228177K(248192K)] [PSOldGen: 786431K->786431K(786432K)] 1020415K->1014609K(1034624K) [PSPermGen: 75440K->75431K(75712K)], 3.4070766 secs]
577.288: [Full GC [PSYoungGen: 233984K->233984K(248192K)] [PSOldGen: 786431K->786431K(786432K)] 1020415K->1020415K(1034624K) [PSPermGen: 75754K->75754K(76096K)], 3.3820216 secs]
580.678: [Full GC [PSYoungGen: 233984K->233984K(248192K)] [PSOldGen: 786431K->786431K(786432K)] 1020415K->1020415K(1034624K) [PSPermGen: 75754K->75754K(76096K)], 3.3824584 secs]
584.072: [Full GC [PSYoungGen: 233984K->233984K(248192K)] [PSOldGen: 786432K->786432K(786432K)] 1020416K->1020416K(1034624K) [PSPermGen: 75754K->75754K(76096K)], 3.3846641 secs]
587.466: [Full GC [PSYoungGen: 233984K->227667K(248192K)] [PSOldGen: 786432K->786431K(786432K)] 1020416K->1014099K(1034624K) [PSPermGen: 75755K->75747K(76096K)], 4.2543474 secs]
591.979: [Full GC [PSYoungGen: 233984K->233984K(248192K)] [PSOldGen: 786431K->786431K(786432K)] 1020415K->1020415K(1034624K) [PSPermGen: 75884K->75884K(76352K)], 3.3850361 secs]
595.377: [Full GC [PSYoungGen: 233984K->233984K(248192K)] [PSOldGen: 786431K->786431K(786432K)] 1020415K->1020415K(1034624K) [PSPermGen: 75884K->75884K(76352K)], 3.3861689 secs]
598.771: [Full GC [PSYoungGen: 233984K->233984K(248192K)] [PSOldGen: 786431K->786431K(786432K)] 1020415K->1020415K(1034624K) [PSPermGen: 75884K->75884K(76352K)], 3.3890403 secs]
602.164: [Full GC [PSYoungGen: 233984K->227811K(248192K)] [PSOldGen: 786431K->786431K(786432K)] 1020415K->1014243K(1034624K) [PSPermGen: 75884K->75871K(76352K)], 4.1922124 secs]
607.325: [Full GC [PSYoungGen: 233984K->233984K(248192K)] [PSOldGen: 786431K->786431K(786432K)] 1020415K->1020415K(1034624K) [PSPermGen: 75890K->75890K(76352K)], 3.4486697 secs]
610.774: [Full GC [PSYoungGen: 233984K->227642K(248192K)] [PSOldGen: 786431K->786431K(786432K)] 1020415K->1014074K(1034624K) [PSPermGen: 75890K->75835K(76096K)], 4.3094958 secs]
649.145: [Full GC [PSYoungGen: 233984K->233984K(248192K)] [PSOldGen: 786431K->786431K(786432K)] 1020415K->1020415K(1034624K) [PSPermGen: 76097K->76097K(76736K)], 3.3847338 secs]
652.537: [Full GC [PSYoungGen: 233984K->227617K(248192K)] [PSOldGen: 786431K->786431K(786432K)] 1020415K->1014049K(1034624K) [PSPermGen: 76097K->76071K(76736K)], 4.2596575 secs]
656.970: [Full GC [PSYoungGen: 233984K->233984K(248192K)] [PSOldGen: 786431K->786431K(786432K)] 1020415K->1020415K(1034624K) [PSPermGen: 76214K->76214K(76736K)], 3.4090357 secs]
660.387: [Full GC [PSYoungGen: 233984K->233984K(248192K)] [PSOldGen: 786431K->786431K(786432K)] 1020415K->1020415K(1034624K) [PSPermGen: 76214K->76214K(76736K)], 3.3855843 secs]
663.776: [Full GC [PSYoungGen: 233984K->233984K(248192K)] [PSOldGen: 786431K->786431K(786432K)] 1020415K->1020415K(1034624K) [PSPermGen: 76215K->76215K(76736K)], 3.3839063 secs]
667.168: [Full GC [PSYoungGen: 233984K->227735K(248192K)] [PSOldGen: 786432K->786431K(786432K)] 1020416K->1014167K(1034624K) [PSPermGen: 76215K->76200K(76736K)], 4.2339792 secs]
672.020: [Full GC [PSYoungGen: 233984K->233984K(248192K)] [PSOldGen: 786431K->786431K(786432K)] 1020415K->1020415K(1034624K) [PSPermGen: 76224K->76224K(76736K)], 3.3937566 secs]
675.414: [Full GC [PSYoungGen: 233984K->227570K(248192K)] [PSOldGen: 786431K->786432K(786432K)] 1020415K->1014002K(1034624K) [PSPermGen: 76224K->76148K(76736K)], 4.1943869 secs]
680.213: [Full GC [PSYoungGen: 233984K->233984K(248192K)] [PSOldGen: 786432K->786432K(786432K)] 1020416K->1020416K(1034624K) [PSPermGen: 76160K->76160K(76736K)], 3.4051103 secs]
683.618: [Full GC [PSYoungGen: 233984K->227549K(248192K)] [PSOldGen: 786432K->786432K(786432K)] 1020416K->1013981K(1034624K) [PSPermGen: 76160K->76146K(76480K)], 4.2122387 secs]
688.577: [Full GC [PSYoungGen: 233984K->233984K(248192K)] [PSOldGen: 786432K->786432K(786432K)] 1020416K->1020416K(1034624K) [PSPermGen: 76148K->76148K(76480K)], 3.3932426 secs]
691.971: [Full GC [PSYoungGen: 233984K->227546K(248192K)] [PSOldGen: 786432K->786432K(786432K)] 1020416K->1013978K(1034624K) [PSPermGen: 76148K->76148K(76480K)], 3.7998013 secs]
735.785: [Full GC [PSYoungGen: 233984K->233984K(248192K)] [PSOldGen: 786432K->786432K(786432K)] 1020416K->1020416K(1034624K) [PSPermGen: 76164K->76164K(76480K)], 3.4038421 secs]
739.189: [Full GC [PSYoungGen: 233984K->227524K(248192K)] [PSOldGen: 786432K->786431K(786432K)] 1020416K->1013956K(1034624K) [PSPermGen: 76164K->76147K(76480K)], 3.6650286 secs]
845.567: [Full GC [PSYoungGen: 233984K->233984K(248192K)] [PSOldGen: 786431K->786431K(786432K)] 1020415K->1020415K(1034624K) [PSPermGen: 76147K->76147K(76480K)], 3.3846436 secs]
848.956: [Full GC [PSYoungGen: 233984K->233984K(248192K)] [PSOldGen: 786431K->786431K(786432K)] 1020415K->1020415K(1034624K) [PSPermGen: 76147K->76147K(76480K)], 3.3863508 secs]
852.350: [Full GC [PSYoungGen: 233984K->233984K(248192K)] [PSOldGen: 786431K->786431K(786432K)] 1020415K->1020415K(1034624K) [PSPermGen: 76147K->76147K(76480K)], 3.3829155 secs]
855.733: [Full GC [PSYoungGen: 233984K->227507K(248192K)] [PSOldGen: 786431K->786432K(786432K)] 1020415K->1013939K(1034624K) [PSPermGen: 76147K->76147K(76480K)], 3.5805054 secs]
979.863: [Full GC [PSYoungGen: 233984K->233984K(248192K)] [PSOldGen: 786432K->786432K(786432K)] 1020416K->1020416K(1034624K) [PSPermGen: 76163K->76163K(76480K)], 3.3861463 secs]
983.249: [Full GC [PSYoungGen: 233984K->227511K(248192K)] [PSOldGen: 786432K->786431K(786432K)] 1020416K->1013943K(1034624K) [PSPermGen: 76163K->76149K(76480K)], 4.2626400 secs]
996.489: [Full GC [PSYoungGen: 233831K->233831K(248192K)] [PSOldGen: 786431K->786431K(786432K)] 1020263K->1020263K(1034624K) [PSPermGen: 76262K->76262K(76736K)], 3.3894147 secs]
999.879: [Full GC [PSYoungGen: 233831K->227859K(248192K)] [PSOldGen: 786431K->786431K(786432K)] 1020263K->1014291K(1034624K) [PSPermGen: 76262K->76156K(76480K)], 4.2793282 secs]
1094.161: [Full GC [PSYoungGen: 233984K->233984K(248192K)] [PSOldGen: 786431K->786431K(786432K)] 1020415K->1020415K(1034624K) [PSPermGen: 76200K->76200K(76736K)], 3.3826602 secs]
1097.543: [Full GC [PSYoungGen: 233984K->227636K(248192K)] [PSOldGen: 786431K->786431K(786432K)] 1020415K->1014068K(1034624K) [PSPermGen: 76200K->76157K(76480K)], 4.2737532 secs]
1266.121: [Full GC [PSYoungGen: 233984K->233984K(248192K)] [PSOldGen: 786431K->786431K(786432K)] 1020415K->1020415K(1034624K) [PSPermGen: 76173K->76173K(76480K)], 3.3873242 secs]
1269.521: [Full GC [PSYoungGen: 233984K->227672K(248192K)] [PSOldGen: 786431K->786431K(786432K)] 1020415K->1014104K(1034624K) [PSPermGen: 76173K->76160K(76480K)], 3.4054052 secs]
